; Map created for Mental Omega 3.0 - (c) 2004-2013
; PRIVATE property - do NOT copy!êê
; Note that all comments were truncated

[Header]
Width=36
Height=77
StartX=238
StartY=31
Waypoint1=256,37
Waypoint2=246,98
Waypoint3=266,98
Waypoint4=0,0
Waypoint5=0,0
Waypoint6=0,0
Waypoint7=0,0
Waypoint8=0,0
NumberStartingPoints=3
NumCoopHumanStartSpots=4

[GAYARD]
TechLevel=11

[INGRNLMP]
Name=Invisible Green Light Post
LightRedTint=0.1
LightBlueTint=0.1
LightGreenTint=0.5
LightIntensity=0.1
LightVisibility=4000

[INREDLMP]
Name=Invisible Red Light Post
LightRedTint=0.7
LightBlueTint=0.1
LightGreenTint=0.1
LightIntensity=0.01
LightVisibility=4000

[NAYARD]
TechLevel=11

[FAYARD]
TechLevel=11

[SmudgeTypes]

[YAYARD]
TechLevel=11

[Preview]
Size=0,0,76,82

[PreviewPack]
1=OA8AIAS5fzO5fzO/iAAJuX8zs3MuqGcoqF8ibAEFby6uayi/fzMtLQC5kAW8AqwBD65rLt
2=CLhsuLfrlnULNjXa5zKLwCKowAMy4AqGNvDahjImsAXyKoiAAJrltQqF9Wrl9Wy4N+MxwB
3=BLNvLrNvLqCQBWEHY8AHrgGzb8wWJ+wAtBtoGyykALgNtAZuAWcorAEwBAEDuX8zoFRWqA
4=AB0IuG0OQdBrl/M65bVq5jVrQbMywAB6hjIq5vKLNvKK6IAAGoV1CulBu2CaBUzAd4EwFn
5=KK5raCcn5wKoYyIrpQNfaAlqFWMipAW8DmI0cy5wFzVMBGkGX9AsuBAtjAYnMAIACbl/M8
6=WDP8uHP79/M9CLfr+DS79/S6hURblnViosALwFLV8AqFRFzgRSRSntBkuwBVQAeD3tPbmc
7=SiemA65vYB8Bv38zs4ABvAIqLABcEaRTeBw2HAf8I2AiKfQKSA+oAFApiCpkRAW/dznFdz
8=O/c3BffDgBby65e60BOVgEBaBfIrl7M7l/zAG0LWYCdy7MLgF7ObNziAYIczPLgz/zk0vc
9=i0W0DHQAtC2cFMwHKdUMsylsAqQdzgp/M3QblBiNRi6UACuMDKAltAawSngNklOzcyhcDA
10=muayjQhz/nj0vQiz+UG8RQC9CHP+6XUNCLP79zLq5zKIwABahfIsV/OdCDfD4G3ItF3I9F
11=v3851RJ7dCQDxXcz3I9FQmGoY3RUJ9ABeHC4HOA3rARwNe89rmsoSCon5wWgVFAtZAewQU
12=g81Al4Xmw0SAknoAF0GJdj0IM/TFgM1odF3I9L549L55NQ55NQZBcCczPWh0WvNOePS1wF
13=J4wAAe6XULm+NX8zbAGOMbl3eDenKdCDP7QeA9CHP8WDOSfPDrNvKCcAAi3MAqQaKGQNkC
14=B4AYxzBm82OW82OaBUUIhabHMtVBFtN3MocAEnpANcgEw0A9aLReePS2sVezPFfS8uuwHu
15=l1DbN4M5rodW0Ic/pBGcCwE5v4M5pCAD1oc/1odFfEf0VCd/B7l7OSfWA9aHeEOgPSekA7
16=gBRBFwOPSiaBu0WvxTA2czM14qKCemA6BfKFASpAgnQwHLh3VUDyc7AKBUVn4Ody64GWQa
17=AoM/xXczpFYC3I9F1ouIAGgbASjWhz/EEZCbBb+DOdaPRcWDZB22G6hnaIdwd49555NQtC
18=dccUQpcQuLdFon9AF4TJxlRAIqRBJgHJA4VEsMrm8omFJQXioomE9QmE9QLaQDLXYDv4Nw
19=TUA9AsuHftyP0IBbT+6XUKw3A9CHP5gTZagApFa3ErN3LlAdJxQDbHAFg1a/g1Cuay5oHp
20=ARcgJ/OaAlpBq/CJgTZXJ0czNAH7RdWBmoAEwQAtCLfsuHaACkAnQALOwGtBsCXi0oXi3Q
21=UDKkA2jeJ2cKoFRWfnR7M6QLQBy+a9CLKHQDJ2wCuBMqFANcCCdXAtCLfq0Bs2Tj1mPzk2
22=BeKgQBJy8Ay4M/rDq8IK4Hy4cieCBoG4zoowGgVFZMdip2A2czKOwerAQypAN8dLQDpPJk
23=FJynSKgnGAIwIABQGmhIhFMnVwL/AAAnCAB8CIwxuKZWYNCDNLgEsAtofpSTkSx1XAsnVA
24=KjE8uHfjx0Ayq8ADSmA4NQhPt/aNyPS0xttCqgEDMUACeEEawuJ3QDJyAAQ+7Lh3WkWXwv
25=9F0wNAGsDbTStJCsCrgWTHMgCXQDqAZEPmwiNZwOqO1bE/OTSzAwAidEAMQXAXMurm/UUV
26=8vs28uoBxUgSLIJ3TzASizcy5slwJ/ObN3Lif4ADAgACceB65rbQq59GYtdAMnzAgqLAOu
27=Ab+DKOAkBMV3M7NnLsWcmzNMB0wuTJ2sZDAwAidEAFxopI9wVlzUI6AuVCeUG2QaXS+oXA
28=Kd7NYp1BInBAEnIAC8CFCeQCJ0J5T/LXQDA793OctzM0C7pBoqFQDFYJ0ibym/g1AqLACE
29=ESIbJr9/Sy2kA4B5fHQnDAIwIAAC7pdQ3I8iYCB0EpQbRBpMcKgPrDq0FQOoXyLLgz9opT
30=uYA3wIlCFcCC50AyNvLL+DUGgzeRlQIjIpczOYGX8Uy4d+pMW0Py0sAKgSsHpIzANvODle
31=LS5c6QZ3Ozm/gz+zezMw5BGsZyIaJns5JxwcpCYnNAGgCgPLh37FfzlhxH9s/WAQI4wqLc
32=QETOW8OFxHBqBXVl4tKGcwLnUAMyLQNyTcNGy+h5K/f0snpBsnLAAjvDBs1rQbJ+wDKuAS
33=TAEFmFJQbzYzbzYiwyBnMDMiXiSDUCKgIoQLpB20GyScI200cyJ4JrwamA0rnAiADcBkKp
34=QuqGAqQAGcQQRFuX85uXtW4BABLm82M0gSTDq8C7YAy4d8rbQeKiwAiCpvH9CDOSLIMCkc
35=BH4sg1ZICSh1AzNnC5hSUExtsBFAvkxztBu0ALwyU+PQi36AGXRFdAwmICGgo0hgrO6sBL
36=RXJBYtuX8lNC5UFbT/J0A3UhFnMHwsTEknbCa0M7SNLcYNxYN0/Eh1eFhEjAJvLrNnLqAQ
37=cR1zeBkwdANUBtQJhBGmFNCHYGqsAUwrJ9wNmDfQNbgc7AQpUACUKuAxAX6ucyjsBCKEI+
38=wBcFlIHmkAgyJgJkBnL2wmAkvQgznQIyg3bBABgznFe2iQaAaQTagMtACEUAFWbzgzdm8q
39=KESMA5hSUJhSUERWoAR0BvAytBikI6ozoFQj7D+EmCXsP6wBI4A/vCwksD8xLQBbeC60IS
40=dMAST6PL+DXEEiSCknDAIqJxRnMzNohAF/S8VzKGAjfztvM9AixDooUAC4B4sMRV4qbItL
41=Qnc+OaxbJ3QAYASEI7wCaB4iWEMEUMuDfpBEMy2MPyocQCq8PzQsACPcQCdcSPgcIgAphC
42=8rqAJIyUCmoDEDXiooXiouKoQCrAEBv38zxUhUAn8zv3MuVDwnUQC5lMxbr2cwMyRMKwJe
43=KiigVCscB0RW3AUBg1CuW9QbA5hGM7+DSySQIAO/fzOuby6kTSJtOH8iGDgiKUx7ZVDWI2
44=I4s3d0+a4Es3ciuD0lwD4LayjQi4azY1CzY1azY10qrAEqLAkrBRkweQq/hBegE2AxAXMu
45=v3NsryfUACeUB1AjtEi8bnheI/QupB1MbXwCAoNt0It+KnQDUIykFCJ2M18ibAQjXDDeBY
46=d+YNwmHUDnI9Q8MIwAJVQ+I1RQbGoprE8Hy4N11peO3JyOyy9cKrwIKswCeTd3Ijw7vB1l
47=TXPUPFCbRAi8ArQAJ4QCpB0AA04hIlYhHHc+OcV/bcV/ba5URb9zZaQFtAB4HCPcQDAcAS
48=R8RqyvJKxAMIwAYCUj5FO0CbQADNCLftycjsV3ZcV/da5jZV9udz4/vOO0GzAcAaAHcVl3
49=fDhEQTOkALgEtAB0wAV7bcV7bV4nKFgcSADGHXdlWEAiqCYjDT6zLM9Ts28oJOQmplO/cy
50=IsOaTUJIw5A9aLRdaHP6wEvAhsPSOcJlA4rDokb0rWl44ndAMDdz4/iERFJ0wHpBQwFABU
51=M7ACIv0jYXheJ0QARA6oA7QAJ1wACb9zXa5fVr9zXYhGRaQdaHWcdCRQS3xBbHAiyz/Fgz
52=kkPEEkBD0B1o9Fv1CbAVczuVtlgMVMK48Bv3MuJP0y3CNMQLgZnAhkxSTNR64mLD9AN7Qb
53=eFUFg3XFg3XQj36wFDbMAl0CqIyFAbydkdDgfAauW1a5Z1aoUkWsuwaoVEWoVEWuY1anBZ
54=hGOVOAy39tuJ10V3SZYpq/f3a6uX8lwFAi7CQjzE1EAmzuBUYzuUYzs0QubIIjPim5c8QC
55=B7NELtaPRbl7OdAlBSIzqRu5m9y5f1a4uwFnMC5nJuQmAtaThst/VIHQkivMAiPLWsuHfi
56=nMAgQzkEQzTjQxI2EmSyJAJSKcUyLMI+yjbAEn8BewJn2VfyJ4IHq1LShyyzs5JQ1HiyKo
57=UCKkKoTLJ54puURkGrgcArlGLrNEKAgAaAORBcWIolC5XDikWSSMKiTwJqxGjfQ5KBgCKA
58=wXfBQqzAIklExc9a+vXywnpwigVFAn1AmsYWCIIyA/QAEnZAG0BmkGLSJ4IKeJ3I9LJ2gD
59=VMYC1odF0IclgkK5RCKyVLlzbNwnEAEjiTp1YrtzM2AEJwhLIzRSJMwyJMA4IhJSi0VsRi
60=lsFyccAWy4JkxVzAEjzE0qhAtQXFwmLQQBYEws9RCoIxBPLXQDKPAIBYtF/9QA/9QAJAQo
61=tB4kzD6iH7lEYFUn+Qa561e5Ri6hHL+B2b8nbFxed3MzrAq8sCh0DCmkA2A3IkRIJsRbmD
62=EtdANJG64jAGiwfVgBtDO84CcEAbQGJ4IDZzPQbkRKuBAwFAAiuC4jJFl1/3sooApgN5eN
63=y4c/qFdAHyS0SrXJuegbME8B3ItFrAQtnAK4HyPMVikEDYxMxNECZyioYici+CFooiIoNC
64=0GAaBUInxSrx9nMzNUA6td7pdQMBgCKkYA85MozFwFuXcu55NQuV/QVmQdAnMzuV8zJKRR
65=pTXcIzxWKgQBMCwAJNQ2sBpEEXQSg7ugVFAtnAKgl2TRC24nunkzslYdnWwmqF4hpB28m8
66=QIIzg8VIpYAagbTm2ubyICJq5rIhBGMBgCpAIktDVYFrwXsBpcPnyqnK0knCMk9FKsBKQX
67=QGekCDAUACkUPCLYJlwmrC5kHSmcAnhPJMx0AAd+M7RqLatpKdVLIfUHA9Q7FqttKbp5M7
68=9+aC1814ydA5BPP5BMPydMBHgQJMBfAn8zrnMoJIw/MzACRfjQI+hetEUthGUntAJuBHsz
69=JNRRIkwiIxBAMEMB/9QAaA9pEjmwBUhaIkwxI5BuTA28FKQpIkAiABRiIaxYIJtqJ8lFGe
70=0WCOoQCN45HO0TCOoPCL4tFbdjNb+aTMWEOKQIJxQAdB4FbzO5azO/by5MNEL31ociHGpU
71=k8WMgyIwYq6gv39wUKxnJ5RYcJ6EnieAAyQcMWgMhFkiGWh/IuREtGCoq6iWUEcj4E4i/C
72=ki2CAjMWu/I4RKsAgoTAEAH34zt2orqWo0xUIgzxgN6xUJ5EIdzmEvo5hDvHg11T4e7xAJ
73=8hIJ5TEYzX42x6FFwH0iwEpiKHc5JBA9ZB1xKTNYKCd+arN3IqwiJMRJJlBCYAeoIaQdbC
74=sm2F8nvGl4EySuancucHcjYGgkDEFgH4w0JBAoeE8ib3Euv39kEWgSmBAi/FAjZH9spgp+
75=M711MKJ3LMVKG90oEQAAohEAIAAoEusVCNceEbFIJaOYQ4SJOJymSqWlUbOcQ86IQdleKO
76=k2F/QcDOo4GNB1MquLPbp9M6hjKKhjIrNvLpQADCi/czO/gznWj0Xcj0XWi4gADoc/rmsu
77=uX8zuX8zv38z0IM/JywAABDzk0vul1DQiz+gXiGsWCCZbye3ThuoeS2xjD69cjC5di2/VA
78=YNdy7Wh0W5fzOzby6uayizbygoAX4Iezm7CqhjImgAAV8is29sBKwBABWoZyioXSGYgzGw
79=gznFShvdKhDtFgjcLBGxYyWcezCVi0CtplKEjjluHKZKVAAAFbW9UbqwS8mYQNleKOgtFf
80=YKBdsjErdRLZ9WWJFiZI9maKxbIK5qJ6QOqBIMoF8iuX8z7pdQs3MuqGcoTAG1Fb+QHWwW
81=ABZqJ9J9O5d3L7d3Nc1TJOMdDPwCAuYdCuAzFtFRJLdxL+qeX6qNPsB9ciOub9IpoF94Gb
82=UqqK0Bc2QsrgGoYnglAAWVcCmQY2WaW1ysSkveKRPdHA/tEQjZJ5QbD34wjZM3jJY5nJpK
83=hIoxhIYxnIAcTRylgAFEHQAhsqVLq3w2u0Mj4CUS9gYD8AsF3R0e1SUlvDs8t2Mlrmcts3
84=03rIk9s4o9lXQpt2Yl1o5EfCkBYyKua3gcaDMAH38zwH0zlXQwq2wpyEog3SoQ8BcJ8hcJ
85=3ikP3jcX4zEV3yYR7hUJ8BcJ5ywT4TUawWZsCgaziz3CdTCzci1uNGMixhpjItAaCHQpmH
86=IooWQksWMlSDYACNUlJdsgIOwPEPcFAvwEAusaDaxFJattNo2HdxuUmkJMHEgACZSaQqWm
87=SrWaSqWWSkgeWBwCvapSrZ5sOgA2lJJCnaNQpIQ20kIe7xQI4SMN7SMR8xMJ9wcC9wUC6w
88=0G4igR3yoS1SgOwkIXrFsgqFwhoWQknnwvrIg8t3c1u3w2u18o4DEVqBsAJ9smEM1RJLd3
89=NZdzL5WFM6SCNphyKLBsKdFTJOAzFuUpEvgKBO8TCOArEsJDF6xZIKJjJKVjI5lwKLAaAB
90=qsWyDCQhfbLhHfKA/pDAb3CALtEAftIxHkLBbJSiC0XiTDQyKeezWdn0icjmQatDZIG0gA
91=B62iSq2eSqWaSpxNHJJFHUJYHKQCrDoFjJZClpA/nGKYDQAjbyincCq0ZybSajDWTSTkIx
92=TUHRDfKA/qDAb1BQL4CALsDxDbICDdHR7vDQ3zEwj3CgTmLRRgUgABdzWzjj26rEulpUmU
93=lkKUlkJ7hnxHAA+EiTCLfy2VcCmsiTy7bzHNUSTkLxXvFAf2BwfuDg7vDQ1ICSd8AQAM7x
94=QH2RoM4CUUwjMgwkgls303pXw2lXQpi3wthIUwXDXSbp5SeRmSURpCvDVbHKWWSlQASDkM
95=vaJKxq5jzrZrrapSrapaJ4AATCInYAJEIGwfACalSaqZQ6RwPqR8Np55L7NMJLlcLcNqNt
96=1DJNIeDuUiEvUXC9tKIrtvMauKPaqdS5SROIyWObW2UrsHvb5SWAEJpapKtbpSlJY5jJo5
97=RBQAHoyVOLqsS6uHPa1zMbdZK805HOkKBuMcD+IjFM0xF7xZK61wMZ55L7hfMKqdS8atWa
98=gJrBNEJg6cpkrnvnPGsmPetmu9slq1nn41pZYpTgeeUnACAqpSxrZjUDhsAVQDApZCpZpK
99=zAGfdJyiUvBceD1MAUgnRHpEIAAGjJI5nKVJqn89v4xFwXo8wnk7uqZKnKVJVCekGnYYlj
100=lQGlQS2hOiQifWA5yiYAonXAAOjI1BjoEznUopoFgtq4w+i39kNVyGSAACjJZCnKJwMkwT
101=J7wGBbWqWs62Y6WmRThCWxzGrlpINgOlmkrGrlqsCmUFpnQGDM6yY6WeUpSOQq2aSr2uWr
102=AFhQVjbARMdkV3qv4CpkpYFqQIWChEHXgcCqZKvbpatb5Svb5Sra50AHI1tlJIGEA3UAJc
103=HagGtABEIGoAqkpyHaJCRCBMCigJAJJjvoSKOWQpBoYxpaJKraJKnIgACbWqWu+6a72qWp
104=SOQkQaQE9qHp5SiBtsNyhNB6rYHFhSqCHpG2NedKWabCJcIwK9rlq9smQFwhOaQlACJ8QB
105=UBdnIKJKe1kQqnwatBtwBZRRlRhSKhQDYR+6ZAVYGXgEhCwnfAcClJI5paqQWZwCJ/QEVi
106=3OskhpfjWcnmwTVDAD3rZr575ztxW1rlp8boymaaiidFdIFUhXfGuUjUEipaghUAsDnlKc
107=mkq9lUKcfXRaTCVaWKWiaK5ZFq1YlIBYTQG1KSwAxDWVG5yUUSdEAycUA2QOmECoA0calJ
108=o5RLxMB2QmAapSlJJkdEhjpCBMdqwHTDq0RVAjRGVgE6FwqlWHWkg5xmuWQlQeA62eSsa2
109=Y3w+WRmmaKu0CVgcSAN6JbJjfj6qUm4BtmNIOWMcmkqcVCGIG0AQ1gyuWn0InmREhxFSlJ
110=5IZmxt3nSiQlAXvAtAAZQYdI1GIKWqMXwHRCBIGL4FpZqMgodTzrJjQApYOlRySADBBKZ3
111=V+e+c1Q5fDWXbN62a1xuRFknjABAMagAJ7oKzrZoQmh7THBKvY5CKPkGotM7vapaQFtEQW
112=R9tB6YJUQUuBBcFEQRuC5cC1BxdDbuc7W+bKysEFQApFlYH2AB/AhoJ64BmkpADUszpZpC
113=QCtEC6Q7vUeliKVMHGhmAZpK77p0V1xxSAZ0HuwTnC94jkQUJ2cBvapaKFwS5AVUFbw7QB
114=NQBWg2iANUSFwOVA/dApZ4hcw9gATdAp5wFLEglJTJJ+ADUBe4NFwCWBm4ZFgNTAHUOUFG
115=mnTeXA6wFCSsIngBiCFRUL3gqUABTBNwsIgDXAgCvYpKc20lRCdYAbQGtBKvAa2mUkA3rA
116=FAlHxWhBcDe3l7e3l7XAK4E7Q2dQOWfF9PE62mUqaDrapUq2w3XCAqNARWDK2mawOUmkK0
117=UXEIokwZwH8nPAJiAZpKeIKQEXJosmMqdAZUIWgPURqWbAdEC0ATAAKcpkp7dTlzVSmtnk
118=p7bTlrVTmEcSilA5x4anQSpAVIP8SSRQiWIuAnSBhcDny5mCtAMXhbhLxdArUjQChAAVyh
119=WxzGrlonVAKgAWhL5JiiTN66cPhEBbxHoCjIFVZmpkq/CKWmSrup575z1ANcGugAKtQDCH
120=N1OWNVKWNRMYRpfO9gGQOeSmtdMXtIAAp1OWtdMZyGQpxtMYR9lE6ECFR4XNGkFEzoVBuw
121=6UW2vfQVpFzWIaZKsAUDpaZK//sATmTeunCDqIREaFAyqANUAwL/+wClpkgqfD58KWD6xi
122=mcknwyeCX6o862ZDhAZGh+JlQgCYyCOcaKQpxlMWtdKVQbBXthMXNlMa2CzAesH6wiJ+QC
123=UDJAXgOUhkqUaUK8Oyd0DycABWQjkFZiEJpKSPO8F1B9oGpANLwXJxcAxrJjrwTOtmMnUA
124=AqIAABhIo5reD3JzACfQumYFh0UYw6TBZYXqwWdFEEbTmlbTmcdf41bTGsE8AH8BRUBqgG
125=tAPIMFa3olJAFijNDop4tawEZoa6UqwBTAdMHAPvumveunNxd5psNyrwAiAGLABMDaATJy
126=AAvAsqrAGjBKWmSlw1BnNlMZx5QoRpQly8M9QYQBNcBVQDqGC0CbACXAWoS1AyWOsDpaJS
127=pYpCeCgCgkq1tlpxvKIigDYn5CasB7BlXGU5RwOlqlI5dwD/+wC4K2G4mijEKFzprA1ADQ
128=qUhkJCPDGEXTlSTTGljDe4K6REVGBsFuw3QBxEYkRKtQPOgElhBKpIY3fJ3rZrJ3wHQ5e1
129=plKgDdzdI2gqRPu4IncJmkK9TAcjpDY8IAM2dAAqtAIiCiSSOVAaWFJ05yYEKAiMljl7cT
130=l7ZTmtitBTeDSQF495St662JFMB6wToBy0AKQapym9rlqwAkSJJ/gDVBtYHEgAQAFQGlQA
131=rgGtrniFolWckjqgCkhyNoADvAJABECUVxW9slokmieUkiKwJ7QVJIQvdB4FkjkQFBAQFB
132=CsFlARJIwtZFAjHCsnQAcqHAewCKw3QLV0DCMAMqQdSAYi9CUjiCJACkgbSABMHEgAa6Ke
133=SpQjmCGkXEgGoBYgDxQAvTjOnEdUDEIxlJZwYlw4TAFIG3AUJtAutBuo9n1ollySIlQpVA
134=+oAEzBrARMGVxQnd1SVBjQBQKWSnMcjGRxI7AkqB4k5CZwcbbJvlJE+AaUbTlzZTmUfUpK
135=S5ymIrwqZim6c1gKREEtjANQC1xKJCQ7LWsA//sAfRemIuQmoA1QGgiUdUKEbTmMikKEhi
136=KgLqBMTHNIrrAFTQScixVzHIxAFlALSBVAEFQPaPCcFKwlRgWUjs5brZp0G6gGtABobID9
137=WAoqzCNYAWAHCJJClIZCpaJSxo5KVpyMmnvra10pSAOsKEhFvBdAELQPJzcKzrZrpB2oCS
138=e8AGym4KYCrXE5rZrYplSZwTSyIqExpS+oAqAWvAtgi4SPuAqrDKWaQqwEMxQAJzAXtlHG
139=riLANbgHoCUnJiCcZSIIIUg2Aq11QmtlIhQhA4yCOYR9OUwcUCxELEABpGJcIFwCRBoHY1
140=kxjII5rXk5lED3fClm1K1xbAeoUaCjvBQiHTSiJYQgM6gCsAKwBUSJXwt7eXNMDSe2ApyS
141=LhwHIkRLiKVUBrxlJBgguhylmmBASANkHXzpJWghSkWUhs4BvYpoTgF7WTFz9PNI2yYoIn
142=gHbgdtOScjQqWWQickIFDIWCsr/AgjQCsiIDwkYCkwwALoVKQjDXN1c0pNUkpNUnt5cxAU
143=EKUmXEuoIScUAHgcJtc8zrZjvKdsMSIGPWPOI8o2nKYl1EtIJ2kemm8xpaZKqJ9UGAK9ik
144=rGknDLSDwCvY5CnILUG18OraZSsFCsByfABSKgLvBowgS2YyVcQoQdMEQGVHJMDUf1xq5j
145=lBsHSkpNSkJJSjk8OSekA0Q7J2gDoAG0RSisB1AXJDQ6JvwpRBq4T22vmiWYKiR8N0gDpA
146=54FpQSKnwrRBFQGiLcLiNIUERZagCuWnwCI1AqQAFkKSMoSa4cnKIiuEl9erIi1Cq0kLwU
147=JxQATChsCgG2Y0pNaBsGQklKc3Fzc3FzLaQDA962a3McjKUIrYBkoAekHbwCUInA2eTpuB
148=ArlD1wOyI4SCekAyftALUjoD2lCKVEFyQqRppKJwAySAZEs6AETApYH6iBtAy8Aq8BvbJa
149=oRycIoAnRFNsNwg5PDk5QTlzdXNzdXNxpaZSM6QDVDOkCyIIKiMcMaQLvJvMNExwI0hHrC
150=5EFFSKsL9YB7RatxVzHIyrEue+c6gSpCYiZEacOFAvJwQEJ6QArH+uDZyaIiRKJ2gAsAJI
151=kLwIJ2QKWFJsN5QbtCR0SPB0LaQDA1pZSoyKY6R3WG1RF70jrD0ktFkk/CPUGCI8UyVAT6
152=QOtJO8L6QaNhQAcBT0JKwNpCmsB3EstiKkUVCYsBq0nFARIuwhgAczdANAECccAaAHZB29
153=ZaaUVwRtWmtpSnNtYNNUbCqsGU4H77oiHCukHSdUBa0ErVS6sLAj9E8klFI5VBq0D1kWtZ
154=QnJAQ3JIQ43LYkdDwkCE5Y4lAUI1giJCwkM3QDJ8wOrHlATFglRERYJST0MUwBfYCmaHsn
155=HgR7dURcbK9UTlgQoFKsOngrVGmkFCMdQK0jGGXwFy4kGjM3B7WeSrTD1H70GNidI8w4sH
156=GkKS3cDSdkCid8FrRpJ3QGeRamIiQmRBdEHbQDpBR+IJJjMEQSfRqmIuBaJEhTJNxGWC6s
157=qbw7Sni9rsiBM1wDLVAAVC1aXqWaJCxIfM6gRk4uxq5oqFwUtCoz7QalJxYbtmu0GJBZIm
158=QodAaVMN4jNGcjzCkiVDVACqAZYAG0VynsFQP/AAD/AAC8bnBcmHm8LFRCZSOmIAT4Bi2Y
159=AydQEqRKVB6wVqwQTDe8DihEGJSKJ2hUItBYhBFAvrRpwQeiLghIXwK9sqVLALWupaCdWC
160=JMNH7mcXO0DCoUAEYRxrIinFmgc2qTsmO0XTAIAzxEACdEA6wcTEkBrapatSLRKFoqxAGs
161=AQpzdXOcpkqtokqlmkKlEQAATwQICQSmSpymSqWmaAABta6lnIABAAylplKlmkrGrlqtql
162=LnvnPnvnPOtmO9slq9sqV7eXuoAAO9sqW1rpyiB966zARfBf8AACcIAAAJSk1SSk1Se3lz
163=paZKzrZj3rpzvapa3rZrcxyMIBgIAAW9qlKtnkqlmkAWClKcpkqcpkrOsmPOsmMn0wH/AA
164=BEFwGlmkqcbAQJSpSOQpyiSrWupbWuKPACJ6QDA++6a72yWqwctAlEGjCkAAi1qlrvumvn
165=vnOlntQPDL2qWnNxc3Nxc0JJSjk8OSeYA1sHraJKRBQDva5anKJKIA+YAwilokqlqlLGtm
166=OtqnQbCXN1c0pNSmtpSsayY0gABd62a72qWr2uYBZkMowBtCpcDi91BqVaLt62exa9slq8
167=L1YGpaZkC7wjvCBDFqWaQlMFxrJjqCFbNMauY/FBSjakA2YsmkIgD44DvaJMN2A3thtKTW
168=AoBUJJSnN1c3t1fE2oPGIopkon5AVwL+46vbLDVe+6a0BAuBZ+U6paYBlNKJp8C6wigFVo
169=IVAytwnOtmuoBkwKVAZMSQWtqlq1rlqlpmQdAjlBOTk8aADOOppKlSFaIAOaA62i3A6sSa
170=AcWEO0GwFzdXOltleWSowuclOtmlFZQnwy9BtMBKwWclaqWrw+3DKcONwyQBMsPA60BgOl
171=pkrnvnOvBMa2Y2YLplJKIa2ezBNLSKWmUifoClgTKpwOIAOYAwmUjkKtplK9qlpaXVKsJa
172=AccA4BnlK1mnQbVi29rnJ9zrJgSawBtFq8FC2WDc62eARcFN5TpkpYdipIC7iOA3t5e7Wu
173=nGENpnwmeFiaSaWm8Cnjgs6yY5QJbDqwdCAGpgOcpmhRKtwNA8auWnNxWrA7qA8nMAW4gr
174=ACrG2sASp0AynkAnxQrEMFpZ5SnJZKnJJ0GCqYA1AjJ3gLuFJERFBTsGJYHFgidx6aSr2E
175=Vlw7TCtMoJAU2JGnHXt5czQ0B5SKMNwNSzallkpLALWqWkSqtGNMAaRQRGVYZ0zBoI4nmA
176=MqpANEVmQjvBqJybVGcZZKqH5YMSdoA0wBbJ1MXnGzWifoAUEivfNopZpCSA9wuYoJxq5Q
177=WWCgNqQDcCPsNyp0A7xuSLdHU6WWSngukG5YrGQpkMi0n8gzhAJAK33gpnC5J7ADXhS1nk
178=gkAUKllkJkHZRUtQOtRB3sT1QJoChUrn1QnnBiaw+SSrX4cLgHfCBI7fBfaBKUD0QIQh+9
179=snTMLPcKSnt5UMJ8brNuc3VzrA1ANEQgfN2aJZyShOBFLJJpGK2YvktF3rZrSEi6Sa2eZM
180=uvi62qUkgkYSKSYxzGrmNANGxe+DFYHLgHvFy0BirYDmwH8BdsAZywYBwpWASsB7giZBGI
181=FawEtcxKn+k5ODl0GwFxa3N1aJlID0AivAWsAUQdJ7AGWAdQMlNT77prvAuoVGAi8BdEoW
182=5JsmNUKm0HmviFBZZKnKZKpaZKEQAA

[AITriggerTypesEnable]

[Actions]
01000000=1,14,0,4475,0,0,0,0,A
01000002=1,14,0,4476,0,0,0,0,A
01000004=1,14,0,4477,0,0,0,0,A
0C5E9F3C=6,99,7,_Amb_BirdsNightOwl,0,0,0,0,A,99,7,_Amb_BirdsNightOwl,0,0,0,0,B,99,7,_Amb_BirdsNightOwl,0,0,0,0,C,99,7,_Amb_CricketBed,0,0,0,0,I,99,7,_Amb_CricketBed,0,0,0,0,J,99,7,_Amb_CricketBed,0,0,0,0,K

[Basic]
Name=(3) Top o'the Hill
Percent=0
GameMode=Fortress
InitTime=10000
Official=yes
EndOfGame=no
FreeRadar=no
MaxPlayer=3
MinPlayer=2
SkipScore=no
TrainCrate=no
TruckCrate=no
OneTimeOnly=no
CarryOverCap=0
NewINIFormat=4
NextScenario=GDI2A.map
SkipMapSelect=no
AltNextScenario=GDI9C.MAP
MultiplayerOnly=1
IceGrowthEnabled=yes
VeinGrowthEnabled=yes
TiberiumGrowthEnabled=yes
IgnoreGlobalAITriggers=no
TiberiumDeathToVisceroid=yes

[CellTags]

[Events]
01000000=1,13,0,0
01000002=1,13,0,0
01000004=1,13,0,0
0C5E9F3C=1,13,0,0

[IsoMapPack5]
1=5w0AIAEpAAEAgAACDAAoAAKEAQEADAApKCkAKigrACcAA+EEKCgpACkoKQAqKCkAKygrAC
2=YABPkGJygpACgoKQApKCkAKigpACsoKQAsKCsAJQAF8QkmKCkAJygpACgoKQApKCkAKigp
3=ACsoKQAsKCkALSgrACQABukMJSgpACYoKQAnKCkAKCgpACkoKQAqKCkAKygpACwoKQAtKC
4=kALigrACMAB+EPJCgpACUoKQAmKCkAJygpACgoKQApSQGPbwgMACpIAWQBVTkrKCkALCgp
5=AC0oKQAuKCkALygrACIACIAIRQgjKCkAJCgpACUoKQAmKCkAJygpACgoKQApSQGMeAlnEw
6=gAh6kBK1QCZAFJDCwoKQAtKCkALigpAC8oKQAwKCsAIQAJgAhFCCIoKQAjKCkAJCgpACUo
7=KQAmKCkAJygpAChJAY14CWdgCQCDqQEqVQKGqQErSAFkAVUNLCgpAC0oKQAuKCkALygpAD
8=AoKQAxKCsAIAAKjAlRCSEoKQAiKCkAIygpACQoKQAlKCkAJigpACdIAckXKEgByRcpKCkA
9=KkgBJxQDJ+EBLFQCkxAMAC0oKQAuKCkALygpADAoKQAxKCkAMigrAB8AC4wJQRogKCkAIS
10=gpACIoKQAjKCkAJCgpACVIAdUYJkkBhXsJDAAnSAHBGigoKQApKCkAKigpACtIAdkGLCgp
11=AC1IAclOLkgBeApRFC8oKQAwKCkAMSgpADIoKQAzKCkAHkgHxQgfKCkAICgpACEoKQAiKC
12=kAIygpACRJAZFrCAwAJUgBzRsmKCkAJygpACgoKQApKCkAKigpACsoKQAsSQGIvQotSQGK
13=qQEuSAFkAVkAL0wAyQEwKCkAMSgpADIoKQAzKCkANEkBJnzEAgwAHQANgAhFAh4oKQAfKC
14=kAICgpACEoKQAiKCkAIygpACQoKQAlSQGQZwsMACZIAckiJygpACgoKQApKCkAKigpACtI
15=AcFcLEgBbAlRFC0oKQAuKCkALygpADBIAclOMUgBzUcyKCkAM0gBzUc0SAHdIDXIAQMBDA
16=AcAA6QDVUNHSgpAB4oKQAfKCkAICgpACEoKQAiKCkAIygpACQoKQAlKCkAJkgBwaknSAHB
17=JSgoKQApKCkAKigpACtIAd1BLEgBgBZsfifpAi4oVQAvSAHJIjBIAckMMSgpADIoKQAzSA
18=HVLjRIASd2BA4AaAFVIzbUAgMCDAAbAA+cDkElHCgpAB0oKQAeKCkAHygpACAoKQAhSQE/
19=bwgOACLIAUkMI0gBcAJdCiQoKQAlSAHRbCZIAd1iJygpAChIAc0bKUgBwQQqSAHBJStIAd
20=0KLCgpAC1IAdUjLkgBwUYvSAHRCTAoKQAxKCkAMigpADNIASfNBA+AJUkXNVQCJ8wEtAJN
21=JjdUAs8QGgAQhAFNBRsoKQAcKCkAHSgpAB4oKQAfKCkAICgpACFIAWUpAmYpEABoAQEDDA
22=AjVAKPDAwAJCgpACUoKQAmKCkAJygpAChJAZJ8BnzmJ5ECKlQCcAJdFSsoKQAsKCkALUgB
23=yVkuSAHZJy8oKQAwKCkAMSgpADIoKQAzSAEnJQUQKCQFqAFJQzZABHAqhCknZQI4VALHEx
24=kAEYQBURQaKCkAGygpABwoKQAdKCkAHigpAB8oKQAgKCkAIUgBcCpVXyLIAVkRI0gBmA18
25=KyfhASUoVQAmKCkAJygpACgoKQApKCkAKigpACsoKQAsKCkALUgBzaouSAHBXC9IAcktMC
26=gpADEoKQAyKCkAM0gBJ30FESh8BagBQRo2QAQnfAUnQQM4VALZHDkoKwAYABKQAkktGSgp
27=ABooKQAbKCkAHCgpAB0oKQAeKCkAHygpACAoKQAhSAF0LpVaEihUCyfhASRABJAQZu8SAN
28=14JlQC3XgnSAHVvShIAc0FKUgBzQUqSAHNBStIAc0FLEgBzQUtKCkALigpAC9IAc1dMEgB
29=wTAxKCkAMigpADNIASfVBRIo1AWoAZQuqAGUWidtAzhYBs0QOSgpADooKwAXABOcA0EwGC
30=gpABkoKQAaKCkAGygpABwoKQAdKCkAHigpAB9IAdUjIEgBySIhSAFsMYVgE4wxSRcjVAKQ
31=EGRgJzkCJVQC1SMmSAHVIycoKQAoSAHVLilIAcEEKigpACtIAc0mLEgByQwtKCkALigpAC
32=9IAdUNMEgB0QkxKCkAMigpADNIAd0KNEgBbF1ZJzXIAUEaNsgBjDEnQQM4VALNEDlJAVoi
33=4zwMADpJAVEiMzwMADsoKwAWABSIBV0KFygpABgoKQAZKCkAGigpABsoKQAcKCkAHSgpAB
34=5IAdkyH0gB2RwgSAHBGiFIAWQ0lWUUhDSMwCc5AiRABIgTdmUUAM2JJlQCzYknKCkAKCgp
35=ACkoKQAqKCkAK0gBwessSAHdCi0oKQAuKCkAL0gB1Q0wSAHVDTEoKQAyKCkAM0gB3Qo0SA
36=EnhQYUgGeENKgBhDQnbQM4TAXZMjlIAdkyOigpADsoKQA8SAHfFRUAFYQBUTUWKCkAFygp
37=ABgoKQAZKCkAGigpABsoKQAcKCkAHSgpAB5IAdlTH0gBJ94GFQAn3QYVkDWEa6gBWRwjTA
38=XVGCQoKQAlKCkAJigpACcoKQAoKCkAKSgpACooKQArKCkALCgpAC0oKQAuKCkALygpADAo
39=KQAxKCkAMigpADMoKQA0SAEn3QYVKNwGqAGeNhUAzRs4TAXJATkoKQA6KCkAOygpADwoKQ
40=A9KCsAFAAW6TgVKCkAFigpABcoKQAYKCkAGSgpABooKQAbKCkAHCgpAB0oKQAeSAEnNgcW
41=ACc1BxYoNQcWlDmUcKgBl3AWAFi1hiRECIAWd3AWAPckITYmVQLxqQEnSAHBfShIASeeFB
42=YAyQEqVQKJawgMACtJAYupASxIAWQBSVktKCkALkkBWaEPL0kBUbmVMEgB2RExSAHZBjIo
43=KQAzSAHZBjRIASc1BxYoNAeoAZU5Fig0BycpADlYBtUNOkgB1Q07SAHVDTxIAcV2PUgBwQ
44=Q+SAHDBBMAF4QBQRoUKCkAFSgpABYoKQAXKCkAGCgpABkoKQAaKCkAGygpABwoKQAdSAHV
45=Lh5IAcE7HygpACBIAcGTIUkBQmwTIrYtFwBoAYR2J70CJEEEsrU5JUkB+qkBJkkB9KkBJ0
46=gBxaIoSAHVDSlIAckMKkkB+a0FK0gBcA1dICxIAcFGLUkB86EELkkB9akBL0gB1S4wSAHZ
47=BjEoKQAyKCkAMygpADRIASeNBxcojAeoAY08FyiMBycpADlYBtUNOkgBxR47SAHBOzxIAc
48=E7PUgB2RE+SQFbrVI/SAHXAhIAGIQBWRwTKCkAFCgpABUoKQAWKCkAFygpABgoKQAZKCkA
49=GigpABsoKQAcSAElOTkdSAHBMB4oKQAfSAHBtCBJATlvEw4AIcgBWT0iSAHNGyNIASWdVi
50=RIAWgFVRglSQGsuTImSQGqqQEnSAHBOyhJAY5wBSKfNRgA+6EEKlUC8KkBK0gBfANRCSxJ
51=Afy1Ai1IAdUCLkkBk28BDAAvSAHNMTBIAXACWQYxKCkAMigpADMoKQA0SAEn5QcYKOQHqA
52=GGPxgA1Rg4TQWkrRA5SAHBGjpIAdk9O0gBySI8SAHNED1IAdk9PkgB1QI/SAHZBkBIAdsG
53=EQAZnANJFxIoKQATKCkAFCgpABUoKQAWKCkAFygpABgoKQAZKCkAGigpABsoKQAcKCkAHU
54=gBzXMeSAHJQx9JAYpvEwwAIEgBfEFVIyFIAckXIkgBfANJFyNJAZJsASJULCdBAyVVArG5
55=JyZIAd14J0gB0YIoSAHZBilIAWAIUQkqSQH2uQYrSQHxqQEsSAHBBC1IAdEJLkgBwQQvSQ
56=FR9r0ZAMEwMVQC2QYyKCkAM0gBzTE0SAEnPQgZKDwIqAFFHjdBBK+tEDhJAampATlIAcUI
57=OkgBySI7SAHVDTxIAc0QPUgB1QI+SAHZBj9IAdkGQEgBwQRBKCsAEAAakAJJIhEoKQASKC
58=kAEygpABQoKQAVKCkAFigpABcoKQAYKCkAGSgpABooKQAbKCkAHCgpAB0oKQAeSAHdNh9J
59=ATx4FHVEGun+IVQCcAJJFyJIAcV2I0gB1QIkSQGupSklSAHFgSZIAclDJ0gBzQUoSQGyrQ
60=UpSAHFPypJAe21AitJAfKpASxJAe+pAS1IAcEELkgBxYwvSQFZqbEwSAHBRjEoKQAyKCkA
61=MygpADRIASeVCBoolAioAZZEGgDBOzhMBd0KOUgBzTw6SAHBGjtIAclDPEgB1QI9SAHFCD
62=5IAdkGP0gBwQRASAHNJkFIAdUCQigrAA8AG5ACVS4QKCkAESgpABIoKQATKCkAFCgpABUo
63=KQAWKCkAFygpABgoKQAZKCkAGigpABsoKQAcKCkAHUkBOW8TDgAeyAFByh9IAdkcIEgBfA
64=NJFyFIAcFGIkgB2T0jSAHJ/iRIAdmKJUgB2QYmSAHVIydIAcVKKEgB3UEpSAHVRCpIAd1M
65=K0gB2QYsSAEl4SItSAHNBS5IASfsCCd9BTBUAsEPMSgpADJJAY97AgwAM0kBWb1MNEgBJ+
66=0IGyjsCKgBjUcb4Wc4TAVgCF0gOSgpADpIAcFGO0gBwQQ8SAHBRj1IAcUpPkgB2dc/SQGo
67=sWFASQGiqQFBSQGmqQFCSAHRCUMoKwAOAByQAk0QDygpABAoKQARKCkAEigpABMoKQAUKC
68=kAFSgpABYoKQAXKCkAGCgpABkoKQAaKCkAGygpABwoKAAFHQAcADkAAAARAABVDwAgAAEC
69=DAAeABwAWAMAAAAMAB8AHACNRAFJASBJAYepASFKAf//TwEMACJKAfgBiQEjSQGTRAFNBS
70=RJAfm1AiVJAY+1AiZJAa+1AidJAaapAShIAcUIKUkBsLUCKkkBqKkBK0kBoqkBLEkBpKkB
71=LUgBxQguSQH2tQIvSQHxqQEwSQGRoQ8xSQGJqQEySQGDqQEzSAHBGjRJASa5BjXIAQEBDA
72=A2yAFJIjdIAXQGTRs4KCkAOSgpADooKQA7SQFauSc8SAHFKT1IAcUIPkkBsbUNP0gB1QJA
73=SAHVI0FJAamhBEJIAcEEQygpAEQoKwANAB2cA0UTDigpAA8oKQAQKCkAESgpABIoKQATKC
74=kAFCgpABUoKQAWKCkAFygpABgoKQAZKCkAGigpABtJATltEw5WFR0AaAFRKh1UAskiHkkB
75=kWAEf0wdAIipASBVAoapASFJAfu9ICJJAfCpASNIAdVPJEgBzUclSQGOuQYmSAFkAUkiJ0
76=kBsbkGKEgB1UQpSQHvtQIqSAHBRitIAcEwLEgByU4tSQGlrQUuSAHFCC9JAe21AjBIAcUI
77=MUgBwQ8ySQGMbwEMADNJAYqpATRIASeeCR0AaAFJIjbUApxMJzUHOFQCdAZVGDkoKQA6KC
78=kAO0oBUQRLBAwAPEkBrLkRPUkBpqkBPkgBwQQ/KCkAQCgpAEFIAVwHYX1CSQGuuQZDSAHV
79=AkQoKQBFKCgAZITBBA1QhckBDigpAA8oKQAQKCkAESgpABIoKQATKCkAFCgpABUoKQAWKC
80=kAFygpABgoKQAZKCkAGkgByZAbSAFoTlEqHEgByU4dSQGPYBZuGB4A0UsfVQLxsR8gSQGQ
81=oQQhSAHdgyJIAcU/I0kB860FJEgBzVIlSQGMuQYmSQGLqQEnSQH3rQUoSAHBRilJAfK1Ai
82=ooKQArSAHNECxJAauhBC1IASf3CR4A+rUCL1QCxQgwSAHNEDFIAXwOQUYySQGObAF1Tx5g
83=AW08NFQCaE5BBDXIAZVPHoBRQSU3VQJbpZc4SAGdBgxAdycFATpUAsmbO0gB0So8SQGvpR
84=M9SAHFlz5JAVG5Uz8oKQBAKCkAQUkBsLkGQkgB2RxDSAHBD0RJAa6hBEVIAdUCRkkBP28B
85=DAALXNNkAUAaaIjJAQ0oVQAOKCkADygpABAoKQARKCkAEigpABMoKQAUSQGRYwsMABVJAY
86=mpARZJAYupARdIAWQBTRAYKCkAGUgBdE8BAA4AGsgBSS0bSAHNJhxIAd0KHUgBzZ8eSAHd
87=Ch9IAclOIEkB8b0gIUkBkngNZ+8fAPy1AiNUAtleJEgB1QIlSQGOrQUmSAHNXSdIAcFRKE
88=gBzUcpSQGssQkqSAHBiCtIAdEJLEkBq6EELUgB0aMuSQGotQIvSAHZBjBIAckXMUgByRcy
89=SQGMuREzSAHFazRJAS6lCDXIAUElNsgBjlIfAGAEAQMMADhVAiWtBTkoKQA6KCkAO0kBL6
90=EEPMgBUQk9yAFRCT5JAVHuUh8AyQFAKFUAQUgBbBRVOUJIAcUeQ0gB2RxESAHFVUVIAc0F
91=RkgBbFJJDEfIAQMDCAAKACCcA1EJCygpAAwoKQANSQE1awQOAA7IAQEBDgAPyAFNAhDIAV
92=UCEcgBVQISyAFVAhPIAVUCFMgBVQIVyAFVAhbIAVUCF0kBOLUNGCgpABlIAWRVSRcaSQFY
93=uX8bSAHN7BxIASUtJx1IAcV2HkkBqqktH0gB2T0gSAHBkyFJAfWhBCJJAY9jDwwAI0gB0Q
94=kkSAElaSklSAElUSYmSAHJQydIAcGeKEkB9LEJKUkBr6kBKkkBp6kBK0gBxTQsSAHZUy1I
95=AdE1LkkB/a0FL0kBrakBMEgByQwxSAHRYTJJAZC9FTNJAYqpATRIAWBRAQQMADXJAQUiji
96=ggAHQCAQYMADfVAgdmVSAAZFVVTzlUAskBOigpADtIAWRVUQk8yAFRCT3IAVEJPsgBUQk/
97=SQGsvRVASQGqqQFBSAFgE1FLQkkBsbUCQ0gB1QJESAHVAkVIAdm2RkgBZFVZBkfIAQEBCA
98=BISAGEwwIIAAkAIYAIQQQKKCkACygpAAwoKQANSAF8V01HDsgBWXQPyAFVAhDIAVUCEcgB
99=VQISyAFVAhPIAVUCFMgBVQIVyAFVAhbIAVUCF0kBOEwTUSoYKCkAGUkBWLFWGkgBXANp3R
100=tJAY9vAQwAHEgB2VMdSQHxoSUeSAHBXB9IASURKSBJAY25BiFJAYWpASJJAYapASNIAcWi
101=JEkBjLUCJUgBJ/0KISYhKydUAsUIKEkBh60FKUgBybEqSAElKSErSAHFEyxJAa+xFC1JAa
102=epAS5IASXlMy9IAcFcMEkBpqEEMUgByVkySAEleSszSAHdCjRIAWVVCH1XIZFWCXxXqQEK
103=fFepAQt9VyGcV0EwOVgGfFdJATooKQA7SAF8V1EJPMgBUQk9yAFRCT7IAVEJP0gBwVFASA
104=HBUUFJAVGpsUIoKQBDKCkARCgpAEUoKQBGSAF8V1kRR8gBRa1ISAHdV0nIAVdaCAAibC59
105=QQkoKQAKKCkACygoAHzpkwUMAA0oVQAOKCkADygpABAoKQARKCkAEkkBkWsIDAATSAElpS
106=AUSQGLtQIVSAHFHhZIAdFWF0gBfANdbRhJAa61ORlIAdUCGkgBzVIbSQGGeAJ2WiIAJ1YL
107=IgDRrh5ABMU/H0gByaYgSAHdmSFIAcVVIigpACNIAd0VJEkBiKkMJUkBiqkBJkgBZAFRFC
108=dIAdEJKEgBzQUpSAHNXSpIAcUeK0gBzVIsSAHNXS1JAfG5HC5IAc1dL0gBJ1YLIgDJATFV
109=AqqtBTJIAcUeM0gBzbU0SQGPaBN0Wie5BzZUAnACXRU3SAHJTjhIAdUuOUgBwQQ6KCkAO0
110=kBWa2JPEgBh0oMAD3IAV2OPsgBVU8/SAHdCkBJAVGpWUEoKQBCKCkAQygpAEQoKQBFKCkA
111=RkgBdFpdFUfIAV1XSEgBjxAIAEnIAVUCSsgBAQIIAAdc6dUYCCgpAAkoKQAKKCkACygoAH
112=jw2QYNKFUADigpAA8oKQAQKCkAESgpABIoKQATKCkAFCgpABVIAckiFkgB1Q0XSAHR8BhJ
113=Aa+hOxlIAc08GkgB0UsbSQGKfAZuXSMAwbQdVAIlpSseSAHJsR9JAY+tBSBIASWBISFIAc
114=G0IkgBwWcjSAHdNiRIAdEUJSgpACYoKQAnKCkAKEgBJWk0KUkBjrUNKkgB1Q0rSAHZfyxI
115=AcVgLUgB0VYuSQHxpR4vSQGvqQEwSQGpqQExSAEltTgySAElkS4zSAEnrgsjANUjNVQCyQ
116=w2SAF0EU1HN0kBUaFROEgB1QI5KCkAOigpADsoKQA8SAGcTG1dIyMwOIxdqAGNXSMorCwn
117=KQBBWAbVDUIoKQBDKCkARCgpAEUoKQBGSAFsXV0KR8gBhLi1DQBsXagBjF2oAU1dS0wFgB
118=oCCAAGACSEAUUeBygpAAgoKQAJKCkACigpAAsoKQAMKCkADSgpAA4oKQAPKCkAECgpABEo
119=KQASKCkAEygpABQoKQAVSAHVIxZIAdleF0gBjxcMABhIASUhIBlJAfGxQBpJAbCpARtJAa
120=qpARxIAdlIHUgBzQUeSAHJTh9JAYpgCyJ1MST1ZSFUAicGDCQAwQQjVQJRtUQkSAHNyyVI
121=AcW4JigpACdJAYe9CihIAdkGKUgBJwUMJCZVQitUAsm8LEgB3dAtSAHJWS5IAcHVL0gBwQ
122=QwKCkAMUgBzQUyKCkAM0gB2QY0SAHJDDVIASV9MTZIAcl6N0gBybw4SAFkF1VEOSgpADoo
123=KQA7KCkAPEgBJwYMJABoAYRgqAFFVT9ABNEfQCgpAEEoKQBCKCkAQygpAEQoKQBFSQE5fx
124=EMAEbIAUFcR0gBnBUiDC60DYRgqAFBBEpABHgRhGDbXggATFQCbAlPBQUAJYQBWRwGKCkA
125=BygpAAgoKQAJKCkACigpAAsoKQAMKCkADSgpAA4oKQAPKCkAECgpABEoKQASKCkAEygpAB
126=QoKQAVSAHFKRZIAdVPF0gB1U8YSAHJThlIAdleGkgBwUYbKCkAHEgBwUYdKCkAHkgB1UQf
127=KCkAIEgBJUEkIUgB3VciSAGcJ3HiJfWcJFQCwWclSAElxSQmKCkAJ0gBwcooSAHBGilJAZ
128=B3CQwAKkgBwRorSAHBGixIASVBJC1IAdkRLkgB0dovSAHBBDBIAdleMSgpADJIAdkGM0gB
129=cA1FPzRIAcUINUgB0WE2SAGQSyJsLyeVCDhVAlkkkSM5SAHFCDooKQA7SAHFCDxIAXRPSQ
130=w9yAGdYiWIZJxiJ80EQEAE3SBBKCkAQigpAEMoKQBESQE5Zw8MAEXIAU1dRkgBnxUIAEdJ
131=AY9gBHxitA1NXUlUAngRTQVKyAGeYiUAzQVMVAJ0Bk0FTSgrAAQAJpACVRgFKCkABigpAA
132=coKQAIKCkACSgpAAooKQALKCkADCgpAA0oKQAOKCkADygpABAoKQARKCkAEigpABMoKQAU
133=KCkAFUgB0SoWSAHNUhdIAc1SGEgBwVEZSAEntgwmAM1HG1QCyQEcKCkAHUgBJVUhHkgBmC
134=MiClUmAMHKIFQC3VchSAHVDSJIAchZQPMotgwmAMQTSTUAzQUmTAXJASdIAdEUKEgBwRop
135=SAHBDypIAcUIK0gB2QYsSQGJZwQMAC1IASW9Iy5IAdXpL0gBwYgwSAHdFTFIAdEUMkgBYA
136=hFPzMoKQA0SAHBXDVIAYhOIiQ8J5UIN1UCWalkOEgBxWs5SAHZBjpIAdUYOygpADxIAXhT
137=VQ09yAGUZUQhWPiVZSbtJkBABMUIQSgpAEIoKQBDSQFSbxcMAERJATlIAU1dRUgBnRUIVc
138=gmJGh2dmUmAJwrdGW0DUVgSUwFeBGUZbQCRQhLVAKILXbIJgCDJQgATVQCRQwAWQZOKCsA
139=AwAnkAJBGgQoKQAFKCkABigpAAcoKQAIKCkACSgpAAooKQALKCkADCgpAA0oKQAOKCkAD0
140=gBzTwQSAHNPBEoKQASSAHJQxNIAYMWDAAUKCkAFUgByS0WSAGTHwwAF0gBJfE6GEgBJW0k
141=GUgBJakxGkgBxT8bSQGwSDhdIBxJAaqpAR1IAd1tHkgB1dMfSQHxoQQgSAHVDSFIAdVaIk
142=gBkDVlzif9QSRVApBsF2nwJyYJSSZUAtEUJ0kBiqEEKEkBUSQBJylIAcV2KkgBzQUrSAHN
143=BSxIASWVKS1IASXFJC5IAdkGL0gBCYgAAAAADAAwACcAiBEAABoQACAIAAAAAAwAMQAnAI
144=hEAQUADAAyACcAi6kBM0oBWgNPAQwANEkBWKkBNUgBTAJ5BjYoKQA3KCkAOEgB2QY5SgFR
145=BFcFDAA6SAEFgAEAAAELADvIAQECCwA8SgEaAkMECwA9yAFBBD7IAUEEP0kBgVgGAQALAE
146=DIAUEEQUgB3QpCSQE5QAhJF0PIAQEBCABESAGfFQgARUkBjWMECABGSQGDqQFHSQGGqQFI
147=SQEmawwIAEnIAUUISsgBAQIIAEtJAYytBUxJAYqpAU1IAWQBAQAIAE4oKQBPKCsAAgAonA
148=NFEwMoKQAEKCkABSgpAAYoKQAHKCkACCgpAAkoKQAKKCkACygpAAwoKQANKCkADigpAA9I
149=AZcYDAAQSAGfIAwAEUgBnyAMABJIAYMWDAATKCkAFEkBj3sCDAAVSAHVLhZJAY61AhdJAf
150=t7JwwAGEkB76kBGUkB7akBGkgB1QIbKCkAHCgpAB1JAfKtBR4oKQAfSQHwtQIgSQGQtQ0h
151=SAHJFyJIAckXI0kBWblTJEgB0RQlKCkAJigpACcoKQAoKCkAKSgpACooKQArKCkALCgpAC
152=0oKQAuKCkALygpADAoKQAxKCkAMigpADMoKQA0SQFSrRs1SQE1qQE2yAEBAQwAN8gBWUg4
153=yAFVAjlIAXlpA2ZrKABpAQRka6oBBQpGaygAhWsKRGuoAQEBCgA+WAZ0AgECCgA/SAFmaw
154=MKRmsoAGgBRQhB1AIBBQwAQkkBOVgRRWBDSAHZaURIAdlpRUgBjDFmaygAyQFHVAKbMggA
155=SEgBJ2YNKABoAYRrqAFdCktABJtICABMSAFRDQBZaU0oKQBOKCkATygpAFBJAep4PQIIAA
156=EAKZQGVSMCKCkAAygpAAQoKQAFKCkABigpAAcoKQAIKCkACSgpAApIAYUeDFOQKQCHfQ0M
157=XA0n4QENKIEADkkBhaEED0gBiCJ9bSm0I35tKQCUI3xtJwUBE0wFyQwUSQGKpQgVSAHJWR
158=ZIAcVgF0gBzRAYSQH2qWQZSAHNaBpIAclvGygpABxJAfStBR1JAaypAR5JAaapAR9JAfqp
159=ASBJAfWpASFIAcEPIkgB0cQjSAHZHCRJAYm9FSVIAdUCJigpACdIAcHKKEgBwRopKCkAKi
160=gpACtIAWwJVSssSAHVyC1IAZdPDAAuSAHBBC9IAcEEMEgBwQQxSAHBBDJIAcEEM0gBaFld
161=CjTIAUFRNUgBfG1BUTbKAQMIXm0pANUCOChVADlIAXJsBghF2SmebQcIRNmqAQgJXW0pvW
162=0JXG2qAQEJXG2qAQIJXW0pkmwGCVxtqAFFCEFcCmpvCAhebSkAlxgIAENUApxBZNnMR2TZ
163=JykARkAEk0sIAEdIAYBGfW0pkGxNaElUAie8DbQCWRxLVQKSeCN8bddPCABNVALVDU5IAZ
164=M1CABPSQHTsWxQyAEBAQQAUUgBYAgDAAQAAgAqhAFRKgMoKQAEKCkABSgpAAYoKQAHKCkA
165=CCgpAAlJAZF7CQwACkgB3UwLSAGYHH5tKgDRSw0oVQAOKCkADygpABAoKQARKCkAEkgBxV
166=UTSAGPJgwAFEgBfA5VGBVIAdlTFkgB1QIXSAGMlH/bKgD4vWIZVQKTZwQMABpIAdVwG0gB
167=0WwcSAHRbB1JAaK5Bh5JAaepAR9JAaipASBIAdVwIUkB97UCIkkB8akBI0gBzRAkSQH5tQ
168=IlSAHNcyZJAYa5ESdIAWQBQRooSQFRJPklKSgpACpIAZ9MDAArSAHJZCxIAdUCLUgB1QIu
169=SAHFCC9IAcEEMEgByQwxSAHNBTJIAdFsM8gBSU40SAGZBghWaioA3Uw2VQKHaAh8bQEqAP
170=//TwEIADhUAiOvIQgAOUkBWbVPOkgBaW8KfW0qim8LCF1tKr1tCFxtqAFJej5MBZ3bCF1t
171=Kp5tCQhcbagBRQhBQATZEUJIAdkRQ0gBnEx9bSqstXxtJykARkAEgEZ8bdhefW0qKLwNqA
172=FNEEpMBWhvUR9LSAFEG3HaTEgB1Q1NSAGQNSLnKCoA6rkcT1QCfG0BAgQAUEgBjAV9bSqn
173=zgQAUlQCkwkEAANEN4kBDF1wK4QBWT0FKFUABigpAAcoKQAIKCkACSgpAAooKQALSQGMeA
174=l9bSu/IAwADVQClyMMAA4oKQAPKCkAECgpABFIAYwbfNsnZQITVAJ4ClEUFCgpABVIAdFL
175=FkgBwQQXSAHNXRhIAcnSGUkB87leGkgBJWEoG0kBsLUCHEkBoqkBHUkBpakBHkgBJXEqH0
176=gB0dogSQGxoQQhSAHJDCJIAdF3I0gBzRAkSAHBBCVJAfG5BiZIAcElJ0gBiKYiBy4rAFH9
177=bSucGUUeKkAEyWQrSAGXTwwALEgBhwQMAC1IAdkGLigpAC9IAZ9iDAAwSAHFCDFIASW5KD
178=JJATlICF1MM0gBnwoIADRIAYxHfG3LOAgANlQCiDh9bSugqXxtJ4EAOUEEhVAJScc6KCkA
179=O0gB2XQ8SAF0WkEEPcgBTV0+yAFNED9IAWAIQQRASQGRbwEIAEFIAZCufdsrJJA5fNsnKQ
180=BEQQSIrQVFSQGKqQFGSAFkAVEJRygpAEhJATFgMCKmNisAaAFNEErUAk0QS0gB0R9MSAHF
181=Hk1IAd0KTkkBVUQ0WQZPyQECf20rAJB4DXxtyCJ9bSvpb1NMBXwDVW0ERDeLAQwABSgpAA
182=YoKQAHKCkACCgpAAkoKQAKSAGQFCI9KSzwbGRCnBV8bSdVAA5MBdUCDygpABAoKQARSAEn
183=vQ0sgBNJThNUAowBfNsnVQAVVALdTBZIAcEEF0gBkB9+2ywAkzUMABlUAtVaGkgBxWAbSQ
184=HxYzAMABxJAaupAR1JAaKpAR5JAaSpAR9JAaqpASBJAf2pASFJAaypASJJAaapASNIAc0Q
185=JEkBi2sTDAAlSAHZ7SZIAcFyJ0gBweAoSQFRVDlFHilIAclkKkgBkGF82yfxAyxUAsEELU
186=gBwQQuSAHRbC9IAcEEMEgBZGtdCjHIAUFGMkgBmwYIADNIAcFcNEgB3Vc1KCkANigpADdI
187=AYg4fG3AO33bLPFhOkAExQg7SQGGcR8IX9ssAC50I3zbqAFNED5ABHQCTV0/yQEDf9ssAC
188=WtBUFUAskBQigpAEMoKQBEKCkARSgpAEYoKQBHKCkASEgBcGxJDEnIAQEECABKyQEFImVE
189=LKBnIj8pLACKqRdNQARwbAEEBwBOyAEBBQcAT8kBBn5tLABhBAd/bSwAjHgGfG3XIwQAU0
190=0Fh7UCVEgBZAFJbwVEpYsBDAAGKCkABygpAAgoKQAJKCkACkgBiAx9bS0ovA0nKQANQASE
191=NHzbJ1UADyhVABAoKQARKCkAEkgBiKYivUQtrKp9bS0m/UwVQATZUxZJAVt//AwAF0gByd
192=IYSQH1fDZ9bS2IG0lOGlQCjwEMABtIAcVgHEkBr60FHUkBp6kBHkkBqakBH0gB0WwgSQGs
193=tQIhSAHNcyJJAaW1AiNIASWVKSRIASV1RiVIAcHrJkgBI6MwDAAnSQH8uQYoSAHBGilIAZ
194=NhDAAqSAHBZytIAcEELEgBwQQtSAHBGi5IAc0FL0kBUngCftstAHxtVVoxVAKbBggAMkkB
195=j2AEfm0tAJgGfdstrOx82ycpADZMBYAPfdstpEp9bS3tUjlABGwJQco6KCkAO0gBmBx9bS
196=2cbUFcPVQCcGxBXD7JAQYiPCmhBAd9bS2cbUFyQUAEfG1JAUIoKQBDKCkARCgpAEUoKQBG
197=KCkARygpAEhIAXxtVQ1JyAFVDUrJAQh/bS0AsmwxfW0tJtksTUEEVVmgCH1tLYZrCQZcba
198=gBAQoFAFDBBAt9bS2kdnxtzF18bcMlBABUTAWDJQQAVSgrAAYALpACWVMHKCkACCgpAAko
199=KQAKSQGMdAV9bS4ovA0nKQANQAQnvA0nVQAPKFUAEEgBhKIivUQuvKQiPCknKQATQASQjX
200=xtJ2UCFVQCk0AMABYoKQAXKCkAGCgpABkoKQAaSAHNcxtIASUpNxxIAd1iHSgpAB5JAfFj
201=MAwAH0kBrKkBIEgB0WwhKCkAIkgBJ74NLgDJ6CRUAiV1RiVIASe8DScVAydUApheIj0pLq
202=9dDAApVAJsKkEwKkkBUVg9SQErKCgASMScA1QCXFS0ZSK9RC6Ea1UCL0wFcGxFVTBIAdFs
203=MUgBxdkySAGQKnxtwA98bScpADVABIAPIjwpJ1UAN1QCiPN+bS4AiJt/2y4A9XQjIr5ELg
204=CDGggAO0wFlBR9bS6cbVVaPVQCfG0BCQgAPskBCnxtoQQLfW0unG1dg0FABHxtSQFCKCkA
205=QygpAEQoKQBFKCkARigpAEcoKQBISAF8bUEPScgBQQ9KyAFBD0tIAd0VTEgBI6QgIr9ELg
206=AFItBifW0uQEFIBHxtyAF/bS4ABGAEfW0upHZ+bS4AgCV8bdg9fG0nKQBVSAxJCQBJ3VYo
207=KwAHAC+QAkk4CCgpAAkoKQAKSQGMaAR9bS8ovA0nKQANQAQnvQ0v+WkPVAKYPSJ8UieJAR
208=FUAmwJVQ0SKCkAEygpABQoKQAVSAGcQX5tLwCESnzbJzEBGEAE0QkZSQFZoeAaSAHZBhtI
209=ASe+DS8AJQFTHVQCyWQeSAHJZB9JAa9nSgwAIEgBweAhKCkAIkgB1XAjSQGmrQUkSAHJby
210=VIAd0KJkkB8aEEJ0gBmDJ9bS8ovQ0v7WgqQATNGytIAZBAIrQuJ4EALVQCxdkuSQE5SB5Z
211=Uy9IAZsGCAAwSAEjs0gIADFIASP0KnzbwCV8bcAPfG0nKQA1TQVRYH18bSdVADdUAiOsLH
212=1tLySEMnxtJzEBOkEEkkwQSd07SAGc/H5tLwCfmQgAPVUC8XAffG0n2QA/VALNBUBIAcEE
213=QUgBbAlRCUJIAcEEQ0gB0QlESAHNBUVIAc0FRkgBxR5HSAHVAkgoKQBJKCkASigpAEsoKQ
214=BMSAGILX1tLyi9DS8ovA3IAX1tLyi9DS8kjEl9bS+0/39tLwCwZB5/bS8AqKkBVUgMI7My
215=BABWSAGDRgQAV0gBnRUETR4whAFRYQlQOIwBIn9SMACQbAF9bTAovA0nKQANTQWGoQQOSA
216=FkAUUIDygpABAoKQARKCkAEigpABMoKQAUKCkAFUkBUXxBfG0nZQIXVALJDBgoKQAZKCkA
217=GkgB2QYbSAEnPCknBQEdVALJZB5IAclkH0gBjDx9bTCvRwwAIVUC8XsnDAAiSAHBciNIAc
218=FyJEkBqqEEJUgB1XsmSAHdeCdIAZhTfW0wKL0NMOGIKkAEhD8i/TYw9XAsVALRbC1JATxo
219=HiL8IdgGaaMw+cwwQAR8A0E4MUgBjBB+bTAAiBd8bcAPfG0nKQA1TQVRfCt8bSddATdUAs
220=V2OEgBiIV8bdgnfNsnKQA7QATVDTxIAYQpfm0wAMkBPlQCIxtLCAA/SAHVAkBIASPkSSK/
221=RDAArngnIr1EMCTQICK9RDCwoyJ+UjAAzQVFWAbZHEZJAbK5BkdIAdUCSCgpAElIAdwKCk
222=oAMAAAAAAAAAgASwARAAANEAAgATAAjQBAAAQIAEwAMACHRAEBAAgATUoBBQJPAQcATkkB
223=H0QBAQAGAE/rAQUAUEkBBGMEBABRSQGSYwQEAFJIAWQBAQAEAFMoKQBUKCkAVUoBqwFLBA
224=QAVkkBqakBV0gBTQIAWQZYKCsACQAxkAIBAAwACigpAAtJAYx9AgxfAjEAg6kBDVUChqkB
225=DkgBZAFZAw8oKQAQSAGbHAwAEUkBhWcEDAASSAGHHgwAE0gBcAJZBhQoKQAVSgFRBF8CDA
226=AWSAFBAQBBBBcoKQAYKCkAGSgpABpIAdkGG0kB/HscDAAcSAHNEB1IAcEPHkkB9qEEH0kB
227=8qkBIEkB7akBISgpACJJAe+1AiMoKQAkKCkAJUgB2QYmKCkAJ0kB9bkGKEgBxRMpSAHBGi
228=pKAVoDUwEMACtJATlEAVkcLMgBAQEIAC1JAVhjBAgALkkBkWMECAAvSAGBMAhXNjEAi7UC
229=MVQCgxoIADJIAZsRCAAzSAGLFwgANCgpADVJAfNnEwgANigpADdJAfC1AjhIAZNLCAA5SQ
230=GstQI6SQGqqQE7SQH6qQE8SAHVDT1IAcUIPkkBrqEEP0gBjzEIAEBIAdEJQUkBoqEEQkkB
231=qKkBQ0gByQxESAFoG11iRSgpAEZJAfutBUdJAfGpAUhIAc0FSUkBr7UCSkgB0QlLSQGMZA
232=R+bTEAkFZ/bTEAVHxMfG2pAQF8bakBAnxtqQEDfG3cYnxtJykAU1wKeApNaFRJAaxjDwQA
233=VUgB0WxWSAHBBFcoKQBYKCkAWSgpAApEN48FDAALSQGQbAF/bTIAiKkBDVUCiqkBDkgBZA
234=FBRg8oKQAQSAHZBhFIAdkGEkgB2QYTSAHZBhQoKQAVSQFRfCB/bTIAW2tODAAXVALNBRgo
235=KQAZSAHRVhpIAdkGG0gB2QYcSAHNEB1IAcEPHkgBk0AMAB9IAd0KIEgBm0gMACFIAdVwIi
236=gpACMoKQAkSAGfTAwAJSgpACZIAYtODAAnSAHdCihIAcUTKUgB3RUqSAHRbCvIAQECCAAs
237=SAHRbC1JAZNoCH9tMgD9dDl+bTIA0WEwQATVTzFIAZgRfm0yAMkBM1QClBh/bTIA9KUINV
238=UCsKkBNkkBqqkBN0gBiyIIADhIAcEEOUgBj0cIADpJAfmtBTtIAWATUWE8SAGPJggAPUgB
239=kx8IAD5IAdleP0kBqLkGQEkBp6kBQUkBpakBQkkB96kBQ0gB3YNEKCkARUgBh5cIAEZIAc
240=EPR0gB3RVISAHVe0lIAcEESigpAEtJAYx4An1tMii/DTIAVF1MBHxtqgEFB1zbqgEGBFzb
241=qQEHfW0yfAd101JRCax8FX/bMgCkqQFUVAKAGnxtJ60AVlQChykEAFdIAYstBABYSAGXCQ
242=QAWSgpAFooKQALRaUlfAp+bTMAyQENKFUADigpAA8oKQAQKCkAESgpABIoKQATKCkAFCgp
243=ABUoKQAWKCkAFygpABgoKQAZKCkAGigpABsoKQAcKCkAHSgpAB5JAS+hGh/IAQEBDAAgyQ
244=ECfm0zAGAEAQMMACJUApteDAAjSAGDJQwAJEgBgMp9bTOjXAwAJlUC9L0KJ0gBxWsoSAEn
245=vQ0zTMZPCAwAKlQCfG1F2StIAdFsLEkBj1wDSVktSAGECH5tMwCECHxtJykAMEAE1QIxSA
246=HZXjJIAYwQftszAIhDfm0zAJs9CAA1QQTHcJh/2zMA2H8VCAA3VQLSqQE4SQHIoQQ5SAF0
247=EVkROkgBwVw7SAHVAjxJAbK5Bj1IAc0QPkgBwWc/KCkAQEgBwWdBSQGtuQZCSAHZBkNIAd
248=2DREgB0XdFSAHVDUYoKQBHSAGLWQgASEgB0YJJSAHNBUpJAY1vAQgAS0kBg6kBTCgpAE1J
249=AYe1Ak5JAVRKbwkIXW0zlXAKfm0zAIwxfW0zZAW/bTMAr2gXf20zAKepAVRECCe8DSetAF
250=ZUAoyUfG0nVQBYVAKUCXxtJ1UAWihVAFsoKwAMADScbVlTDSgpAA4oKQAPKCkAECgpABEo
251=KQASKCkAEygpABQoKQAVKCkAFigpABcoKQAYKCkAGSgpABooKQAbKCkAHCgpAB0oKQAeSA
252=F5aQR92zSFawV8bakBBnxtqQEHfm00AJyvfm00AJhIfW008WwlUQn0dC5+bTQAiGR+2zQA
253=j2gMAChBBFJjLAwAKUgBcGxF2SpIAYMECAArSgH//0QEf9s0AI5EAUFcLVQC2WkuKCkALy
254=gpADAoKQAxSAHVTzJIAZCufm00AMFRNFUCxa1oNUgByWQ2SQHXaBd/bTQA0akBOFQCwQQ5
255=SQHGuQY6SAHJDDtJAaqtBTxIAYRKfts0ANkGPlQCl5EIAD9IAcFnQEgBxQhBSAGHVQgAQk
256=gB3RVDSAHdCkRIAcUIRUgBJf0rRigpAEdIAdF3SEgBxWtJSQGFuSdKSAHRbEsoKQBMKCkA
257=TUkBiq0FTkkB2rkcT8kBAX9tNACMYAR9bTQk6C4iPCncQX9tNADxfyAEAFRYBtVwVUkBqr
258=UCVkgBlBh8bcxHfNsn2QBZQARkDAEABABaKCkAWygpAFwoKQANRKVo3VnBDigpAA8oKQAQ
259=KCkAESgpABIoKQATKCkAFCgpABUoKQAWKCkAFygpABgoKQAZKCkAGigpABsoKQAcKCkAHS
260=gpAB5IAX1tCH1tNZ1tCXxtqQEKfG2pAQt+bTUAnK9+bTUAnK9+bTUA0WwlUAnRbCZIAYxo
261=fW01gSkAfW01WE5UAXxtqAFR2irsBX1tNSY9PyxVAoZIBZ9tNQBRUK5JAS5UAskBLygpAD
262=AoKQAxSAHZXjJJAa14PX5tNQDF2TRUAtFhNUgBnBV+2zUAJ70NNSi9DTUkFC8i/TY17Wg6
263=WAbV3jtIAYuQCAA8SAEl9So9SAGUkSI8KcAlfG0nKQBAKIEAQUgB1WVCSQGxvRVDSAHdCk
264=RIAZ8rCABFSAFkIl0gRkkBjW8BCABHSQGJqQFISAHFa0koKQBKKCkASygpAExJAYq5Bk1J
265=AdOxbE7IAVFsT0gBiAx9bTUk7Cl+bTUAI+gufW01pK18bcwbfm01AJCCIjwpJykAVlAJlC
266=N8bSetAFhUAoiQfNvURHxtJykAW0AEbBRVcFwoKQBdKCsADgA2nANRSw8oKQAQKCkAESgp
267=ABIoKQATKCkAFCgpABVIAZBLIv02NqhOIvw2JykAGEEErGc0DAAZSQGmqQEaSAGbSAwAG0
268=gB2V4cSAGLEwwAHSgpAB5JAVloLX9tNgAmpQggVAJoAU33IcgBTYkiSAHFCCMoKQAkSAHV
269=DSVIAdUNJkgBzQUnKCkAKEkBP1gCUQkpyAEBAwgAKkgBgDt9bTYkEEp92zasPCK8RMQeIj
270=wpJykAL1gGlCMivUQ2q+gIADFUAiWxJzJJAa1gGn1tNia5KDRVAtC1AjUoKQA2SQEWIgRO
271=fts2AMkBOFQCzQU5KCkAOkgBJcEpO0gBiJB9bTa0T37bNgCYSHxt3EF8bScpAEBZBvitEE
272=FIAdl/QkgB0WxDSAHFCERIAUkmAFFsRUgBzYlGSQGSeAJ8bSddAUhVAoy1AklIAclvSigp
273=AEtJAYahBExJAepkPyK+RDYAfG0BAgQATlUCjWMEBABPSAGECH1tNiSsQn9tNgCHoQRSQA
274=SUGH5tNgCA9n1tNiYpN1VBBKZ4HCJ+UjYAzQVXVQKutQJYSAGQNX5tNgDVAlpUAmQMUWxb
275=KCkAXCgpAF0oKQBeSAGXGAQADyEkMJsGDAAQKCkAESgpABIoKQATKCkAFEgB3VcVSAGESn
276=1tNyi8DScpABhBBKtoF31tNyTHJAwAGlQC2QYbSAHNEBwoKQAdKCkAHigpAB9IAXBsSYUg
277=yAGdbTeUcElkIlQCxRMjSAHJDCRIAdFsJUgB1Q0mSAEloUYnSAHVAihJAT9sAX3bN4jdnd
278=s3JLQifW03KLwNJykALVgGJW0kLigpAC8oKQAwSAGQQH1tN6Q/IrxEyCJ/bTcA22AlIv82
279=NwDTqQE1WAbJATZIAdFsNygpADhIAcEEOSgpADpJAdWlCDtIAXwZUWE8SAEjxCR9bTfpbz
280=5VAvGtBT9IAc0FQEgB2XRBSAHN4UJIAY/ACABDSAHR2kRIAdkGRUgBm1MIAEZIAdUCR0gB
281=iGQi/DYnzQRJVAKXZQgASigpAEtJAYZ8BiK/RDcA2PxtqAFR2k5BBJBhBARfbTcAiqkBUF
282=QCZAFFYFFIAYB9fds3JLwjfm03AJT0fW03JlU3VU0FpXAffm03AIgXfts3AJBWIj4pNwAj
283=CEl8bdA1fds3kA1VDVtECI8BBABcKCkAXSgpAF5IASP/KwQAX8gBQw4QADiUBklZESgpAB
284=IoKQATSAHJWRRJAVEi8yQMABUoKQAWKCkAFygpABhIASMEIn1tOCbBNBpVAlhkKX3bOOEP
285=HFQCjAF82ydVAB4oVQAfSAEnvQ04kGycbagBn204AFi/CiMAOIwJQRokKCkAJUgB0WwmSA
286=ElbUUnSAHNGyhIAXxtUQkpyAGe2zgAjDx9bTgovA0nKQAtTAXNRy4oKQAvSQGIdBB+2zgA
287=yQExVQKLtQIySAFkAVFhM0gBJfU1NEkBskwyVQI1SAGQ+yI9KTgoPSk4KDwpxB4iPSk4Jm
288=FUOlgGJQU4O0gBydI8SAEjiC19bTgovQ04JLQtfNvMJiI8YCcpAEFYBtl0QkgB0dpDSAHJ
289=F0QoKQBFKCkARkgB0WxHSAHVI0goKQBJKCkASigpAEtIASe9DTidbQJ826kBA37bOACI6H
290=xt0BR/2zgArGwmfds4+ddSUAkjvDl/bTgAqqEEVFQCIwRZIj0pOOVrVlQCzQVXSAHVcFhI
291=AZgnfW04JERAf204APGxCVtABJwgfG0nOQJdKFUAXkgBlIZ8bbQYRQdgVAKbBgAAESRUTi
292=IhbRJIAcFRE0kBUbFsFCgpABUoKQAWSQFYrV0XSAHJWRhIAcUIGUgBwQQaSAGUDX5tOQCE
293=SiL9bTmQAkpkHQAnKQAeSAHFCB9IASe9DTkovA2oAUlkIkAEiAgi/DYnBQEkKFUAJSgpAC
294=ZIAd0KJ0gBzRsoSQGDXCFdeCnIAVk9KkgBmHR/bTkAjGwMIj0pOelvLUAE2WkuSQGKoQQv
295=SAGIQ3xt2BF92zkkfDF92zmoOH3bOag4fts5ACX1NTVECMlvNkgBJ/02OSi9DTkm0TY5QA
296=QlBTg6SAHZBjtIASOYJCI8KScNAj0oVQA+SAGQNXxtJ2UCQFQC0dpBSAHR2kIoKQBDSAGf
297=xQgAREgBxWtFSQGFsR9GSQGDqQFHKCkASCgpAEkoKQBKKCkAS0gBJ78NOQDXZEp8bagBnd
298=s5/dBPTQWwUDVZzFBJAaepAVEoKQBSSQGptQJTSAGMMX7bOQDZBlVUAtkGVigpAFdJAaW5
299=BlhIAZCNfW05rJR9bTkkOy4EAFtABHQcTRBcSQGPbwEEAF1IAWQBVQJeSAF9bQJ9bTmAiE
300=0aYFQCgwQAAGEoKAABEgA6AMBRBxMAOgBRBAAAAAwRAAA1EAAgCgAUADoAUQQAAAAMABUo
301=KQAWSwGyAQB1AhdKAVoDiQEYSQFYqQEZSAFMAmEEGkkBWbUCG0gB1QIcSAHZBh1KAVEEXw
302=IMAB5IAcUIH0kBJqkMIMgBAQEMACHIAQECDAAiSAFQBmkMIygpACQoKQAlKCkAJkgByQwn
303=SQGDXAoBBAsAKMgBAQULACnIAQEGCAAqyAEBBwgAK0kBjG8MCAAsSQGGqQEtSAFkAQEACA
304=AuKCkAL0kB+lwKVQIwSQH1qQExSAHNBTJJAfa1AjNJAfKpATRIAc0FNUkBxmMlCAA2SQHb
305=oQQ3SQHVqQE4SQHFoQQ5SAGBMAhDAToA+6EEO1AB3Qo8SQHztQI9SQH0qQE+SAHZET9JAZ
306=NvAQgAQEgByRdBSAHFCEJJAfC5BkNJAY2tBURJAYOpAUVJAYipAUZIAdUCRygpAEgoKQBJ
307=KCkASigpAEtJAYqlCExJAddMGwECCABNyAEBAwQATkkBj2MEBABPSAFkAQEABABQSAGHHg
308=QAUUkB73MUBABSKCkAU0kB7bUCVEgBwQRVKCkAVkkB8aEEV0kBsakBWEgBnyAEAFlIAcUI
309=WkgBmycEAFtJAZFzEAQAXEgBkx8EAF1JAYu1Al5IAXQYURRfyAFJC2BIAXwDTQBhKCkAYi
310=goAAITADsAUaVgFEgBxWAVSAHVAhZIAdVlF0gBwQQYSAFMCmVgGUgB0WwaSAHVAhtIAdkG
311=HEgB2QYdSAHBBB5JAa5EFFV7H0gBJ74NOwBoAZxtqAGfbTsAW0Q0TwUjADuACEkBJCgpAC
312=VIAdUNJkgByRcnSAF9bQh+bTsAagEJClxtqgEKCVxtqQELf207AJBkC35tOwDJQy1ECHAC
313=RWsuKCkALygpADAoKQAxKCkAMkkB+G8bCAAzSAHFCDQoKQA1SQH9oQQ2SAHRYTdIAZNLCA
314=A4SAGPRwgAOUkB8a0FOkgByW87SAHZBjxIAckMPSgpAD5IAcEEP0gBwQRASAHVAkFIAdUC
315=QkgB3RVDSAHdIERJAYpnBAgARUgBZAFdIEZJAYxvAQgAR0kBg6kBSCgpAEkoKQBKSAHFCE
316=tJAdJrOAgATMoBAQRfbTsAjWQIfm07AJScfG3MPH5tOwCcFX5tOwDJZFJECIuFBABTKCkA
317=VCgpAFUoKQBWSAHZaVdIAYcpBABYSQGycCp+bTsAkx8EAFpUAnURAH9tOwCuoQRcKFUAXS
318=gpAF5IAXxtAQIEAF/IAVkbYEgBhwgAAGEoKQBiKCkAYygrABQAPKgFfds89XAWVALVZRdI
319=AYcEDAAYSAHRbBlIAdUCGkgB2V4bSAHZBhxJAaxrFwwAHUkBqKkBHkkBpakBH0kBLqkBIM
320=gBnm08AHQCnG2oAQEDDAAjQQQlrQUkSAFgBFUCJUgB1QImKCkAJ0oBGQJME35tPACIAXxt
321=yAF8bcgBf208AC98CnxtqAEBAQgALUQIdAJJsS7IAQEDCAAvSQH3rQUwSAGLOAgAMUgBTQ
322=0ATVIySAGIQ35tPADBBDRUAsEENUgBmUgIXNvXLggANyhVADhIAcXkOUgBkEt+2zwAxeQ7
323=VALRCTwoKQA9KCkAPigpAD9IAdUNQEgB2QZBSAHVAkJIAYtOCABDSAHBBEQoKQBFKCkARk
324=kBjGQEfm08ACe8DScpAElABINnCABKSQHqVFBJIktIAXxtWVNMSAHRbE1IAYQIfW08KL0N
325=PO1dUEAEcA1FYFFIAZwVfNvMJn9tPACPZwQEAFRABGQBTQVVSAHVZVZIAY8xBABXSAHJb1
326=hIASNMIH5tPADR2lpUAsUIW0kBq2w8f9s8AKqpAV1UAsEEXkkB2Wwbfm08AGgBTQRgVAKA
327=BHxt0xQAAGIoVQBjKCkAZCgoAAIVAD0AUbXeFkgBhwgMABdIAdFsGEgB1QIZSAHRbBpIAd
328=FsG0kBrEAQXdAcSQGpqQEdSAHZBh5JAbG1Ah9IAWBnAQQMACDJAQUiPSk9nW0GIjwpqQEH
329=fm09AGRrQXIkzAVVAiVIAdUCJigpACdIAXFsAX1tPZ5tAQpd2z2oAXxtyAF9bT2dbQR8ba
330=kBBXxtqQEGIjwpqQEHfm09ANFhMEgMkDV9bT2IG1FLMlQCmD19bT23sggANFQCjzwIADVI
331=AdnXNigpADcoKQA4SAElhSc5SAGIsX1tPbnBCFekPQCFfQ0IVzY9AIepAT1MBWQBTRA+KC
332=kAPygpAEBIAZNWCABBSAHV6UJIAdUNQ0gBxQhEKCkARSgpAEZJAYxkBH1tPSi/DT0AiLUC
333=SUEEiqkBSkkBVVhIRZdLyAGdbT0kKSEEXNvECH1tPSi/DT0ArWhDfts9AIibfds9sI18bc
334=gtf209AI50DXxtJ1UAVVQNxQhWSAF8A1VwV0kB/L0KWEgB1QJZSQGwtQJaSQGoqQFbSAGQ
335=VnxtJ10BXVQC2QZeSAFwbEEaX8gBVW9gSAGABHxt2AZ8bScpAGMogQBkKCkAZSgoAAEWAD
336=4A0WwXSAGQCX7bPgDRbBlUAtFsGkkBrH8VDAAbSQGlqQEcSAHRdx0oKQAeKCkAH0gBfW0I
337=fW0+kWwJfG2pAQp8bakBC31tPpxtVd4k2AZVAiVIAXxtVQImKCkAJ0gBfW0CfW0+kmwCCl
338=xtyAF8bcgBfW0+nW0IfG2pAQl8bakBCnxtqQELfW0+JAciCAAwSAyQNX5tPgCTNQgAMlUC
339=onAffG0nVQA0VQKqtQI1SAGQrn7bPgCQrnzbJykAOEAE3Xg5SQGNeC59bT7hXDtUAoTDfG
340=0nVQA9VQKFrQU+SAHVcD9IAXACVXBAKCkAQUgByW9CSAHZEUNJAfWxFERJAZF8BiI/KT4A
341=iakBRlUCiKkBR0kBiqkBSEoB//9PAQgASUkBVVJsBAde2z4AaAEBBQcAS9QCAQYEAEzJAQ
342=d/bT4AjFUGAH1tPii/DT4AsWwQfm0+AMlkUVgGnCB9bT6wjXxt0B99bT6/jgQAVU0Fr6UI
343=VkkBqqkBV0gBcA1VDVgoKQBZKCkAWigpAFsoKQBcKCkAXUgBdPRFCF7IAUkLX0gBnwoAAG
344=AoKQBhKCkAYigpAGMoKQBkKCkAZSgpAGYoKwAXAD/xbBhIAdFsGUgBlw0MABpIAZgcf20/
345=AKlMEZ3bP/HlHUAEyW8eKCkAH0gBkFZ/bT8ApLkGIVQCgCV8bSfhASNUAsUIJCgpACUoKQ
346=AmKCkAJ0kBgnAJfm0/AGgBnNupAQJ8bakBA31tP5AYTVIsWAYiDDlJAS3IAUG0LskBAn1t
347=P+3WMFQCzdYxSQH1dA19bT+gtH1tP6C0f9s/APGhBDVMBc3WNkgB0eU3SAHZzDhIAZwRIv
348=02P6xSfm0/AM1dO0AEJ74NPwDJAT0oVQA+KCkAP0gB1XBASQGHYAt82yfFA0JVAo+1AkNI
349=AWQBUR9EKCkARSgpAEYoKQBHKCkASEgB0XdJSQFVXW0IfW0/nm0JBlxtqgEKBVxtqQELfW
350=0/6d1OWAaXGAQAT0gBkBR8bdAUfNsnrQBSQAScIHxt0B9/bT8AimwXfG0n2QBWTAVwAklk
351=VygpAFgoKQBZKCkAWigpAFsoKQBcSQHqTNdFCF1IAXxtAQIAAF5IAZ8KAABfKCkAYCgpAG
352=EoKQBiKCkAYygpAGQoKQBlKCkAZigpAGcoKwAYAECzDQwAGSgpABooKQAbKCkAHEkBUUAw
353=SW8dKCkAHigpAB9IAZQJfW1ApFV920D1eyJABMUIIygpACQoKQAlKCkAJigpACdIAXBsI3
354=1SQJxtI3xSqQEGInxSqQEHfG3AGn3bQCPMRklOLUQIaG+cbbQCnG0nrQAwQASIF3/bQACs
355=uWkyVQKlqQEzSAHJxzRIASUhNjVIASc9KUAofRtAJCQxIr9EQACRYAt9bUC4SH9tQAD5vQ
356=o7RQiQoQQ8SAGXTwgAPUgBkVYIVaRA7XM/KFUAQCgpAEFJAYmlCEJJAYapAUNIAWQBUR9E
357=SAGAyn3bQKvHCABGVALBBEdJASdvAQcASEkBCVZQAAdf20AAI7UCSlUCH2gBfm1AAIgBf2
358=1AAARsBXxtxCl/20AAjGwFfG3EHnxtJ4EAUVAJJWkpUkkB8Xwgf21AAJK5BlRUAmQBXWJV
359=SQGuoQRWSAHVAldIAcUIWEgBxQhZSAHBBFpIAZyOIrxEJ+EBXFUC2P5tQABoAUkLXlQCkA
360=l+bUAAlDl920CsqiI8KcQIIjwpJykAY1gGlw0AAGQoKQBlKCkAZigpAGcoKQBoKCsAGQBB
361=oAh82ycpABsoVQAcKCkAHSgpAB5JAaxcFlVwH0gB0dogSQGptQIhSQFRuXQiKCkAIygpAC
362=QoKQAlKCkAJigpACcoKQAoSAFobwEJDAApyQEKfm1BAJT0fW1BJNw9fW1BKLwNqAGcbagB
363=nW1B7dYwUQnxfBV/bUEAq6kBMlUCp6kBM0kBqKkBNEkBpqkBNUgB0do2SAHR2jdIAYgpfG
364=0niQE5VAKUOX5tQQDFdjsoVQA8SAHNED1JAY5oCHxtzTEIVaRBtMgiPWBB8XdBTAVoBUVr
365=QkkBjGwBIr9EQQCFqQFEVALRd0UoKQBGSQGLoQRHSQEGYGd8bdQNfG0nKQBKQQQFYAR9bU
366=EovA1EKWQIf21BACKpAU5MBcFnT0gBcAJBZ1BJAa5vJgQAUUgBhJciPSlBoJN/bUEAsKEE
367=VEAEmEh920EkdyUEAFZUAiOYOiK9REGomyJ+UkEAlC4ivkRBAJiKIn1SQSZNK1tYBs0QXE
368=gBcWwCIj1gQZxtVW9eVAKIOHxt3Ap8bScpAGFABCPoI31tQeFyY1QClDl9bUHtc2VUApcN
369=AABmKCkAZygpAGgoKQBpKCsAGgBCtAYiPCknKQAcKFUAHUgBlCMi/m1CAI1SDF0wQrQjfN
370=sn2QAhTQVR/m1CAMkBIyhVACQoKQAlKCkAJigpACdJATljEgwAKMgBQWcpSAHRbCpIAYgt
371=fW1CqC19bUIovA2oAVkGLkwFaN2dbUIovURCvDZ/bUIArWQ/Ij0pQiadbDNZBvG1AjRJAb
372=GpATVIAYxHIv02QqxHIvw20B98bSeJATlMBSUpNzpIASXVJjtIAcUIPEgBwQQ9SAHBZz5J
373=AYdwH3xtJ10BQFQCcQIAIj8pQgCNbQEITQJCJkUqQ1AB0WxEKCkARUkBiq0FRkgB0dpHSA
374=HF2UhIAXwDnttCAIMEBgBKVAKABHxtRClkBH3bQrNsBQBNQATJ3U5IAXwDUWxPSAGURH/b
375=QgCibCZ/bUIAqqkBUkAEzQVTSAEjZGUiPilCAJwrfW1CJCAgfG3QH3xt0Cp8bdQuf21CAJ
376=B0CX9tQgCKqQFbXApkAVkRXEgBIuRfSQFdyAFZEF5IAYAwfW1CvHh8bdxBfNvAD3xtww8A
377=AGNYBiO4PnxtJ9kAZVQC1XBmSQH1XAtRD2dIAVgAaQBoKCkAaSgpAGooKwAbAEN8BCKBbh
378=woKQAdKCkAHigpAB8oKQAgKCkAIUkBUf1tQyi8DScpACQogQAlKCkAJkkBUmkPDFY+QwB8
379=bUlkKFQC0WwpSAHdTCpIAdFLK0gBC4YAAAAACAAsAEMAJgEAEQAAtBAAIAABAAAIAC0AQw
380=AmAQAAAQgALgBDAGgBAQIIAC9JAfpUAkEEMEkB8KkBMUkBr6kBMkkBqqkBM0kB9qkBNEkB
381=8akBNUkBAGMACAA2KCkAN0kB96EEOEkB9KkBOUgBaAVVDTooKQA7KCkAPEkBjWcECAA9SQ
382=GDqQE+SQGIqQE/SQGHqQFASAFkAVEJQUkBkG8BCABCSAHNBUMoKQBESQGKoQRFSQEnawEH
383=AEZJASOpAUdIAWQBAQAHAEhIAYMEBgBJSAGDBAYASkgBgwQGAEsoKQBMSgEFAl8CBQBNSQ
384=EmRAEBAAQATkkBIqkBT0gBZAFVAlBJAbF/IAQAUUgB1QJSSQGwtQJTSQGqqQFUSAHBBFVI
385=AYc0BABWSQHzoQRXSAGTKgQAWEgBzQVZKCkAWigpAFsoKQBcSAEF1wMAAAIEAF3IAVUBXk
386=gBhwgAAF9IAY88AABgSQHydw0AAGFIAYMPAABiSAHVAmMoKQBkSQHtrQVlSAGbSAAAZkkB
387=rrUCZ0gByQxoKCkAaSgpAGooKQBrSAF4U18FHABEVABLAAwAHSgpAB4oKQAfSAGbJwwAIE
388=gBmycMACFKAVEEmQYiKCkAIygpACQoKQAlSQFSSAUBAAwAJkkBPGsBCAAnSQFYSCNRSyhI
389=Ac1SKUgBzVIqKCkAK0kBhrkGLEgBiBd9bUSQbJxtqAGfbUQAj60FMEwFgzsIADFIAZ8rCA
390=AyKCkAM0gBkyoIADRIAZcuCAA1SQHvcCp+bUQAyQE3VAKXLggAOEgBZAxJFzlJAfutBTpJ
391=AfGpATtIAcEEPEkBkGwBfm1EANUYPlQCcAJFCD9IAcEEQEkBi3sCCABBSAFkAUEEQkgBlW
392=UHVzZEAAlxYQdMAicpAEVQAYxofG3XOQcAR1QChAh/bUQABngGfG3ABH1tRFAwSQQFX21E
393=AAhjBAUATFgGkAl8bc0FBVxtxwgEAE9ABFEGAJxtwAR8bScpAFIogQBTKCkAVEkBsncjBA
394=BVSAHFCFYoKQBXSQGsoQRYSQGmqQFZSAHNBVpKAf//UwEEAFsoKQBcSQFVQVEBfm1EAGgB
395=QRleVAKYMn5tRACceHxt0BR/bUQAsGgMf21EAKSpAWNYBoMPAABkSAHZdGVIAYQ/fm1EAI
396=eMAABnVAJQEWkAaCgpAGkoKQBqSQH5vQprSAGTVgAAbMgBQwMdAEV1BwBdYh4oKQAfKCkA
397=IEkBWmhkf21FAFFYHE0FIlQCyQEjKCkAJEkBOXsJDAAlyAFdYiZIAdFsJ0gB0WwoSAHRbC
398=koKQAqKCkAK0kBhnMJCAAsSAGIF31tRSi8DagBn21FAJCtBTBNBYmpATEoKQAySAHVWjNJ
399=AfxEH1VaNEgBaAVJATVIAdl0NkgB1XA3SAGcNnxtwyUIADlUAtkGOkkB+LEJO0gB1QI8KC
400=kAPUkBjnsCCAA+SAFkAVUNPygpAEAoKQBBSAHRbEJIAYRgfG3AD3xtJykARUAEkAl8bSdV
401=AEcoVQBISAEnvA3ABHxtTCZ8Bn9tRQAeqQFMTAWE2X1tRaByfttFAIwQfG3HCAQAUE0FsG
402=Qef21FAKapAVJUAmwJQXJTKCkAVCgpAFVJAa6tBVZIAc0FV0kBr7UCWEkBp6kBWUgBi7wE
403=AFpIASe9DUWEawEEAwBcVAJybAUDXNu0AgEGAABe1QIHfG3cFXxtJykAYUAEgA9/bUUAq3
404=cNAABjVQKpqQFkSAEnvg1FAJBAfm1FAJi2f21FAPGtBWhMBdEJaUgBIxckAABqSAHZdGtJ
405=ASatBWzIAVUBbcgBX4MeAEZYvE8IDAAfyQEBfNsnVQAhKFUAIsgBSW8jyAFNBSRIAXxtRW
406=AlSAHRbCZIAdFsJ0gBJZkkKEgBJ74NRgDJASooVQArSQGGVBFZUyxIAYgXfW1GKLwNqAFV
407=DS9ABGgFTQUwSAGcQX3bRrxBfttGAJ+OCAAzKIEANEgBgDt/20YAkWgIf9tGAImpATdABM
408=kBOCgpADlJAYehBDpIAdF3O0gBcAJNEDwoKQA9SQGSeAJ9bUZgASJVLD9UAo8BCABAKCkA
409=QUkBBkAxAQAHAEJIAYAEfW1GpWAGV6RGACh5AgZVNkZhAQBNBUZMBZl0Bl3bRq/hBgBIVA
410=KUZXzbxwgFAEpUAoQIfG0nVQBMVAKMBX9tRgAEbBB+bUYAnDZ/bUYAhXwNfm1GAJAff21G
411=ALFMSFFsUkQIfANJAVNIAc3WVEgBlcgEX9tGAKKtBVZVAqapAVdIAdkGWCgpAFlIAdFsWi
412=gpAFtIAXFsCH1tRohvWf5d1gIKAVxttQILfG3UI3xtJykAYUwFhBN/bUYApWwQfm1GANni
413=ZEAEm6sAAGVIAc0FZkgBnBV+bUYAmz0AAGhUAosXAABpSAGMtX5tRgAnvA24U1EEbEAEfF
414=dBDm3IAUksbkgBUANpAB9FNzVAAQEDCAAgyAFVWiHIAVUCIsgBVQIjyAFVAiRIAdFsJUkB
415=kUQIVU8mSQGKqQEnSAFkAVUCKEkBkG8BCAApSAHVcCooKQArSAHZBixJATFQFVkGLcgBXe
416=YuyAFNEC9JAY+xCTBIAWQBTQUxSQGtuQYySAGEl31tR7iVIj0pRyblKDVABCURKTZIAZ+Z
417=CAA3KCkAOEgBiJt/20cAjG8MCAA6VQKFqQE7SAGDUQgAPEgBcAJNED0oKQA+KCkAPygpAE
418=AoKQBBSAEj7DR+bUcAhM59bUdcn1gJf21HAP9gGn1tR0gCSAB/20cABl03AHxt1AJ8bScp
419=AEldCgVgBH9tRwAkVQYAfW1HuNciPCnMBXxt0Al8bdgcfm1HAIQ0fG0nKQBRXQqLcwkEAF
420=JIAZ+ZBABTSQGvcxQEAFRJAaepAVVIASe/DUcAqbUCV1QCYAhZdFgoKQBZSAGBiANe20cA
421=I9MrAwBbVAKQgnxtySICXNvJAQFdbUeohXxtwBp8bScpAGFECIQTfW1HuH99bUcmaSlkQA
422=Scg3xtJ4EAZlQCiBd9bUekuHxtJ10BaUAElBh+bUcAI78jAABrVAJwbEUDbMgBUR5tyAFZ
423=MW5IAVADaQBvKCgAAiAASAAlQAVNRyEoKQAiKCkAIygpACQoKQAlKCkAJigpACcoKQAoKC
424=kAKSgpACooKQArKCkALEgBfG1Jei3JAQQivkRIAHUCBSK/REgAjmMXCAAwQQSsvRUxSQGl
425=qQEySAGAk39tSACytQI0VAKAk33bSKCTfdtIvLp9bUiwuSI9KUiom31tSCi9DUjp8ztRCY
426=atEDxIAWQBTSY9SAGMtX7bSADJkD9UAoRVfdtIu9cHAEFVAgdAMU3WQkgBkEt9bUgovw1I
427=AB1gC3xt2wYGAEbsBX1tSHkDAElvSFQCk1YFAElIAZAJfG3ABHxtJykATEAEjwUEAE1IAY
428=wFf21IAJJ4CX5tSAAjxCR9bUislH3bSKSXfW1IJPglf21IAPV8K3xtyAx+20gAj58EAFZI
429=DHgKUWxXKCkAWEgBjxADAFlIAYwQfG3ZHAJebUgAlyMCAFzgBHxt1CN+bUgAmJV9bUi4lX
430=xtzBAi/DYnKQBiRQircBR9bUjpb2RUAsVrZSgpAGYoKQBnKCkAaEkBpqUIaUgBgBp8bdRE
431=fG1YEaEEbEAEaG9VAW3IAVk8bkgBj5QAAG9IAcUIcCgpACFEN2hvTcsiKCkAIygpACQoKQ
432=AlKCkAJigpACcoKQAoKCkAKSgpACooKQArKCkALEgBZWsGIj0pSZFsB3xtqQEIfW1JqEN+
433=bUkAhCkiPSlJpCkiPylJAKpYHUVgM1AJjBt/20kAsrUCNVQCwXI2SAHF7zdIAZy6f21JAI
434=V8Bn1tSfFsOkAEJSksOygpADxJAYmtBT1JAYupAT5IAQVSBAAAAQcAP8gBAQIHAEBIAZBL
435=fW1JZAUijShCVAKXTwYAQ0gBgAR920m0031tSbTTfG3YBnxtJykASFgG0dpJSAGTCQQASk
436=kBCUw9TV1LKCkATEgBiAx9bUmsEH1tSSSgJX5tSQAjjEl9bUmgk3xt2Cd9bUmsiX1tSayU
437=f21JAP18K35tSQCMy31tSbPEBABXQA+YDSJ+UkkAlfQDXG3MEHxt1AJ8bdQCfG0nKQBdRA
438=iYBnxt1wIBAF/0An9tSQCwbBB9bUnl2WJABITvfm1JAMkBZFQCJ7wNzEci/DYnKQBnKIEA
439=aCgpAGlIAdniakgBnEx+bUkAcGxdG2xUAmgBWRBtyAFNMG5IASPMJX1tSSZdOHBUAkgGaQ
440=BxKCkAIkQ3am8CCFU+SoDgSQEkKFUAJSgpACYoKQAnKCkAKCgpACkoKQAqKCkAKygpACxI
441=AX1tCX1tSp1tCnxtqQELfW1KYBQiaTQwTAWAO31tSiTgIn9tSgCNaAR920rhZzRNBYe1Aj
442=VIAWQBQXI2KCkANygpADhJAYxkBH1tSii8DScpADtBBIqhBDxJAeoijEkiflJKAHBsSfM+
443=VAJpAQR8bbYCBQZfbUoAIHkGBl/bSgAIQDEBAAYAQkwFhGB8bcwbfW1Kr+EFAEVABJsGBQ
444=BGSAGbBgUAR0kBCWcIBQBISAGECH3bSiSgJXxt3yAEAEtABIOIBABMKCkATUgBnIN/bUoA
445=rkhETXNPVAIjICB9bUrpb1FUAsXZUkgBcBhNBVNJAZBsAX5tSgDRCVVUAnACQQRWSAGENH
446=1tSrigfW1KtNN9bUq30wMAWkwFjNZ/bUoAAWwbfG3DBAIAXUEEH2ALfG3UI33bSlxSegIA
447=YEAE1chhSQGxYBoiPCnQKnxtJykAZEEEq6EEZUgByW9mKCkAZygpAGgoKQBpSQGluQZqSA
448=GYDnxtQBq1AmxUAie8DbQCQRluVAInvQ1Ks5gAAHBUAsUIcSgpAHIoKQAjRDeBBAhNr0uE
449=AVFWJShVACZIAc1dJ0gBwVwoSAGQBSL/NksAj28BCAAqKFUAK0kBrHwVIn1SS7gyfG0niQ
450=EuQAR0BlUNLygpADAoKQAxSAHBDzJIAd3QMygpADQoKQA1SQGFdAkiPilLANXTN1QCyQE4
451=SAHJ3TkoKQA6SQGKuQY7SQHSsWw8yAEBAQQAPUgBcGwBBgQAPsoBBwRd20uWcAgFXW1Lv2
452=0FAEFABCUxQ0JIAXgKSW9DSAGX0wUAREgBzWhFSAGVAgRdbUskFUUEXG3UI31tS61zBFWk
453=S7RPfW1LJCgsfW1LtIZ+bUsAlBh828QIfm1LAJhTfNsnVQBQQA8jhDJ+20sAhDR920uox3
454=zbJykAVEwFgL9920vx2lZUAiVxKldIASPUPH1tS6m8BF3bS+lvWkEEAk1TACL9Nkv1cFxU
455=ApBsfW1LJLQtfm1LACOoR31tSyT8K33bS7yDfNvIDH1tS/XeY1AJkBQiPWBLJEAkIvw2Jy
456=kAZkAEyW9nKCkAaCgpAGlJAaVkVSI8KcAlfG1UGLUCbEAEJ7wNtAJNGm5UApCYfdtLKLwN
457=JwUBcUAEk0AAAHIoKQBzKCkAJESlgwQIACUoKQAmSAGAniL9bUytPAhFREz5zClABNFhKk
458=kBh2sICAArSAGYPX5tTAAlETQtVALJAS5IAWgFnW1MhAFJATAoVQAxSAHBDzJIAdVlM0gB
459=1Q00KCkANUgBiE5/bUwA6qFnN1UCzakBOMkBAX/bTADOtQI6VAJoAVUCO0gBfG0BAgQAPE
460=gBgH1+bUwAgBp9bUyRbAp8baoBCwRdbUxMIVUXBF1tTEiWSQEFXttMAMHVQ1AJ0WxESAEI
461=JwAAAAAEAEUATAARAACQEAAgCSMAAAAABABGAEwAJEQBAQAEAEdKAQkCTwEEAEhIAcEESU
462=kBkVACQQRKSQGDqQFLSQGKqQFMSgGwAU8BBABNSQGqqQFOSQH5qQFPSAFZAwBFCFBJAfi1
463=AlFJAa+pAVJJAaepAVNJAaKpAVQoKQBVSQGltQJWSQH6qQFXSQHtqQFYKCkAWUkB8bUCWk
464=oB//9LDwQAW0oBVARLAQMAXMgBAQECAF3IAQECAQBeyAEBAwAAX0kB9mcIAABgSAGLDAAA
465=YUkB9LUCYkgBSAlpAGNJAau1AmRIAZcYAABlSAGXGAAAZkgB1QJnKCkAaCgpAGlJAamlCG
466=pIAXAKTQBrSQEmtQJsyAFVAW3IAVE0bkkBrkgCTQVvSAHdFXBIAZMfAABxSAFQA2kAckgB
467=jzEAAHNIAWgCTQB0KCkAJUQ3RAICAAAIACYoKQAnSQGQewIIAChIAYc/CAApKCkAKkkBiq
468=EEK0gBiy0IACxJAVJILQEBBwAtyAEBAgcALkkBCFwWAQAHAC8oKQAwKCkAMUkBU1gGQQQy
469=yAFFCDNIAc0QNEgB1Q01SQHTRDVdFTbIAQEBBAA3SQHNVAIBAgQAOMgBAQMEADlJAc61Aj
470=rIAVUCO0kBjWsXBAA8SQGDqQE9KCkAPkkBhbUCP0kBh6kBQEgB1WVBSQEotQJCSAFkAQEA
471=BQBDSQEnbwEEAERIAc1oRUgB1Q1GSAHRCUdIAWgFXWJIKCkASSgpAEpJAZJnBAQAS0gBZA
472=FNBUwoKQBNSQH3c0AEAE5IAYdVBABPSQHvtQJQSQHyqQFRSQHzqQFSSQH1qQFTSAGfVwQA
473=VEkBorUCVUkBp6kBVkkBqqkBV0gBn0wEAFhIAd0KWUkB8KEEWkgBkEB/bU0AVFU5BHxtqg
474=EFA1xtqgEGAFxtqQEHfm1NAJwKfm1NAJAJfW1NgB5RAGJcClgAaQBjSQGxdw0AAGRIAWgC
475=TQBlSAHVAmZIAUQCaQBnSAGXIwAAaEgB3WJpSAF0A00AaigpAGtJASa9CmzIAVUBbcgBXV
476=ZuSAHJDG9IAd0VcEgBlC5+bU0AnysAAHJVAvRYB0kMc0gBWABpAHQoKQB1KCkAJkQ3dANJ
477=WScoKQAoSAHZXilJAYpnBAgAKkkB6khZTQUrSQFSXSsDfm1OAGkBBHxtqgEFBl9tTgAgeQ
478=YGXG0nKQAwWAbVAjFJAVNnCAYAMsgBRQgzyAEBBQgANEkB0LUNNUgBfG0BAgQANkgByVk3
479=SAHJZDhJAYt0DX1tTmABdb06VAKPAQQAO0kBjGwBfm1OACe/DU4AiLUCPkAE1QI/SAHVAk
480=BIAd0KQUgByW9CSAHB1UNIAdFsREgBxRNFSAHRCUZIAdEJR0kBh7UNSEgBZAFZaUlIAZOj
481=BABKSAHVAktIAY1HBFakTgDZaU1UApg9fm1OAMkBT1QCk1YEAFBJAbBnPwQAUUkBpKkBUi
482=gpAFNJAaK1AlRJAaWpAVVJAfupAVZJAfOpAVdIAZhIfm1OAJe9BABZVALJ6FpIASe+DU4A
483=yQFcVQJUQjsJBF1tTpVwCnxt2DJ+bU4AiOh/bU4A9HQNfG0ngQBiRAiTHwAAY0gBwWdkSA
484=GMEH7bTgDBBGZUApcjAABnSAGIInxtJ10BaVQCkyoAAGooKQBrSAEnvg1OAGgBWRBt1AKc
485=bSc5Am9UAt0VcEgB3RVxSAHdCnIoKQBzSAHRFHRIAcEEdSgpAHYoKQAnRKWABH3bT4QBRW
486=spVAJsXUkBKsgBTcsrSAFybAYEXdtPnm0HBFzbqgEIBV1tT71tBVxtJykAMFgGn20FADFJ
487=AVNaMgYFXm1PAGgBRQgz1gIIBF5tTwB8bVUNNVQCyVk2SAHJWTdJAYZ4FHzb3BV+bU8AzQ
488=U6QQSJoQQ7SQGIqQE8SQGKqQE9SAFkAVlePkkBjm8BBAA/SQGuVC9VAkBIAXACSQFBKCkA
489=QigpAENJAZFkBH3bT/14RVQCxRNGSAF8A0UIR0gB2ddISAHBXElJAfK1DUpJAfOpAUtIAY
490=xHfW1P5WtNVALNBU4oKQBPKCkAUEgBmFN/bU8Aq7EJUlQC0WxTKCkAVCgpAFVIAc1zVigp
491=AFcoKQBYSAHNc1lIAZdPBABaSAHd5ltIAdkcXEkB13ykfm1PAGgBWRBeVAKABH9tTwCsSA
492=JZAWBVAqapAWFIAYsiAABiSAGQH31tT+HgZFUCsa0FZUgBxc5mSAHNBWdIAZyOfG3fQQAA
493=aVUC/bkGakgBUA5pAGtIAXBsTQFsyAFNBG3IAZxtJwUBb1QCXARpAHAoKQBxKCkAcigpAH
494=NJAa1ECVEFdEgBg6kAAHVIAUQCaQB2KCkAdygpAChFpepsJiI+KVAAfm0CBF3bUGgGaccr
495=QASMAX1tUJ1tCnxtqgELBF9tUAAHXBZdTC9MBckBMCgpADFJAVNebQkEXW1QnG1FCDNVAp
496=FgC39tUACJqQE1VALVZTYoKQA3KCkAOEgBzQU5SQGGuQY6SAGEHnzbJ+kCPFQCfANFEz1I
497=AcVrPkgB0WE/SAEl5TNASQGqeycEAEFIAdkGQigpAEMoKQBESQGMZwQEAEVJAYqpAUZJAa
498=ylCEdIAdVaSCgpAElJAaqhBEpIAXQGRRNLSAGESn1tUKzAIvw2JxUDTkAE3QpPSQGmpQhQ
499=SQH8qQFRSAHVGFJJAaK1AlMoKQBUSQGntQJVSAHBBFYoKQBXKCkAWEkBqa0FWUgB0RRaKC
500=kAWygpAFxIAXFsAn1tUJxtRUleVAKYBn5tUACEE37bUACcCnzbzBt9bVDh4GNYBtlpZEgB
501=xdllSAHVAmYoKQBnKCkAaEgBhIF/bVAAsmgXfNsniQFrQAQnvQ1QKHwbqAFdVm5ABN0Vb0
502=kBUURVWQFwKCkAcSgpAHJJAVtMHEEEc0kBsbUNdEgBgJN/bVAA8bUCdlQCXARpAHcoKQB4
503=KCsAKQBRcANxbCooKQArKCkALCgpAC0oKQAuKCkALygpADAoKQAxKCkAMigpADMoKQA0KC
504=kANSgpADYoKQA3KCkAOCgpADlJAZJnFgQAOkgBhB5/bVEA82QeIj4pUQCPMQQAPUAEl5EE
505=AD5IAXQGTV0/KCkAQEgBxXZBSQGTZwQEAEJIAWQBTQVDKCkAREkBjngCfG0nzQRGVQKroQ
506=9HSAHBXEhIAd3FSUgBdAZRCUpIASOYJCL9NlG8un5tUQAljShNQATFdk5JAaK9Ck8oKQBQ
507=SAHRd1FIAckXUkgBg1wEAFNIAYBcIv42UQDBBFVUAtEUVkgB0RRXSAHNBVhIAcUTWUgB2S
508=daSAHJF1tJAdFrTgQAXMgBURNdSQGuXABRBF5IAdnMX0gBRAJpAGBIAZwKfW1R7VJiVAJ0
509=A00AY0gBnI4i/jZRAJD7IjwpJykAZkAEyW9nSAElsSdoSAFUB2kAaUgBmBx8bdsyAABrVA
510=InvQ1RKLwNqAGcbSetAG9NBVH8bVgqqQFxKFUAcigpAHNIAXQOTQB0KCkAdUgB1Rh2SQHx
511=qSJ3SAFcBGkAeCgpAHkoKwAqAFJwA2lvKygpACwoKQAtKCkALkgBJUEvLygpADBIAYsIBA
512=AxSAHBtDJIAdVEM0gBwQQ0KCkANSgpADZIAdkGN0gB3bo4SAGQKiI8KSeRAjpUAtEJO0gB
513=0VY8SAHRVj1IAcVKPkgBzQU/SQGPbwEEAEBIASWxMkFIAXACXWJCSQGRbwEEAENJAYWpAU
514=RIASWlK0VJAYe1AkZIAcl6R0gBcAJFCEhJAa93LgQASUgB1RhKSAHdg0tIAZBLfW1S/YNN
515=VALdYk5IASe/DVIApbEJUFUCj2wMIj0pUrHEBE0CUvGNU1AB3Y5USAEj+yUEAFVJAbGlCF
516=ZIAYdgBABXSAGAyiL9NlL5f1lUAmQMVRhaSQHqsWxbSAF8bUVVXEgBhzQAAF1IAYQTIvw2
517=2DJ82ycpAGBABMFRYUgBhB5921IkxDoiPCnAD3xtJ9kAZU0FsnwVIn5SUgCE+iL9NlKgky
518=I+KVIAkCp+21IAiDh8bScFAWtECCe9DVIovA2oAVUYbkAEmxwAAG9JAVGxbHAoKQBxKCkA
519=cigpAHNIAYNRAAB0SAHFCHVIAdkcdkgB2Rx3SQHxtRh4SAHNBXkoKQB6KCkAK0SlgAQiPS
520=lThAFBMC0oVQAuSAEnvQ1TJL8uBAAwVALNXTFIAYwxIjwpJwUBM1QClAkiPilTAIeiBAA1
521=VAKIOCK/RFMAp3AUIn1SU/1MOEAEkCp9bVMk/CB82yddATtABN0KPEgBxWA9SAHVAj4oKQ
522=A/SQGSeAJ9bVMkKE0iPSlT+V5CQAR8A0UeQ0kBkGwBIv02UybxRUVVAoa1AkZIAclZR0gB
523=cAJZBkhIAZgyfW1TJHQlIr1EU7REfNsn6QJMTAXRH01IAdFsTigpAE9IAcUpUEgByRdRSQ
524=GyoSVSSQGRZA9/21MAi6kBVFQCzSZVSAFwAkUTVkgBzX5XSAGIx31tUyZNK1lUAs0FWkkB
525=2P5tUwBoAUEOXFUCr1wAUQRdSAGcmXxtwBp+bVMAJaU2YEAEydJhSAFIBmkAYkgB2VNjSA
526=GQgnxtJwUBZVQCYAVNAGZIAZgcfG0ngQBoVAKMPH1tU+FyalQCSAZpAGtIASe9DVMovA2o
527=AZ1tUySESH9tUwBZexwAAHBZBlGpb3EoKQByKCkAc0gBkCp8bSc5AnUoVQB2SAFgEE0Ad0
528=gB2Rx4SQHxrSZ5SAFQA2kAeigpAHsoKwAsAFRwA3XeLSgpAC4oKQAvSQGrcAl+bVQAwUYx
529=VALVRDJIAYsIBAAzSAHBUTRIAd1MNUgBzQU2SAHBBDdJAbG9CjhIAYgXfW1UJFwifW1U4X
530=07QQSorQU8SAHNED1JAaa1Aj5IAc0QP0gBnEF9bVT9ukFVApFkBCI/KVQAh6kBQ1QCZAFF
531=VUQoKQBFSQGSewIEAEZIAWQBQQRHSAHdCkhIAclZSUgBiC1/bVQAsbkRS1QC2RxMSAHZJ0
532=1IAckXTkkBp60FT0gB1QJQSAHBGlFIAdmVUkgBI1gnfG0nsQZUVALFa1VIAc0QVkgB3RVX
533=SAGMR3xtJ9kAWVQCwQRaSAFxbAIiPWBUnG1ZUlxUAoAEfdtUJh1RXlQCiAx8bdAJIv02VL
534=CjIjwpJ1UAYkwFlDl921QksEh9bVT13mVABITvfNsnVQBnVALJDGhIAYQpfG0nXQFqVALF
535=E2tIASe9DVQovA2oAZxtzDF8bScFAXBYBog4IjxgJ+EBclQC2RFzSAHZ13RIASMoISL9Nl
536=QmKSx2VALNBXdIAZNAAAB4KCkAeUgBI78uAAB6SAHdFXsoKQB8KCsALQBVvAMivEQnKQAv
537=VAKAnn5tVQDVRDFVAqKhRjJIAdVEM0gBzTw0SAHdTDVIASe9DVXlzjdUAoAaIn1SVaAafW
538=1V6bE6QASULiL9NlUmsTI8VALdCj1IAdkRPkgBwXI/SAHZEUBIASO0InzbJ0EDQlQC0dpD
539=SQGLbB5921UkOCMi/jZVANn4RkAE0QlHSAFoBUlvSEgBzV1JSAGULn1tVaRKfdtV4X1MQA
540=TZJ01IAd0gTkgB2WlPSQGrpSlQSAHBGlFIAc0QUkgByS1TSAHZHFRJAaq5BlVIAYNcBABW
541=SAHRKldIAYzLfG0n8QNZVQLqWGpVGFpJAdRrAQAAW0gBjxsAAFxIAcxSCV0AVQDtAQAAAA
542=AAXhEAACsQACAEAFUA8gEAAEEAX0oB8wFDAQAAYEkB76kBYUgB1QJiSQHttQJjKCkAZEkB
543=8rUCZSgpAGYoKQBnKCkAaEgB3QppSQHxuQZqSAGbDgAAa0kBJrUCbMgBVQFtyAEBAgAAbk
544=gBzQVvSQGwVANZAXBJAaqpAXFJAfapAXJJAfSpAXNIAVwEaQB0KCkAdSgpAHZJAfqtBXdI
545=AcEaeEgBxQh5SAF4B00AeigpAHsoKQB8KCkAfSgrAC4AVkQGSwAEAC8oKQAwKCkAMUkBr2
546=MPBAAySQGlqQEzSQH8qQE0SAHBBDVJAam1AjZJAfipATdIAZ8gBAA4SQGktQI5SQGmqQE6
547=SQH3qQE7SAGDGgQAPEkBrbUCPUgBSBQCAAAEAD4oKQA/SAHBD0BIAZ8rBABBSAHNBUJJAa
548=6lCENIAdUCRCgpAEVJAauhBEZJAaepAUdIAdEJSEgB2QZJSAGDMAQASkgBgzAEAEsoKQBM
549=SQH1pQhNSAHdCk5IAcUeT0gB2SdQSQH5rQVRSAHVGFJIAdknU0gBySJUSAGBXARXNlYA8L
550=kGVlQCxRNXSAGHSgQAWEgBzRBZSgHZA0sEBABayAFFB1tIAUwCaQBcSQGySAJNAV1IAZM1
551=AABeSQGstQJfSAGcIH5tVgCbPQAAYVQCSAZpAGJIAYMPAABjSAGHEwAAZEgBdANNAGUoKQ
552=BmKCkAZygpAGhIAcUIaUgBhz8AAGpIAVQHaQBrSAEnvg1WAGgBURNt1AKcbd9XAABvVAJs
553=Bk0AcEgBmycAAHFIAcUTckgBUANpAHMoKQB0SAGPMQAAdUoBUQR+AwB2KCkAdygpAHhJAV
554=tzKgAAeUgBhwUAAHpIAc0me0gBl1oAAHxIAcEEfSgpAH4oKwAvAFe/AwQAMCgpADEoKQAy
555=SAHJQzNIAY8xBAA0SAGPGwQANUgBm5UEADZIAc1SN0gB0UA4SAHFCDlJAaVMJ01oOkgBlz
556=kEADtIAYgXfm1XANVPPVQCiBN8bSeRAj8oVQBAKCkAQUgBxQhCSQGiqQxDSQGkqQFESQGo
557=qQFFSAHJDEZIAckMRygpAEgoKQBJKCkASigpAEtJAZN/BgQATEgBwQ9NSAHBD04oKQBPSA
558=HVDVBIAdF3UUgBzSZSKCkAU0gBl0QEAFRIAWQMQSVVSAGZUwRWNlcA1XBXVAKEVXxtJ3UE
559=WVQCfW0Cfm1XAGgBQUVbVAKTCQAAXEgBnzYAAF1IAZQNfm1XAJecAABfVALBUWBIAc1zYU
560=gB2QZiSAEnfRtXpIF8bc8QAABlQATFCGZIAZcjAABnSAGPRwAAaEgBwX1pSAHFE2ooKQBr
561=SAFwbEUDbMgBSTdtyAGebVcAyQxvVALRFHBIAYAlfm1XANEUclUC8VgHUQlzSAHNBXRIAZ
562=RPf21XAFH8bScpAHdABNUCeCgpAHlIAUAJaQB6SAGbqwAAe0kBoqkMfEgB2Rx9SAFgBU0A
563=figpAH8oKQAwRKVQA2HKMSgpADIoKQAzKCkANEgBzUc1SAHFPzZIAdHaN0gBjH5/21gA/X
564=sRBAA5VALJbzpIAcVgO0gB1XA8SAHNED0oKQA+KCkAPygpAEAoKQBBSAGTHwQAQkgBkx8E
565=AENIAc1dREgBhzQEAEVIAckMRigpAEcoKQBIKCkASSgpAEooKQBLSAHZHExIAcXkTSgpAE
566=5IAcEPT0gBwQ9QSAHBD1FIAYtDBABSSAHNlFMoKQBUSAHFa1VIAd0rVkgBxQhXKCkAWEkB
567=01hqTXNZyAFVLVpIAY8FAABbKCkAXEgBgA99bVj1ZV5VArFMBl0FX0gB0WFgSAFEAmkAYU
568=gBmz0AAGJIAZwVfNsnBQFkVAJgBU0AZUgBxQhmSAHdeGdIAcV2aEgBwX1pSAFIBmkAaigp
569=AGtIASe9DVgofBuoAZ5tWADVGG9MBYeXAABwSAHFE3FIASe8DSeRAnNUAmgNTQB0KCkAdU
570=gBxWt2KCkAdygpAHgoKQB5SAFUB2kAekgBiE5+bVgAnFd921jlgX1ABCOjJQAAfkgBbAZN
571=AH8oKQCAKCsAMQBZTANIACI8KScpADMoVQA0SAGEl37bWQDFazZUAtFLN0gBxWs4SAGMfn
572=5tWQCXLgQAOlQCweA7SAGYPX3bWb8VBAA9VAJEEHl/PigpAD9JAftrQwQAQEgBxQhBSAHV
573=DUJIAc1dQ0gB1Q1ESAGMPHxtJ0EDRlQCyQxHSQEnbwEDAEhJAQlUOgEAAwBJSQEotQJKSA
574=FkAVVaS0gBzRBMSAHdYk1IAYc/BABOKCkAT0gBhz8EAFBIAcEEUUgBzWhSSAHdClMoKQBU
575=KCkAVUkB6rlpVkkBzakBV8kBAX7bWQB8bUkWWVQCmzIAAFpIAZgyfG3EHn7bWQDBZ11ABI
576=wQfNsngQBfVALVZWBIAcFGYUgBkBR8bSetAGNUAtHEZEgBzQVlSAHVAmZIAYA7fNsn4QFo
577=VALBD2lIAd0KakgBlLIi/zZZAMBvPAAAbFQCaAFVAW3IAVkcbkgBJ70NWfWGcFQC0QlxSA
578=HZHHJIAdUNc0gBJ3wbJxUDdVUCWXMqAAB2SAHJb3coKQB4KCkAeUgByQx6SAEnvQ1ZKL4N
579=WQDZJ31ABNGNfkgB2QZ/KCkAgCgpAIEoKQAyRDePBQQAMygpADRIAZQNfW1atA0iPSlatz
580=kEADdABMFROEgB3Uw5SAHZXjpIAYQ0Ij4pWgDdVzxUApQjfW1anA5BXD5VAo1zAQQAP0kB
581=i6kBQEgBZAFBBEFIAcUIQkgBwQ9DSAHNXURIAd0KRUoB//9DBwQARigpAEdJAQZIOVFsSE
582=gBWQMASQFJSQEkbwEDAEpJAQihBEtIAdVwTEgB0QlNSAGMPH1tWiQ7IwQAT1QCkK5+bVoA
583=zRBRVAJ4CkkXUkgB2WlTSQHOZD8iPilaAGgBWWlVVQLUdwIAAFZIAXxtWRBXyAFBA1hIAZ
584=EJAFc2WgCrTFNZAVpUApyOfG3EKXxtJykAXUAEXARpAF5IAZgnIjwp0BQi/jZaANVlYUAE
585=0WFiSAHJemNIASOIIiI+KVoAnPwiPylaAKqtEGZABJyvfG0n4QFoVAJ0Dk0AaUgB3QpqSA
586=FEAmkAa0gBnKR+bVoAj0cAAG1UAskBbkgBgDsi/DYnvQJwVALFE3FIASMnMQAAckgB2RFz
587=SAHZEXRIAWgNTQB1KCkAdigpAHcoKQB4KCkAeSgpAHpIAckte0gBJ30bWibNO31UAsEEfk
588=gBzRB/SAFQDmkAgCgpAIEoKQCCKCsAMwBbfARlzjRIAcHKNUgBiC19bVuoLXxtJ60AOEAE
589=wVE5SAHJTjpIAZQ5fG0nrQA8VAKMDHxtJ1UAPlUCkngCfG0nVQBAVAJwAlFWQSgpAEIoKQ
590=BDSAGHrQQAREgB3WJFSAEDUgQAAAEDXm1bAGgBAQIDAEdVAiN0CX7bWwCJ3QJf21sAB1Zb
591=AAJebVsAk2wCAEtMBdVwTEkBU1AJTXNNyAFdCk5IAcEPT0kBkXwKf21bAIupAVFVAtJIZU
592=kXUsgBRVRTSAFwbEEOVMgBTQRVSAF0Bk0AVigpAFcoKQBYKCkAWUkBsUQJTQVaSAFYAGkA
593=W0gB3VdcSQHxoQRdSAF0A00AXigpAF8oKQBgKCkAYUgBIwQtfdtbuKsiPSlbvKR9bVv9Ym
594=VMBd1iZkgBmKt/bVsAsqEPaFQCUA5pAGkoKQBqKCkAa0gBgEZ/bVsA8rkGbVQCyQFuSAHd
595=Cm9IAdFscEgBgFEi/TZbJBhAfG3DRgAAc0AE2eJ0SAHdIHVIAWwRTQB2KCkAd0gBxR54SA
596=HVZXlIAVwEaQB6SAGEYCI9KVvxjXxUAsF9fUgBwZ5+SAFsBk0AfygpAIAoKQCBKCkAgigp
597=AIMoKwA0AFxQB0gAfNsnKQA2KFUANygpADgoKQA5KCkAOigpADsoKQA8KCkAPUgBJVVCPk
598=gBTA1hfT9JAepUUEVVQEgBeFNJAUHIAVnBQkgBbMBVAkPIAVUCREkBUl1iAyI+KVwAaQEE
599=fG2oAQEFAgBHQQQgbwwCAEhIAYhvfG3MG35tXACQbH5tXADNBUxMBXxtAQMCAE3IAV0KTs
600=kBBX7bXADZEVBUAmgBWRFRSAF8bUVrUkgBwUZTSQGqsUtUSAF0EU0AVSgpAFYoKQBXKCkA
601=WCgpAFkoKQBaSAHRbFtIAdnBXCgpAF1IAd1iXigpAF9JAfOtEGBIAc1SYUgBSBFpAGJIAc
602=l6Y0gBaAJNAGRIAclkZUgB1Q1mKCkAZ0gB3QpoKCkAaUgBI0gwInxSyC0iPylcAL6tEGxA
603=BGgBVQFtyAFNJm5IASXVJm9JAa1UA00QcEgBWABpAHFIAdEfckgB2RxzSQHyrQV0SAHRFH
604=VIAcEEdkgB2RF3SAFkCU0AeCgpAHlIAcXkekgBUANpAHsoKQB8SAHVI31IAXQDTQB+KCkA
605=fygpAIAoKQCBKCkAgigpAIMoKQCEKCsANQBdSApIAHzbJykANyhVADgoKQA5KCkAOigpAD
606=soKQA8KCkAPSgpAD5IAXhTTWg/yAFZJkBIAXxtQTBByAFBcUJIAXRaVQJDyAFVAkRJAVJc
607=bQEGAABFygEHAF3bXYpvCAFdbV2taAFcbScpAElMBSMpNwFc2ydVAEtUAp9tAQBMSQFTfQ
608=oBXm1dAGgBXQpO1AIBCAAAT0gB2RFQyAFZEVFIAUQmaQBSSAHBRlNIAWgCTQBUKCkAVUgB
609=I+AtIjwp3ysAAFdUAlwEaQBYSAHRQFlIAWgCTQBaSAHRuVtIAdFLXCgpAF0oKQBeSAHdxV
610=9IAd3QYEgBxQhhSAHNUmJIAdVwY0gBRA1pAGQoKQBlSAHJb2ZIASM4I3zbJ+kCaFQCxYxp
611=SAHFjGpIAWQJTQBrSQEmQDxJAWzIAVUBbcgBQTtuSAEj/CAiPyldAKtUA00FcFQC0QlxSA
612=HJF3JIAc0bc0gBXARpAHRIAdEUdUgB0RR2SAF0A00Ad0gBJYkteEkB86kMeUgBxSl6SAHV
613=AnsoKQB8SAHVI31IAUAJaQB+KCkAfygpAIAoKQCBKCkAgigpAIMoKQCEKCgAAjYAXgDqTE
614=hRYTdJAdCpAThIAXxMVQI5yAFdujpIAWhkVQI7yAFVAjxJAc+5Bj3IAVUCPkgBcGxdKz9I
615=AclOQEgBaBhNAEFIAcn+QkgBJSUxQ0kBqrUjREgBXARpAEVIAX1tCnFsXpJsCwBSbF4AI7
616=koAFFsXiS7KAAASUwFbQYAcWxeJGspAABLVALNBUxJAVNSbAkAUWxekGxdCk5UAsVVT0gB
617=hwgAAFAoKQBRSAHdFVJIASWtIVNIAcmxVEgB2atVSAEltSJWSAHNG1dIASUNRFhIAcm8WU
618=gB1Q1aSAHdTFtIAclDXCgpAF1JAfK1I15IAcEEX0gB2WlgSAHBBGEoKQBiSAHNBWNIAc0F
619=ZEgB0UtlSAHNEGYoKQBnSAHFHmhJAaWhD2lIAd2DakgB2QZrSAEnkQ1eKFBSqAFRQG5ABM
620=0Fb0gBzZRwSAHVAnFIAc1ockgB3RVzSAHRFHRIAc0FdSgpAHZIAdh/BncAXgCoAQAAABEA
621=AKsOACAGAAB4AF4ApgEAYAADeQBeAPwBZgEAekgBgwEAAHsoKQB8SAHBBH1IAcEEfigpAH
622=8oKQCAKCkAgSgpAIIoKQCDKCgABTcAXwDQAwAATQ84SQHNSAEBAgAAOcgBVQE6SQHOXABV
623=AjvIAVUBPEkBz1wAVQI9yAFVAT5JAbBECVUTP0kBqakBQEgBRAJpAEFJAfe1AkJJAe+pAU
624=NJAfGpAURIAWAFTQBFKCkARkgB2QZHSAHNBUhJASRABUkASUkBCUwRSQFKSQEjXABJAEtI
625=AVgAaQBMKCkATSgpAE4oKQBPKCkAUCgpAFEoKQBSKCkAU0kB+L0VVEkBsqkBVUgB0RRWSQ
626=H1tQJXSQGxqQFYSQH2qQFZSAHRH1pJAfK1AlsoKQBcSQH0tQJdSAHJDF5JAfq1Al9JAfCp
627=AWBJAaypAWFJAaapAWJIAc0FY0kB7bUCZCgpAGVIAcUpZkgBdCRNAGcoKQBoSQGtuQZpSA
628=HVT2pIAVwEaQBrSQEmoQRsyAFVAW3IAVkxbkgBYAVNAG9JAa9UA0kBcEkBqqkBcUgBRAJp
629=AHJIAd0Vc0gBySJ0SQHzrQV1SAHdFXZIAdEqd0gBeAdNAHhIAd0VeUgBRAJpAHooKQB7KC
630=kAfCgpAH0oKQB+KCkAfygpAIAoKQCBKCkAgigrADgAYGQNbQA5KCkAOigpADsoKQA8KCkA
631=PSgpAD4oKQA/KCkAQEkB+7EfQUgBySJCSAHVOUNIAdUCREgBxUpFKCkARkgBzQVHKCkASE
632=gBxSlJSAF8Fk0ASigpAEsoKQBMKCkATUkB+bkRTkgBSAZpAE9IAc1+UEgB1U9RSAHRYVJI
633=Ack4U0gB2RFUSAHdFVVIAclZVkgBcApNAFcoKQBYSAHJQ1lIAc0FWkgBwQ9bSQGkpRNcSA
634=HRS11IAd0VXkkBrqEEX0gB0XdgSQGrtQJhSQGnqQFiSAHVGGNIAcEPZEgByRdlSAHNEGZI
635=AUwVaQBnKCkAaEgBzV1pSAHRCWpIAWAFTQBrSAEn4gxgAGgBTQ9t1AKAZydFCW9UAkgGaQ
636=BwSAHRKnFIAck4ckgBdANNAHMoKQB0KCkAdUgB3Y52SAHVLndIAcUIeEgB2Wl5SAFACWkA
637=eigpAHsoKQB8KCkAfSgpAH4oKQB/KCkAgCgpAIEoKwA5AGF4C20AOigpADsoKQA8KCkAPS
638=gpAD4oKQA/KCkAQCgpAEEoKQBCSAHZlUNIAWgNTQBESAHdIEVIAdU5RkgBzWhHSAHVAkhI
639=AdUCSUgB0blKSAFACWkAS0gBzXNMSAHRKk1IAclDTkgBYAVNAE9IAcFRUEgByS1RSAHBUV
640=JIAVwEaQBTSAHRFFRIAdkRVSgpAFZIAdUNV0gBxRNYSAF4B00AWUgB0VZaSAHNPFtIAdGj
641=XEgBXARpAF1IAc0QXkgBxRNfSAHZJ2BIAdUCYUkB/VhUXQZiSAHBZ2NIAcFcZEgBwQ9lSA
642=HZJ2ZIAdEUZ0gBVAdpAGgoKQBpSAHJDGpIAXQDTQBrSAF8YkkBbMgBTQ9tyAGKZGEA2X9v
643=VALNEHBIAc0QcUgBzTFySAHJ6HNIAUwKaQB0SAHJOHVIAcktdigpAHdIAcUIeEgBbAZNAH
644=koKQB6KCkAeygpAHwoKQB9KCkAfigpAH8oKQCAKCsAOgBiVAuJADsoKQA8KCkAPSgpAD5I
645=AcVKP0gBkwYAAEBIAd2DQUgBxT9CSAHBBENIAcEEREgBxTRFSAElrSFGSAHdpEdIAdFASE
646=gBJYEhSUgBxa1KSAHVLktIAckMTEgBwTBNSAHRKk5IAdFWT0gBwQ9QSAHVAlFIAc0FUkgB
647=1QJTSAHVAlRIAdkGVSgpAFZIAcU0V0gBzRBYKCkAWUgBwRpaSAHBGltIAclOXEgBySJdSA
648=HVDV5IAdknX0gBzUdgSAHVLmFIAdVPYkkBokxTUQ9jKCkAZEgBwSVlSQGooQRmSAHV02dI
649=AcEPaEgB1Q1pSAFACWkAakgByRdrSQHApQhsyAFVAW3IAZJhYgDFE29UAs1zcEgBxTRxSA
650=HRH3JIAXwLTQBzSAHBO3RIAc0FdUgByZB2SAHJIncoKQB4SAHJenlIAUAJaQB6KCkAeygp
651=AHwoKQB9KCkAfigpAH8oKwA7AGNgCW0APCgpAD0oKQA+SAHFEz9IAdVEQEgB0RRBSAHdQU
652=JIAWQJTQBDSAHVnERIAUQCaQBFSAHRH0ZIAck4R0gB3TZISAHVAkkoKQBKKCkAS0gBzSZM
653=SAFwCk0ATUgBxWBOSAHFa09IAVADaQBQSAHVGFFIAdVaUkgB1RhTSAHZBlRIAdFAVUgBeA
654=dNAFZIAcEaV0gBwVFYSAHdTFlIAckXWkgByU5bSAFUB2kAXEgBzRBdSAHNEF4oKQBfSAHd
655=K2BIAcUTYUgBxVViSAHdTGNIAdUNZEkBpUxTTQxlSAHZq2ZIASUJKGdIAdEJaEgB0TVpSA
656=HVGGpIASXhOGtIAcUIbEgBxQhtKCkAbkgBxQhvSAHZEXBIAdkRcUgB1TlyKCkAc0gBJbEn
657=dEgB3RV1SAHdNnZIAckid0gBzTF4SAFcGmkAeSgpAHooKQB7KCkAfCgpAH0oKQB+KCsAPA
658=BkYAltAD0oKQA+SAHNED9IAcElQCgpAEEoKQBCSAHFNENIAd0VREgBxTRFSAHJIkZIAcki
659=RygpAEgoKQBJKCkASigpAEsoKQBMSAHFKU1IAdleTkgBaBhNAE9IAd2kUEgB0Y1RSAFQA2
660=kAUkgB0VZTSAHZPVRIAc0xVUgBxVVWSAHNBVdIAXgHTQBYKCkAWUgBJTkjWkgB1URbSAHJ
661=IlxIAd02XUgBVAdpAF4oKQBfSAHFYGBIAdknYUgB2QZiSAElFS9jSAHZJ2RIAd0VZUgByS
662=JmSAHJF2dIAd0KaEgB0QlpSAFgEE0AaigpAGtJAb61ZWzIAVUBbcgBnrpkAN0gb1QC1Tlw
663=SAHZEXFIAdkRckgBwWdzSAFEDWkAdEgByd11SAFoAk0AdigpAHcoKQB4KCkAeSgpAHooKQ
664=B7KCkAfCgpAH0oKwA9AGVUC4kAPigpAD9IAdVaQEgB1VpBKCkAQkgB3XhDSAGfBwAAREgB
665=2UhFSAHRH0ZIAcUeR0gB3SBIKCkASSgpAEooKQBLKCkATCgpAE1IAc0mTkgBwQ9PKCkAUC
666=gpAFFIAcH2UkgB3RVTSAHZBlRIAcEEVUgBwVFWSAHFHldIAc1zWEgB2QZZSAEnKAsn+QRb
667=VALFP1xIAc0FXSgpAF4oKQBfSAHBJWBIAcVrYUgBzVJiSAEleSBjSAHdQWRIASVBL2VIAc
668=0QZkgB1RhnSAHZHGhIAc0QaSgpAGooKQBrSAEnvS5lKEg7qAGJWWUmhVNvTAXFa3BIAcEw
669=cUgByQxyKCkAcygpAHQoKQB1KCkAdigpAHcoKQB4KCkAeSgpAHooKQB7KCkAfCgrAD4AZs
670=oQAD8oKQBASAHdV0FIAdU5QigpAENIASVBJERIASVVIUVIAc0bRkgBwQtHSAHJWUhIAd1X
671=SSgpAEooKQBLKCkATEgB0QlNSAHRCU5IASV5IE9IAdUCUCgpAFFIAdWRUkgB1ZxTSAHZU1
672=RIAdUCVUgBzRtWSAHVAldIAdGYWEgByQxZSAHJOFpIAd1MW0gB1Q1cSAHJIl1IAdkGXigp
673=AF8oKQBgSAHFuGFIAcUTYkgB2RFjSAHBZ2RIAcFcZUgBySJmSAHBD2dIAdkGaEgB2QZpSA
674=HNEGooKQBrSAEn0QpmKNAKqAGQVic9CG9MBcUIcCgpAHEoKQByKCkAcygpAHQoKQB1KCkA
675=digpAHcoKQB4KCkAeSgpAHooKQB7KCsAPwBn1hEAQCgpAEFIAcVVQkkB9FTJVQRDSAHNJk
676=RIAc0mRUgBUANpAEYoKQBHSAEnegpnACd4CicpAEpABNUCS0gBJfEkTEgBZAlNAE1IAcVg
677=TkgBzbVPSAHVRFBIAcWMUUkB8LEUUkgBVAdpAFNIAc2fVEgBaAJNAFVIAdUCVkgBRAJpAF
678=dIAcVgWEgB2UhZSQHzvQpaSQHvqQFbSAHVDVxIAXgHTQBdSAHZEV5JAfGtBV9IAVADaQBg
679=KCkAYUgB3StiSQHyrQVjKCkAZEgB1Q1lKCkAZkkB7a0FZygpAGhIAcUIaUgB1WVqSAF0Dk
680=0Aa0gBJ3kKZyh4CqgBmlNnAMkXb0wFyRdwSAFUB2kAcSgpAHIoKQBzKCkAdCgpAHUoKQB2
681=KCkAdygpAHgoKQB5KCkAeigrAEAAaHAObQBBKCkAQigpAEMoKQBEKCkARUgB2VNGSAElCT
682=NHSAHNR0hIAclOSSgpAEooKQBLSAHNBUxIAcUITUgBzV1OSAF4Ek0ATygpAFBIAdWGUUgB
683=1WVSSAFcBGkAU0gB2T1USAHBO1VIAc0FVkgByRdXSAHRYVhIAXgHTQBZKCkAWkgB1Q1bSA
684=HdQVxIAd0KXUgB3UFeSAHJDF9IAcFcYEgBTAppAGFIAdFsYkgBxR5jSAElZS5kSAHJF2VI
685=AdUNZigpAGdIAdFhaEgB0QlpSAElTStqSAHFdmtIASchCmgoIAqoAYJRaADVDW9MBdUYcE
686=gBzRtxSAHZU3JIAWgYTQBzKCkAdCgpAHUoKQB2KCkAdygpAHgoKQB5KCsAQQBpSAqJAEIo
687=KQBDKCkARCgpAEUoKQBGKCkARygpAEhIAd3bSUgB0UtKSAHFSktIASVJJUxIAZsOAABNSA
688=HBck5IAcmQT0gB3SBQSAHVLlFIAdkGUigpAFMoKQBUSAElWSdVSAHNBVYoKQBXSAElLSdY
689=SAHBBFlIAdmgWkgBzTFbKCkAXEgB0UtdSAHdV15IAdlIX0gBxR5gSAHdQWFIAdEfYkgB0R
690=9jSAHBJWRIAcFGZUgB3UFmSAHNEGdIAcEPaEgB2QZpSAHdCmpIAdUYa0gBJ8kJaSjICagB
691=iE4nuQdvTAXZBnBIAdFscUgB1Q1ySAHBBHMoKQB0KCkAdSgpAHYoKQB3KCkAeCgrAEIAas
692=4JAEMoKQBEKCkARSgpAEYoKQBHKCgAA0gAagAAABEAANkNACAFAAAAAABJAGpUAIgAA0oA
693=agD7AYkBS0kB8qkBTEkB86kBTUkB9KkBTkgBhwUAAE9JAfq1AlBJAfCpAVFIAcEEUigpAF
694=MoKQBUSQGwrQVVSQGqqQFWSAHZBlcoKQBYKCkAWSgpAFooKQBbKCkAXCgpAF0oKQBeKCkA
695=XygpAGBJAbGhD2FIAdEfYkgB2RxjSAHZEWQoKQBlKCkAZigpAGcoKQBoKCkAaSgpAGooKQ
696=BrSQExoQ9syAFVAW3IAQECAABuSAHBD28oKQBwSQH8QAVFA3FIAVgAaQByKCkAcygpAHQo
697=KQB1KCkAdigpAHcoKAACQwBrACW9CkQoKQBFKCkARigpAEcoKQBIKCkASSgpAEooKQBLKC
698=kATCgpAE0oKQBOKCkAT0kBva0QUEkB9qkBUUkB8akBUkkBv6kBU0gB3RVUKCkAVSgpAFYo
699=KQBXKCkAWCgpAFkoKQBaKCkAWygpAFwoKQBdKCkAXigpAF8oKQBgKCkAYSgpAGIoKQBjKC
700=kAZCgpAGUoKQBmKCkAZygpAGgoKQBpKCkAaigpAGtIAXhIAQMAAGzIAQEEAABtyQEFekhr
701=ANFsb1QC0WxwSAFgR00AcSgpAHIoKQBzKCkAdCgpAHUoKQB2KCkAREkPJVgySQBFKCkARi
702=gpAEcoKQBIKCkASSgpAEooKQBLKCkATCgpAE0oKQBOKCkAT0gBYEZBD1BIASfCCGwAyZBS
703=VAJgRkEEU0gB0RRUKCkAVSgpAFYoKQBXKCkAWCgpAFkoKQBaKCkAWygpAFwoKQBdKCkAXi
704=gpAF8oKQBgKCkAYSgpAGIoKQBjKCkAZCgpAGUoKQBmKCkAZygpAGgoKQBpKCkAaigpAGtI
705=AWFGBmJGbABpAQdgRqkBCGFGbFRCiQBvTAWDAQAAcCgpAHEoKQByKCkAcygpAHQoKQB1KC
706=kARVRSYDBJm0YoKQBHKCkASCgpAEkoKQBKKCkASygpAEwoKQBNKCkATigpAE9IAWhDVQ1Q
707=SAHV01FIAd26UkgBaENBBFNIAcUTVCgpAFUoKQBWKCkAVygpAFgoKQBZKCkAWigpAFsoKQ
708=BcKCkAXSgpAF4oKQBfKCkAYCgpAGEoKQBiKCkAYygpAGQoKQBlKCkAZigpAGcoKQBoKCkA
709=aSgpAGooKQBrSAF9QQlpQ22JQwpoQ6kBC2lDbdpBAG9MBc0BcCgpAHEoKQByKCkAcygpAH
710=QoKQBGRNzFCEcoKQBISAHR8ElJAfVEd1EESkgBWABpAEsoKQBMSAHJm01JAaatBU5IAWAF
711=TQBPKCkAUCgpAFEoKQBSKCkAUygpAFQoKQBVKCkAVigpAFdJAfm1DVhJAa6pAVlIAckXWk
712=gBzdZbSAFIEWkAXCgpAF0oKQBeSAHZBl9IAcUeYEgBbAZNAGEoKQBiSQH3tQ1jSAElUSZk
713=SQHvtQJlSAHVAmYoKQBnSAHZEWhIAUwKaQBpKCkAakkBrKUIa0kBpKkBbEgB3cVtSAFsBk
714=0AbigpAG8oKQBwKCkAcSgpAHIoKQBzKCkAR1RHQAlpAEgoKQBJKCkASigpAEsoKQBMKCkA
715=TUgBJdUmTkgBZAlNAE8oKQBQSQFRQOFVAlEoKQBSKCkAU0kBW1DmQQRUSAHRKlVIAdknVk
716=gB0SpXSAHBylhJAa+1I1lIAdUjWkkB+LUCW0gBTAppAFxJAbK1Al1JAf2pAV5IAXQDTQBf
717=KCkAYEgBzRBhSAHNEGJIAdmVY0gBSAZpAGRIAdUNZUgBaAJNAGYoKQBnSAHBBGhIAVADaQ
718=BpKCkAakgB1RhrSQGppRNsSAFgBU0AbSgpAG4oKQBvKCkAcCgpAHEoKQByKCkASETGQAlp
719=AEkoKQBKKCkASygpAExIAdEfTUgB0R9OSQHxpRNPSAFkCU0AUEkBUeI7cADJAVIoVQBTKC
720=kAVEgB3SBVSAFUB2kAVkgB2cFXSQHtqQxYSAHZPVkoKQBaSAHBBFtJAfGtBVxIAWQJTQBd
721=SAHBZ15IAcmQX0gBwRpgSAHJOGFIAUgGaQBiKCkAYygpAGRIASVtL2VIAWAFTQBmSAHRCW
722=dIASVNNmhIAdkRaUgB3UxqSAFIBmkAaygpAGwoKQBtKCkAbigpAG8oKQBwKCkAcSgrAEkA
723=cWwKbQBKKCkAS0gBxZdMSAHZHE1IAWAFTQBOSAHBGk9IAUQCaQBQSQFR6ThxKAgHJykAUy
724=iBAFRIAd0KVUgBeAdNAFYoKQBXSAHVOVhIAdUjWUgB3TZaSAHVAltIAdUCXEgBxa1dSAHR
725=YV5IAdFhX0gByRdgSAHdK2FIAcUeYkgBxVVjSQHxqUNkSAFAFGkAZUgB3TZmSAHBiGdIAX
726=QDTQBoSAHJF2lIAcUIakgBUANpAGsoKQBsKCkAbSgpAG4oKQBvKCkAcCgrAEoAcmAJbQBL
727=KCkATCgpAE0oKQBOSAHF2U9IAd3bUEkBWb2kUUkBUb02UigpAFMoKQBUSAFoDU0AVSgpAF
728=YoKQBXKCkAWCgpAFlIAdl0WkgBVAdpAFtIAcEwXEgBaAJNAF0oKQBeKCkAX0gByRdgSAFc
729=BGkAYUgBJXkgYkgBzbVjSAHdCmRIAWAFTQBlSAEl+TBmSAHVRGdJAfGhO2hIAVwEaQBpSA
730=HFCGpIAWgCTQBrKCkAbCgpAG0oKQBuKCkAbygrAEsAc1AHiQBMKCkATSgpAE5IAcndT0gB
731=0RRQSAHFE1FIAZ8HAABSKCkAUygpAFRIAdFWVUgB2QZWSAHZBldIAcElWEgBwSVZSAHZU1
732=pIAdkGW0gB2QZcSAHVLl1IAdUCXkgBxaJfSQGiuSdgSAHRo2FIAc0FYigpAGMoKQBkSAHB
733=Z2VIAc0xZigpAGdIAdlpaEgB0QlpKCkAaigpAGsoKQBsKCkAbSgpAG4oKwBMAHTOCQBNKC
734=kATkgB2SdPSAHZEVAoKQBRSAHJx1JIAdmKU0gB1QlUKCkAVUgBzUdWSAHBBFcoKQBYKCkA
735=WSgpAFpIAdkGW0gB0TVcSAHZlV1IASeDIXQAq7UuX1QCJwIGdADJAWFVAqihBGJIAdkyY0
736=gB2RFkSAHdTGVIAcUeZigpAGdIAdWyaEgB2QZpKCkAaigpAGsoKQBsKCkAbSgoAAFNAHUA
737=yRdOSAHRCU9IAc0QUEgBzRBRSAHFP1JIAc0FU0gB2ZVUSAHVAlVIAdm2VkkBUaWXVygpAF
738=goKQBZSAElNShaSAHFCFsoKQBcSAHRFF1IAcEEXkgBJ6kFdf0rYFUCpb0rYUgBzQViSAHd
739=eGNIAdUCZEgB0WxlSAHB1WZIAd0rZ0gBzQVoKCkAaSgpAGooKQBrKCkAbCgrAE4AdsIIAE
740=9JAfqlE1BIAdUNUUgB3StSSAHJWVNIAc0QVEgBwX1VSAHVCVZIASdRBXb5+FgoVQBZKCkA
741=WkgB2QZbKCkAXEgB3QpdSQH9pRNeSAEnUQV2KFMFdgCnoQRhQATNlGJIAd0KYygpAGQoKQ
742=BlKCkAZigpAGcoKQBoKCkAaSgpAGooKQBrKCsATwB30g0AUCgpAFFIAcVVUkgBzSZTSAHR
743=BVRJAa2pF1VIAdUCVkgBJ/kEdyj4BCcpAFkogQBaSAHZBlsoKQBcSAHdCl1IAcEEXkgBJT
744=kjX0gBwVFgSAHBBGEoKQBiKCkAYygpAGQoKQBlKCkAZigpAGcoKQBoKCkAaSgpAGooKwBQ
745=AHjeDgBRSQH8vSBSSAHZAlNIAd2ZVEgBzTxVSAHNPFZIASUFIldIAc0mWCgpAFkoKQBaSA
746=HdClsoKQBcSAHJb11IAc3LXkgBzbVfSAHBBGBIAcUIYSgpAGIoKQBjKCkAZCgpAGUoKQBm
747=KCkAZygpAGgoKQBpKCsAUQB50A1M9ycpAFNVAvuhJVRIAdEUVUgB0QVWKCkAVygpAFgoKQ
748=BZKCkAWigpAFsoKQBcSAHdIF1IAc2qXkgByQxfKCkAYCgpAGEoKQBiKCkAYygpAGQoKQBl
749=KCkAZigpAGcoKQBoKCsAUgB63g4AUygpAFQoKQBVKCkAVkgBJYEhV0gBJa1CWEgBxdlZSA
750=HVCVooKQBbKCkAXEgBxXZdSAEn8AMnDQJfVALFCGAoKQBhKCkAYigpAGMoKQBkKCkAZSgp
751=AGYoKQBnKCsAUwB7xgwAVCgpAFUoKQBWSAHdeFdIAc33WCgpAFlIAcUeWkgB1QlbSAHBO1
752=xIAd26XSgpAF5JAfGxS19IAdkGYCgpAGEoKQBiKCkAYygpAGQoKQBlKCkAZigrAFQAfNoK
753=AFUoKQBWKCkAV0gBzRtYSAHNG1lIASU5I1pIAckIW0gB0TVcSAEnQgN8AMkBXlQC0a5fSA
754=HZBmAoKQBhKCkAYigpAGMoKQBkKCkAZSgrAFUAfc4JAFYoKQBXKCkAWEgB1YZZSAHRBVoo
755=KQBbSAEn6QJ9/RVdVALdFV5IAdkGXygpAGAoKQBhKCkAYigpAGMoKQBkKCsAVgB+zgkAVy
756=gpAFgoKQBZKCkAWigpAFtIASVNIFxIAcUTXUgB1QleKCkAXygpAGAoKQBhKCkAYigpAGMo
757=KwBXAH/OCQBYKCkAWSgpAFooKQBbKCkAXCgpAF0oKQBeKCkAXygpAGAoKQBhKCkAYigrAF
758=gAgO0QWSgpAFooKQBbKCkAXCgpAF0oKQBeKCkAXygpAGAoKQBhKCsAWQCB9Q1aKCkAWygp
759=AFwoKQBdKCkAXigpAF8oKQBgKCsAWgCC/QpbKCkAXCgpAF0oKQBeKCkAXygoAAtbAIMAAA
760=AAAAAAAFwAgxEAACgANAABAAAAAGMAXQCDeABtAF4oKwBcAIRkAmwACF0AhAAAAAAAAAAA
761=EQAA

[Lighting]
Red=0.900000
Blue=0.800000
Green=0.900000
Level=0.008000
Ground=0.050000
IonRed=0.300000
Ambient=0.750000
IonBlue=0.750000
IonGreen=0.400000
IonLevel=0.000000
IonGround=0.000000
IonAmbient=0.620000
DominatorRed=0.850000
DominatorBlue=0.300000
DominatorGreen=0.200000
DominatorLevel=0.000000
DominatorGround=0.000000
DominatorAmbient=1.500000
DominatorAmbientChangeRate=0.001000

[Map]
Size=0,0,41,92
Theater=NEWURBAN
LocalSize=2,4,37,82

[OverlayDataPack]
1=BQAAIP4AIACAKwAAIP4pGACBBP4DAAeBBv77AQCBB/4DAAuCCgf//gEvGP/8ASwaIgD/0g
2=EtHIBiAAAg/ikAAIIGCv4FAAuCCgb++AEAgQcyAYEH/vkBADIB//oBMQIyAf/7ATEEggAG
3=/gMAB4EE/uoJAIEE/gMAB//5ATEAHfDBLQD//AExBMIsAP/7ATECwysA//kBIhb/5AUpAI
4=BiAAAg/h8AAIIHCv4DAAuBB/4bAACDBgcG/t0BAIEG/gMAB4EE2gUAgQrZJAD+3wEAgQYU
5=H4EK/94BQgDaAwD+BQAL//oBQwL/AAI+BP8AAj4C/+IBPgD+Eg4A//8BQAz/zwE/CoCXAA
6=Ag/jAAAIIGCv4DAAuCCgb++QEAgQf+BQALgQf++QEA/wACMACFAAcKCwr/+gE2AhQCgQf/
7=+wE2BP40AgCBBP4DAAeBBP77AQAcM//8ATUGEgCBCP//AWgO//wBNAaDBAcIDjT/5wE0CB
8=ntz2kUwDEG/+cBaBLUYxKBBv/oAWYMwjAC//sBZxLDMAL/+gFVGsIwBP+rATMEgJ8AACD+
9=SwAAgQT+BAAHgwAICv4FAAuBB/7yAQCBB/4DAAuCCghCAf/3AVgAYgH/+AFYAhIB/gQAB4
10=EE/vIBAIEGN/qBCv/zAVgERAH/+QFSAMpFCv/6AVMKMgH/+wFTDIIABv/2AVUG/hcEAIMG
11=Bwb+/AEACg6CCgj/+gFfFsNLCIQKCAcH//YBYRjDSwYyBP/0AVMQxEsI/gUAC4EI/pgBAI
12=CgAAAg/lwAAIEI/goAC4IKBv7zAQCCBgr+CgALgQf+9AEAyFwA/94BaAKBBP4DAAeBBP4S
13=AACBB/4KAAuBCP7dAQAR6dBoBMhdBv/eAWcAEenQaAbJXAL/3QFoBhIAgQrQSgj/6AFcAI
14=QEBwgK0WgMgQQAF//nAWACggcK0mkOgwYHBzIE/+EBZwCBBtFJBjAaFB3/9QFoAnIc//QB
15=aAD+pAkAgAUAACD+ACAAgAUAACD+ACAAgAUAACD+ACAAgAUAACD+ACAAgAUAACD+ACAAgA
16=UAACD+ACAAgAUAACD+ACAAgAUAACD+ACAAgAUAACD+ACAAgAUAACD+ACAAgAUAACD+ACAA
17=gAUAACD+ACAAgAUAACD+ACAAgAUAACD+ACAAgAUAACD+ACAAgAUAACD+ACAAgAUAACD+AC
18=AAgAUAACD+ACAAgAUAACD+ACAAgAUAACD+ACAAgAUAACD+ACAAgAUAACD+ACAAgAUAACD+
19=ACAAgAUAACD+ACAAgAUAACD+ACAAgA==

[OverlayPack]
1=BQAAIP4AIP+AIQAAIP4pGP/+BQAe/wACLhb/+wEtGP4HAB7/AAIwGv/QAS8cgDwAACD+KQ
2=D//gkAHv74Af//AAIqAFIB/voB//8AAiwEMgH+6gn//wUCLQb/AQIxBP8BAjEC/wECMQD/
3=3AUxAIBBAAAg/h8A//4GAB7+GwD//gMAcP7dAf/cIAD+BQBw/voB//4HAHD/+QVFAv8AAj
4=4C/+IBPgD+Eg7//wICQQr/zAEzHIBiAAAg/jAA//4HAHD++QH//wAEMAAyAf78Af///wEz
5=Bv4uAv+Brv4DAP/+BQAe/vsB//8FBGMM//sBZxD+BwAe//wBSwT/7wFmFNJUFv/tA0oA//
6=kBVhr+CQBw/hoA/4Gv/owB/4BwAAAg/ksA//4FAHAwBhAJ/vEB/0H4//8BUgBSAf/5AVkC
7=QgH/+gFZBP/zAVgGzEUG//8BVAj+BwD/gaz/+QFZAP76Af//AAJPDv4HBP+Bq/4GAP/+Aw
8=Ae/vwB//4GAB7//wFjFv/6AV0Y/g0AHv+YA2gagFUAACD+TgD/gbD+DQD//g0AHv7zAf//
9=AAJcAMpbAv/iAYAC/x4CSwT/3QFoBv8FAkYI//sBSgrVZAz/6wFcAtRnDv/qAV4C12gQ/+
10=MBZRCBsfUsEv6AC/+ACwAAIP5fCv+Brv6gFf+ABQAAIP4AIP+ABQAAIP4AIP+ABQAAIP4A
11=IP+ABQAAIP4AIP+ABQAAIP4AIP+ABQAAIP4AIP+ABQAAIP4AIP+ABQAAIP4AIP+ABQAAIP
12=4AIP+ABQAAIP4AIP+ABQAAIP4AIP+ABQAAIP4AIP+ABQAAIP4AIP+ABQAAIP4AIP+ABQAA
13=IP4AIP+ABQAAIP4AIP+ABQAAIP4AIP+ABQAAIP4AIP+ABQAAIP4AIP+ABQAAIP4AIP+ABQ
14=AAIP4AIP+ABQAAIP4AIP+ABQAAIP4AIP+ABQAAIP4AIP+A

[SpecialFlags]
Inert=no
FogOfWar=no
IonStorms=no
MCVDeploy=no
Meteorites=no
Visceroids=no
FixedAlliance=no
TiberiumGrows=yes
InitialVeteran=no
HarvesterImmune=no
TiberiumSpreads=yes
TiberiumExplosive=no
DestroyableBridges=yes

[Structures]
0=Neutral,CAWALL,256,21,50,64,None,1,0,1,0,0,None,None,None,0,0
1=Neutral,CAWALL,256,51,21,64,None,1,0,1,0,0,None,None,None,0,0
2=Neutral,CASSAM,256,35,69,96,01000001,1,0,1,0,0,None,None,None,0,0
3=Neutral,CAHMG,256,39,65,64,01000001,1,0,1,0,0,None,None,None,0,0
4=Neutral,CAART,256,28,55,64,01000001,1,0,1,0,0,None,None,None,0,0
5=Neutral,CASSAM,256,51,40,96,01000001,1,0,1,0,0,None,None,None,0,0
6=Neutral,CAHMG,256,65,39,128,01000001,1,0,1,0,0,None,None,None,0,0
7=Neutral,CASSAM,256,69,35,96,01000001,1,0,1,0,0,None,None,None,0,0
8=Neutral,CAFORT,256,34,64,64,None,1,0,1,0,0,None,None,None,0,0
9=Neutral,CAFORT,256,64,34,64,None,1,0,1,0,0,None,None,None,0,0
10=Neutral,CAHMG,256,39,57,64,01000001,1,0,1,0,0,None,None,None,0,0
11=Neutral,CAHMG,256,57,39,128,01000001,1,0,1,0,0,None,None,None,0,0
12=Neutral,CAART,256,56,28,128,01000001,1,0,1,0,0,None,None,None,0,0
13=Neutral,CASSAM,256,40,51,96,01000001,1,0,1,0,0,None,None,None,0,0
14=Neutral,INREDLMP,256,29,29,0,None,0,0,1,0,0,None,None,None,0,0
15=Neutral,CATUR,256,57,35,128,01000001,1,0,1,0,0,None,None,None,0,0
16=Neutral,CATUR,256,35,57,64,01000001,1,0,1,0,0,None,None,None,0,0
17=Neutral,CAPOWR,256,22,55,64,01000001,1,0,1,0,0,None,None,None,0,0
18=Neutral,CAPOWR,256,56,22,64,01000001,1,0,1,0,0,None,None,None,0,0
19=Neutral,CAMACH,256,62,29,64,01000001,1,0,1,0,0,None,None,None,0,0
20=Neutral,CAFHOSP,256,28,62,64,01000001,1,0,1,0,0,None,None,None,0,0
21=Neutral,CABUNK02,256,42,65,64,None,1,0,1,0,0,None,None,None,0,0
22=Neutral,CABUNK02,256,42,56,64,None,1,0,1,0,0,None,None,None,0,0
23=Neutral,CABUNK01,256,56,42,64,None,1,0,1,0,0,None,None,None,0,0
24=Neutral,CABUNK01,256,65,42,64,None,1,0,1,0,0,None,None,None,0,0
25=Neutral,CAWALL,256,50,21,64,None,1,0,1,0,0,None,None,None,0,0
26=Neutral,CAWALL,256,49,21,64,None,1,0,1,0,0,None,None,None,0,0
27=Neutral,CAWALL,256,48,21,64,None,1,0,1,0,0,None,None,None,0,0
28=Neutral,CAWALL,256,47,21,64,None,1,0,1,0,0,None,None,None,0,0
29=Neutral,CAWALL,256,46,21,64,None,1,0,1,0,0,None,None,None,0,0
30=Neutral,CAWALL,256,45,21,64,None,1,0,1,0,0,None,None,None,0,0
31=Neutral,CAWALL,256,44,21,64,None,1,0,1,0,0,None,None,None,0,0
32=Neutral,CAWALL,256,43,21,64,None,1,0,1,0,0,None,None,None,0,0
33=Neutral,CAWALL,256,42,21,64,None,1,0,1,0,0,None,None,None,0,0
34=Neutral,CAWALL,256,41,21,64,None,1,0,1,0,0,None,None,None,0,0
35=Neutral,CAWALL,256,40,21,64,None,1,0,1,0,0,None,None,None,0,0
36=Neutral,CAWALL,256,39,21,64,None,1,0,1,0,0,None,None,None,0,0
37=Neutral,CAWALL,256,38,21,64,None,1,0,1,0,0,None,None,None,0,0
38=Neutral,CAWALL,256,37,21,64,None,1,0,1,0,0,None,None,None,0,0
39=Neutral,CAWALL,256,36,21,64,None,1,0,1,0,0,None,None,None,0,0
40=Neutral,CAWALL,256,35,21,64,None,1,0,1,0,0,None,None,None,0,0
41=Neutral,CAWALL,256,34,21,64,None,1,0,1,0,0,None,None,None,0,0
42=Neutral,CAWALL,256,21,49,64,None,1,0,1,0,0,None,None,None,0,0
43=Neutral,CAWALL,256,21,48,64,None,1,0,1,0,0,None,None,None,0,0
44=Neutral,CAWALL,256,21,46,64,None,1,0,1,0,0,None,None,None,0,0
45=Neutral,CAWALL,256,21,47,64,None,1,0,1,0,0,None,None,None,0,0
46=Neutral,CAWALL,256,21,45,64,None,1,0,1,0,0,None,None,None,0,0
47=Neutral,CAWALL,256,21,44,64,None,1,0,1,0,0,None,None,None,0,0
48=Neutral,CAWALL,256,21,43,64,None,1,0,1,0,0,None,None,None,0,0
49=Neutral,CAWALL,256,21,42,64,None,1,0,1,0,0,None,None,None,0,0
50=Neutral,CAWALL,256,21,41,64,None,1,0,1,0,0,None,None,None,0,0
51=Neutral,CAWALL,256,21,39,64,None,1,0,1,0,0,None,None,None,0,0
52=Neutral,CAWALL,256,21,40,64,None,1,0,1,0,0,None,None,None,0,0
53=Neutral,CAWALL,256,21,38,64,None,1,0,1,0,0,None,None,None,0,0
54=Neutral,CAWALL,256,21,37,64,None,1,0,1,0,0,None,None,None,0,0
55=Neutral,CAWALL,256,21,36,64,None,1,0,1,0,0,None,None,None,0,0
56=Neutral,CAWALL,256,21,35,64,None,1,0,1,0,0,None,None,None,0,0
57=Neutral,CAWALL,256,21,34,64,None,1,0,1,0,0,None,None,None,0,0
58=Neutral,CABARR01,256,20,54,64,None,1,0,1,0,0,None,None,None,0,0
59=Neutral,CABARR01,256,19,55,64,None,1,0,1,0,0,None,None,None,0,0
60=Neutral,CABARR01,256,19,54,64,None,1,0,1,0,0,None,None,None,0,0
61=Neutral,CABARR01,256,18,54,64,None,1,0,1,0,0,None,None,None,0,0
62=Neutral,CABARR01,256,17,54,64,None,1,0,1,0,0,None,None,None,0,0
63=Neutral,CABARR01,256,18,55,64,None,1,0,1,0,0,None,None,None,0,0
64=Neutral,CABARR02,256,19,56,64,None,1,0,1,0,0,None,None,None,0,0
65=Neutral,CABARR02,256,56,20,64,None,1,0,1,0,0,None,None,None,0,0
66=Neutral,CABARR01,256,55,20,64,None,1,0,1,0,0,None,None,None,0,0
67=Neutral,CABARR01,256,55,19,64,None,1,0,1,0,0,None,None,None,0,0
68=Neutral,CABARR01,256,55,18,64,None,1,0,1,0,0,None,None,None,0,0
69=Neutral,CABARR01,256,56,19,64,None,1,0,1,0,0,None,None,None,0,0
70=Neutral,CABARR01,256,56,18,64,None,1,0,1,0,0,None,None,None,0,0
71=Neutral,CABARR01,256,55,17,64,None,1,0,1,0,0,None,None,None,0,0
72=Neutral,CABARR02,256,57,19,64,None,1,0,1,0,0,None,None,None,0,0
73=Neutral,CASAM,256,23,48,128,01000001,1,0,1,0,0,None,None,None,0,0
74=Neutral,CASAM,256,49,23,64,01000001,1,0,1,0,0,None,None,None,0,0
75=Neutral,CAPOWR,256,23,43,64,01000001,1,0,1,0,0,None,None,None,0,0
76=Neutral,CAPOWR,256,44,23,64,01000001,1,0,1,0,0,None,None,None,0,0
77=Neutral,CAWALL,256,55,21,64,None,1,0,1,0,0,None,None,None,0,0
78=Neutral,CAWALL,256,56,21,64,None,1,0,1,0,0,None,None,None,0,0
79=Neutral,CAWALL,256,57,21,64,None,1,0,1,0,0,None,None,None,0,0
80=Neutral,CAWALL,256,58,21,64,None,1,0,1,0,0,None,None,None,0,0
81=Neutral,CAWALL,256,59,21,64,None,1,0,1,0,0,None,None,None,0,0
82=Neutral,CAWALL,256,21,54,64,None,1,0,1,0,0,None,None,None,0,0
83=Neutral,CAWALL,256,21,55,64,None,1,0,1,0,0,None,None,None,0,0
84=Neutral,CAWALL,256,21,56,64,None,1,0,1,0,0,None,None,None,0,0
85=Neutral,CAWALL,256,21,57,64,None,1,0,1,0,0,None,None,None,0,0
86=Neutral,CAWALL,256,21,58,64,None,1,0,1,0,0,None,None,None,0,0
87=Neutral,CAWALL,256,21,59,64,None,1,0,1,0,0,None,None,None,0,0
88=Neutral,CABARR01,256,32,67,64,None,1,0,1,0,0,None,None,None,0,0
89=Neutral,CABARR01,256,32,65,64,None,1,0,1,0,0,None,None,None,0,0
90=Neutral,CABARR01,256,30,66,64,None,1,0,1,0,0,None,None,None,0,0
91=Neutral,CABARR01,256,66,32,64,None,1,0,1,0,0,None,None,None,0,0
92=Neutral,CABARR01,256,68,32,64,None,1,0,1,0,0,None,None,None,0,0
93=Neutral,CABARR01,256,67,30,64,None,1,0,1,0,0,None,None,None,0,0
94=Neutral,INREDLMP,256,25,63,64,None,1,0,1,0,0,None,None,None,0,0
95=Neutral,INREDLMP,256,63,25,64,None,1,0,1,0,0,None,None,None,0,0
96=Neutral,CAOILD,256,87,118,64,None,1,0,1,0,0,None,None,None,0,0
97=Neutral,CAOILD,256,118,87,64,None,1,0,1,0,0,None,None,None,0,0
98=Neutral,CASSAM,256,40,48,96,01000001,1,0,1,0,0,None,None,None,0,0
99=Neutral,CASSAM,256,48,40,96,01000001,1,0,1,0,0,None,None,None,0,0
100=Neutral,CASSAM,256,40,45,96,01000001,1,0,1,0,0,None,None,None,0,0
101=Neutral,CASSAM,256,45,40,96,01000001,1,0,1,0,0,None,None,None,0,0
102=Neutral,CAART,256,41,41,96,01000001,1,0,1,0,0,None,None,None,0,0
103=Neutral,CAART,256,42,45,96,01000001,1,0,1,0,0,None,None,None,0,0
104=Neutral,CAART,256,45,42,96,01000001,1,0,1,0,0,None,None,None,0,0
105=Neutral,CAEXPS,256,54,54,64,01000001,1,0,1,0,0,None,None,None,0,0
106=Neutral,CABUNK01,256,51,76,64,None,1,0,1,0,0,None,None,None,0,0
107=Neutral,CABUNK02,256,76,51,64,None,1,0,1,0,0,None,None,None,0,0
108=Neutral,CABUNK02,256,72,60,64,None,1,0,1,0,0,None,None,None,0,0
109=Neutral,CABUNK01,256,60,72,64,None,1,0,1,0,0,None,None,None,0,0
110=Neutral,CAOILD,256,46,52,64,01000001,1,0,1,0,0,None,None,None,0,0
111=Neutral,CAOILD,256,52,46,64,01000001,1,0,1,0,0,None,None,None,0,0
112=Neutral,CAOILD,256,112,81,64,None,1,0,1,0,0,None,None,None,0,0
113=Neutral,CAOILD,256,81,112,64,None,1,0,1,0,0,None,None,None,0,0
114=Neutral,SNODUSLAMP,256,51,65,64,None,1,0,1,0,0,None,None,None,0,0
115=Neutral,SNODUSLAMP,256,65,51,64,None,1,0,1,0,0,None,None,None,0,0
116=Neutral,SNODUSLAMP,256,79,84,64,None,1,0,1,0,0,None,None,None,0,0
117=Neutral,SNODUSLAMP,256,84,79,64,None,1,0,1,0,0,None,None,None,0,0
118=Neutral,CABARR01,256,20,55,64,None,1,0,1,0,0,None,None,None,0,0
119=Neutral,CABARR01,256,20,56,64,None,1,0,1,0,0,None,None,None,0,0
120=Neutral,CABARR01,256,20,57,64,None,1,0,1,0,0,None,None,None,0,0
1020390=Neutral,INBLULMP,256,83,70,0,None,0,0,1,0,0,None,None,None,0,0
1020391=Neutral,INBLULMP,256,66,84,0,None,0,0,1,0,0,None,None,None,0,0
1020392=Neutral,INBLULMP,256,63,64,0,None,0,0,1,0,0,None,None,None,0,0
1020393=Neutral,SNODUSLAMP,256,102,116,0,None,0,0,1,0,0,None,None,None,0,0
1020394=Neutral,SNODUSLAMP,256,116,102,0,None,0,0,1,0,0,None,None,None,0,0

[Tags]
01000001=0,[CHANGE]P1 Fortress Switch 1,01000000
01000003=0,[CHANGE]P2 Satellite 1,01000002
01000005=0,[CHANGE]P3 Satellite 1,01000004
0C5E9B4C=0,@Sounds 1,0C5E9F3C

[TeamTypes]

[Terrain]
10047=TREE24
11045=TREE24
11046=TREE20
11047=TREE24
11048=TREE20
12045=TREE21
12046=TREE20
12047=TREE22
12048=TREE22
12049=TREE22
13043=TREE24
13044=TREE21
13045=TREE24
13046=TREE20
13047=TREE21
13048=TREE23
13049=TREE20
13050=TREE21
14042=TREE21
14043=TREE24
14044=TREE23
14045=TREE24
14046=TREE24
14047=TREE23
14048=TREE21
14049=TREE22
14050=TREE23
14051=TREE20
15042=TREE22
15043=TREE20
15044=TREE22
15045=TREE20
15046=TREE22
15047=TREE20
15048=TREE24
15049=TREE21
15050=TREE21
15051=TREE21
16041=TREE23
16042=TREE23
16043=TREE20
16044=TREE21
16045=TREE21
16046=TREE21
16047=TREE21
16048=TREE23
16049=TREE23
16050=TREE22
16051=TREE22
17040=TREE23
17041=TREE20
17042=TREE24
17043=TREE21
17044=TREE24
17045=TREE20
17046=TREE20
17047=TREE20
17048=TREE20
17049=TREE21
17050=TREE20
17051=TREE20
18039=TREE20
18040=TREE21
18041=TREE23
18042=TREE22
18043=TREE21
18044=TREE24
18045=TREE24
18046=TREE22
18047=TREE20
18048=TREE21
18049=TREE22
18050=TREE22
18051=TREE23
19037=TREE20
19038=TREE21
19039=TREE23
19040=TREE22
19041=TREE22
19042=TREE24
19043=TREE24
19044=TREE24
19045=TREE24
19046=TREE21
19047=TREE20
19048=TREE23
19049=TREE20
19050=TREE23
19051=TREE20
20036=TREE23
20037=TREE22
20038=TREE24
20039=TREE22
20040=TREE24
20041=TREE20
20042=TREE23
20043=TREE24
20044=TREE24
20045=TREE23
20046=TREE22
20047=TREE20
20048=TREE21
20049=TREE20
20050=TREE21
20051=TREE21
32045=TIBTRE02
35020=TREE22
36019=TREE23
36020=TREE21
37019=TREE21
37020=TREE22
37071=TREE05
38018=TREE23
38019=TREE20
38020=TREE22
38069=TREE07
38070=TREE01
38071=TREE04
39017=TREE20
39018=TREE22
39019=TREE20
39020=TREE20
39069=TREE03
39070=TREE02
39071=TREE05
39076=TREE06
40015=TREE23
40016=TREE22
40017=TREE21
40018=TREE20
40019=TREE24
40020=TREE22
40068=TREE03
40069=TREE08
40070=TREE05
40071=TREE04
41015=TREE24
41016=TREE24
41017=TREE24
41018=TREE24
41019=TREE22
41020=TREE22
41067=TREE03
41068=TREE01
41069=TREE05
41070=TREE02
41071=TREE07
41075=TREE13
41077=TREE02
42014=TREE22
42015=TREE20
42016=TREE24
42017=TREE23
42018=TREE23
42019=TREE21
42020=TREE24
42053=TREE14
42054=TREE09
42055=TREE07
42069=TREE03
42076=TREE12
42077=TREE14
43013=TREE22
43014=TREE21
43015=TREE20
43016=TREE23
43017=TREE22
43018=TREE24
43019=TREE23
43020=TREE24
43052=TREE13
43055=TREE10
43069=TREE04
43071=TREE10
43080=TREE10
43082=TREE10
44013=TREE23
44014=TREE22
44015=TREE21
44016=TREE23
44017=TREE23
44018=TREE24
44019=TREE24
44020=TREE21
44051=TREE05
44052=TREE04
44053=TREE08
44054=TREE11
44055=TREE06
44081=TREE12
44082=TREE10
45012=TREE20
45013=TREE21
45014=TREE23
45015=TREE20
45016=TREE24
45017=TREE22
45018=TREE22
45019=TREE24
45020=TREE23
45032=TIBTRE02
46011=TREE21
46012=TREE24
46013=TREE20
46014=TREE20
46015=TREE22
46016=TREE20
46017=TREE22
46018=TREE21
46019=TREE22
46020=TREE20
47010=TREE21
47011=TREE20
47012=TREE20
47013=TREE23
47014=TREE22
47015=TREE23
47016=TREE22
47017=TREE21
47018=TREE20
47019=TREE21
47020=TREE21
48011=TREE21
48012=TREE22
48013=TREE20
48014=TREE21
48015=TREE24
48016=TREE23
48017=TREE20
48018=TREE21
48019=TREE20
48020=TREE24
49012=TREE23
49013=TREE24
49014=TREE22
49015=TREE23
49016=TREE21
49018=TREE23
49019=TREE22
49020=TREE24
50012=TREE20
50013=TREE21
50014=TREE20
50015=TREE20
50016=TREE21
50017=TREE22
50018=TREE23
50019=TREE23
50020=TREE20
51065=TIBTRE02
52043=TREE08
53042=TREE02
53043=TREE11
53044=TREE09
54042=TREE08
54043=TREE04
54044=TREE10
54075=TREE04
54091=TREE11
55042=TREE01
55044=TREE12
55074=TREE03
55075=TREE06
55091=TREE07
55092=TREE06
56074=TREE06
56075=TREE02
57073=TREE01
57074=TREE01
57075=TREE04
57093=TREE05
58074=TREE18
58075=TREE05
58093=TREE18
59061=TREE10
59062=TREE04
59074=TREE07
60059=TREE02
60060=TREE08
60061=TREE11
60077=TREE08
61059=TREE10
61061=TREE06
61062=TREE13
61063=TREE08
61064=TREE13
61076=TREE09
61077=TREE10
61078=TREE06
61097=TREE06
62059=TREE08
62060=TREE11
62061=TREE12
62062=TREE10
62063=TREE09
62077=TREE07
62083=TREE04
62097=TREE05
63059=TREE04
63061=TREE05
63063=TREE05
63082=TREE05
63083=TREE16
63094=TREE01
63096=TREE08
63097=TREE12
64060=TREE14
64062=TREE07
64090=TREE11
64091=TREE10
64098=TREE01
64099=TREE09
65051=TIBTRE02
65090=TREE10
65091=TREE17
65099=TREE06
65100=TREE12
66097=TREE05
67091=TREE07
67100=TREE08
67102=TREE10
67103=TREE08
68040=TREE04
68041=TREE03
68042=TREE01
68096=TREE05
68098=TREE04
69042=TREE04
69043=TREE04
70038=TREE04
70040=TREE13
70041=TREE03
70042=TREE02
70043=TREE03
71037=TREE08
71038=TREE04
71039=TREE09
71040=TREE10
71041=TREE03
71043=TREE07
74056=TREE02
74057=TREE05
74058=TREE09
74059=TREE08
74083=TREE07
75054=TREE16
75056=TREE06
75057=TREE04
75058=TREE07
76039=TREE05
76040=TREE12
76041=TREE14
76090=TREE12
76113=TREE01
77041=TREE08
77042=TREE06
77090=TREE10
77113=TREE06
78090=TREE07
78091=TREE16
78114=TREE11
79057=TREE11
79084=TIBTRE02
79091=TREE07
80056=TREE13
80057=TREE17
80091=TREE12
80095=TREE01
81044=TREE07
81116=TREE02
81117=TREE12
82044=TREE08
82067=TREE07
82068=TREE08
82095=TREE07
82118=TREE11
83044=TREE11
83045=TREE07
83067=TREE10
83068=TREE16
83094=TREE11
83119=TREE10
84046=TREE12
84079=TIBTRE02
84092=TREE04
84118=TREE04
85088=TREE12
85121=TREE05
86086=TREE05
86088=TREE01
86093=TREE05
86094=TREE07
87087=TREE07
87088=TREE09
87092=TREE01
87123=TREE10
88086=TREE02
88093=TREE01
88094=TREE04
88123=TREE12
89091=TREE10
89123=TREE04
89126=TREE08
90079=TREE10
90080=TREE18
90081=TREE05
90090=TREE12
90091=TREE01
90128=TREE03
91053=TREE06
91054=TREE03
91062=TREE08
91063=TREE18
91064=TREE05
91079=TREE07
91080=TREE16
91121=TREE07
91125=TREE02
91126=TREE11
91127=TREE07
92055=TREE09
92056=TREE02
92062=TREE07
92086=TREE10
92088=TREE02
92090=TREE10
92120=TREE04
92124=TREE04
93056=TREE10
93057=TREE01
93082=TREE04
93085=TREE06
93086=TREE06
93120=TREE11
93121=TREE08
93122=TREE01
94083=TREE04
94088=TREE12
94121=TREE05
94125=TREE05
95064=TREE06
95068=TREE06
95080=TREE03
95081=TREE10
95119=TREE12
95120=TREE01
95121=TREE01
95123=TREE10
96063=TREE02
96083=TREE05
96085=TREE04
96120=TREE06
96121=TREE10
97061=TREE11
97062=TREE02
97064=TREE07
97066=TREE05
97116=TREE06
98061=TREE04
98066=TREE02
98098=TIBTRE02
99066=TREE08
99068=TREE09
99118=TREE04
100064=TREE09
100114=TREE04
100115=TREE07
101067=TREE02
102065=TREE06
103113=TREE01
103115=TREE03
104068=TREE06
104113=TREE08
105068=TREE12
105069=TREE05
105112=TREE09
105113=TREE04
106112=TREE04
106113=TREE11
111106=TREE11
112075=TREE05
112105=TREE12
112106=TREE02
113104=TREE03
114077=TREE02
114078=TREE05
114101=TREE05
114102=TREE02
114103=TREE03
114104=TREE05
115099=TREE03
115105=TREE07
116079=TREE07
116080=TREE07
116100=TREE10
117098=TREE07
117099=TREE10
118082=TREE06
118084=TREE06
118085=TREE08
118100=TREE01
119083=TREE03
119084=TREE04
119085=TREE09
119096=TREE04
119098=TREE02
121085=TREE08
121092=TREE08
121095=TREE05
121097=TREE04
122091=TREE12
122093=TREE03
122096=TREE12
123088=TREE01
123090=TREE08
123092=TREE11
123094=TREE05
124089=TREE09
124092=TREE12
125088=TREE09
125090=TREE07
125092=TREE01
125093=TREE07

[Triggers]
01000000=UnitedStates,<none>,[CHANGE]P1 Fortress Switch,0,1,1,1,0
01000002=UnitedStates,<none>,[CHANGE]P2 Satellite,0,1,1,1,0
01000004=UnitedStates,<none>,[CHANGE]P3 Satellite,0,1,1,1,0
0C5E9F3C=Neutral,<none>,@Sounds,0,1,1,1,0

[Waypoints]
0=37037
1=108088
2=88108
8=81069
9=68081
10=69069
155=76058
156=58076
171=76045
172=45076
500=43043
501=110092
502=92110
699=77077



[Digest]
1=iBG05l8KpY4fDXSUZqwOas//dL4=

