; Map created with FinalAlert 2(tm) Mission Editor
; Get it at http://www.westwood.com
; note that all comments were truncated

[Header]
Width=75
Height=71
StartX=218
StartY=49
Waypoint1=255,82
Waypoint2=253,83
Waypoint3=254,84
Waypoint4=255,85
Waypoint5=256,84
Waypoint6=257,84
Waypoint7=256,83
Waypoint8=256,81
NumberStartingPoints=8

[BEAG]
SpeedType=Hover

[BLIGHT]
SpeedType=Hover

[DUST]
SpeedType=Hover

[FAYARD]
TechLevel=11

[FORTRESS]
SpeedType=Hover

[FOX]
SpeedType=Hover

[GAYARD]
TechLevel=11

[HBIRD]
SpeedType=Hover

[LIONH]
SpeedType=Hover

[NAYARD]
TechLevel=11

[ORCA]
SpeedType=Hover

[SEIZER]
SpeedType=Hover

[STORM]
SpeedType=Hover

[VENOM]
SpeedType=Hover

[YAYARD]
TechLevel=11

[Preview]
Size=0,0,158,73

[PreviewPack]
1=nwIAIAQODg0ODg0OILwLAIiEf6gAIL2YAyDMdAOgOi0UACDMBAQgtLADKEAHBYN3h4R/kY
2=2EKEYAhH8gtMgDIMBQAycEBwaHgXeIhH+HhH4nRwCQi4EnLQCIIACJfAcqyAYrTAcvzA4g
3=AIp8BzdMByPsJAADh4R+gX56h4F5i4eDkYqAiIR/i4eCSAYgAH58B0A0JwgAKpwOKiwAAA
4=K4sKG2rqC2rqCIhH+Nh32Lh4OQiSW0LEwHIAByfAdQMicIACocBycvAIF+eydPB7iwoScu
5=AI2HIAB5fAcnQAcidCQpjCSvOoiEfzZMBy18ByocAVyzQHkgAFr8DiosBrw4JNwrJywAIA
6=NMB7w7qHggAGP8DjZMB7wCI4wkNOwVvDi87DYsACAAV3wHrDe0ACdsDi0cFqNwtq6gNuwG
7=IANcACAAS3wltDm0ADNMBy3sFaBzMHwHBqmPeJRlSpJiRiADfAcgAD/8DrQ5tAAqTQeII8
8=xBCIiEf4aCfrOpmLuxIjgzJ8AOMEwHqAMKs56MlWNHlGNHkmFFkzt9B4DiAIuGKNhKuBBU
9=ACAAHnwlQCgnCAAqTAcnLAAMrqieu7Olxr6wopySxr+zJxgOsDi4didQAA+2rqC8sqCqkn
10=uTZEeTYkaTYUUnmAAqjAAqLADsOwqAh4R+rqiet7Cnk4t5KkwHKiwAIAAGfFInQActDB0I
11=iYJ3h4R+ioV/saolTDoPyMC1ysGyyMG3samcrqicvbWnP78GmGtRP48AuLChJ/wIrA2oBg
12=a6s6q7saRjTz8k/Eq8FCAABnwHrCW0ACdsBbgBtAAnbFAqvBUDw7uvsKaVrC5YBCrcDSAS
13=LAC8R1y8KkwHCamekK2hjamgkaujkpxNIn1SkCAABfxKBYiEf4iEf4iEEQAALgYAIAABf4
14=iEf4eBd4iEf4eEfoiEf4mCd6ABAAOIhH+4sKG2rqC2rqCIhH+Nh32Lh4NPAbiwoSdcAAi3
15=sKe6s6qLh4KQiXAFJ1wAKowAOSwAJ68BsqykJ+wAAAi8saPNxLbEvLCwpJKmn5K+uLG+uL
16=C9s6ONh8wQTA1ME6sAkIuBoAG3AA4ODSDbCACwILQAM08HgX57J5wFKlwGJ2wFMHwHVAlQ
17=LEwuKrwAOSwAXAWoACpMByq8AERKBq6lnb2yoaqgjypfAI2Hf6AHKhQASA8qOAAg0nAHKv
18=gDIAxMBzNsBS18Bwa7saS3sKeTi3lcLCq8AC0vAIeBd6h1A6+nnlBANEQ4LRwBA4F+e4R/
19=eKhLLewAswK2rqAnjAlMSSdQA1wOJy8AiIR/IMZ8ByrIAyAYTAcqnAUnbAUtXwa6s6o2fA
20=cn3gGxqig8FypMAUyFA4B9eIqEfC1MASqMACosACcMAiDVfAc2TAcnXABcKScsDCrcBCAD
21=LAAnbAUtLAZQ7wO7saRjTz9UDAW4sKGFfnOKhXSoNkwHuAQw/A4gAwwCJwwgIMl8B1glJw
22=gAJ7wMNowkIAMMBTaMACdsBS1/B7uxpEE6gIMAsqqgJ/gAJyMAtq6gIBtcCSocASeMCSC9
23=fAcnQAcixCsy3CtcKSAD3BMGqY94lGVKkmJGKgwFNiwAJ2wFLX4HvbM37BUgA68Qtq6gIA
24=wMAirsA6wBIKX8HawZtAAqnA4CiIN3h4R8oQWGgn6zqZi7sSI4M6w0uCusAS08FAqznoyV
25=Y0eUY0eSYUWTO3wHnHJyAIuGIus0iIR/LXwHKn8BhoJ+sA45jAAnvAAgCQwCJ0wBBouGfo
26=qEfYOAfyCl/A60ObQAKkwHJywAAAOuqJ67s6XGvrCinJLGv7PGv7PJwrY5bAUMvLKgqpJ7
27=k2RHk2JGk2FFJ9wEJ8wFLewAfDqMAAOHhH6zq54nvwCEAISoAE+vubCfiAQBgJGKgDYcAS
28=pcAC0PApRjRy3sCS0MAkwHpCAJioV/squhu7GklYx4TA2wAlQAII38DkAWJwgAJxwHJ0cA
29=ioV/J9wiD8jAtcrBssjBt7GpnK6onL21pyf8BUwiMy8AmGtRM1wALbwAJ9wBJ6wBVKigOi
30=0XALauoCAGfDQn3AEGmGtRl2ZKl2dKMBwHJ48AuLChJw4Cr6coXwm7saQgk3wHJ/gGLTwd
31=J4wDnQJ5LexIA8O7r7CmlSrsKip8BCAPLgCJgiL8SlivBrGqobKspGxhTjZMByqLB7auoD
32=l8NCAPDAInvAMqXAkJqZ6QraGNqaCRq6OSJxwEIIF8Fj9MByKMJKKfgIA2bCMkb1CUjHhc
33=HS0MDiADbAUiwEEjeyayrKQn2EEq+AY/LAC8OyAPjAmgsrx3bBAjUFQqTActfFIDqqCOqK
34=CPIIF8UipMB6wBJJhXvFZMZ0w6J1wG7TuAJNxGvAWsIieMACAJfAeoBkxAvwiIhH8qbFA/
35=HAc2gwC2rqAgCQwCuzq4sKEnTAcqDAJME7AUuwS7sKIghHxSJzwFjItsoCpPB4eEfipMBy
36=qMAyosADb8DqzfSwyQi4EqvAAtLABUMKgqUHQnDAU2ywaEAIQgA4wAuAdECyAGfAdQFKgA
37=NkwHIAwcBFyVtAlUACBRfCVQDicIAKxzrDqwAiAGTAcqjAY2fQe6I+BmWApMHCdQBqx8J9
38=wBArGqoWxgcOk8PB0n+AC/hpqMeTy8ACd8B6xMJ/xZuAdUADaMJCpcAyADTAcqvAAnHAQg
39=UXwHUCwnCAAnbAUtzA4nDAUqzAIgAywANuxIJGxQvA42bFCgMTMUACc8AgOsn5DVs22IAA
40=Nsm414m40lnF8z1AAqUAC87yf8WVg6qABNWLE1zFlUFSfcASAD7AMqjAAnHAQgRXwHSBUn
41=CAAzTAcgD3wKKiwDKiwAJ9wKrHMnaAAksDCoKgOyqqBtYk+w1yoIBi0sACdsBew6BGzVs2
42=z/AAAnCAADm414mox5IAn8DqxMAmJQPoiEKOw2J5wCvBEgMBwEIDl8BydABy1sDrw7TBwg
43=BiwDIA9sULwOLdwEJGxQqDYtHAcqOACgBF+trJ+QJxwHMCAAKvwOCpqMebauoIQAhIQAhI
44=QRAAAsBgAgBACEhACEhAAxCAAPtq6gwrimuLChtq6gtq6guLChJy8AgX57JywAKlwALSwA
45=BqmPeJRlSpJiRi1cADPsAAKNh3+IhC4LAJCLgSpTAA4ODSAPCAAq+AAFioN2kIuEioV0DC
46=cvAIaCfi08ArgBLRQAAAG4sKG9tKeznoyVY0eRYUWYZkqTIAVcAwGLhn6AgAAtDAUzzAWw
47=AqgPCbauoKyfkLGlkf8AACADCAAD1bNsm414iQ2ATAeoCTkUAC08AjAcBDDcByccB7wgA5
48=RjR5JhRSAJHAQFioR9g4B/kIl8Lwm7saScjnWRioCIhH+vAYiEfyAYcAcJtq6gjYd/jYd9
49=i4eDKiwAXAsnzAItvAMqXAAMvLKgqpJ7k2RHk2JGk2FFJ/wFKowALSwAvEpPSbivojC8AD
50=nYBVwIrDQDycCz1bNtIANkB0wEBq+jjq+jjriwoTlkAagDXAsnPwK5sJ+sDSBCHAQqTBAq
51=LAAgElgHJxgIsCxECCpMB144iITMPVyDKrwDNi8AmGtRJ0wENowADLiwoYeBd4iEf4eEfq
52=+nnjy8AKgtMxQAJ3wBIAN8ByASTAcnfAEJtq6gu7Gkt7Cnk4t5IDYcBFwvJxwEICdMBydz
53=Bw4ODVwLqAAtfAcnLA8gBlwDKkwELSwAJ04Hsaoo/BoqjABmPoF5vIYnXAAzZAewAiePAM
54=nAs0BzJwgAA9WzbbOnlyAVnA6wdC0MAl/vurOqIAx8BydsAkxkLSwAJxwEKhwHKiwAVGwq
55=aAYgJCwAsDtECzB8BydoAC2cAie8CbwCuAEtLAAGiYJ3h4R+iIR/NkwHXBqrKoCAgCcsCS
56=pMBKg5MxQArw22rqC/d9WzbCAVTAdAHCcoASe8EioMArw7A7uxpGNPPyqwAC2MACcQATBc
57=ACccBFwdoCVYFiosAEQvICQcBzYQAVgWqAAwfAes8Uz9OfwCJ88CuLChJy8DsqykKlwAJy
58=wAKlwDJ3AHvA4nDAInrAEzZAewAgO4sKHLwrakCCAPPB0qDAInrAGsELwdLYwGBrewp7qz
59=qpSMeCASHAQqrAEqLAAgP0wHKqwHoCtEDi2MAydMDTxcAyf4ACADTAcqPAUqLAAnrAEqbA
60=WoOTMUACAnTActDAKsGSoPArauoCAGfAesB1yVKhwHKiwARCwq2AUgSCwAJ2ACLXwHJ7wS
61=LfwdCbGml6+kkameip6XjjaMJCpcAyoMBTYsACAPfAcz0weEAIQqfAEgJAwCMHwlsIZUAC
62=qsKEwoM4wSIFdMByrwCEwTqAAtfAcnzAUACJCLgbmvoZWPhpyUiK2jkaukl6qfjq6llcG3
63=IuA/J1wDUAgnLAAqnAUgAywAJywJKuwMNhAHLVwAKnwBIA9MByrsACe8A6wQA6adjaWcjL
64=zvJ3wlWDqrAIeEfiqsASosACBjTAcgBnwHSDaoAAnGv7O1rJ66r56upZUqTAQqXAMqXAAg
65=DywALWwFvEQtHAcqOAAqfAFEFLwFvDIgGCwAAAOIhH+qoI+tp52ajXSbkoCQiHmjl4S8Ow
66=O7saRiUD4gcuwVKhwHNiwAXCOoADb8Di3cBCAGTAcgFVxOKqwBKkAHIBXsFSAJDAIABpqP
67=ep6Re56OeJyOeFZWVK+jkChaAChaAC2sKyrsAyBvnA4gG3wHIAlcTid8UiAPXE68ni18B7
68=x0qHJMEKwEVAC8AiAqbFADnI55raifv1woWgAqHAcqLAAgh0wHKqwHsBpEFzb8Dj9cTrwv
69=IBV/UoV+czZ8UkxnA7mwn7ewp0cUkIuBWDqoACoMCC0sACASDAInzEFUDKAZXA4gn0wHIA
70=N8ByfMIy38LC3sDLBoXCwgMHxSrN8nbCMt3AEnLAYqXAAgDwwCKhwHKiwAVF0qiAQgnCwA
71=XFaoADb8Dlw7UNEzPAUqbAU5LAAnjQyxNXxSoHMzb1CUjHggGOxIKswCJ+xFKhwHKiwAIK
72=tMBypACrA7VBswfAcnaAA57AYqDAUqLAAnPAU2TAdQCye8ACesEFyAKqwBIAZsQSccASrs
73=ACo8TSocByosAFQeKigEILQsAFwsqAAwfAckvE48/EoqbAUnTAcgDyxLA42Hf4uHgzD8Di
74=ASfAesGSAtLDMRAABTAwAgBA4ODQ4ODQ4glQsAiIR/qAAJtq6gjYd/jYd9i4eDKiwADJCJ
75=f7iwobiwobauoLauoC0sAKwHA4iEf7KspDOPAIF+ezNcACoeAY2HKAwCKlwACbuxpLewp5
76=OLeZCLgSpcAC0sAAaHgXeIhH+HhH5QESesASrfAYiEfyCWdAYgIdgCTCKoACpMB144iITM
77=PS1sBQyxppevpJGpnoqel46vp54nPAUqzAUqbAUqXAA2LAAqXAkqjwC6s6o2fAcnTAcqrA
78=EqLAAg20wHKlQIsDtUIS18ByfMBQAJkIuBua+hlY+GnJSIraORq6SXqp+OrqWVwbemKiwG
79=KmwFKlwAIAMsACesAVxKQEYPpp2NpZyMtq6gurOqu7GkY08/UBQFuLChhX5zioVkfSqsAS
80=osAFQYKmgDIOQsAEgnqAAwfAe8AlAmCca/s7Wsnrqvnq6llSq8BkAEWDEz3BYgDFwAWLsA
81=A6qgj62nnZqNdJuSgJCIeaOXhLauoFA7SLQDl4x3ioaAKhwHKiwAWBMg5BwHNhAETDSoAD
82=B8B6/xKFoAKkwHKmwFKlwALSwABqmPeJRlSpJiRi1cADDcBw+aj3qekXuejnicjnhWVlSv
83=o5AnjAAqrAEqLAAg/0wHKqwHsDtEJjZ8B1hzAYaCfoDgAD+8BgqznoyVY0eUY0eSYUWTIA
84=J8BwOcjnmtqJ+7ELauoCocByosAEQUKtgCIAAJLACgK1QnLXwHKnwl7TuAvOMnfA0qrAcM
85=vLKgqpJ7k2RHk2JGk2FFM4wAKr8AuLChJ4wkTBAnvAAgACRMByrwC0wrqAAtfAcnzCMt/C
86=wtjAYnXwaYa1EnLAA2jAAqTAcqHAcqLABETSp4AiAAISwAsDtUKjB8BydoADm8BiADTweJ
87=gnckcDoqHAcqLABUDyAAIRwHNgAFJxAHMHwHJHwlPHxDNnwHIABdTAcqrAcgKnwHJygBKm
88=wOKiwAIAA8nA4qTAcqLAAnUAYt/A4qfCU5fBYgAEWMJCq8BiAPLAA2fAc5fCUnTAcqbA4q
89=LAAgAFScDjbcBzl8BydoACAAGGxQNswFIEtcACcQBy18Fif8DiAAG2xQIEscBzasATZ/B4
90=qEfSdsLCAAeOwVNkwHKlwANnwHIAALTAcRAABHACoHBA0ODg0ODg0gdQsAiIR/qAAPtq6g
91=ioR9uLChtq6gtq6giIR/IHXAAiAAD1QCsDtUOSAAq0wHKggMRDsqOAAgAACfLAARAAA=

[Basic]
Name=(8) Level Ground Dancing
Percent=0
GameMode=standard
HomeCell=98
InitTime=10000
Official=yes
EndOfGame=no
FreeRadar=no
MaxPlayer=8
MinPlayer=2
SkipScore=no
TrainCrate=no
TruckCrate=no
AltHomeCell=99
OneTimeOnly=no
CarryOverCap=0
NewINIFormat=4
NextScenario=
SkipMapSelect=no
CarryOverMoney=0.000000
AltNextScenario=
MultiplayerOnly=1
IceGrowthEnabled=yes
VeinGrowthEnabled=yes
TiberiumGrowthEnabled=yes
IgnoreGlobalAITriggers=no
TiberiumDeathToVisceroid=no

[CellTags]

[IsoMapPack5]
1=9wsAIA9QAAEAXQYAAAAMAE8AAgD//wBpAVBKAV0GiQFRKCgAAU4AAwDVAk8oKQBQKCkAUS
2=gpAFIoKwBNAAT5Bk4oKQBPKCkAUCgpAFEoKQBSKCkAUygrAEwABfEJTSgpAE4oKQBPKCkA
3=UCgpAFEoKQBSKCkAUygpAFQoKwBLAAbpDEwoKQBNKCkATigpAE8oKQBQKCkAUSgpAFIoKQ
4=BTKCkAVCgpAFUoKwBKAAfhD0soKQBMKCkATSgpAE4oKQBPKCkAUCgpAFEoKQBSKCkAUygp
5=AFQoKQBVKCkAVigrAEkACPkRSigpAEsoKQBMKCkATSgpAE4oKQBPKCkAUCgpAFEoKQBSKC
6=kAUygpAFQoKQBVKCkAVigpAFcoKwBIAAnxFEkoKQBKKCkASygpAEwoKQBNKCkATigpAE8o
7=KQBQKCkAUSgpAFIoKQBTKCkAVCgpAFUoKQBWKCkAVygpAFgoKwBHAArpF0goKQBJKCkASi
8=gpAEsoKQBMKCkATSgpAE4oKQBPKCkAUCgpAFEoKQBSKCkAUygpAFQoKQBVKCkAVigpAFco
9=KQBYKCkAWSgrAEYAC+EaRygpAEgoKQBJKCkASigpAEsoKQBMKCkATSgpAE4oKQBPKCkAUC
10=gpAFEoKQBSKCkAUygpAFQoKQBVKCkAVigpAFcoKQBYKCkAWSgpAFooKQBFTKXZoEYoKQBH
11=KCkASCgpAEkoKQBKKCkASygpAEwoKQBNKCkATigpAE8oKQBQKCkAUSgpAFIoKQBTKCkAVC
12=gpAFUoKQBWKCkAVygpAFgoKQBZKCkAWigpAFsoKwBEAA3tPEUoKQBGKCkARygpAEgoKQBJ
13=KCkASigpAEsoKQBMKCkATSgpAE4oKQBPKCkAUCgpAFEoKQBSKCkAUygpAFQoKQBVKCkAVi
14=gpAFcoKQBYKCkAWSgpAFooKQBbKCkAXCgrAEMADukiRCgpAEUoKQBGKCkARygpAEgoKQBJ
15=KCkASigpAEsoKQBMKCkATSgpAE4oKQBPKCkAUCgpAFEoKQBSKCkAUygpAFQoKQBVKCkAVi
16=gpAFcoKQBYKCkAWSgpAFooKQBbKCkAXCgpAF0oKwBCAA/hJUMoKQBEKCkARSgpAEYoKQBH
17=KCkASCgpAEkoKQBKKCkASygpAEwoKQBNKCkATigpAE8oKQBQKCkAUSgpAFIoKQBTKCkAVC
18=gpAFUoKQBWKCkAVygpAFgoKQBZKCkAWigpAFsoKQBcKCkAXSgpAF4oKwBBABD5J0IoKQBD
19=KCkARCgpAEUoKQBGKCkARygpAEgoKQBJKCkASigpAEsoKQBMKCkATSgpAE4oKQBPKCkAUC
20=gpAFEoKQBSKCkAUygpAFQoKQBVKCkAVigpAFcoKQBYKCkAWSgpAFooKQBbKCkAXCgpAF0o
21=KQBeKCkAXygrAEAAEfEqQSgpAEIoKQBDKCkARCgpAEUoKQBGKCkARygpAEgoKQBJKCkASi
22=gpAEsoKQBMKCkATSgpAE4oKQBPKCkAUCgpAFEoKQBSKCkAUygpAFQoKQBVKCkAVigpAFco
23=KQBYKCkAWSgpAFooKQBbKCkAXCgpAF0oKQBeKCkAXygpAGAoKwA/ABLpLUAoKQBBKCkAQi
24=gpAEMoKQBEKCkARSgpAEYoKQBHKCkASCgpAEkoKQBKKCkASygpAEwoKQBNKCkATigpAE8o
25=KQBQKCkAUSgpAFIoKQBTKCkAVCgpAFUoKQBWKCkAVygpAFgoKQBZKCkAWigpAFsoKQBcKC
26=kAXSgpAF4oKQBfKCkAYCgpAGEoKAADPgATACUAQwALAD9IASUNI0AoKQBBKCkAQigpAEMo
27=KQBEKCkARSgpAEYoKQBHKCkASCgpAEkoKQBKKCkASygpAEwoKQBNKCkATigpAE8oKQBQKC
28=kAUSgpAFIoKQBTKCkAVCgpAFUoKQBWKCkAVygpAFgoKQBZKCkAWigpAFsoKQBcKCkAXSgp
29=AF4oKQBfKCkAYCgpAGEoKQBiKCsAPQAU/WI+KCkAPygpAEAoKQBBKCkAQigpAEMoKQBEKC
30=kARSgpAEYoKQBHKCkASCgpAEkoKQBKKCkASygpAEwoKQBNKCkATigpAE8oKQBQKCkAUSgp
31=AFIoKQBTKCkAVCgpAFUoKQBWKCkAVygpAFgoKQBZKCkAWigpAFsoKQBcKCkAXSgpAF4oKQ
32=BfKCkAYCgpAGEoKQBiKCkAYygrADwAFfE1PSgpAD4oKQA/KCkAQCgpAEEoKQBCKCkAQygp
33=AEQoKQBFKCkARigpAEcoKQBIKCkASSgpAEooKQBLKCkATCgpAE0oKQBOKCkATygpAFAoKQ
34=BRKCkAUigpAFMoKQBUKCkAVSgpAFYoKQBXKCkAWCgpAFkoKQBaKCkAWygpAFwoKQBdKCkA
35=XigpAF8oKQBgKCkAYSgpAGIoKQBjKCkAZCgrADsAFuk4PCgpAD0oKQA+KCkAPygpAEAoKQ
36=BBKCkAQigpAEMoKQBEKCkARSgpAEYoKQBHKCkASCgpAEkoKQBKKCkASygpAEwoKQBNKCkA
37=TigpAE8oKQBQKCkAUSgpAFIoKQBTKCkAVCgpAFUoKQBWKCkAVygpAFgoKQBZKCkAWigpAF
38=soKQBcKCkAXSgpAF4oKQBfKCkAYCgpAGEoKQBiKCkAYygpAGQoKQBlKCsAOgAX4Ts7KCkA
39=PCgpAD0oKQA+KCkAPygpAEAoKQBBKCkAQigpAEMoKQBEKCkARSgpAEYoKQBHKCkASCgpAE
40=koKQBKKCkASygpAEwoKQBNKCkATigpAE8oKQBQKCkAUSgpAFIoKQBTKCkAVCgpAFUoKQBW
41=KCkAVygpAFgoKQBZKCkAWigpAFsoKQBcKCkAXSgpAF4oKQBfKCkAYCgpAGEoKQBiKCkAYy
42=gpAGQoKQBlKCkAZigoAAM5ABgAHQBDAAsAOkgBJTkjOygpADwoKQA9KCkAPigpAD8oKQBA
43=KCkAQSgpAEIoKQBDKCkARCgpAEUoKQBGKCkARygpAEgoKQBJKCkASigpAEsoKQBMKCkATS
44=gpAE4oKQBPKCkAUCgpAFEoKQBSKCkAUygpAFQoKQBVKCkAVigpAFcoKQBYKCkAWSgpAFoo
45=KQBbKCkAXCgpAF0oKQBeKCkAXygpAGAoKQBhKCkAYigpAGMoKQBkKCkAZSgpAGYoKQBnKC
46=gAAjgAGQAhTEABAAsAOUgBJXkrOkgBJz0IGfGCPChVAD0oKQA+KCkAPygpAEAoKQBBKCkA
47=QigpAEMoKQBEKCkARSgpAEYoKQBHKCkASCgpAEkoKQBKKCkASygpAEwoKQBNKCkATigpAE
48=8oKQBQKCkAUSgpAFIoKQBTKCkAVCgpAFUoKQBWKCkAVygpAFgoKQBZKCkAWigpAFsoKQBc
49=KCkAXSgpAF4oKQBfKCkAYCgpAGEoKQBiKCkAYygpAGQoKQBlKCkAZigpAGcoKQBoKCgAAj
50=cAGgAeqUM4SAHJQzlIAclDOigpADsoKQA8KCkAPSgpAD4oKQA/KCkAQCgpAEEoKQBCKCkA
51=QygpAEQoKQBFKCkARigpAEcoKQBIKCkASSgpAEooKQBLKCkATCgpAE0oKQBOKCkATygpAF
52=AoKQBRKCkAUigpAFMoKQBUKCkAVSgpAFYoKQBXKCkAWCgpAFkoKQBaKCkAWygpAFwoKQBd
53=KCkAXigpAF8oKQBgKCkAYSgpAGIoKQBjKCkAZCgpAGUoKQBmKCkAZygpAGgoKQBpKCsANg
54=Ab6YU3KCkAOCgpADkoKQA6KCkAOygpADwoKQA9KCkAPigpAD8oKQBAKCkAQSgpAEIoKQBD
55=KCkARCgpAEUoKQBGKCkARygpAEgoKQBJKCkASigpAEsoKQBMKCkATSgpAE4oKQBPKCkAUC
56=gpAFEoKQBSKCkAUygpAFQoKQBVKCkAVigpAFcoKQBYKCkAWSgpAFooKQBbKCkAXCgpAF0o
57=KQBeKCkAXygpAGAoKQBhKCkAYigpAGMoKQBkKCkAZSgpAGYoKQBnKCkAaCgpAGkoKQBqKC
58=sANQAc+Ug2KCkANygpADgoKQA5KCkAOigpADsoKQA8KCkAPSgpAD4oKQA/KCkAQCgpAEEo
59=KQBCKCkAQygoAAVEABwAXQYAABEAANgLACAIAAwARQAcAF0GAABIAQFGABwAyQFHKCkASC
60=gpAEkoKQBKKCkASygpAEwoKQBNKCkATigpAE8oKQBQKCkAUSgpAFIoKQBTKCkAVCgpAFUo
61=KQBWKCkAVygpAFgoKQBZKCkAWigpAFsoKQBcKCkAXSgpAF4oKQBfKCkAYCgpAGEoKQBiKC
62=kAYygpAGQoKQBlKCkAZigpAGcoKQBoKCkAaSgpAGooKQBrKCsANAAd5TQ1KCkANigpADco
63=KQA4KCkAOSgpADooKQA7KCkAPCgpAD0oKQA+KCkAPygpAEAoKQBBKCkAQigpAEMoKQBEKC
64=kARSgpAEYoKQBHKCkASCgpAEkoKQBKKCkASygpAEwoKQBNKCkATigpAE8oKQBQKCkAUSgp
65=AFIoKQBTKCkAVCgpAFUoKQBWKCkAVygpAFgoKQBZKCkAWigpAFsoKQBcKCkAXSgpAF4oKQ
66=BfKCkAYCgpAGEoKQBiKCkAYygpAGQoKQBlKCkAZigpAGcoKQBoKCkAaSgpAGooKQBrKCkA
67=bCgrADMAHlABX4MLADRIAd2DNSgpADYoKQA3KCkAOCgpADkoKQA6KCkAOygpADwoKQA9KC
68=kAPigpAD8oKQBAKCkAQSgpAEIoKQBDKCkARCgpAEUoKQBGKCkARygpAEgoKQBJKCkASigp
69=AEsoKQBMKCkATSgpAE4oKQBPKCkAUCgpAFEoKQBSKCkAUygpAFQoKQBVKCkAVigpAFcoKQ
70=BYKCkAWSgpAFooKQBbKCkAXCgpAF0oKQBeKCkAXygpAGAoKQBhKCkAYigpAGMoKQBkKCkA
71=ZSgpAGYoKQBnKCkAaCgpAGkoKQBqKCkAaygpAGwoKQBtKCsAMgAfo1EKADPoAW1SHyhEFC
72=cpADZABMVVNygpADgoKQA5KCkAOigpADsoKQA8KCkAPSgpAD4oKQA/KCkAQCgpAEEoKQBC
73=KCkAQygpAEQoKQBFKCkARigpAEcoKQBIKCkASSgpAEooKQBLKCkATCgpAE0oKQBOKCkATy
74=gpAFAoKQBRKCkAUigpAFMoKQBUKCkAVSgpAFYoKQBXKCkAWCgpAFkoKQBaKCkAWygpAFwo
75=KQBdKCkAXigpAF8oKQBgKCkAYSgpAGIoKQBjKCkAZCgpAGUoKQBmKCkAZygpAGgoKQBpKC
76=kAaigpAGsoKQBsKCkAbSgpAG4oKwAxACBMVV+kCgAySQElRQEAZVUgsFZlVSAopAonKQA2
77=TAUnpAonVQA4KFUAOSgpADooKQA7KCkAPCgpAD0oKQA+KCkAPygpAEAoKQBBKCkAQigpAE
78=MoKQBEKCkARSgpAEYoKQBHKCkASCgpAEkoKQBKKCkASygpAEwoKQBNKCkATigpAE8oKQBQ
79=KCkAUSgpAFIoKQBTKCkAVCgpAFUoKQBWKCkAVygpAFgoKQBZKCkAWigpAFsoKQBcKCkAXS
80=gpAF4oKQBfKCkAYCgpAGEoKQBiKCkAYygpAGQoKQBlKCkAZigpAGcoKQBoKCkAaSgpAGoo
81=KQBrKCkAbCgpAG0oKQBuKCkAbygrADAAIbNWCwAxKCkAMigpADNIAYhZfVchKPwKJykANk
82=AEJ/wKJ1UAOChVADkoKQA6KCkAOygpADwoKQA9KCkAPigpAD8oKQBAKCkAQSgpAEIoKQBD
83=KCkARCgpAEUoKQBGKCkARygpAEgoKQBJKCkASigpAEsoKQBMKCkATSgpAE4oKQBPKCkAUC
84=gpAFEoKQBSKCkAUygpAFQoKQBVKCkAVigpAFcoKQBYKCkAWSgpAFooKQBbKCkAXCgpAF0o
85=KQBeKCkAXygpAGAoKQBhKCkAYigpAGMoKQBkKCkAZSgpAGYoKQBnKCkAaCgpAGkoKQBqKC
86=kAaygpAGwoKQBtKCkAbigpAG8oKQBwKCsALwAi+VMwKCkAMSgpADIoKQAzKCkANCgpADUo
87=KQA2KCkANygpADgoKQA5KCkAOigpADsoKQA8KCkAPSgpAD4oKQA/KCkAQCgpAEEoKQBCKC
88=kAQygpAEQoKQBFKCkARigpAEcoKQBIKCkASSgpAEooKQBLKCkATCgpAE0oKQBOKCkATygp
89=AFAoKQBRKCkAUigpAFMoKQBUKCkAVSgpAFYoKQBXKCkAWCgpAFkoKQBaKCkAWygpAFwoKQ
90=BdKCkAXigpAF8oKQBgKCkAYSgpAGIoKQBjKCkAZCgpAGUoKQBmKCkAZygpAGgoKQBpKCkA
91=aigpAGsoKQBsKCkAbSgpAG4oKQBvKCkAcCgpAHEoKwAuACPhXC8oKQAwKCkAMSgpADIoKQ
92=AzKCkANCgpADUoKQA2KCkANygpADgoKQA5KCkAOigpADsoKQA8KCkAPSgpAD4oKQA/KCkA
93=QCgpAEEoKQBCKCkAQygpAEQoKQBFKCkARigpAEcoKQBIKCkASSgpAEooKQBLKCkATCgpAE
94=0oKQBOKCkATygpAFAoKQBRKCkAUigpAFMoKQBUKCkAVSgpAFYoKQBXKCkAWCgpAFkoKQBa
95=KCkAWygpAFwoKQBdKCkAXigpAF8oKQBgKCkAYSgpAGIoKQBjKCkAZCgpAGUoKQBmKCkAZy
96=gpAGgoKQBpKCkAaigpAGsoKQBsKCkAbSgpAG4oKQBvKCkAcCgpAHEoKQByKCsALQAk+V4u
97=KCkALygpADAoKQAxKCkAMigpADMoKQA0KCkANSgpADYoKQA3KCkAOCgpADkoKQA6KCkAOy
98=gpADwoKQA9KCkAPigpAD8oKQBAKCkAQSgpAEIoKQBDKCkARCgpAEUoKQBGKCkARygpAEgo
99=KQBJKCkASigpAEsoKQBMKCkATSgpAE4oKQBPKCkAUCgpAFEoKQBSKCkAUygpAFQoKQBVKC
100=kAVigpAFcoKQBYKCkAWSgpAFooKQBbKCkAXCgpAF0oKQBeKCkAXygpAGAoKQBhKCkAYigp
101=AGMoKQBkKCkAZSgpAGYoKQBnKCkAaCgpAGkoKQBqKCkAaygpAGwoKQBtKCkAbigpAG8oKQ
102=BwKCkAcSgpAHIoKQBzKCsALAAl8WEtKCkALigpAC8oKQAwKCkAMSgpADIoKQAzKCkANCgp
103=ADUoKQA2KCkANygpADgoKQA5KCkAOigpADsoKQA8KCkAPSgpAD4oKQA/KCkAQCgpAEEoKQ
104=BCKCkAQygpAEQoKQBFKCkARigpAEcoKQBIKCkASSgpAEooKQBLKCkATCgpAE0oKQBOKCkA
105=TygpAFAoKQBRKCkAUigpAFMoKQBUKCkAVSgpAFYoKQBXKCkAWCgpAFkoKQBaKCkAWygpAF
106=woKQBdKCkAXigpAF8oKQBgKCkAYSgpAGIoKQBjKCkAZCgpAGUoKQBmKCkAZygpAGgoKQBp
107=KCkAaigpAGsoKQBsKCkAbSgpAG4oKQBvKCkAcCgpAHEoKQByKCkAcygpAHQoKwArACbpZC
108=woKQAtKCkALigpAC8oKQAwKCkAMSgpADIoKQAzKCkANCgpADUoKQA2KCkANygpADgoKQA5
109=KCkAOigpADsoKQA8KCkAPSgpAD4oKQA/KCkAQCgpAEEoKQBCKCkAQygpAEQoKQBFKCkARi
110=gpAEcoKQBIKCkASSgpAEooKQBLKCkATCgpAE0oKQBOKCkATygpAFAoKQBRKCkAUigpAFMo
111=KQBUKCkAVSgpAFYoKQBXKCkAWCgpAFkoKQBaKCkAWygpAFwoKQBdKCkAXigpAF8oKQBgKC
112=kAYSgpAGIoKQBjKCkAZCgpAGUoKQBmKCkAZygpAGgoKQBpKCkAaigpAGsoKQBsKCkAbSgp
113=AG4oKQBvKCkAcCgpAHEoKQByKCkAcygpAHQoKQB1KCsAKgAn4WcrKCkALCgpAC0oKQAuKC
114=kALygpADAoKQAxKCkAMigpADMoKQA0KCkANSgpADYoKQA3KCkAOCgpADkoKQA6KCkAOygp
115=ADwoKQA9KCkAPigpAD8oKQBAKCkAQSgpAEIoKQBDKCkARCgpAEUoKQBGKCkARygpAEgoKQ
116=BJKCkASigpAEsoKQBMKCkATSgpAE4oKQBPKCkAUCgpAFEoKQBSKCkAUygpAFQoKQBVKCkA
117=VigoAAJXACcAXREAANMLACAIBgAAAAwAWAAnAF2qAVkAJykAWigpAFsoKQBcKCkAXSgpAF
118=4oKQBfKCkAYCgpAGEoKQBiKCkAYygpAGQoKQBlKCkAZigpAGcoKQBoKCkAaSgpAGooKQBr
119=KCkAbCgpAG0oKQBuKCkAbygpAHAoKQBxKCkAcigpAHMoKQB0KCkAdSgpAHYoKwApACjxKi
120=ooKQArKCkALCgpAC0oKQAuKCkALygpADAoKQAxKCkAMigpADMoKQA0KCkANSgpADYoKQA3
121=KCkAOCgpADkoKQA6KCkAOygpADwoKQA9KCkAPigpAD8oKQBAKCkAQSgpAEIoKQBDKCkARC
122=gpAEUoKQBGKCkARygpAEgoKQBJKCkASigpAEsoKQBMKCkATSgpAE4oKQBPKCkAUCgpAFEo
123=KQBSKCkAUygpAFQoKQBVKCkAVigpAFcoKQBYKCkAWSgpAFooKQBbKCkAXCgpAF0oKQBeKC
124=kAXygpAGAoKQBhKCkAYigpAGMoKQBkKCkAZSgpAGYoKQBnKCkAaCgpAGkoKQBqKCkAaygp
125=AGwoKQBtKCkAbigpAG8oKQBwKCkAcSgpAHIoKQBzKCkAdCgpAHUoKQB2KCkAdygrACgAKf
126=FsKSgpACooKQArKCkALCgpAC0oKQAuKCkALygpADAoKQAxKCkAMigpADMoKQA0KCkANSgp
127=ADYoKQA3KCkAOCgpADkoKQA6KCkAOygpADwoKQA9KCkAPigpAD8oKQBAKCkAQSgpAEIoKQ
128=BDKCkARCgpAEUoKQBGKCkARygpAEgoKQBJKCkASigpAEsoKQBMKCkATSgpAE4oKQBPKCkA
129=UCgpAFEoKQBSKCkAUygpAFQoKQBVKCkAVigpAFcoKQBYKCkAWSgpAFooKQBbKCkAXCgpAF
130=0oKQBeKCkAXygpAGAoKQBhKCkAYigpAGMoKQBkKCkAZSgpAGYoKQBnKCkAaCgpAGkoKQBq
131=KCkAaygpAGwoKQBtKCkAbigpAG8oKQBwKCkAcSgpAHIoKQBzKCkAdCgpAHUoKQB2KCkAdy
132=gpAHgoKwAnACrpbygoKQApKCkAKigpACsoKQAsKCkALSgpAC4oKQAvKCkAMCgpADEoKQAy
133=KCkAMygpADQoKQA1KCkANigpADcoKQA4KCkAOSgpADooKQA7KCkAPCgpAD0oKQA+KCkAPy
134=gpAEAoKQBBKCkAQigpAEMoKQBEKCkARSgpAEYoKQBHKCkASCgpAEkoKQBKKCkASygpAEwo
135=KQBNKCkATigpAE8oKQBQKCkAUSgpAFIoKQBTKCkAVCgpAFUoKQBWKCkAVygpAFgoKQBZKC
136=kAWigpAFsoKQBcKCkAXSgpAF4oKQBfKCkAYCgpAGEoKQBiKCkAYygpAGQoKQBlKCkAZigp
137=AGcoKQBoKCkAaSgpAGooKQBrKCkAbCgpAG0oKQBuKCkAbygpAHAoKQBxKCkAcigpAHMoKQ
138=B0KCkAdSgpAHYoKQB3KCkAeCgpAHkoKwAmACvhcicoKQAoKCkAKSgpACooKQArKCkALCgp
139=AC0oKQAuKCkALygpADAoKQAxKCkAMigpADMoKQA0KCkANSgpADYoKQA3KCkAOCgpADkoKQ
140=A6KCkAOygpADwoKQA9KCkAPigpAD8oKQBAKCkAQSgpAEIoKQBDKCkARCgpAEUoKQBGKCkA
141=RygpAEgoKQBJKCkASigpAEsoKQBMKCkATSgpAE4oKQBPKCkAUCgpAFEoKQBSKCkAUygpAF
142=QoKQBVKCkAVigpAFcoKQBYKCkAWSgpAFooKQBbKCkAXCgpAF0oKQBeKCkAXygpAGAoKQBh
143=KCkAYigpAGMoKQBkKCkAZSgpAGYoKQBnKCkAaCgpAGkoKQBqKCkAaygpAGwoKQBtKCkAbi
144=gpAG8oKQBwKCkAcSgpAHIoKQBzKCkAdCgpAHUoKQB2KCkAdygpAHgoKQB5KCkAeigrACUA
145=LPl0JigpACcoKQAoKCkAKSgpACooKQArKCkALCgpAC0oKQAuKCkALygpADAoKQAxKCkAMi
146=gpADMoKQA0KCkANSgpADYoKQA3KCkAOCgpADkoKQA6KCkAOygpADwoKQA9KCkAPigpAD8o
147=KQBAKCkAQSgpAEIoKQBDKCkARCgpAEUoKQBGKCkARygpAEgoKQBJKCkASigpAEsoKQBMKC
148=kATSgpAE4oKQBPKCkAUCgpAFEoKQBSKCkAUygpAFQoKQBVKCkAVigpAFcoKQBYKCkAWSgp
149=AFooKQBbKCkAXCgpAF0oKQBeKCkAXygpAGAoKQBhKCkAYigpAGMoKQBkKCkAZSgpAGYoKQ
150=BnKCkAaCgpAGkoKQBqKCkAaygpAGwoKQBtKCkAbigpAG8oKQBwKCkAcSgpAHIoKQBzKCkA
151=dCgpAHUoKQB2KCkAdygpAHgoKQB5KCkAeigpAHsoKwAkAC3xdyUoKQAmKCkAJygpACgoKQ
152=ApKCkAKigpACsoKQAsKCkALSgpAC4oKQAvKCkAMCgpADEoKQAyKCkAMygpADQoKQA1KCkA
153=NigpADcoKQA4KCkAOSgpADooKQA7KCkAPCgpAD0oKQA+KCkAPygpAEAoKQBBKCkAQigpAE
154=MoKQBEKCkARSgpAEYoKQBHKCkASCgpAEkoKQBKKCkASygpAEwoKQBNKCkATigpAE8oKQBQ
155=KCkAUSgpAFIoKQBTKCkAVCgpAFUoKQBWKCkAVygpAFgoKQBZKCkAWigpAFsoKQBcKCkAXS
156=gpAF4oKQBfKCkAYCgpAGEoKQBiKCkAYygpAGQoKQBlKCkAZigpAGcoKQBoKCkAaSgpAGoo
157=KQBrKCkAbCgpAG0oKQBuKCkAbygpAHAoKQBxKCkAcigpAHMoKQB0KCkAdSgpAHYoKQB3KC
158=kAeCgpAHkoKQB6KCkAeygpAHwoKwAjAC7peiQoKQAlKCkAJigpACcoKQAoKCkAKSgpACoo
159=KQArKCkALCgpAC0oKQAuKCkALygpADAoKQAxKCkAMigpADMoKQA0KCkANSgpADYoKQA3KC
160=kAOCgpADkoKQA6KCkAOygpADwoKQA9KCkAPigpAD8oKQBAKCkAQSgpAEIoKQBDKCkARCgp
161=AEUoKQBGKCkARygpAEgoKQBJKCkASigpAEsoKQBMKCkATSgpAE4oKQBPKCkAUCgpAFEoKQ
162=BSKCkAUygpAFQoKQBVKCkAVigpAFcoKQBYKCkAWSgpAFooKQBbKCkAXCgpAF0oKQBeKCkA
163=XygpAGAoKQBhKCkAYigpAGMoKQBkKCkAZSgpAGYoKQBnKCkAaCgpAGkoKQBqKCkAaygpAG
164=woKQBtKCkAbigpAG8oKQBwKCkAcSgpAHIoKQBzKCkAdCgpAHUoKQB2KCkAdygpAHgoKQB5
165=KCkAeigpAHsoKQB8KCkAfSgrACIAL+F9IygpACQoKQAlKCkAJigpACcoKQAoKCkAKSgpAC
166=ooKQArKCkALCgpAC0oKQAuKCkALygpADAoKQAxKCkAMigpADMoKQA0KCkANSgpADYoKQA3
167=KCkAOCgpADkoKQA6KCkAOygpADwoKQA9KCkAPigpAD8oKQBAKCkAQSgpAEIoKQBDKCkARC
168=gpAEUoKQBGKCkARygpAEgoKQBJKCkASigpAEsoKQBMKCkATSgpAE4oKQBPKCkAUCgpAFEo
169=KQBSKCkAUygpAFQoKQBVKCkAVigpAFcoKQBYKCkAWSgpAFooKQBbKCkAXCgpAF0oKQBeKC
170=kAXygpAGAoKQBhKCkAYigpAGMoKQBkKCkAZSgpAGYoKQBnKCkAaCgpAGkoKQBqKCkAaygp
171=AGwoKQBtKCkAbigpAG8oKQBwKCkAcSgpAHIoKQBzKCkAdCgpAHUoKQB2KCkAdygpAHgoKQ
172=B5KCkAeigpAHsoKQB8KCkAfSgpAH4oKwAhADD5fyIoKQAjKCkAJCgpACUoKQAmKCkAJygp
173=ACgoKQApKCkAKigpACsoKQAsKCkALSgpAC4oKQAvSgF4BCMlfjDIAQEBDAAxSQE9tQIyyA
174=FVAjPIAQEADAA0yAFVAjXIAVUCNsgBVQI3yAFVAjjIAVQCCjkAMAA9BAAAAAwAOgARAABy
175=DgAgCDAAPQQAAAEMADsAqAEBAAwAPMgBAQEMAD3IAVUCPsgBVQI/yAFVAkDIAVUCQcgBVQ
176=JCyAFVAkPIAVUCRMgBVQJFyAFVAkbIAVUCR8gBVQJIyAFVAknIAVUCSsgBVQJLyAFVAkzI
177=AVUCTcgBVQJOyAFVAk/IAVUCUMgBVQJRyAFVAlLIAVUCU8gBVQJUyAFVAlXIAVUCVsgBVQ
178=JXyAFVAljIAVUCWcgBVQJayAFVAlvIAVUCXMgBVQJdyAFVAl7IAVUCX8gBVQJgyAFVAmHI
179=AVUCYsgBVQJjyAFVAmTIAVUCZcgBVQJmyAFVAmfIAVUCaMgBVQJpyAFVAmrIAVUCa8gBVQ
180=JsyAFVAm3IAVUCbsgBVQJvyAFVAnDIAVUCccgBVQJyyAFVAnPIAVUCdMgBVQJ1SAEBQAQA
181=AFUCdkkBX6kBd0oBXQaVAngoKQB5KCkAeigpAHsoKQB8KCkAfSgpAH4oKQB/KCgAASAAMQ
182=DJDCEoKQAiKCkAIygpACQoKQAlKCkAJigpACcoKQAoKCkAKSgpACooKQArKCkALCgpAC0o
183=KQAuKCkAL0kBeEoiAgxCFzEAagEDCE0CMZB3AQIIADJQAXx4VQIzyAFVAjTIAVUCNcgBVQ
184=I2yAFVAjfIAVUCOMgBVQI5yAFVAjrIAVUCO8gBVQI8yAFVAj3IAVUCPsgBVQI/yAFVAkDI
185=AVUCQcgBVQJCyAFVAkPIAVUCRMgBVQJFyAFVAkbIAVUCR8gBVQJIyAFVAknIAVUCSsgBVQ
186=JLyAFVAkzIAVUCTcgBVQJOyAFVAk/IAVUCUMgBVQJRyAFVAlLIAVUCU8gBVQJUyAFVAlXI
187=AVUCVsgBVQJXyAFVAljIAVUCWcgBVQJayAFVAlvIAVUCXMgBVQJdyAFVAl7IAVUCX8gBVQ
188=JgyAFVAmHIAVUCYsgBVQJjyAFVAmTIAVUCZcgBVQJmyAFVAmfIAVUCaMgBVQJpyAFVAmrI
189=AVUCa8gBVQJsyAFVAm3IAVUCbsgBVQJvyAFVAnDIAVUCccgBVQJyyAFVAnPIAVUCdMgBVQ
190=J1SAF8gwEBCAB2SQFbUGFJhXdIAdF3eCgpAHkoKQB6KCkAeygpAHwoKQB9KCkAfigpAH8o
191=KQCAKCkAH1hs1Q0gKCkAISgpACIoKQAjKCkAJCgpACUoKQAmKCkAJygpACgoKQApKCkAKi
192=gpACsoKQAsKCkALSgpAC4oKQAvSQFHoSUwyAFZJzFIAWGIAHWGMoyJVQIzVAJgiFUCNMgB
193=VQI1yAFVAjbIAVUCN8gBVQI4yAFVAjnIAVUCOsgBVQI7yAFVAjzIAVUCPcgBVQI+yAFVAj
194=/IAVUCQMgBVQJByAFVAkLIAVUCQ8gBVQJEyAFVAkXIAVUCRsgBVQJHyAFVAkjIAVUCScgB
195=VQJKyAFVAkvIAVUCTMgBVQJNyAFVAk7IAVUCT8gBVQJQyAFVAlHIAVUCUsgBVQJTyAFVAl
196=TIAVUCVcgBVQJWyAFVAlfIAVUCWMgBVQJZyAFVAlrIAVUCW8gBVQJcyAFVAl3IAVUCXsgB
197=VQJfyAFVAmDIAVUCYcgBVQJiyAFVAmPIAVUCZMgBVQJlyAFVAmbIAVUCZ8gBVQJoyAFVAm
198=nIAVUCasgBVQJryAFVAmzIAVUCbcgBVQJuyAFVAm/IAVUCcMgBVQJxyAFVAnLIAVUCc0gB
199=fINVAnRIASP/IAgAdUgBASsFAABVAnZIAXSGAQEMAHdIAd14eCgpAHkoKQB6KCkAeygpAH
200=woKQB9KCkAfigpAH8oKQCAKCkAgSgrAB4AMyatIR8oKQAgKCkAISgpACIoKQAjKCkAJCgp
201=ACUoKQAmKCkAJygpACgoKQApKCkAKigpACsoKQAsKCkALSgpAC4oKQAvSAFsiSMGIjMAaA
202=FVsjFUAmyJTbUyygEDBEEBMyRfIgQANFABeIpVAjXIAQECBAA2yAFVAjfIAVUCOMgBVQI5
203=yAFVAjrIAVUCO8gBVQI8yAFVAj3IAVUCPsgBVQI/yAFVAkDIAVUCQcgBVQJCyAFVAkPIAV
204=UCRMgBVQJFyAFVAkbIAVUCR8gBVQJIyAFVAknIAVUCSsgBVQJLyAFVAkzIAVUCTcgBVQJO
205=yAFVAk/IAVUCUMgBVQJRyAFVAlLIAVUCU8gBVQJUyAFVAlXIAVUCVsgBVQJXyAFVAljIAV
206=UCWcgBVQJayAFVAlvIAVUCXMgBVQJdyAFVAl7IAVUCX8gBVQJgyAFVAmHIAVUCYsgBVQJj
207=yAFVAmTIAVUCZcgBVQJmyAFVAmfIAVUCaMgBVQJpyAFVAmrIAVUCa8gBVQJsyAFVAm3IAV
208=UCbsgBVQJvyAFVAnDIAVUCccgBVQJyyAFVAnNIAWyJAQEEAHRIAXSGQYh1SAEnLhEzAJQC
209=bIknSQ94QATZinkoKQB6KCkAeygpAHwoKQB9KCkAfigpAH8oKQCAKCkAgSgpAIIoKQAdWG
210=zBDx4oKQAfKCkAICgpACEoKQAiKCkAIygpACQoKQAlKCkAJigpACcoKQAoKCkAKSgpACoo
211=KQArKCkALCgpAC0oKQAuKCkAL0gBeYoAIo0zNISMXbox9AIitCLUAmWMNCPhIgBkjKgBUT
212=U1TAV8NlUCNkgBfI5JATfIAUEEOMgBVQI5yAFVAjrIAVUCO8gBVQI8yAFVAj3IAVUCPsgB
213=VQI/yAFVAkDIAVUCQcgBVQJCyAFVAkPIAVUCRMgBVQJFyAFVAkZIAQF6BAAASQFHSQE+SA
214=FBBEjIAVUCSUkBZ7UCSkgBzRtLyAFBBEzIAVkGTcgBVQJOyAFVAk/IAVUCUMgBVQJRyAFV
215=AlLIAVUCU8gBVQJUyAFVAlXIAVUCVsgBVQJXyAFVAljIAVUCWcgBVQJayAFVAlvIAVUCXE
216=kBeUAaSQFdSQFmSAFBBF5IAdkcX0gB1QJgSAHFHmHIAVkGYsgBWQZjyAFVAmTIAVUCZcgB
217=VQJmyAFVAmfIAVUCaMgBVQJpyAFVAmrIAVUCa8gBVQJsyAFVAm3IAVUCbsgBVQJvyAFVAn
218=DIAVUCccgBVQJySAEjXyIEAHNIAYyJZYw0jIlNXXX0AiKMM9QCZYw0JtEgeEAEwX15KCkA
219=eigpAHsoKQB8KCkAfSgpAH4oKQB/KCkAgCgpAIEoKQCCKCkAgygoAAMcADUAJQBDAAsAHU
220=gB2REeKCkAHygpACAoKQAhKCkAIigpACMoKQAkKCkAJSgpACYoKQAnKCkAKCgpACkoKQAq
221=KCkAKygpACwoKQAtKCkALigpAC9IAXyOI2UjNZyOI2QjqAEjZCOoAUXDM0wFI7wjf441AF
222=OxVjVUAmgBTTw2SQFPtQI3yAFVAjjIAV1BOcgBVQI6yAFVAjvIAVUCPMgBVQI9yAFVAj7I
223=AVUCP8gBVQJAyAFVAkHIAVUCQsgBVQJDyAFVAkRJAVKlE0VJAW6pAUZIAXyOAQMAAEdIAX
224=yOAQIAAEjIAVUCSUgBYHIBAQAASkgBeBxdCkvIAV0KTEgBxR5NyAFVAk7IAU0FT8gBVQJQ
225=yAFVAlHIAVUCUsgBVQJTyAFVAlTIAVUCVcgBVQJWyAFVAlfIAVUCWMgBVQJZyAFVAlpIAc
226=UeW0kBbaUeXEgBfI5NG11IAWSMTRteSAHZHF9IAdUCYEgBxR5hyAFdCmJIAcUeY8gBVQJk
227=yAFNEGXIAVUCZsgBVQJnyAFVAmjIAVUCacgBVQJqyAFVAmvIAVUCbMgBVQJtyAFVAm7IAV
228=UCb8gBVQJwSAHFHnFIAcUeckgBI7Qifo41ACfdETWcjiNkI9QCfI7UAn2ONSjcEScpAHlQ
229=Cc1+eigpAHsoKQB8KCkAfSgpAH4oKQB/KCkAgCgpAIEoKQCCKCkAgygpAIQoKwAbADblEx
230=woKQAdKCkAHigpAB8oKQAgKCkAISgpACIoKQAjKCkAJCgpACUoKQAmKCkAJygpACgoKQAp
231=KCkAKigpACsoKQAsKCkALSgpAC4oKQAvSAF0kSMVJDaUkUXDMfQCIhQk1AIiFCSoAVFANE
232=AEZlUCBFkkNu08NlUCtiL7XAQAN0gBxT84KCkAOSgpADooKQA7SAHZBjxIAdkGPSgpAD4o
233=KQA/KCkAQEgB2QZBSAHZBkIoKQBDSQG5uRFEKCkARUkBSK1zRsgBQXJHSAGECHSRWhwFAF
234=YcAElVAkdIAUkASsgBAQYDAEvIAQEHAwBMSAGbBgQATUkB1rUNTkgBwQ9PSAHRFFBIAc0F
235=USgpAFIoKQBTKCkAVEgB2QZVSAHZBlYoKQBXKCkAWCgpAFlIAdkGWkgB2QZbSQFopR5cyA
236=FFHl1IAYMEAABeSAF4HE0EX8gBRR5gyAFFHmHIAUUeYkgBmwYEAGNIAcUeZEgBxR5lSAHN
237=EGZIAc0FZygpAGgoKQBpKCkAakgB2QZrSAHZBmwoKQBtKCkAbigpAG9IAdkGcEgB2QZxSA
238=HFHnJIAXSRWZVzSAHBBHRIAZQCIsxG3Fd1kTaMlCPMRifND3hMBcmQeSgpAHooKQB7KCkA
239=fCgpAH0oKQB+KCkAfygpAIAoKQCBKCkAgigpAIMoKQCEKCkAhSgpABpYbMUTGygpABwoKQ
240=AdKCkAHigpAB8oKQAgKCkAISgpACIoKQAjKCkAJCgpACUoKQAmKCkAJygpACgoKQApKCkA
241=KigpACsoKQAsKCkALSgpAC4oKQAvSAFslCPFJDeMlCPEJKgBI8QkqAEjxCSoAUGTNFgGbD
242=xBeTVIAdVENigpADcoKQA4KCkAOSgpADooKQA7KCkAPCgpAD0oKQA+KCkAPygpAEAoKQBB
243=SAHVT0JIAcFnQ0gBwWdEKCkARUgBbJRVGEbJAQMixSQ3pK1slFgcTnQIAEyUqAEBCQEASk
244=wFfngKAkyUtQILbpQ3AMkMTUAEyQFOSQHYuZVPSAHVI1AoKQBRKCkAUigpAFMoKQBUKCkA
245=VSgpAFYoKQBXKCgAB1gANwC2BgAAAAQRAADbDQAgCgBZADcAtgYAAAAEAFooKQBbSwFpBA
246=B1AlzIAQEBAABdSgErBVcCAABeSQFHSAEBCAAAX8gBAQkBAGDIAQEKAgBhyAEBCwMAYkoB
247=uQZbBgQAYygpAGRJAdi1AmVJAbapAWYoKQBnKCkAaCgpAGkoKQBqKCkAaygpAGwoKQBtKC
248=kAbigpAG8oKQBwKCkAcUgBxR5ySQFbsR9zSAGHHgQAdEgBlwIIAHVIAZcCCAB2SAGXAgwA
249=d0kBXXcYDAB4KCkAeSgpAHooKQB7KCkAfCgpAH0oKQB+KCkAfygpAIAoKQCBKCkAgigpAI
250=MoKQCEKCkAhSgpAIYoKAABGQA4AN0VGigpABsoKQAcKCkAHSgpAB4oKQAfKCkAICgpACEo
251=KQAiKCkAIygpACQoKQAlKCkAJigpACcoKQAoKCkAKSgpACooKQArKCkALCgpAC0oKQAuKC
252=kAL0kBR2M7DAAwyAEBAQgAMcgBAQAIADLIAQEBBAAzyAFdYjRIAWw8VQI1SAGHPwQANkgB
253=0VY3SAHVAjgoKQA5KCkAOigpADsoKQA8KCkAPSgpAD4oKQA/KCkAQEgB1Q1BSQHWf0wEAE
254=JIAcVrQ0gB2WlESAHZEUVJAUhnHgQARsgBXXhHSAGDBAAASEkBSFx4VXNJyAEBAQEASsgB
255=AQICAEvIAQEDAwBMSAHVDU0oKQBOSQHXuRFPSAHRFFBIAYsMBABRKCkAUigpAFMoKQBUKC
256=kAVSgpAFYoKQBXKCkAWCgpAFlIAdUNWkgB1Q1bSAHFHlzIAUUeXUgBgARmlzgAxR5fVAJo
257=AUUeYMgBRR5hyAFFHmJIAcUeYygpAGRIAcUeZUgBzRBmSAGLDAQAZygpAGgoKQBpKCkAai
258=gpAGsoKQBsKCkAbSgpAG4oKQBvSAHVDXBIAdUNcUgBxR5ySAHFVXNIAcEEdEgBlAJmlzgA
259=lAJmlzgAlAJklyclEHhMBdGCeSgpAHooKQB7KCkAfCgpAH0oKQB+KCkAfygpAIAoKQCBKC
260=kAgigpAIMoKQCEKCkAhSgpAIYoKQCHKCsAGAA58ZgZKCkAGigpABsoKQAcKCkAHSgpAB4o
261=KQAfKCkAICgpACEoKQAiKCkAIygpACQoKQAlKCkAJigpACcoKQAoKCkAKSgpACooKQArKC
262=kALCgpAC0oKQAuKCkAL0gBfZkCfpk5AGkBA3yZqQECfJmpAQN8magBAQIEADRYBmQ/SZs1
263=SAGcQX6ZOQDRSzcoVQA4KCkAOSgpADooKQA7KCkAPCgpAD0oKQA+KCkAPygpAEBIAdUNQU
264=gB0WxCSAHRmENIAcUTRCgpAEVIAWxdVRhGyAEBAwAAR0gBjAV9mTmUe02eSVQCdHtVm0pJ
265=AUleAAADXpk5AGkBAX2ZObNhBABNQQTZsZhOSAHZEU9IAdEUUEgBiAx8mSfZAFIoVQBTKC
266=kAVCgpAFUoKQBWKCkAVygpAFgoKQBZSAHVDVpIAdUNW0gBxR5cyAFFHl1IAYAEfJknxQNf
267=VALFHmBIAXgcRR5hyAFFHmJIAZgGIiYmOQDFHmRUAsUeZUgBzRBmSAHNBWcoKQBoKCkAaS
268=gpAGooKQBrKCkAbCgpAG0oKQBuKCkAb0gB1Q1wSAHVDXFIAcUeckgBxVVzSAHBBHRIAZQC
269=fJnMMX2ZOZ2ZAHyZJ1EQeEwFJzwTJ1UAeihVAHsoKQB8KCkAfSgpAH4oKQB/KCkAgCgpAI
270=EoKQCCKCkAgygpAIQoKQCFKCkAhigpAIcoKQCIKCsAFwA66ZsYKCkAGSgpABooKQAbKCkA
271=HCgpAB0oKQAeKCkAHygpACAoKQAhKCkAIigpACMoKQAkKCkAJSgpACYoKQAnKCkAKCgpAC
272=koKQAqKCkAKygpACwoKQAtKCkALigpAC9IAWibQTswyAEj1SY6gJ4j1CapAQF0nKgBSZs0
273=TAV0RFUCNUgBzUc2SAHJTjdIAdUCOCgpADkoKQA6KCkAOygpADwoKQA9KCkAPigpAD9IAS
274=V9JkBIAdUNQSgpAEIoKQBDKCkARCgpAEVJAWlEmFUYRskBAXScAjoAdwcAYQBIVQJ4qQFJ
275=SAGXGAAASkkBSVScUaNLSAHBD0woKQBNKCkATigpAE8oKQBQSAElZSNRSAGfCgQAUigpAF
276=MoKQBUKCkAVSgpAFYoKQBXKCkAWCgpAFlIAcUTWkgByQxbSAFsfkUeXMgBRR5dSAHFHl5I
277=AcUeX0gBmwYAAGBIAcUeYUgB3QpiKCkAYygpAGQoKQBlKCkAZkgBxR5nSAGfCgQAaCgpAG
278=koKQBqKCkAaygpAGwoKQBtKCkAbigpAG9IAcUTcEgByQxxSAHFHnJIAcVVc0gBwQR0SAGX
279=AggAdUgBlAJ1nDqVnAF0nCd9EHhABCeUEydVAHooVQB7KCkAfCgpAH0oKQB+KCkAfygpAI
280=AoKQCBKCkAgigpAIMoKQCEKCkAhSgpAIYoKQCHKCkAiCgpAIkoKwAWADvhnhcoKQAYKCkA
281=GSgpABooKQAbKCkAHCgpAB0oKQAeKCkAHygpACAoKQAhKCkAIigpACMoKQAkKCkAJSgpAC
282=YoKQAnKCkAKCgpACkoKQAqKCkAKygpACwoKQAtKCkALigpAC9IAWyfI4UnO4CeI4QnqAEj
283=hCeoASOEJ6gBWX80WAZsR1lpNUgBjEcihSc7KIUnOybpIzgogQA5KCkAOkgBJU0gOygpAD
284=woKQA9KCkAPigpAD8oKQBASAElLSdBSAHNEEIoKQBDSAHdYkRIAcEERUgB3WJGyAFFgUdJ
285=AXWhnkhJAXSpAUlJAStAnkmiSkgBxR5LSAGXAgQATEgByQxNSAHVAk4oKQBPSAElFSRQSA
286=HFHlEoKQBSKCkAUygpAFQoKQBVKCkAVkgByQxXKCkAWCgpAFlIAdkRWkgBzQVbSAFkHl02
287=XMgBI4cnOwB1uRxeVQJ0qQFfSAGYBm2fO4SBAQAEAGH3AgQAYkgByQxjSAGPBQQAZCgpAG
288=VIAcUeZkgBxR5nKCkAaCgpAGkoKQBqKCkAaygpAGxIAckMbSgpAG4oKQBvSAHZEXBIAc0F
289=cUgBxR5ySAHdNnNIAcEEdEgBlAJsn8dVCAB29AJsnyepEHhVAl0i6y4MAHkoKQB6KCkAey
290=gpAHwoKQB9KCkAfigpAH8oKQCAKCkAgSgpAIIoKQCDKCkAhCgpAIUoKQCGKCkAhygpAIgo
291=KQCJKCkAiigrABUAPPmgFigpABcoKQAYKCkAGSgpABooKQAbKCkAHCgpAB0oKQAeKCkAHy
292=gpACAoKQAhKCkAIigpACMoKQAkKCkAJSgpACYoKQAnKCkAKCgpACkoKQAqKCkAKygpACwo
293=KQAtKCkALigpAC9JAUcibCQizTs8hKIjNCioASM0KKkBASI0KKgBSWQ0WAZkSlUCNUgBzV
294=I2KCkAN0gB1U84KCkAOSgpADpIAdVlO0kBwGlOBEMBPADASAFdCj1QAWgBXXg+yAFVsj9I
295=AdkGQEgByQxBKCkAQigpAENIAcUTREgBzQVFSQFIRB5dCkbIAV2DR0gB3YNISQF0vYNJSA
296=GYBiI1KDycg0UTS/UCBEaiPADJDE0oVQBOKCkATygpAFBIAckXUUgBbBtFKVLIAV0KU8gB
297=RRNUyAFFHlVIAdkGVkgBmxEEAFcoKQBYKCkAWUgB2RFaKCkAW0kBaUQeVQ1cyAFNwF1IAc
298=UeXkgBxR5fSAGIDGSiJ8UDYfQCZKInxQNjKFUAZCgpAGUoKQBmSAHJF2dIAcUeaMgBRR5p
299=yAFFHmrIAUUea0gB2QZsSAGbEQQAbSgpAG4oKQBvSAHFHnAoKQBxSAHFHnJIAcVVc0gB0Q
300=l0SAGUAmWiPK/3CAB29wIMAHdIAdmgeCgpAHkoKQB6KCkAeygpAHwoKQB9KCkAfigpAH8o
301=KQCAKCkAgSgpAIIoKQCDKCkAhCgpAIUoKQCGKCkAhygpAIgoKQCJKCkAiigpAIsoKwAUAD
302=3xoxUoKQAWKCkAFygpABgoKQAZKCkAGigpABsoKQAcKCkAHSgpAB4oKQAfKCkAICgpACEo
303=KQAiKCkAIygpACQoKQAlKCkAJigpACcoKQAoKCkAKSgpACooKQArKCkALCgpAC0oKQAuKC
304=kAL0gBfKQj5Sg9nKQj5CioASPkKKgBXVcz7AUibVA9lIZJbzVUAtVPNkgB0VY3SAHVAjgo
305=KQA5KCkAOkgB0WE7SAFtaAR/pD0AwF6kBQRMAqgBAQYEAD5QAXQCAQcEAD9IAdkGQEgByQ
306=xBKCkAQigpAENIAdkRREgBzQVFSAF8pEkXRsgBVYZHSAHVhkhJAXT9pD2saHykJ8UDS0AE
307=0QlMSAHJDE1IAdUCTigpAE8oKQBQSAHJF1FIAWAaRR5SyAFFHlPIAUUeVMgBRR5VSAHZBl
308=ZIAckMVygpAFgoKQBZSAHZEVpIAc0FW0gBxR5cyAFFHl1IAcUeXkgBxR5fSAGYBnykJ8UD
309=YfQCfqQ9AMkMYyhVAGQoKQBlKCkAZkgByRdnSAHFHmjIAUUeacgBRR5qyAFFHmtIAdkGbE
310=gBmBF8pM8xBABuKFUAb0gB2RFwSAHNBXFIAcUeckgBZKJZPXNIAcEEdEgBlAJ8pN8KCAB2
311=9AJ8pCcBEXhUAsmmeSgpAHooKQB7KCkAfCgpAH0oKQB+KCkAfygpAIAoKQCBKCkAgigpAI
312=MoKQCEKCkAhSgpAIYoKQCHKCkAiCgpAIkoKQCKKCkAiygpAIwoKQATWGzZHBQoKAAEFQA+
313=AF0GABEAAIUNACAIAAAMABYAPgBdBgBoAQEXAD4AyQEYKCkAGSgpABooKQAbKCkAHCgpAB
314=0oKQAeKCkAHygpACAoKQAhKCkAIigpACMoKQAkKCkAJSgpACYoKQAnKCkAKCgpACkoKQAq
315=KCkAKygpACwoKQAtKCkALigpAC9KAUcEiSIwyAEBAQgAMcgBAQAIADLIAQEBBAAzyAEBAA
316=QANEkBW1gGVQI1SgErBUcIBAA2SQG2fysEADdIAdUCOCgpADkoKQA6SQG5rQU7SQHASAEB
317=CAQAPMgBAQkEAD3KAQoEQwE+AMBABAELBAA/UAHZBkBJASuhD0EoKQBCKCkAQ0gB2RFESA
318=HNBUVJAUhIFwECBABGyAEBAwAAR0sBdQcAYQBISQF0qQFJSAGbBgAASkgBxR5LSAGXAgQA
319=TEgByQxNSAHVAk4oKQBPKCkAUEgByRdRSQHAQBpFHlLIAUUeU8gBRR5UyAEBCwQAVUgB2Q
320=ZWSQErpR5XKCkAWCgpAFlIAdkRWkgBzQVbSAHFHlzIAUUeXUgBxR5eSAHFHl9IAZsGAABg
321=SAHFHmFIAZcCBABiSAHJDGNIAdUCZCgpAGUoKQBmSAHJF2dIAcUeaMgBRR5pyAFFHmrIAQ
322=ELBABrSAHZBmxJASulHm0oKQBuKCkAb0gB2RFwSAHNBXFIAcUeckgB1RhzSAHBBHRIAZcC
323=CAB1SAGXAggAdkgBlwIMAHdIAd2DeCgpAHkoKQB6KCkAeygpAHwoKQB9KCkAfigpAH8oKQ
324=CAKCkAgSgpAIIoKQCDKCkAhCgpAIUoKQCGKCkAhygpAIgoKQCJKCkAiigpAIsoKQCMKCkA
325=jSgpABJYbNEfEygpABQoKQAVKCkAFigpABcoKQAYKCkAGSgpABooKQAbKCkAHCgpAB0oKQ
326=AeKCkAHygpACAoKQAhKCkAIigpACMoKQAkKCkAJSgpACYoKQAnKCkAKCgpACkoKQAqKCkA
327=KygpACwoKQAtKCkALigpAC9IAWyqAQIMADDJAQNuqj8AlAJsqqkBA2yqqAFVkTRMBXRPWa
328=s1SAGMUm6qPwDBXDcoVQA4KCkAOSgpADpIAcFnO0gBfW0Mb6o/AMBRjQ1sqqkBDmyqqQEP
329=bqo/ANkGQFgGwQ9BKCkAQigpAENIAdkRRCgpAEVJAWlMqkkXRskBAW6qPwDFjEhVAnTuqj
330=8AiAxuqj8AxR5LQATdCkwoKQBNSAGPBQQATigpAE8oKQBQSAHJF1FIAXgcRR5SyAFFHlPI
331=AUUeVMgBRR5VSAHZBlZIAckMVygpAFgoKQBZSAHFE1pIAc0FW0gBZIxFHlzIAUUeXUgBxR
332=5eSAHFHl9IAZgGbKonxQNhVALdCmIoKQBjSAGPBQQAZCgpAGUoKQBmSAHJF2dIAcUeaMgB
333=RR5pyAFFHmrIAUUea0gB2QZsSAHJDG0oKQBuKCkAb0gBxRNwSAHNBXFIAcUeckgB3TZzSA
334=HBBHRIAZQCbKrPPAgAdvQCbao/Js0leFQCxYx5KCkAeigpAHsoKQB8KCkAfSgpAH4oKQB/
335=KCkAgCgpAIEoKQCCKCkAgygpAIQoKQCFKCkAhigpAIcoKQCIKCkAiSgpAIooKQCLKCkAjC
336=gpAI0oKQCOKCsAEQBA/SASKCkAEygpABQoKQAVKCkAFigpABcoKQAYKCkAGSgpABooKQAb
337=KCkAHCgpAB0oKQAeKCkAHygpACAoKQAhKCkAIigpACMoKQAkKCkAJSgpACYoKQAnKCkAKC
338=gpACkoKQAqKCkAKygpACwoKQAtKCkALigpAC9IAW2qAGWtQJirI/QqqAEj9CqpAQFkragB
339=RXY0WAZkVVUCNUgB3Vc2SAHZXjdIAdUCOCgpADlJAdZAqUUIOkgB2Wk7KCkAPCgpAD0oKQ
340=A+KCkAPygpAEBIAckMQSgpAEIoKQBDSAHZEURIAc0FRUgB1XBGyAFdjkdIAd2OSEkBdOWt
341=QCilFUCErUUeS0AE0QlMSAHJDE1IAdUCTigpAE8oKQBQSAHFHlEoKQBSKCkAUygpAFQoKQ
342=BVKCkAVkkB17knV0gB1Q1YKCkAWUgB2RFaSAHBBFtIAWQeReRcyAEj9SpA7cteVALFHl9I
343=AZgGZK0nxQNh9AIi9ipAAMkMYyhVAGQoKQBlKCkAZkgBxR5nKCkAaCgpAGkoKQBqKCkAay
344=gpAGxIAcUebUgBhxMEAG4oKQBvSAHZEXBIAcEEcUgBxR5ySAHFVXNIAcEEdEgBlAJkrc88
345=CAB29AJkrSeFEXhUAiekFSdVAHooVQB7KCkAfCgpAH0oKQB+KCkAfygpAIAoKQCBKCkAgi
346=gpAIMoKQCEKCkAhSgpAIYoKQCHKCkAiCgpAIkoKQCKKCkAiygpAIwoKQCNKCkAjigpAI8o
347=KAADEABBAB0AQwALABFIAckiEigpABMoKQAUKCkAFSgpABYoKQAXKCkAGCgpABkoKQAaKC
348=kAGygpABwoKQAdKCkAHigpAB8oKQAgKCkAISgpACIoKQAjKCkAJCgpACUoKQAmKCkAJygp
349=ACgoKQApKCkAKigpACsoKQAsKCkALSgpAC4oKQAvSAF8ryOlK0GcryOkK6kBAiKkK6gBI6
350=QrqAFdeDRYBnxXQak1SAHFYDYoKQA3KCkAOCgpADkoKQA6SQHYrYk7SAHdYjwoKQA9KCkA
351=PigpAD8oKQBAKCkAQSgpAEIoKQBDSAHFE0RIAckMRUgBzXNGyAFVkUdIASf/FUEAdP2vQS
352=j9FUGcr0UeS0wF0QlMSAHJDE1IAdUCTigpAE8oKQBQKCkAUSgpAFIoKQBTKCkAVCgpAFVJ
353=AdmhJVZIAdUNVygpAFgoKQBZKCkAWigpAFtIASVtL1zIAUXOXUgBxR5eSAHFHl9IAZQYfK
354=8nxQNh9AJ+r0EAzRBjKFUAZCgpAGUoKQBmKCkAZygpAGgoKQBpKCkAaigpAGtIAcUebEgB
355=1Q1tKCkAbigpAG8oKQBwKCkAcUgBxR5ySAHFVXNIAY8bBAB0SAGUAnyvzzwIAHb0An2vQS
356=aFJ3hUAtGNeSgpAHooKQB7KCkAfCgpAH0oKQB+KCkAfygpAIAoKQCBKCkAgigpAIMoKQCE
357=KCkAhSgpAIYoKQCHKCkAiCgpAIkoKQCKKCkAiygpAIwoKQCNKCkAjigpAI8oKQCQKCgAAg
358=8AQgAeRLEBAAsAEEgBJ1UWQu0mElQCzSYTKCkAFCgpABUoKQAWKCkAFygpABgoKQAZKCkA
359=GigpABsoKQAcKCkAHSgpAB4oKQAfKCkAICgpACEoKQAiKCkAIygpACQoKQAlKCkAJigpAC
360=coKQAoKCkAKSgpACooKQArKCkALCgpAC0oKQAuKCkAL0gBdLIjVSxClLIjVCyoASNULKkB
361=ASJULKgBQZM0WAZ0WlUCNUgBJekjNkgBJQ0jN0gBJf0rOEgBwQQ5SAHRbDpIAclkOygpAD
362=woKQA9KCkAPigpAD8oKQBAKCkAQSgpAEIoKQBDSAHVDURIAdUNRUgBdLJVGEbIAU2UR0gB
363=zZRISQF09bJCKFUWQpSyRR5LQATRCUxIAckMTUgB1QJOKCkATygpAFAoKQBRKCkAUigpAF
364=MoKQBUKCkAVSgpAFZIAdUNV0gB0SpYSAHVLllIAc0QWigpAFtIAcUeXMgBRR5dSAHFHl5I
365=AcUeX0gBhAh0sifFA2H0AnayQgDNEGMoVQBkKCkAZSgpAGYoKQBnKCkAaCgpAGkoKQBqKC
366=kAaygpAGxIAdUNbUgBxR5uSAHFHm9IAZ8VBABwKCkAcUgBxR5ySAHFVXNIAc0FdEgBlAJ0
367=ss88CAB29AJ0sieFEXhUAsWMeSgpAHooKQB7KCkAfCgpAH0oKQB+KCkAfygpAIAoKQCBKC
368=kAgigpAIMoKQCEKCkAhSgpAIYoKQCHKCkAiCgpAIkoKQCKKCkAiygpAIwoKQCNKCkAjigp
369=AI8oKQCQKCkAkSgoAAIOAEMAJaG0D0gBwSUQ6AEiBS1DKKwWJykAE+MEDAAUKCkAFSgpAB
370=YoKQAXKCkAGCgpABkoKQAaKCkAGygpABwoKQAdKCkAHigpAB8oKQAgKCkAISgpACIoKQAj
371=KCkAJCgpACUoKQAmKCkAJygpACgoKQApKCkAKigpACsoKQAsKCkALSgpAC4oKQAvSAFstS
372=MFLUOMtSMELagBIwQtqAEjBC2oASMFLUOEl0GeNUQIJb0jNkgB2Wk3KCkAOEgBJa0sOUgB
373=yW86SAHBZzsoKQA8KCkAPSgpAD4oKQA/KCkAQCgpAEEoKQBCKCkAQ0gB1Q1ESAHVDUVIAX
374=x4VRhGyAEjBS1DJj0/SFUCdO21QyisFifFA0tABNEJTEgByQxNSAHVAk4oKQBPKCkAUCgp
375=AFEoKQBSKCkAUygpAFQoKQBVKCkAVkgB1Q1XSAHVLlhIAdUuWUgB0ZhaSAHZEVtIAcUeXM
376=gBRR5dSAEnrRZDJs0wX1QCmAZstSfFA2H0Am61QwDNEGMoVQBkKCkAZSgpAGYoKQBnKCkA
377=aCgpAGkoKQBqKCkAaygpAGxIAdUNbUgBxR5uSAHFHm9IAcUecEgBixcEAHFIAcUeckgBdL
378=JFVXNIAcEEdEgBlAJstc88CAB29AJstSdZEXhUAsmQeSgpAHooKQB7KCkAfCgpAH0oKAAB
379=fgBDABEAAG8NACAIXQYAAAAMAH8AQwDJAYAoKQCBKCkAgigpAIMoKQCEKCkAhSgpAIYoKQ
380=CHKCkAiCgpAIkoKQCKKCkAiygpAIwoKQCNKCkAjigpAI8oKQCQKCkAkSgpAJIoKwANAETt
381=Gw4oKQAPKCkAEEkBJlggAQALABFIAd0gEigpABMoKQAUKCkAFSgpABYoKQAXKCkAGCgpAB
382=koKQAaKCkAGygpABwoKQAdKCkAHigpAB8oKQAgKCkAISgpACIoKQAjKCkAJCgpACUoKQAm
383=KCkAJygpACgoKQApKCkAKigpACsoKQAsKCkALSgpAC4oKQAvSgFHBFcqDAAwyAEBAQgAMc
384=gBAQAIADLIAQEBBAAzyAEBAAQANEkBW1gGVQI1SgErBUcIBAA2SQG5Z1UEADcoKQA4SAHB
385=BDlJAbahBDooKQA7KCkAPCgpAD0oKQA+KCkAPygpAEAoKQBBKCkAQigpAEMoKQBEKCkARU
386=kBaUgXVRhGyAEBAQAAR0oBdQdXGAAASEkBdKkBSUgBixcAAEpIAcUeS0gB1RhMKCkATSgp
387=AE4oKQBPKCkAUCgpAFEoKQBSKCkAUygpAFQoKQBVKCkAVigpAFdIAYcTBABYSQHZsSpZSA
388=HBMFooKQBbSQFIpR5cyAFFHl1IAcUeXkgBxR5fSAGfCgAAYEgBxR5hSAHFHmIoKQBjKCkA
389=ZCgpAGUoKQBmKCkAZygpAGgoKQBpKCkAaigpAGsoKQBsKCkAbUgBhxMEAG5IAcUeb0gBxR
390=5wKCkAcUgBxR5ySAHVGHNIAcUIdEgBlwIIAHVIAZcCCAB2SAGXAgwAd0gBxYx4KCkAeSgp
391=AHooKQB7KCkAfCgpAH0oKQB+KCkAfygpAIAoKQCBKCkAgigpAIMoKQCEKCkAhSgpAIYoKQ
392=CHKCkAiCgpAIkoKQCKKCkAiygpAIwoKQCNKCkAjigpAI8oKQCQKCkAkSgpAJIoKQCTKCsA
393=DABF8bkNKCkADigpAA8oKQAQKCkAESgpABIoKQATKCkAFCgpABUoKQAWKCkAFygpABgoKQ
394=AZKCkAGigpABsoKQAcKCkAHSgpAB4oKQAfKCkAICgpACEoKQAiKCkAIygpACQoKQAlKCkA
395=JigpACcoKQAoKCkAKSgpACooKQArKCkALCgpAC0oKQAuKCkAL0gBfboCfrpFAGkBA3y6qQ
396=ECfLqpAQN8uqkBAn+6RQBeqYU1RQhAXroBA166RQBqAQIDX7pFAEFUAgEAAwA4QARoAUEE
397=OUgB3YM6SAGbaQQAOygpADwoKQA9KCkAPkgB2QY/SAHZBkAoKQBBKCkAQigpAENIAdkGRE
398=gB2QZFSQFoqRdGyAFVnEdIAdWcSEkBdP66RQCYBny6J8UDS+MEBABMSAHJDE1IAY8FBABO
399=KCkATygpAFAoKQBRSAHZBlJIAdkGUygpAFQoKQBVKCkAVkgB2QZXSAHZBlgoKQBZSAHVnF
400=ooKQBbSAF0nF02XMgBAQMAAF1IAcUeXkgBxR5fSAGcCny6J8UDYfcCBABiSAHNEGNIAY8F
401=BABkKCkAZSgpAGYoKQBnSAHZBmhIAdkGaSgpAGooKQBrKCkAbEgB2QZtSAHZBm4oKQBvSA
402=HFHnAoKQBxSAHFHnJIAWy1WfhzSAHFCHRIAZQCfLrNPAheukUAlAJ8uidhEnhMBcm8eSgp
403=AHooKQB7KCkAfCgpAH0oKQB+KCkAfygpAIAoKQCBKCkAgigpAIMoKQCEKCkAhSgpAIYoKQ
404=CHKCkAiCgpAIkoKQCKKCkAiygpAIwoKQCNKCkAjigpAI8oKQCQKCkAkSgpAJIoKQCTKCkA
405=lCgrAAsARum8DCgpAA0oKQAOKCkADygpABAoKQARKCkAEigpABMoKQAUKCkAFSgpABYoKQ
406=AXKCkAGCgpABkoKQAaKCkAGygpABwoKQAdKCkAHigpAB8oKQAgKCkAISgpACIoKQAjKCkA
407=JCgpACUoKQAmKCkAJygpACgoKQApKCkAKigpACsoKQAsKCkALSgpAC4oKQAvSAFpvAB1vU
408=aUvSMUL6gBIxQvqQEBdL2oAUFnNFkGZKmmNUgBabwEdb1Glr0FAlW9Rpa9AwJUvagBQQQ5
409=TQVnuQY6SQE+qQE7yAFJDDzIAUkMPcgBVQI+SAHZBj9IAdkGQMgBQQRByAFZBkLIAVUCQ0
410=gB2QZESQFmtQ1FSQF2qQFGyAGWvUYAzZ9IVQJ09b1GKLcXRgBjuQZLQATRCUxIAckMTUgB
411=xRNOyAFNEE/IAUUTUMgBVQJRSAHZBlJIAdkGU8gBQQRUyAFZBlXIAVUCVkgB2QZXSAHZBl
412=jIAUEEWcgBWQZayAFVAltJAXepF1zIAUUeXUgBxR5eSAHFHl9IAYSidL0nxQNhVALFHmJI
413=Ac0QY0gBzRBkyAFVDWXIAU0QZsgBVQJnSAHZBmhIAdkGacgBQQRqyAFZBmvIAVUCbEgB2Q
414=ZtSAHZBm7IAUEEb8gBWQZwyAFVAnFIAcUeckgBZLhVAnNIAY8bBAB0SAGUAnS9zTwIVb1G
415=lb0BdL0njRJ4TAUntBcnVQB6KFUAeygpAHwoKQB9KCkAfigpAH8oKQCAKCkAgSgpAIIoKQ
416=CDKCkAhCgpAIUoKQCGKCkAhygpAIgoKQCJKCkAiigpAIsoKQCMKCkAjSgpAI4oKQCPKCkA
417=kCgpAJEoKQCSKCkAkygpAJQoKQCVKCsACgBH4b8LKCkADCgpAA0oKQAOKCkADygpABAoKQ
418=ARKCkAEigpABMoKQAUKCkAFSgpABYoKQAXKCkAGCgpABkoKQAaKCkAGygpABwoKQAdKCkA
419=HigpAB8oKQAgKCkAISgpACIoKQAjKCkAJCgpACUoKQAmKCkAJygpACgoKQApKCkAKigpAC
420=soKQAsKCkALSgpAC4oKQAvSAFswCPFL0eMwCPEL6gBI8QvqAEjxy9HAHpNiQIixC+oAQED
421=AAA1RAhswFWmNsoBCAFNwEeOwAYBTMCoAUEEOUAEaHpJkDpIAWh6AQIAADvIAVEJPMgBVQ
422=I9yAFVAj5IAdkGP0gB2QZAyAFBBEHIAVkGQsgBVQJDSAHZBkRIAXCYQQ9FSAFswEwFSdoA
423=aAFMBVAcKA8YRwB0UBUBAAAASUwFlIYixS9HjMBFCEtUAtEJTEgByQxNSAHFE07IAV0KT8
424=gBVQ1QyAFVAlFIAdkGUkgB2QZTyAFBBFTIAVkGVcgBVQJWSAHZBldIAdkGWMgBQQRZyAFZ
425=BlrIAVUCW0gBZKJVAlzIAVUCXUgBJwwYJ8UDX1QCxR5gSAF03kUeYUgBxR5iSAHNEGNIAc
426=0QZMgBXQplyAFVDWbIAVUCZ0gB2QZoSAHZBmnIAUEEasgBWQZryAFVAmxIAdkGbUgB2QZu
427=yAFBBG/IAVkGcMgBVQJxSAHFHnJIAXS9UcRzSAGMG23AR5W9AG3AR738CEzA1AJswCe5En
428=hYBicMGCdVAHooVQB7KCkAfCgpAH0oKQB+KCkAfygpAIAoKQCBKCkAgigpAIMoKQCEKCkA
429=hSgpAIYoKQCHKCkAiCgpAIkoKQCKKCkAiygpAIwoKQCNKCkAjigpAI8oKQCQKCkAkSgpAJ
430=IoKQCTKCkAlCgpAJUoKQCWKCsACQBI+cEKKCkACygpAAwoKQANKCkADigpAA8oKQAQKCkA
431=ESgpABIoKQATKCkAFCgpABUoKQAWKCkAFygpABgoKQAZKCkAGigpABsoKQAcKCkAHSgpAB
432=4oKQAfKCkAICgpACEoKQAiKCkAIygpACQoKQAlKCkAJigpACcoKQAoKCkAKSgpACooKQAr
433=KCkALCgpAC0oKQAuKCkAL0gBZMMjdTBIhMMjdDCoAUFnMsEEASJ2MEgAIoQ9UWw0VAJoAV
434=WGNUgBZMMBCgAANsoBCwBFw0iGwwkARMOoAUEEOUEEd7GuOkkBdqkBOygpADwoKQA9KCkA
435=PigpAD8oKQBAKCkAQSgpAEIoKQBDKCkARCgpAEUoKQBGKCkAR0kBe7gRUhwAfKkBSVQC0R
436=RKKCkASygpAEwoKQBNKCkATigpAE8oKQBQKCkAUSgpAFIoKQBTKCkAVCgpAFUoKQBWKCkA
437=VygpAFgoKQBZKCkAWigpAFsoKQBcKCkAXUgBxR5eSAHFHl9IAcUeYCgpAGEoKQBiKCkAYy
438=gpAGQoKQBlKCkAZigpAGcoKQBoKCkAaSgpAGooKQBrKCkAbEkBeK0xbUgBn7oAAG4oKQBv
439=KCkAcCgpAHEoKQBySAFkw11Xc0gBhAhlw0iEw01ddfQCZMPUAmTDJ+USeEAEJ2QYJ1UAei
440=hVAHsoKQB8KCkAfSgpAH4oKQB/KCkAgCgpAIEoKQCCKCkAgygpAIQoKQCFKCkAhigpAIco
441=KQCIKCkAiSgpAIooKQCLKCkAjCgpAI0oKQCOKCkAjygpAJAoKQCRKCkAkigpAJMoKQCUKC
442=kAlSgpAJYoKQCXKCsACABJ8cQJKCkACigpAAsoKQAMKCkADSgpAA4oKQAPKCkAECgpABEo
443=KQASKCkAEygpABQoKQAVKCkAFigpABcoKQAYKCkAGSgpABooKQAbKCkAHCgpAB0oKQAeKC
444=kAHygpACAoKQAhKCkAIigpACMoKAAJJABJAF0GAAAADAAlEQAA9QwAIAgASQBdBgAAAAwA
445=JigpACcoKQAoKCkAKSgpACooKQArKCkALCgpAC0oKQAuKCkAL0gBBUcEAAACDAAwyAEBAw
446=gAMcgBAQIIADLIAQEDBAAzSQFIbwUEADTIAQEDAAA1SwErBQBhADYoKQA3KCkAOCgpADlK
447=AXkHagUAOkkBc6kBOygpADwoKQA9KCkAPigpAD8oKQBAKCkAQSgpAEIoKQBDKCkARCgpAE
448=UoKQBGKCkAR0kBfbkRSEkBf6kBSSgpAEooKQBLKCkATCgpAE0oKQBOKCkATygpAFAoKQBR
449=KCkAUigpAFMoKQBUKCkAVSgpAFYoKQBXKCkAWCgpAFkoKQBaKCkAWygpAFwoKQBdKCkAXk
450=kBfqUeX0gB2TJgKCkAYSgpAGIoKQBjKCkAZCgpAGUoKQBmKCkAZygpAGgoKQBpKCkAaigp
451=AGsoKQBsSQF6pRNtSQFEXEwBAQAAbsgBAQIAAG9JAUVUAk1KcMgBQQRxSAFEAmkAckkBW1
452=BWAQAEAHNIAYdVBAB0SAGXAggAdUgBlwIIAHZIAZcCDAB3SgFdBkMIDAB4KCkAeSgpAHoo
453=KQB7KCkAfCgpAH0oKQB+KCkAfygpAIAoKQCBKCkAgigpAIMoKQCEKCkAhSgpAIYoKQCHKC
454=kAiCgpAIkoKQCKKCkAiygpAIwoKQCNKCkAjigpAI8oKQCQKCkAkSgpAJIoKQCTKCkAlCgp
455=AJUoKQCWKCkAlygpAJgoKwAHAErtnwgoKQAJKCkACigpAAsoKQAMKCkADSgpAA4oKQAPKC
456=kAECgpABEoKQASKCkAEygpABQoKQAVKCkAFigpABcoKQAYKCkAGSgpABooKQAbKCkAHCgp
457=AB0oKQAeKCkAHygpACAoKQAhKCkAIigpACMoKQAkKCkAJSgpACYoKQAnKCkAKCgpACkoKQ
458=AqKCkAKygpACwoKQAtKCkALigpAC9IAXTITdYwyQEBdshKAJQCdMipAQF3yEoAaKFyNEwF
459=aAFFdjVIAZdwAAA2KCkANygpADgoKQA5KCkAOigpADsoKQA8KCkAPSgpAD4oKQA/KCkAQC
460=gpAEEoKQBCKCkAQygpAEQoKQBFKCkARigpAEdJAXW5lUhIAScWGUoAyQFKKFUASygpAEwo
461=KQBNKCkATigpAE8oKQBQKCkAUSgpAFIoKQBTKCkAVCgpAFUoKQBWKCkAVygpAFgoKQBZKC
462=kAWigpAFsoKQBcKCkAXSgpAF5JAXSxH19IAdU5YCgpAGEoKQBiKCkAYygpAGQoKQBlKCkA
463=ZigpAGcoKQBoKCkAaSgpAGooKQBrKCkAbCgpAG1IAXTIQVBuygEFAVbISgB0yAEDAQBwVA
464=JoAUEEcUgBRMBpAHJIAWTDXVdzSAGMG3bISgCUAnbISgCVAghUyNQCdMgnPRN4WAbBynko
465=KQB6KCkAeygpAHwoKQB9KCkAfigpAH8oKQCAKCkAgSgpAIIoKQCDKCkAhCgpAIUoKQCGKC
466=kAhygpAIgoKQCJKCkAiigpAIsoKQCMKCkAjSgpAI4oKQCPKCkAkCgpAJEoKQCSKCkAkygp
467=AJQoKQCVKCkAligpAJcoKQCYKCkAmSgrAAYAS+HKBygpAAgoKQAJKCkACigpAAsoKQAMKC
468=kADSgpAA4oKQAPKCkAECgpABEoKQASKCkAEygpABQoKQAVKCkAFigpABcoKQAYKCkAGSgp
469=ABooKQAbKCkAHCgpAB0oKQAeKCkAHygpACAoKQAhKCkAIigpACMoKQAkKCkAJSgpACYoKQ
470=AnKCkAKCgpACkoKQAqKCkAKygpACwoKQAtKCkALigpAC9IAXTII4UyS4DKI4QyqAEjhDKo
471=ASOEMqkBACKHMksAU1B4SQE1RAhoAVF3NkkBT7UCN8gBVQI4yAFNBTnIAVUCOsgBVQI7yA
472=FVAjzIAVUCPcgBVQI+yAFVAj/IAVUCQMgBVQJByAFVAkLIAVUCQ8gBVQJESQFSpRNFSQFu
473=qQFGyAFF5EdIASdtGUvhyklVAn+xrkooKQBLKCkATCgpAE0oKQBOKCkATygpAFAoKQBRKC
474=kAUigpAFMoKQBUKCkAVSgpAFYoKQBXKCkAWCgpAFkoKQBaKCkAWygpAFwoKQBdKCkAXkkB
475=dLkcX0gBh60AAGBIAWA7RSlhyAFFKWJIAc08Y8gBVQJkyAFNBWXIAVUCZsgBVQJnyAFVAm
476=jIAVUCacgBVQJqyAFVAmvIAVUCbMgBVQJtSAFsywEHAwBuygEIAk3LS47LBgJPy0sARiKz
477=MgMAcUAEaAFFCHJJAVu5PXNIAYwbbctLjcsAbctLKGwZ1AJsyydpE3hZBl0ksTJ5KCkAei
478=gpAHsoKQB8KCkAfSgpAH4oKQB/KCkAgCgpAIEoKQCCKCkAgygpAIQoKQCFKCkAhigpAIco
479=KQCIKCkAiSgpAIooKQCLKCkAjCgpAI0oKQCOKCkAjygpAJAoKQCRKCkAkigpAJMoKQCUKC
480=kAlSgpAJYoKQCXKCkAmCgpAJkoKQCaKCsABQBM+cwGKCkABygpAAgoKQAJKCkACigpAAso
481=KQAMKCkADSgpAA4oKQAPKCkAECgpABEoKQASKCkAEygpABQoKQAVKCkAFigpABcoKQAYKC
482=kAGSgpABooKQAbKCkAHCgpAB0oKQAeKCkAHygpACAoKQAhKCkAIigpACMoKQAkKCkAJSgp
483=ACYoKQAnKCkAKCgpACkoKQAqKCkAKygpACwoKQAtKCkALigpAC9IAWTOIzUzTITOIzQzqQ
484=EAIjQzqAFRdzPNBQJlzkyEzkkBNVQC3Xg2SQG2b3MEADdIAdUCOCgpADkoKQA6KCkAO0gB
485=2QY8SAHZBj0oKQA+KCkAPygpAEBIAdkGQUgB2QZCKCkAQ0kBubkRRCgpAEVIASJkT1GYRs
486=gBhs5MACfFGUwoxBknKQBKTAXRz0soKQBMKCkATSgpAE4oKQBPKCkAUCgpAFEoKQBSKCkA
487=UygpAFQoKQBVKCkAVigpAFcoKQBYKCkAWSgpAFooKQBbKCkAXCgpAF0oKQBeSAEnxRlMvK
488=9kzieNB2FABN0rYkgB1S5jSAHVAmQoKQBlKCkAZigpAGdIAdkGaEgB2QZpKCkAaigpAGso
489=KQBsSAHZBm1IAWXOCmbOTABqAQsDRc5Mhs4JA0XOTIXOAmbOTADNPHJYBmTOXVdzSAHBD3
490=RIAZQCZM7HHggAdvQCZM4nlRN4VAInxBknVQB6KFUAeygpAHwoKQB9KCkAfigpAH8oKQCA
491=KCkAgSgpAIIoKQCDKCkAhCgpAIUoKQCGKCkAhygpAIgoKQCJKCkAiigpAIsoKQCMKCkAjS
492=gpAI4oKQCPKCkAkCgpAJEoKQCSKCkAkygpAJQoKQCVKCkAligpAJcoKQCYKCkAmSgpAJoo
493=KQCbKCsABABN8c8FKCkABigpAAcoKQAIKCkACSgpAAooKQALKCkADCgpAA0oKQAOKCkADy
494=gpABAoKQARKCkAEigpABMoKQAUKCkAFSgpABYoKQAXKCkAGCgpABkoKQAaKCkAGygpABwo
495=KQAdKCkAHigpAB8oKQAgKCkAISgpACIoKQAjKCkAJCgpACUoKQAmKCkAJygpACgoKQApKC
496=kAKigpACsoKQAsKCkALSgpAC4oKQAvSAF80CPlM02c0CPkM6gBI+QzqAEj5DOoAUW4NFgG
497=fHhJATVIAcmFNigpADcoKQA4KCkAOSgpADooKQA7KCkAPCgpAD0oKQA+KCkAPygpAEAoKQ
498=BBSAHFjEJJAdaxz0NIASceGk0AyQFFVAJslEnoRsgBAQMAAEdIAScdGk0oHBonKQBKQAQn
499=HBonVQBMKFUATSgpAE4oKQBPKCkAUCgpAFEoKQBSKCkAUygpAFQoKQBVKCkAVigpAFcoKQ
500=BYKCkAWSgpAFooKQBbKCkAXCgpAF0oKQBeSQF0JuUzTSgdGk0kdzAEAGFABM08YigpAGMo
501=KQBkKCkAZSgpAGYoKQBnKCkAaCgpAGkoKQBqKCkAaygpAGwoKQBtSAHNPG5IAdU5bygpAH
502=BIAcEEcUgBzTxySAHFVXNIAcEEdEgBlAJ80MUeCFzQxB580CfBE3hMBSccGidVAHooVQB7
503=KCkAfCgpAH0oKQB+KCkAfygpAIAoKQCBKCkAgigpAIMoKQCEKCkAhSgpAIYoKQCHKCkAiC
504=gpAIkoKQCKKCkAiygpAIwoKQCNKCkAjigpAI8oKQCQKCkAkSgpAJIoKQCTKCkAlCgpAJUo
505=KQCWKCkAlygpAJgoKQCZKCkAmigpAJsoKQCcKCsAAwBO6dIEKCkABSgpAAYoKQAHKCkACC
506=gpAAkoKQAKKCkACygpAAwoKQANKCkADigpAA8oKQAQKCkAESgpABIoKQATKCkAFCgpABUo
507=KQAWKCkAFygpABgoKQAZKCkAGigpABsoKQAcKCkAHSgpAB4oKAAGHwBOAF0GAAAAEQAAEA
508=0AIAABDAAgAE4AXQYAAAAMACEATgBdBokBIigpACMoKQAkKCkAJSgpACYoKQAnKCkAKCgp
509=ACkoKQAqKCkAKygpACwoKQAtKCkALigpAC9KAUcEhRMwyAEBAQgAMcgBAQAIADLIAQEBBA
510=AzyAEBAgQANEkBW1gGVQI1SgErBUcIBAA2SQG2exwEADdIAdUCOCgpADkoKQA6KCkAOygp
511=ADwoKQA9KCkAPigpAD8oKQBASAHVDUFJAdahD0JJAbmpAUNJAdipAURIAdkRRUkBSEgXAQ
512=AEAEbIAQEBAABHSgF1B1cYAABISQF/qQFJKCkASigpAEsoKQBMKCkATUkBfrkGTkkBc6kB
513=TygpAFAoKQBRKCkAUigpAFMoKQBUKCkAVSgpAFYoKQBXKCkAWEkBfbUNWUgByRdaKCkAWy
514=gpAFwoKQBdKCkAXkkBdKUIX0gBgyUAAGBIAc08YUgBlwIEAGJIAdUuY0gB1QJkKCkAZSgp
515=AGYoKQBnKCkAaCgpAGkoKQBqKCkAaygpAGxIAdUNbUgBzTxuSAHNPG8oKQBwSQHXuT1xSA
516=HNPHJIAdUYc0gB3RV0SAGXAggAdUgBlwIIAHZIAZcCDAB3SQFdcwkMAHgoKQB5KCkAeigp
517=AHsoKQB8KCkAfSgpAH4oKQB/KCkAgCgpAIEoKQCCKCkAgygpAIQoKQCFKCkAhigpAIcoKQ
518=CIKCkAiSgpAIooKQCLKCkAjCgpAI0oKQCOKCkAjygpAJAoKQCRKCkAkigpAJMoKQCUKCkA
519=lSgpAJYoKQCXKCkAmCgpAJkoKQCaKCkAmygpAJwoKQCdKCsAAgBP+asDKCkABCgpAAUoKQ
520=AGKCkABygpAAgoKQAJKCkACigpAAsoKQAMKCkADSgpAA4oKQAPKCkAECgpABEoKQASKCkA
521=EygpABQoKQAVKCkAFigpABcoKQAYKCkAGSgpABooKQAbKCkAHCgpAB0oKQAeKCkAHygpAC
522=AoKQAhKCkAIigpACMoKQAkKCkAJSgpACYoKQAnKCkAKCgpACkoKQAqKCkAKygpACwoKQAt
523=KCkALigpAC9IAWzWAQIMADDJAQNu1k8AlAJs1qkBA2zWqAFVvTRMBXR7SQE1SAGMfm7WTw
524=DFjDcoVQA4KCkAOSgpADooKQA7KCkAPCgpAD0oKQA+KCkAPygpAEBIAdUNQUgB0ZhCSAHB
525=1UNIAcUTRCgpAEVIAXyZRe9GyQEDbtZPACfOGk8Awb9JQATJAUooKQBLKCkATCgpAE1JAX
526=Shv05JATB5+ABDAU8ALakBUFAByQFRKCkAUigpAFMoKQBUKCkAVSgpAFYoKQBXSQExvQpY
527=SAHJF1lIAd0VWigpAFsoKQBcKCkAXSgpAF5IAckXX0gBjCZu1k8AzTxh9AJs1ieNB2MoVQ
528=BkKCkAZSgpAGYoKQBnKCkAaCgpAGkoKQBqKCkAaygpAGxIAc08bUgBzTxuSAHNPG9JAdlv
529=ywQAcEgBwQRxSAHNPHJIAdUYc0gBjxsEAHRIAZQCbtZPAJcCCAB29AJs1icZFHhUAtnXeS
530=gpAHooKQB7KCkAfCgpAH0oKQB+KCkAfygpAIAoKQCBKCkAgigpAIMoKQCEKCkAhSgpAIYo
531=KQCHKCkAiCgpAIkoKQCKKCkAiygpAIwoKQCNKCkAjigpAI8oKQCQKCkAkSgpAJIoKQCTKC
532=kAlCgpAJUoKQCWKCkAlygpAJgoKQCZKCkAmigpAJsoKQCcKCkAnSgpAJ4oKwABAFD51wIo
533=KQADKCkABCgpAAUoKQAGKCkABygpAAgoKQAJKCkACigpAAsoKQAMKCkADSgpAA4oKQAPKC
534=kAECgpABEoKQASKCkAEygpABQoKQAVKCkAFigpABcoKQAYKCkAGSgpABooKQAbKCkAHCgp
535=AB0oKQAeKCkAHygpACAoKQAhKCkAIigpACMoKQAkKCkAJSgpACYoKQAnKCkAKCgpACkoKQ
536=AqKCkAKygpACwoKQAtKCkALigpAC9IAW3WAGXZUJjXI/Q1qAEj9DWpAQFk2agBTcA0WAZk
537=gVUCNUgBhIFm2VAA3Y43KFUAOCgpADkoKQA6KCkAOygpADwoKQA9KCkAPigpAD9IASUNLk
538=BIAdUNQSgpAEIoKQBDKCkARCgpAEVJAWkm9jVQAGgBI/U1UCglG1AoJBsnKQBKWAbRxEso
539=KQBMKCkATUkBdOfZUAAsucxPVQJKdAJrbFAASakBUVQCyQFSKCkAUygpAFQoKQBVKCkAVk
540=kBS6UIV0kBLqkMWEgBJyQbJ70CWlQC3RVbKCkAXCgpAF0oKQBeSAHJF19IAZQ5ZdlQhNlN
541=PGH0AmTZJ40HYyhVAGQoKQBlKCkAZigpAGcoKQBoKCkAaSgpAGooKQBrSAHNPGxIAc08bS
542=gpAG4oKQBvKCkAcCgpAHFIAWA7AQAEAHJIAcVVc0gBjBtk2cwbZdlQKCQb1AJk2SdFFHhY
543=BickGydVAHooVQB7KCkAfCgpAH0oKQB+KCkAfygpAIAoKQCBKCkAgigpAIMoKQCEKCkAhS
544=gpAIYoKQCHKCkAiCgpAIkoKQCKKCkAiygpAIwoKQCNKCkAjigpAI8oKQCQKCkAkSgpAJIo
545=KQCTKCkAlCgpAJUoKQCWKCkAlygpAJgoKQCZKCkAmigpAJsoKQCcKCkAnSgpAJ4oKQCfKC
546=sAAgBR8doDKCkABCgpAAUoKQAGKCkABygpAAgoKQAJKCkACigpAAsoKQAMKCkADSgpAA4o
547=KQAPKCkAECgpABEoKQASKCkAEygpABQoKQAVKCkAFigpABcoKQAYKCkAGSgpABooKQAbKC
548=kAHCgpAB0oKQAeKCkAHygpACAoKQAhKCkAIigpACMoKQAkKCkAJSgpACYoKQAnKCkAKCgp
549=ACkoKQAqKCkAKygpACwoKQAtKCkALigpAC9IAWTZI002UYTZI0w2qQECIkw2qAEjTDaoAV
550=2DNFgGfINJATVIAd2DNkgB3Y43SAHVAjgoKQA5KCkAOkgBJQUtOygpADwoKQA9KCkAPigp
551=AD8oKQBASAElZS5BSAHVDUIoKQBDSAHZEURIAcEERUgBIrwuSRdGyAGF2VEoJRtRKCQbJy
552=kASkwFxcNLKCkATCgpAE1IAdnBTkgBJycbUQBIsc9QVQJRqQFRSQFGqQFSSQFQqQFTSAHB
553=BFRIAcEEVUgBwQRWSQFHrQVXSAEnJBsn6QJZVALRFFooKQBbKCkAXCgpAF0oKQBeSAHJF1
554=9IAYAlZdlRhNlBJWH0AmXZUSa1ImMoVQBkKCkAZSgpAGZIAc08ZygpAGgoKQBpKCkAaigp
555=AGsoKQBsSAHNPG1IAYcTBABuKCkAb0gBzTxwSAHBBHFIAc08ckgBxVVzSAHBBHRIAZQCZd
556=lRKCQbxB5k2ScZFHhMBSckGydVAHooVQB7KCkAfCgpAH0oKQB+KCkAfygpAIAoKQCBKCkA
557=gigpAIMoKQCEKCkAhSgpAIYoKQCHKCkAiCgpAIkoKQCKKCkAiygpAIwoKQCNKCkAjigpAI
558=8oKQCQKCkAkSgpAJIoKQCTKCkAlCgpAJUoKQCWKCkAlygpAJgoKQCZKCkAmigpAJsoKQCc
559=KCkAnSgpAJ4oKQCfKCsAAwBS5dkEKCkABSgpAAYoKQAHKCkACCgpAAkoKQAKKCkACygpAA
560=woKQANKCkADigpAA8oKQAQKCkAESgpABIoKQATKCkAFCgpABUoKQAWKCkAFygpABgoKQAZ
561=KCkAGigpABsoKQAcKCkAHSgpAB4oKQAfKCkAICgpACEoKQAiKCkAIygpACQoKQAlKCkAJi
562=gpACcoKQAoKCkAKSgpACooKQArKCkALCgpAC0oKQAuKCkAL0gBeNcjIjZSAGgBIyA2qAEj
563=IDapAQEiIDaoASMhNlKIm1UCNUQIwYg2KCkAN0gByYU4KCkAOSgpADpIAcmbO0kBwCRZSD
564=zIAV0KPcgBVQ0+yAFJ6D9IAdkGQEgByQxBKCkAQigpAENIAcUTREgBzQVFSAFom10KRsgB
565=I0lRUij5GlIo+BonKQBKTAXFw0soKQBMKCkATUgBzcBOSAEn+RpSKPgaWCexz1FBBF5lHg
566=FAASeBAFNQAdXTVEgBwQRVSAHB4FZIAcEEV0gBJ/gaJ+kCWVQC0RRaKCkAWygpAFwoKQBd
567=KCkAXkgByRdfSAGAJXjXJ40HYVQCxSliKCkAY0gBjwUEAGQoKQBlKCkAZkgB0TVnSAHNPG
568=jIAU08acgBTTFqyAFNPGtIAdkGbEgByQxtKCkAbigpAG9IAcUTcEgBzQVxSAHNPHJIAWDV
569=VQ1zSAHBBHRIAZQCeddSKPgaxB541yftE3hMBSf4GidVAHooVQB7KCkAfCgpAH0oKQB+KC
570=kAfygpAIAoKQCBKCkAgigpAIMoKQCEKCkAhSgpAIYoKQCHKCkAiCgpAIkoKQCKKCkAiygp
571=AIwoKQCNKCkAjigpAI8oKQCQKCkAkSgpAJIoKAADkwBSAF0GEQAAXw0AIAgAAAAMAJQAUg
572=BdBosBlQBS6QGWKCkAlygpAJgoKQCZKCkAmigpAJsoKQCcKCkAnSgpAJ4oKwAEAFP1DQUo
573=KQAGKCkABygpAAgoKQAJKCkACigpAAsoKQAMKCkADSgpAA4oKQAPKCkAECgpABEoKQASKC
574=kAEygpABQoKQAVKCkAFigpABcoKQAYKCkAGSgpABooKQAbKCkAHCgpAB0oKQAeKCkAHygp
575=ACAoKQAhKCkAIigpACMoKQAkKCkAJSgpACYoKQAnKCkAKCgpACkoKQAqKCkAKygpACwoKQ
576=AtKCkALigpAC9IAQVHBAAAAgwAMMgBAQMIADHIAQECCAAyyAEBAwQAM8gBAQAEADRJAVtY
577=BkkBNUoBKwVPUgQANkkBtntTBAA3SAHVAjgoKQA5KCkAOkkBua0FO0kBwEgBAQQEADzIAQ
578=EFBAA9yAEBBgQAPsgBAQcEAD9IAdkGQEgByQxBKCkAQigpAENIAdkRREgBzQVFSQFIqRdG
579=yAEBAQAAR0sBdQcAYQBISQF/qQFJKCkASigpAEsoKQBMKCkATUkBdLkGTkkBLGsiAABPSQ
580=FIdwIBAFBJAU+pAVFJAUmpAVJJAU6pAVNIAcEEVEgBwQRVSAHBBFZJAUetBVdJAS6pDFhI
581=AckXWUgByRdaKCkAWygpAFwoKQBdKCkAXkgByRdfSAGDJQAAYEgBzTxhSAGXAgQAYkgB0S
582=pjSAHVAmQoKQBlKCkAZkgB0TVnSQHArTxoyAFNPGnIAU08asgBTTxrSAHZBmxIAckMbSgp
583=AG4oKQBvSAHZEXBIAc0FcUgBzTxySAHVGHNIAcEEdEgBlwIIAHVIAZcCCAB2SAGXAgwAd0
584=gBxa14KCkAeSgpAHooKQB7KCkAfCgpAH0oKQB+KCkAfygpAIAoKQCBKCkAgigpAIMoKQCE
585=KCkAhSgpAIYoKQCHKCkAiCgpAIkoKQCKKCkAiygpAIwoKQCNKCkAjigpAI8oKQCQKCkAkS
586=gpAJIoKQCTKCkAlCgpAJUoKQCWKCkAlygpAJgoKQCZKCkAmigpAJsoKQCcKCkAnSgrAAUA
587=VPXTBigpAAcoKQAIKCkACSgpAAooKQALKCkADCgpAA0oKQAOKCkADygpABAoKQARKCkAEi
588=gpABMoKQAUKCkAFSgpABYoKQAXKCkAGCgpABkoKQAaKCkAGygpABwoKQAdKCkAHigpAB8o
589=KQAgKCkAISgpACIoKQAjKCkAJCgpACUoKQAmKCkAJygpACgoKQApKCkAKigpACsoKQAsKC
590=kALSgpAC4oKQAvSAFp0gBq0lQAaQEBaNKpAQBo0qkBAWjSqQECatJUAHB3VQI1RAiIemrS
591=VADdgzcoVQA4KCkAOSgpADpIAd2OO0gBeZUIa9JUAMBFlwlo0qkBCmjSqQELatJUANkGQF
592=kGK3eyBABBKCkAQigpAENIAdkRREgBzQVFSAF4lVUYRskBA2rSVADdukhUAt26SSgpAEoo
593=KQBLKCkATCgpAE1JAXR/xQAATkgBJ0oaVAAnSxpUAFFjBAEAUUEERqkBUkkBUKkBU0gBwQ
594=RUSAHBBFVIAcEEVkgBJ0oaVAAnSBon6QJZQATJF1ooKQBbKCkAXCgpAF0oKQBeSAHJF19I
595=AYAlaNInjQdh9AJo0ieNB2MoVQBkKCkAZSgpAGZIAdE1Z0gBYDtNPGjIAU08acgBTTxqyA
596=EBCwQAa0gB2QZsSQErrTxtKCkAbigpAG9IAc08cEgBzQVxSAHNPHJIAcVVc0gBwQR0SAGU
597=AmrSVACXAggAdvQCaNInlRN4VALV03koKQB6KCkAeygpAHwoKQB9KCkAfigpAH8oKQCAKC
598=kAgSgpAIIoKQCDKCkAhCgpAIUoKQCGKCkAhygpAIgoKQCJKCkAiigpAIsoKQCMKCkAjSgp
599=AI4oKQCPKCkAkCgpAJEoKQCSKCkAkygpAJQoKQCVKCkAligpAJcoKQCYKCkAmSgpAJooKQ
600=CbKCkAnCgrAAYAVf3QBygpAAgoKQAJKCkACigpAAsoKQAMKCkADSgpAA4oKQAPKCkAECgp
601=ABEoKQASKCkAEygpABQoKQAVKCkAFigpABcoKQAYKCkAGSgpABooKQAbKCkAHCgpAB0oKQ
602=AeKCkAHygpACAoKQAhKCkAIigpACMoKQAkKCkAJSgpACYoKQAnKCkAKCgpACkoKQAqKCkA
603=KygpACwoKQAtKCkALigpAC9IAWTOIz00VZDPIzw0qAEjPDSoASM8NKkBAHHPVZDPSQE1RA
604=iQd3LPVQDFgTcoVQA4KCkAOSgpADpIAcWMO0gBYZMMc89VAMBRzw1wz6kBDnDPqQEPcc9V
605=KPEZVbSGcM8nKQBCUAnZEUNIAdkRRCgpAEVJAWkmPjRVAGgBIz00VSjyGVUAxbhJTAXJAU
606=ooKQBLKCkATCgpAE1JAXR0yHPPVQAsaKYiPTRVKPAZWCdgBHPPVQBeWBwBAAEAUlgG1dNT
607=SAHNy1RIAcEEVUgBwQRWSAHBBFdJAS6pDFhIAd3mWUgB3RVaKCkAWygpAFwoKQBdKCkAXk
608=gByRdfSAGYJ3DPJ40HYfQCcM8njQdjKFUAZCgpAGUoKQBmSAHNPGdIAWA7AQwEAGjIAU08
609=acgBAQ4EAGrIAU08a0gB2QZsSAGbEQQAbSgpAG4oKQBvSAHNPHAoKQBxSAFgO1lTckgBeM
610=xJAXNIAdEJdEgBlAJwz89HCAB29AJwzydpE3hUAifwGSdVAHooVQB7KCkAfCgpAH0oKQB+
611=KCkAfygpAIAoKQCBKCkAgigpAIMoKQCEKCkAhSgpAIYoKQCHKCkAiCgpAIkoKQCKKCkAiy
612=gpAIwoKQCNKCkAjigpAI8oKQCQKCkAkSgpAJIoKQCTKCkAlCgpAJUoKQCWKCkAlygpAJgo
613=KQCZKCkAmigpAJsoKwAHAFblzggoKQAJKCkACigpAAsoKQAMKCkADSgpAA4oKQAPKCkAEC
614=gpABEoKQASKCkAEygpABQoKQAVKCkAFigpABcoKQAYKCkAGSgpABooKQAbKCkAHCgpAB0o
615=KQAeKCkAHygpACAoKQAhKCkAIigpACMoKQAkKCkAJSgpACYoKQAnKCkAKCgpACkoKQAqKC
616=kAKygpACwoKQAtKCkALigpAC9IAXjMI40zVpjMI4wzqAEjjDOpAQEijDOpAQJ5zFaYzFUC
617=NUQI0Xc2SAHNfjdIAdUCOCgpADlJAdZ7qwQAOkgBzYk7KCkAPCgpAD0oKQA+KCkAPygpAE
618=BIAckMQSgpAEIoKQBDSAHZEURIAc0FRUgBIvwrXY5GyAGazFYAzbVIVALNtUkoKQBKKCkA
619=SygpAEwoKQBNSQF0dMh5zFYomRlWKJoZVgAlVU1RTAUlVU1SSAElVU1TSAHBBFRIAcEEVU
620=gBwQRWSAEnmRlWKIwzJ+kCWUAEyRdaKCkAWygpAFwoKQBdKCkAXkgByRdfSAGAJXjMJ40H
621=YfQCesxWANEqYyhVAGQoKQBlSAHNPGZIAc08ZygpAGgoKQBpKCkAaigpAGsoKQBsSAGZEQ
622=RZzFYmVSFuKFUAb0gB2RFwSAHNBXFIAc08ckgBYMoBAQQAc0gBwQR0SAGUAnjM3woIAHb0
623=AnjMJz0TeFQCJ5gZJ1UAeihVAHsoKQB8KCkAfSgpAH4oKQB/KCkAgCgpAIEoKQCCKCkAgy
624=gpAIQoKQCFKCkAhigpAIcoKQCIKCkAiSgpAIooKQCLKCkAjCgpAI0oKQCOKCkAjygpAJAo
625=KQCRKCkAkigpAJMoKQCUKCkAlSgpAJYoKQCXKCkAmCgpAJkoKQCaKCsACABX7csJKCkACi
626=gpAAsoKQAMKCkADSgpAA4oKQAPKCkAECgpABEoKQASKCkAEygpABQoKQAVKCkAFigpABco
627=KQAYKCkAGSgpABooKQAbKCkAHCgpAB0oKQAeKCkAHygpACAoKQAhKCkAIigpACMoKQAkKC
628=kAJSgpACYoKQAnKCkAKCgpACkoKQAqKCkAKygpACwoKQAtKCkALigpAC9IAWDKI90yV4DK
629=I9wyqAEj3DKpAQNgyqgBSbE0WAZgckkBNUgByXo2KCkANygpADgoKQA5KCkAOkkB2K3LO0
630=gBwX08KCkAPSgpAD4oKQA/KCkAQCgpAEEoKQBCKCkAQ0gBxRNESAHJDEVIAXCNAQIEAEbI
631=ASPSTFcAJ0EZVyjcMicpAEpMBc21SygpAEwoKQBNSQF04cpXKEMZVwBMdAIiH2dXAEapAV
632=FMBckBUigpAFMoKQBUKCkAVSgpAFZJAU2lCFdJAS4m3DIn6QJZVALRFFooKQBbKCkAXCgp
633=AF0oKQBeSAHJF19IAYAlYcpXI9AgTTxhVALFKWIoKQBjKCkAZCgpAGUoKQBmSAHNPGdIAZ
634=wKIt0yV+XDaShVAGooKQBrKCkAbCgpAG0oKQBuKCkAb0gBxRNwSAHJDHFIAc08ckgBxVVz
635=SAHBBHRIAZQCYMrZEQhAysQeYMonERN4TAUnQBknVQB6KFUAeygpAHwoKQB9KCkAfigpAH
636=8oKQCAKCkAgSgpAIIoKQCDKCkAhCgpAIUoKQCGKCkAhygoAAuIAFcAXQYAAAAMAIkAVxEA
637=AP8MACAIAF0GAAAADACKAFfpAYsoKQCMKCkAjSgpAI4oKQCPKCkAkCgpAJEoKQCSKCkAky
638=gpAJQoKQCVKCkAligpAJcoKQCYKCkAmSgrAAkAWP0VCigpAAsoKQAMKCkADSgpAA4oKQAP
639=KCkAECgpABEoKQASKCkAEygpABQoKQAVKCkAFigpABcoKQAYKCkAGSgpABooKQAbKCkAHC
640=gpAB0oKQAeKCkAHygpACAoKQAhKCkAIigpACMoKQAkKCkAJSgpACYoKQAnKCkAKCgpACko
641=KQAqKCkAKygpACwoKQAtKCkALigpAC9IAQVHBAAAAAwAMMgBAQEIADHIAQEACAAyyAEBAQ
642=QAM8gBAQIEADRJAVtYBlUCNUkBuXtTBAA2SQHXqQE3SQHWqQE4SAHBBDlJAba1AjpKASsF
643=Qw8EADsoKQA8KCkAPSgpAD4oKQA/KCkAQCgpAEEoKQBCKCkAQ0gB1Q1ESAHVDUVJAUhIFw
644=EABABGyAEBAQAAR0oBdQdbEQAASEkBf6kBSSgpAEooKQBLKCkATCgpAE1JAXS5Bk5JATNv
645=GwAAT0kBL6kBUCgpAFEoKQBSKCkAUygpAFQoKQBVKCkAVigpAFdJATK9ClhIAckXWUgByR
646=daKCkAWygpAFwoKQBdKCkAXkgByRdfSAGDJQAAYEgBzTxhSAGXAgQAYigpAGNIAc08ZEgB
647=zTxlSAHVLmZIAdkGZygpAGgoKQBpKCkAaigpAGsoKQBsKCkAbSgpAG4oKQBvSAHVDXBIAd
648=UNcUgBzTxySAHVGHNIAcEEdEgBlwIIAHVIAZcCCAB2SAGXAgwAd0gB0a54KCkAeSgpAHoo
649=KQB7KCkAfCgpAH0oKQB+KCkAfygpAIAoKQCBKCkAgigpAIMoKQCEKCkAhSgpAIYoKQCHKC
650=kAiCgpAIkoKQCKKCkAiygpAIwoKQCNKCkAjigpAI8oKQCQKCkAkSgpAJIoKQCTKCkAlCgp
651=AJUoKQCWKCkAlygpAJgoKwAKAFn9xQsoKQAMKCkADSgpAA4oKQAPKCkAECgpABEoKQASKC
652=kAEygpABQoKQAVKCkAFigpABcoKQAYKCkAGSgpABooKQAbKCkAHCgpAB0oKQAeKCkAHygp
653=ACAoKQAhKCkAIigpACMoKQAkKCkAJSgpACYoKQAnKCkAKCgpACkoKQAqKCkAKygpACwoKQ
654=AtKCkALigpAC9IAXHEAnLEWQBpAQNwxKkBAnDEqQEDcMSoAVmrNFgGeGlJATVJAdmhvzZI
655=AcmFNygpADhJAdihBDlIAcl6OkgBjHNyxFkAyQE8KFUAPSgpAD4oKQA/KCkAQCgpAEEoKQ
656=BCKCkAQ0gB1Q1ESAHJDEVIAWCISd1GyQEDcsRZAMWtSFQCxa1JKCkASigpAEsoKQBMKCkA
657=TUkBfPPEWQB2qQFPVALJAVAoKQBRKCkAUigpAFMoKQBUKCkAVSgpAFYoKQBXKCkAWEkBe7
658=UNWUgByRdaKCkAWygpAFwoKQBdKCkAXkkBdKUIX0gBgCVyxFkAzTxh9AJyxFkAxcNjVALZ
659=PWRIAc08ZUgB1S5mSAGTCQQAZygpAGgoKQBpKCkAaigpAGsoKQBsKCkAbSgpAG4oKQBvSA
660=HVDXBIAdUNcUgBzTxySAHVGHNIAcEEdEgBlAJwxNVPCFDExB5wxCe5EnhMBd3FeSgpAHoo
661=KQB7KCkAfCgpAH0oKQB+KCkAfygpAIAoKQCBKCkAgigpAIMoKQCEKCkAhSgpAIYoKQCHKC
662=kAiCgpAIkoKQCKKCkAiygpAIwoKQCNKCkAjigpAI8oKQCQKCkAkSgpAJIoKQCTKCkAlCgp
663=AJUoKQCWKCkAlygrAAsAWuXDDCgpAA0oKQAOKCkADygpABAoKQARKCkAEigpABMoKQAUKC
664=kAFSgpABYoKQAXKCkAGCgpABkoKQAaKCkAGygpABwoKQAdKCkAHigpAB8oKQAgKCkAISgp
665=ACIoKQAjKCkAJCgpACUoKQAmKCkAJygpACgoKQApKCkAKigpACsoKQAsKCkALSgpAC4oKQ
666=AvSAFswCPNMFqYwSPMMKgBI8wwqQEBeMGoAUGpNFgGeGlVAjVIAdFsNkgB3YM3KCkAOEgB
667=wQQ5SAHRdzooKQA7KCkAPCgpAD0oKQA+KCkAPygpAEAoKQBBKCkAQigpAEMoKQBEKCkARU
668=kBaSbOMFoAaAEjzTBaKDoYWgDNqklMBckBSigpAEsoKQBMKCkATSgpAE4oKQBPKCkAUCgp
669=AFEoKQBSKCkAUygpAFQoKQBVKCkAVigpAFcoKQBYKCkAWSgpAFooKQBbKCkAXCgpAF0oKQ
670=BeSQF0+cFaqPN5wVqYwU08YUAEwTtiKCkAY0gBzcBkSAHNPGVIAc08ZigpAGcoKQBoKCkA
671=aSgpAGooKQBrKCkAbCgpAG0oKQBuKCkAbygpAHAoKQBxSAFgOwEABABySAHFVXNIAdEUdE
672=gBlAJ4wcUeCFjBxB54wSeNEnhMBSc4GCdVAHooVQB7KCkAfCgpAH0oKQB+KCkAfygpAIAo
673=KQCBKCkAgigpAIMoKQCEKCkAhSgpAIYoKQCHKCkAiCgpAIkoKQCKKCkAiygpAIwoKQCNKC
674=kAjigpAI8oKQCQKCkAkSgpAJIoKQCTKCkAlCgpAJUoKQCWKCsADABb7cANKCkADigpAA8o
675=KQAQKCkAESgpABIoKQATKCkAFCgpABUoKQAWKCkAFygpABgoKQAZKCkAGigpABsoKQAcKC
676=kAHSgpAB4oKQAfKCkAICgpACEoKQAiKCkAIygpACQoKQAlKCkAJigpACcoKQAoKCkAKSgp
677=ACooKQArKCkALCgpAC0oKQAuKCkAL0gBYL8jHTBbgL8jHDCoASMcMKgBIxwwqAFZaTRZBl
678=61pzVIAQVABQAAAQMANsgBAQIDADdJAUFUAgEAAwA4yAFBBDlIAdGCOkgB1XA7KCkAPCgp
679=AD0oKQA+SAHZBj9IAdkGQCgpAEEoKQBCKCkAQ0gB2QZESAHZBkVJAWipF0bIAYG/WyjhF1
680=so4BcnKQBKTAXNwEsoKQBMKCkATSgpAE4oKQBPKCkAUCgpAFEoKQBSKCkAUygpAFQoKQBV
681=KCkAVigpAFcoKQBYKCkAWSgoAEiY9RhbKFUAXCgpAF0oKQBeSQF04b9bKOIXWwDNPGFABC
682=fiF1sAyQFjVALRKmQoKQBlSAHVLmZIAcEEZygpAGgoKQBpKCkAakgB2QZrSAHZBmwoKQBt
683=KCkAbigpAG9IAdkGcEgB2QZxSAHNPHJIAWi8UVZzSAHBBHRIAZQCYL/FHghAv0glaENgvy
684=dhEnhMBSfgFydVAHooVQB7KCkAfCgpAH0oKQB+KCkAfygpAIAoKQCBKCkAgigpAIMoKQCE
685=KCkAhSgpAIYoKQCHKCkAiCgpAIkoKQCKKCkAiygpAIwoKQCNKCkAjigpAI8oKQCQKCkAkS
686=gpAJIoKQCTKCkAlCgpAJUoKwANAFz1vQ4oKQAPKCkAECgpABEoKQASKCkAEygpABQoKQAV
687=KCkAFigpABcoKQAYKCkAGSgpABooKQAbKCkAHCgpAB0oKQAeKCkAHygpACAoKQAhKCkAIi
688=gpACMoKQAkKCkAJSgpACYoKQAnKCkAKCgpACkoKQAqKCkAKygpACwoKQAtKCkALigpAC9I
689=AWi8I20vXIi8I2wvqAEjbC+pAQEibC+oASNvL1wAZHNhBAA1RAhpvARqvFwAagEFAkq8XA
690=BqvAMCSLyoAUEEOU0FZ7kGOkkBPqkBO8gBSQw8yAFBcj3IAVUCPkgB2QY/SAHZBkDIAUEE
691=QcgBWQZCyAFVAkNIAdkGREkBZrUNRUkBdqkBRsgBibxcKIkXXPGjSUAE3bpKKCkASygpAE
692=woKQBNKCkATigpAE8oKQBQKCkAUSgpAFIoKQBTKCkAVCgpAFUoKQBWKCkAVygpAFgoKQBZ
693=KCkAWigpAFsoKQBcKCkAXSgpAF5JAXTpvFwoiBcnjQdhQATVLmLIAV0rY8gBVS5kyAFVAm
694=VIAdUuZkgB2QZnyAFBBGjIAVkGacgBVQJqSAHZBmtIAdkGbMgBQQRtyAFZBm7IAVUCb0gB
695=2QZwSAHNPHFIAc08ckgBcLlNBXNIASeIF1DdUEBNXXX3AggAdkgBjAVovCc1EnhUAieIFy
696=dVAHooVQB7KCkAfCgpAH0oKQB+KCkAfygpAIAoKQCBKCkAgigpAIMoKQCEKCkAhSgpAIYo
697=KQCHKCkAiCgpAIkoKQCKKCkAiygpAIwoKQCNKCkAjigpAI8oKQCQKCkAkSgpAJIoKQCTKC
698=kAlCgrAA4AXf26DygpABAoKQARKCkAEigpABMoKQAUKCkAFSgpABYoKQAXKCkAGCgpABko
699=KQAaKCkAGygpABwoKQAdKCkAHigpAB8oKQAgKCkAISgpACIoKQAjKCkAJCgpACUoKQAmKC
700=kAJygpACgoKAAIKQBdAF0GAAAADAARAACJDQAgCSoAXQBdBgAAAAwAKygpACwoKQAtKCkA
701=LigpAC9IAQVHBAAAAgwAMMgBAQMIADHIAQECCAAyyAEBAwQAM0kBem8FBAA0yAEBAwAANU
702=gBBUAFAAAHAAA2yAEBCAEAN0kBQVQCAQYBADjIAUEEOUkBZ0QIAQEAADpJAT5IAQECAAA7
703=yAFRCTzIAVUCPcgBVQI+SAHZBj9IAdkGQMgBQQRByAFZBkLIAVUCQ0gB2QZESQFmVA1BD0
704=VJAXZIAU0FRsgBTQVHSQF1RBQBAAAASEkBf6kBSSgpAEooKQBLKCkATCgpAE0oKQBOKCkA
705=TygpAFAoKQBRKCkAUigpAFMoKQBUKCkAVSgpAFYoKQBXKCkAWCgpAFkoKQBaKCkAWygpAF
706=woKABZRQDZHF5VAnSlHl9JAStcNl0gYEkBZEAlTSZhSAHVLmLIAU0mY8gBRSlkyAFVAmVI
707=AdUuZkgB2QZnyAFBBGjIAVkGacgBVQJqSAHZBmtIAdkGbMgBQQRtyAFZBm7IAVUCb0gB2Q
708=ZwSAHNPHFIAc08ckkBW1QYAQAEAHNIAY8bBAB0SAGXAggAdUgBlwIIAHZIAZcCDAB3SgFd
709=BlcgDAB4KCkAeSgpAHooKQB7KCkAfCgpAH0oKQB+KCkAfygpAIAoKQCBKCkAgigpAIMoKQ
710=CEKCkAhSgpAIYoKQCHKCkAiCgpAIkoKQCKKCkAiygpAIwoKQCNKCkAjigpAI8oKQCQKCkA
711=kSgpAJIoKQCTKCoADwBMSrknECgpABEoKQASKCkAEygpABQoKQAVKCkAFigpABcoKQAYKC
712=kAGSgpABooKQAbKCkAHCgpAB0oKQAeKCkAHygpACAoKQAhKCkAIigpACMoKQAkKCkAJSgp
713=ACYoKQAnKCkAKCgpACkoKQAqKCkAKygpACwoKQAtKCkALigpAC9IAXi2Vb0wyQEBerZeAJ
714=QCeLapAQF7tl4ASKVgNEwFaAFJejVJAUBBfQp6tl4AagELAFq2XgB6tgkAWLaoAUEEOU0F
715=d72DOkkBdqkBOygpADwoKQA9KCkAPigpAD8oKQBAKCkAQSgpAEIoKQBDKCkARCgpAEUoKQ
716=BGKCkAR0kBe7kRSEgB3ZlJKCkASigpAEsoKQBMKCkATSgpAE4oKQBPKCkAUCgpAFEoKQBS
717=KCkAUygpAFQoKQBVKCkAVigpAFcoKQBYKCkAWSgpAFooKQBbKCkAXCgpAF0oKQBeSQF8sR
718=9fSAHZMmAoKQBhKCkAYigpAGMoKQBkKCkAZSgpAGYoKQBnKCkAaCgpAGkoKQBqKCkAaygp
719=AGxJAXilE21IAZurAABuKCkAbygpAHAoKQBxKCkAckgBaLFdV3NIAYQIerZeAJQCerZeAJ
720=QCeLbUAni2J90ReFgGxbh5KCkAeigpAHsoKQB8KCkAfSgpAH4oKQB/KCkAgCgpAIEoKQCC
721=KCkAgygpAIQoKQCFKCkAhigpAIcoKQCIKCkAiSgpAIooKQCLKCkAjCgpAI0oKQCOKCkAjy
722=gpAJAoKQCRKCkAkigqABAAUP6ttREoKQASKCkAEygpABQoKQAVKCkAFigpABcoKQAYKCkA
723=GSgpABooKQAbKCkAHCgpAB0oKQAeKCkAHygpACAoKQAhKCkAIigpACMoKQAkKCkAJSgpAC
724=YoKQAnKCkAKCgpACkoKQAqKCkAKygpACwoKQAtKCkALigpAC9IAWixI10tX5SyI1wtqAEj
725=XC2oASNdLV+BtAIiXC2pAQMiXS1foFxgtCcpADdcCpheYLQnVQA5VQJ5vW06SQFzqQE7KC
726=kAPCgpAD0oKQA+KCkAPygpAEAoKQBBKCkAQigpAEMoKQBEKCkARSgpAEYoKQBHSQF9uRFI
727=SQF+qQFJSAHRFEooKQBLKCkATCgpAE0oKQBOKCkATygpAFAoKQBRKCkAUigpAFMoKQBUKC
728=kAVSgpAFYoKQBXKCkAWCgpAFkoKQBaKCkAWygpAFwoKQBdSAHFHl5IAcUeX0gBxR5gKCkA
729=YSgpAGIoKQBjKCkAZCgpAGUoKQBmKCkAZygpAGgoKQBpKCkAaigpAGsoKQBsSQF6rTFtSA
730=ECRAUAAAFitF8AaAEBAgAAb1UCRVQCAQAAAHDIAUEEcUgB1U9ySAFosSNcLcBRYbRfgbQA
731=YLTUAmC01AJgtCexEXhFCF29jnkoKQB6KCkAeygpAHwoKQB9KCkAfigpAH8oKQCAKCkAgS
732=gpAIIoKQCDKCkAhCgpAIUoKQCGKCkAhygpAIgoKQCJKCkAiigpAIsoKQCMKCkAjSgpAI4o
733=KQCPKCkAkCgpAJEoKAABEQBgANUjEigpABMoKQAUKCkAFSgpABYoKQAXKCkAGCgpABkoKQ
734=AaKCkAGygpABwoKQAdKCkAHigpAB8oKQAgKCkAISgpACIoKQAjKCkAJCgpACUoKQAmKCkA
735=JygpACgoKQApKCkAKigpACsoKQAsKCkALSgpAC4oKQAvSAFosSOtLGCIsSOsLKgBRVUywQ
736=QBIq8sYABoJqwsqAFZXjVABNleNigpADcoKQA4KCkAOSgpADooKQA7KCkAPCgpAD0oKQA+
737=KCkAPygpAEAoKQBBKCkAQigpAEMoKQBEKCkARSgpAEYoKQBHSAEni0NgAHS5f0lUAs0bSi
738=gpAEsoKQBMKCkATSgpAE4oKQBPKCkAUCgpAFEoKQBSKCkAUygpAFQoKQBVKCkAVigpAFco
739=KQBYKCkAWSgpAFooKQBbKCkAXCgpAF1IAcUeXkgBxR5fSAHFHmAoKQBhKCkAYigpAGMoKQ
740=BkKCkAZSgpAGYoKQBnKCkAaCgpAGkoKQBqKCkAaygpAGwoKQBtSAF8r0FQbsoBBQFKsWAA
741=arEDAUixqAFBBHFABNUYckgBaLFdV3NIAZQCabFgiLFNXXX3AggAdkgBjAVosSeFEXhUAt
742=GNeSgpAHooKQB7KCkAfCgpAH0oKQB+KCkAfygpAIAoKQCBKCkAgigpAIMoKQCEKCkAhSgp
743=AIYoKQCHKCkAiCgpAIkoKQCKKCkAiygpAIwoKQCNKCkAjigpAI8oKQCQKCsAEgBh/a8TKC
744=kAFCgpABUoKQAWKCkAFygpABgoKQAZKCkAGigpABsoKQAcKCkAHSgpAB4oKQAfKCkAICgp
745=ACEoKQAiKCkAIygpACQoKQAlKCkAJigpACcoKQAoKCkAKSgpACooKQArKCkALCgpAC0oKQ
746=AuKCkAL0gBcK4j/SthkK4j/CuoASP8K6gBI/wrqQEAIv8rYQBTVFtJATVECGgBVVo2SQFP
747=tQI3yAFVAjjIAU0FOcgBVQI6yAFVAjvIAVUCPMgBVQI9yAFVAj7IAVUCP8gBVQJAyAFVAk
748=HIAVUCQsgBVQJDyAFVAkRJAVKlE0VJAW2pAUbIAUnHR0gByZBISQF08a5hJm0vSlQCeBxd
749=CkvIAV0KTEgBxR5NyAFVAk7IAU0FT8gBVQJQyAFVAlHIAVUCUsgBVQJTyAFVAlTIAVUCVc
750=gBVQJWyAFVAlfIAVUCWMgBVQJZyAFVAlpIAcUeW0gBxR5cyAFFHl1IAcUeXkgBxR5fSAGB
751=kwBIbCeNB2FUAnAfXQpiSAHFHmPIAVUCZMgBTRBlyAFVAmbIAVUCZ8gBVQJoyAFVAmnIAV
752=UCasgBVQJryAFVAmzIAVUCbUgBcK4BBwMAbsoBCAJRrmGSrgYCU65hAEYiKywDAHFABGgB
753=RQhySAFgqUUIc0gBjBtxrmGRrgAi/CvNPAhQrtQCcK4nWRF4WAYn0BUnVQB6KFUAeygpAH
754=woKQB9KCkAfigpAH8oKQCAKCkAgSgpAIIoKQCDKCkAhCgpAIUoKQCGKCkAhygpAIgoKQCJ
755=KCkAiigpAIsoKQCMKCkAjSgpAI4oKQCPKCsAEwBi5a0UKCkAFSgpABYoKQAXKCkAGCgpAB
756=koKQAaKCkAGygpABwoKQAdKCkAHigpAB8oKQAgKCkAISgpACIoKQAjKCkAJCgpACUoKQAm
757=KCkAJygpACgoKQApKCkAKigpACsoKQAsKCkALSgpAC4oKQAvSAF4qyNNK2KYq138MfQCIv
758=xX1AIiTCuoAUVVNEAEfG0BAgQANUkBuSL3NQQANigpADdIAclZOCgpADlJAbatBTpIAcEE
759=OygpADwoKQA9KCkAPkgB2QY/SAHZBkAoKQBBKCkAQigpAENIAdkGREgB2QZFSAElZS5GyA
760=FRjUdIAdGNSEkBdPmrYih5FWKAykUeS0AExR5MKCkATUgByQxOKCkAT0gBzRBQSAHBBFEo
761=KQBSKCkAUygpAFRIAdkGVUgB2QZWKCkAVygpAFgoKQBZSAHZBlpIAdkGW0gBxR5cyAFFHl
762=1IAcUeXkgBxR5fSAGYBnirJ8UDYfUCBEIBYgDJDGNQAY8FBABkKCkAZSgpAGYoKQBnSAHZ
763=BmhIAdkGaSgpAGooKQBrKCkAbEgB2QZtSAF5qwp5q2IjekELA1mrYpqrCQNZq2KZqwJ5q2
764=IjIExFVXJYBnirRa1zSAHBD3RIAZQCeKvPPAgAdvQCeKsnLRF4VAIneBUnVQB6KFUAeygp
765=AHwoKQB9KCkAfigpAH8oKQCAKCkAgSgpAIIoKQCDKCkAhCgpAIUoKQCGKCkAhygpAIgoKQ
766=CJKCkAiigpAIsoKQCMKCgABY0AYgBdBgAAEQAAaQ0AIAgADACOAGIAXQYAAEgBAhQAYwBd
767=qQEVKCkAFigpABcoKQAYKCkAGSgpABooKQAbKCkAHCgpAB0oKQAeKCkAHygpACAoKQAhKC
768=kAIigpACMoKQAkKCkAJSgpACYoKQAnKCkAKCgpACkoKQAqKCkAKygpACwoKQAtKCkALigp
769=AC9IAQVHBAAAAgwAMMgBAQMIADHIAQECCAAyyAEBAwQAM8gBAQIEADRJAVtYBgEABAA1SQ
770=G5ay0EADYoKQA3SQHXtQI4SgErBVsyBAA5SQG2tQI6KCkAOygpADwoKQA9KCkAPigpAD8o
771=KQBAKCkAQSgpAEIoKQBDKCkARCgpAEVJAWmpF0bIAQEBAABHSgF1B1MUAABISQF0qQFJSA
772=GLFwAASkgBxR5LSAHFHkwoKQBNSAHFHk5IAZsGBABPSAHFHlAoKQBRKCkAUigpAFMoKQBU
773=KCkAVSgpAFYoKQBXKCkAWCgpAFkoKQBaKCkAW0gBxR5cyAFFHl1IAcUeXkgBxR5fSAGLFw
774=AAYEgBxR5hSAHVGGIoKQBjKCkAZCgpAGUoKQBmKCkAZygpAGgoKQBpKCkAaigpAGsoKQBs
775=KCkAbUgBhxMEAG5IAcEwbygpAHBIAcEEcUkBSEw8RVVySAHVGHNIAcEEdEgBlwIIAHVIAZ
776=cCCAB2SAGXAgwAd0gBwYh4KCkAeSgpAHooKQB7KCkAfCgpAH0oKQB+KCkAfygpAIAoKQCB
777=KCkAgigpAIMoKQCEKCkAhSgpAIYoKQCHKCkAiCgpAIkoKQCKKCkAiygpAIwoKQCNKCsAFQ
778=Bk9acWKCkAFygpABgoKQAZKCkAGigpABsoKQAcKCkAHSgpAB4oKQAfKCkAICgpACEoKQAi
779=KCkAIygpACQoKQAlKCkAJigpACcoKQAoKCkAKSgpACooKQArKCkALCgpAC0oKQAuKCkAL0
780=gBaKZZzDDJAQFqpmQAlAJopqkBAWimqAFdpDRMBXBLVQI1SAGITmumZADZpaI3VALVWjhI
781=Ac2JOUgByW86SAHZBjsoKQA8KCkAPSgpAD4oKQA/KCkAQCgpAEEoKQBCKCkAQ0gB1Q1ESA
782=HVDUVIAXhpVRhGyAFBiEdIAcGISEkBdOqmZACYBmqmZADFHktABJcCBABMSAHFHk1IAcUe
783=TkgBxR5PSAHNEFBIAdkGUSgpAFIoKQBTKCkAVCgpAFUoKQBWKCkAVygpAFgoKQBZSAHVDV
784=pIAdUNW0gBxR5cyAFFHl1IAcUeXkgBxR5fSAGYBmimJ8UDYfcCBABiSAHJDGNIAY0FBEAB
785=wyUEAGVQAdUCZigpAGcoKQBoKCkAaSgpAGooKQBrKCkAbEgB1Q1tSQHWsUtuSAHJLW8oKQ
786=BwSAHVLnFIAcUeckgB3TZzSAHFE3RIAZQCaKbJFwhIpsQeaKYn1RB4TAXVp3koKQB6KCkA
787=eygpAHwoKQB9KCkAfigpAH8oKQCAKCkAgSgpAIIoKQCDKCkAhCgpAIUoKQCGKCkAhygpAI
788=goKQCJKCkAiigpAIsoKQCMKCkAFkQ32RwXKCkAGCgpABkoKQAaKCkAGygpABwoKQAdKCkA
789=HigpAB8oKQAgKCkAISgpACIoKQAjKCkAJCgpACUoKQAmKCkAJygpACgoKQApKCkAKigpAC
790=soKQAsKCkALSgpAC4oKQAvSAF4oCM9KWWEoiM8KagBIzwpqAEjPCmoAVX0NFgGcEtFjDVI
791=AclONigpADdIAdWGOEgByVk5SAHNXTpIAdkGOygpADwoKQA9KCkAPigpAD8oKQBAKCkAQS
792=gpAEIoKQBDSAHVDURIAdUNRUgBYGdVGEbJAQMiPillAMmFSFUCdPGjZShxFGWQo0UeS0AE
793=0QlMKCkATUgBxR5OSAHFHk9IAc0QUEgB2QZRKCkAUigpAFMoKQBUKCkAVSgpAFYoKQBXKC
794=kAWCgpAFlIAdUNWkgB1Q1bSAHFHlzIAUUeXUgBxR5eSAHFHl9IAZgGcKMnxQNh9AJyo2UA
795=yQxjKFUAZCgpAGUoKQBmKCkAZygpAGgoKQBpKCkAaigpAGsoKQBsSAHVDW1IAdEqbkkB2L
796=2kb0gB1S5wSAHBBHFIAcUeckgBxVVzSAGPGwQAdEgBlwIIAHVIAZcCCAB2SAGUAnGjZSZJ
797=JXhUAtWGeSgpAHooKQB7KCkAfCgpAH0oKQB+KCkAfygpAIAoKQCBKCkAgigpAIMoKQCEKC
798=kAhSgpAIYoKQCHKCkAiCgpAIkoKQCKKCkAiygrABcAZvkcGCgpABkoKQAaKCkAGygpABwo
799=KQAdKCkAHigpAB8oKQAgKCkAISgpACIoKQAjKCkAJCgpACUoKQAmKCkAJygpACgoKQApKC
800=kAKigpACsoKQAsKCkALSgpAC4oKQAvSAF4oCONKGaYoCOMKKkBACKMKKkBASKMKKgBRYE0
801=WAZgRlUCNUkBtq1SNigpADcoKQA4KCkAOSgpADpIAcX6O0gBg1EEADwoKQA9KCkAPigpAD
802=8oKQBAKCkAQSgpAEIoKQBDSAHFE0RIAckMRUgBaGRVGEbJAQF5oGYoGxRmAHT5oGYoGRRm
803=mKBFHktYBt0KTCgpAE0oKQBOKCkATygpAFBIAcUeUUgB2RFSKCkAUygpAFQoKQBVKCkAVi
804=gpAFcoKQBYKCkAWUgBxRNaSAHJDFtIAcUeXMgBRR5dSQF1uRxeSAHFHl9IAZgGeKAnxQNh
805=9AJ6oGYAyQxjKFUAZCgpAGUoKQBmKCkAZygpAGgoKQBpKCkAaigpAGtIASU1KGxIAdUNbS
806=gpAG4oKQBvKCkAcCgpAHFIASUhQXJIAcVVc0gBjBt4oMwbeKDPPAgAdkAEjAV4oCd9EHhU
807=AicYFCdVAHooVQB7KCkAfCgpAH0oKQB+KCkAfygpAIAoKQCBKCkAgigpAIMoKQCEKCkAhS
808=gpAIYoKQCHKCkAiCgpAIkoKQCKKCsAGABn7Z8ZKCkAGigpABsoKQAcKCkAHSgpAB4oKQAf
809=KCkAICgpACEoKQAiKCkAIygpACQoKQAlKCkAJigpACcoKQAoKCkAKSgpACooKQArKCkALC
810=gpAC0oKQAuKCkAL0kBRyLERSIdUWeAniPcJ6gBI9wnqQEDYJ6pAQIiHVFnmH9VhjVECNlI
811=NkgB2VM3SAHVAjgoKQA5SAHV9DpJAbm9pDsoKQA8KCkAPSgpAD4oKQA/KCkAQEgByQxBKC
812=kAQigpAENIAdkRREgBzQVFSQFIZx4EAEbJAQNhnmcowRNnKMETZyjAEyfFA0tYBtEJTEgB
813=yQxNSAHVAk4oKQBPSAHFHlBIAcUeUSgpAFIoKQBTKCkAVCgpAFUoKQBWSAHJDFcoKQBYKC
814=kAWUgB2RFaSAHNBVtIAcUeXMgBRR5dSAEnwBMnxQNfVAKYBmCeJ8UDYfQCYp5nAMkMYyhV
815=AGQoKQBlKCkAZkgBxR5nKCkAaCgpAGkoKQBqKCkAaygpAGxIASWFJ21IAYQTIhxR2zIEAG
816=9UAtkRcEgBwQRxSAFkHllTckgBcJhJAXNIAcEEdEgBlAJgntAJYJ7HHgwAd0AE1Zx4KCkA
817=eSgpAHooKQB7KCkAfCgpAH0oKQB+KCkAfygpAIAoKQCBKCkAgigpAIMoKQCEKCkAhSgpAI
818=YoKQCHKCkAiCgpAIkoKwAZAGj1nBooKQAbKCkAHCgpAB0oKQAeKCkAHygpACAoKQAhKCkA
819=IigpACMoKQAkKCkAJSgpACYoKQAnKCkAKCgpACkoKQAqKCkAKygpACwoKQAtKCkALigpAC
820=9IAWibIy0naIibIywnqAEjLCepAQFom6gBVUQ0WAZoQ1UCNUgBwUY2SAHdTDdIAdUCOCgp
821=ADkoKQA6SAHZXjtJAcC1nDzIAV0KPcgBQak+yAFZqz9IAdkGQEgByQxBKCkAQigpAENIAd
822=kRRCgpAEVIAd38RskBAWmbaChpE2goaRNoKGkTaJC5RRNLWAbBD0xIAckMTUgB1QJOKCkA
823=TygpAFBIAckXUUgBxR5SyAFdClPIAUUeVMgBRR5VSAHZBlZIAckMVygpAFgoKQBZSAHZEV
824=ooKQBbSAHFHlzIAUUeXUgBJ2gTJ8UDX1QCiAxomyfFA2FUAt0KYigpAGNIAYwFIrxPwCUi
825=vE8nKQBmQATJF2dIAcUeaMgBRR5pyAFFHmrIAUUea0gB2QZsSAHJDG0oKQBuKCkAb0gBxR
826=NwSAHNBXFIAWibXQpySAHFVXNIAcEEdEgBlAJom9wVaJvEHmibJyUQeEwF1Zx5KCkAeigp
827=AHsoKQB8KCkAfSgpAH4oKQB/KCkAgCgpAIEoKQCCKCkAgygpAIQoKQCFKCkAhigpAIcoKQ
828=CIKCsAGgBp/ZkbKCkAHCgpAB0oKQAeKCkAHygpACAoKQAhKCkAIigpACMoKQAkKCkAJSgp
829=ACYoKQAnKCkAKCgpACkoKQAqKCkAKygpACwoKQAtKCkALigpAC9IAXCYI11OaZCYI3wmqA
830=EjfCaoAVFLM+wFIn0maYh6XZk1VALJQzZIAcVKN0gB1QI4KCkAOSgpADpIAcVVO0gBYVwE
831=IkM6aQDAXJkBBQQAPdQCAQYEAD7IAQEHBAA/SAHZBkBIAckMQSgpAEIoKAACQwBpALYRAA
832=DdDQAgCQYAAAAEAEQAaQArBYgBA0UAaQBIBIkBRsgBAQEAAEdKAXUHVwIAAEhJAXSpAUlI
833=AZsGAABKSQFbuQZLSAGXAgQATEkBtqkMTUgB1QJOKCkATygpAFBJAbmtBVFJAcBIAQEEBA
834=BSyAEBBQQAU8gBAQYEAFTIAQEHBABVSAHZBlZIAckMVygpAFgoKQBZSAHZEVpIAc0FW0gB
835=xR5cyAFFHl1IAcUeXkgBxR5fSAGbBgAAYEgBxR5hSAGXAgQAYkgByQxjSAHVAmQoKQBlKC
836=kAZkgByRdnSAHFHmjIAUUeacgBRR5qyAFFHmtIAdkGbEgByQxtKCkAbigpAG9IAdkRcEgB
837=zQVxSAHFHnJIAdUYc0gBwQR0SAGXAggAdUgBlwIIAHZIAZcCDAB3SQFdRDQBAAwAeCgpAH
838=koKQB6KCkAeygpAHwoKQB9KCkAfigpAH8oKQCAKCkAgSgpAIIoKQCDKCkAhCgpAIUoKQCG
839=KCkAhygoAAEbAGoAyRccKCkAHSgpAB4oKQAfKCkAICgpACEoKQAiKCkAIygpACQoKQAlKC
840=kAJigpACcoKQAoKCkAKSgpACooKQArKCkALCgpAC0oKQAuKCkAL0kBR3dwDAAwyAEBAQgA
841=McgBAQAIADLIAQEBBAAzyAEBAAQANEgBYDtVAjVIAZs9BAA2SAHNRzdIAdUCOCgpADkoKQ
842=A6SAHNUjtIAWhZAQgEADzIAQEJBAA9yAEBCgQAPsgBAQsEAD9IAdkGQEkBK6mQQSgpAEIo
843=KQBDSAHZEURIAc0FRUgBaFkBAgQARskBA3qVagDRd0hVAnT5lWq0nHqVagDFHktABNEJTE
844=gByQxNSAHVAk4oKQBPKCkAUEgByRdRSAHFHlLIAUUeU8gBRR5UyQELepVqANkGVlUCK6Ue
845=VygpAFgoKQBZSAHZEVpIAc0FW0gBxR5cyAFFHl1IAcUeXkgBxR5fSAGYBniVJ8UDYfQCep
846=VqAMkMYyhVAGQoKQBlKCkAZkgByRdnSAHFHmjIAUUeacgBRR5qyAEBCwQAa0gB2QZsSQEr
847=pR5tKCkAbigpAG9IAdkRcEgBzQVxSAHFHnJIAd02c0gBwQR0SAGUAniVzzwIAHb0AniVJ8
848=0PeFQC2X95KCkAeigpAHsoKQB8KCkAfSgpAH4oKQB/KCkAgCgpAIEoKQCCKCkAgygpAIQo
849=KQCFKCkAhigpABxUJtEUHSgpAB4oKQAfKCkAICgpACEoKQAiKCkAIygpACQoKQAlKCkAJi
850=gpACcoKQAoKCkAKSgpACooKQArKCkALCgpAC0oKQAuKCkAL0gBYZMCYpNrAGkBA2CTqQEC
851=YJOpAQNgk6gBSXo0WAZgO02UNUgByUM2KCkAN0gB0UA4KCkAOSgpADpIAdVPO0gBcVYMY5
852=NrAMBZ1w1gk6kBDmCTqQEPYZNr+XRAWAbJDEEoKQBCKCkAQ0gBxRNESAHNBUVIAXBWSRdG
853=yQEBYZNrKGMSawB04ZNrKGESa4CTWQZLWAbdCkwoKQBNSAHJDE4oKQBPKCkAUEgBxR5RSA
854=F4HEUeUsgBRR5TyAFFHlTIAUUeVUgB2QZWSAHJDFcoKQBYKCkAWUgBxRNaSAHNBVtIAcUe
855=XMgBRR5dSAEnYBInxQNfVAKYBmCTJ8UDYfQCYpNrAMkMYyhVAGQoKQBlKCkAZkgByRdnSA
856=HFHmjIAUUeacgBRR5qyAFFHmtIAdkGbEgBmxEEAG0oKQBuKCkAb0gB2RFwKCkAcUkBaXvt
857=BABySAHFVXNIAdEJdEgBlAJgk888CAB29AJhk2smMSJ4VALNfnkoKQB6KCkAeygpAHwoKQ
858=B9KCkAfigpAH8oKQCAKCkAgSgpAIIoKQCDKCkAhCgpAIUoKwAdAGzxFB4oKQAfKCkAICgp
859=ACEoKQAiKCkAIygpACQoKQAlKCkAJigpACcoKQAoKCkAKSgpACooKQArKCkALCgpAC0oKQ
860=AuKCkAL0gBfY4AaZBsiJAjbCSoASNsJKkBAWiQqAFVcDRYBmg4VQI1SAHBOzZIAd1BN0gB
861=1QI4KCkAOSgpADpIAd1MOygpADwoKQA9KCkAPigpAD8oKQBASQHXWJVZEUFIAdUNQigpAE
862=NIAdkRREgBwQRFSAFgckGpRskBA2qQbADBckhVAnTpkGwoCRJsiJBFHktABNEJTEgByQxN
863=SAHVAk4oKQBPKCkAUEgBxR5RKCkAUigpAFMoKQBUKCkAVSgpAFZIAcUeV0gB1Q1YKCkAWU
864=gB2RFaSAHBBFtIAcUeXMgBRR5dSAHFHl5IAcUeX0gBmAZokCfFA2H0AmqQbADJDGMoVQBk
865=KCkAZUkB1rkyZkgBxR5nKCkAaCgpAGkoKQBqKCkAaygpAGxIAZkRBEiQzzEEAG4oVQBvSA
866=HZEXBIAc0FcUgBZB5JQ3JIAcVVc0gBwQR0SAGUAmiQ3woIAHb0AmiQJ3UPeFQCJwgSJ1UA
867=eihVAHsoKQB8KCkAfSgpAH4oKQB/KCkAgCgpAIEoKQCCKCkAgygpAIQoKQAeRCHZER8oKQ
868=AgKCkAISgpACIoKQAjKCkAJCgpACUoKQAmKCkAJygpACgoKQApKCkAKigpACsoKQAsKCkA
869=LSgpAC4oKQAvSAFwjSO9I22QjSO8I6gBI7wjqAEjvCOoAVl0NFgGcDVVOTVIAck4NkgBxT
870=83SAHVAjgoKQA5KCkAOigpADsoKQA8KCkAPSgpAD4oKQA/SQHZqVlASAHVDUEoKQBCKCkA
871=QygpAEQoKQBFSAHN4UbIAVX/R0kBeaWMSEkBeqkBSUgBlBgiITZtkI1FHkv0AiLeSG0AzR
872=BNKFUATigpAE8oKQBQKCkAUSgpAFIoKQBTKCkAVCgpAFVIAcUeVkgB1Q1XKCkAWCgpAFko
873=KQBaKCkAW0gBxR5cyAFFHl1IAcUeXkgBxR5fSAHFHmBIAc08YUgBwQ9iKCkAYygpAGQoKQ
874=BlKCkAZkkB2LE1Z0gBnwoEAGgoKQBpKCkAaigpAGsoKQBsKCkAbSgpAG4oKQBvSAHFE3BI
875=AckMcUgBcI1FVXJIAdUYc0gBwQR0SAGUAnGNbaDKcI3MPHGNbSYpIXhMBdV7eSgpAHooKQ
876=B7KCkAfCgpAH0oKQB+KCkAfygpAIAoKQCBKCkAgigpAIMoKQAfQKzNECAoKQAhKCkAIigp
877=ACMoKQAkKCkAJSgpACYoKQAnKCkAKCgpACkoKQAqKCkAKygpACwoKQAtKCkALigpAC9IAX
878=iKIw0jbpiKIwwjqAEjDCOoAU33M+wFIn1HbpBsVQI1VALRNTZIAc08N0gB1QI4KCkAOSgp
879=ADooKQA7KCkAPCgpAD0oKQA+KCkAPygpAEBIAdUNQUgB0eVCSAHd/ENIAc0QREgBBUMFAA
880=AEAwBFyAEBBQMARsgBRV9HyAFZiUhIAZsGAABJKCkASkgBYFFFHktIAYAEeYpuKFkRbrtT
881=BABOKIEATygpAFAoKQBRKCkAUigpAFMoKQBUKCkAVSgpAFZIAcUeV0gBxR5YSAHFHllIAc
882=UTWkgBxR5byAFFHlzIAUUeXcgBRR5eSAGbBgAAXygpAGBIAcUeYUgBgAQiDCMnmQNjVAIl
883=tSJkSAHZEWVIAdEUZkgB2QZnKCkAaCgpAGkoKQBqKCkAaygpAGwoKQBtKCkAbigpAG9IAd
884=UNcEgB1Q1xSAF4ik3AckgB1RhzSAHBBHRIAZQCeIrAGniK1Fp5im4oWBEnKQB5WAbVe3oo
885=KQB7KCkAfCgpAH0oKQB+KCkAfygpAIAoKQCBKCkAgigrACAAb+0QISgpACIoKQAjKCkAJC
886=gpACUoKQAmKCkAJygpACgoKQApKCkAKigpACsoKQAsKCkALSgpAC4oKQAvSAFgiCNdIm+A
887=iCNcIqgBI1wiqAEjXCKoAVW9NFgGYDBFNDVIAdkyNkgB1Tk3SAHVAjgoKQA5KCkAOigpAD
888=soKQA8KCkAPSgpAD4oKQA/KCkAQEgB1Q1BSAHN90JIAclZQygpAERIAXlpCGKIbwBqAQkC
889=QIioAQEKAQBHwQQLIj1rb6SBYIgnKQBKQATFHktIAc0bTEgBzRBNSAHVAk4oKQBPKCkAUC
890=gpAFEoKQBSKCkAUygpAFQoKQBVKCkAVkgB1Q1XSAHFHlhIAcUeWSgpAFpIAXgcRR5byAFF
891=HlzIAUUeXcgBRR5eSAGIF2CIJ8UDYFQCxR5hSAGABGKIbwDVhmNUAsEPZEgBJQUiZUgB0R
892=RmSAHZBmcoKQBoKCkAaSgpAGooKQBrKCkAbCgpAG0oKQBuKCkAb0gB1Q1wSAHVDXFIAWGI
893=AiIdRm+I3UVVc1QCwQR0SAGMG2GIb7g9YIjMBWCIJ/EOeEwF1YZ5KCkAeigpAHsoKQB8KC
894=kAfSgpAH4oKQB/KCkAgCgpAIEoKwAhAHD1hiIoKQAjKCkAJCgpACUoKQAmKCkAJygpACgo
895=KQApKCkAKigpACsoKQAsKCkALSgpAC4oKQAvSAFohSOtIXCIhSOsIagBI6whqQEBIrxEqA
896=FVLjRYBmgtVQI1SAHRNTYoKQA3KCkAOCgpADkoKQA6KCkAOygpADwoKQA9KCkAPigpAD8o
897=KQBAKCkAQUgB3VdCSAHdV0MoKQBESAECQgUAAABqhXAAaQEBaIWpAQJohakBA2mFcKxHaI
898=UnKQBKRAjFHktIAcUeTCgpAE0oKQBOKCkATygpAFAoKQBRKCkAUigpAFMoKQBUKCkAVSgp
899=AFYoKQBXSAHFHlhIAcUeWSgoAApaAHAAQgUAAAADAFsAEQAArw0AIAhwAEIFAAABAgBcAK
900=gBAQIBAF3IAQEDAABeSwErBQBhAF8oKQBgSAEFWwQAAAEEAGFKAbkGXwMEAGIoKQBjSQHY
901=tQJkSAGHCAQAZUkBtrUCZigpAGcoKQBoKCkAaSgpAGooKQBrKCkAbCgpAG0oKQBuKCkAby
902=gpAHAoKQBxSQFpSBcBAAQAckgB1RhzSAHRFHRIAZcCCAB1SAGXAggAdkgBlwIMAHdJAV13
903=GAwAeCgpAHkoKQB6KCkAeygpAHwoKQB9KCkAfigpAH8oKQCAKCgAASIAcQDVDSMoKQAkKC
904=kAJSgpACYoKQAnKCkAKCgpACkoKQAqKCkAKygpACwoKQAtKCkALigpAC9JAUdYJwECDAAw
905=yAEBAwgAMcgBAQIIADLIAQEDBAAzyAEBAgQANEkBXlgGVS41SAGTKgQANkgB3UE3SAHVAj
906=goKQA5KCkAOigpADtIAdkGPEgB2QY9KCkAPigpAD8oKQBASAHZBkFIAdFWQkgBxVVDSAHR
907=CURIAXxiAQQDAEXIAQEFAwBGyAFRP0fIAQEHAABISAGbBgAASSgpAEpIAcUeS0gBgwQEAE
908=xIAc0QTUgB1QJOKCkATygpAFBIAV1qAE0mUUgB2QZSSAHZBlMoKQBUKCkAVSgpAFZIAdkG
909=V0gBxR5YSAHFHllIAdEJWkgBxR5byAFFHlzIAUUeXcgBRR5eSAGbBgAAXygpAGBIAcUeYU
910=gB1Q1iKCkAY0gBmwYEAGQoKQBlSAHRFGZIAcEEZygpAGgoKQBpKCkAakgB2QZrSAHZBmwo
911=KQBtKCkAbigpAG9IAdkGcEgB2QZxSQFouVNySAFgfVUuc0gBwQR0SAGUAnKCcQCUAnKCcQ
912=CUAnCCJ5kOeEwFxXZ5KCkAeigpAHsoKQB8KCkAfSgpAH4oKQB/KCkAI0CW3QokKCkAJSgp
913=ACYoKQAnKCkAKCgpACkoKQAqKCkAKygpACwoKQAtKCkALigpAC9IAXl/AHp/cgBpAQF4f6
914=kBAHh/qAFFwzNNBUqxKjRJAWOpATVJAWapATZJAWepATdJAT6pATjIAUUIOcgBTTE6yAFV
915=AjtIAdkGPEgB2QY9yAFBBD7IAVkGP8gBVQJASAHZBkFIAdkGQsgBQQRDyAFZBkTIAVUCRU
916=kBd6UTRsgBAQEAAEdIAZBAeX9yvEF4fycpAEpABMUeS0gBxR5MSAHNEE1IAc0QTsgBVQ1P
917=yAFNEFDIAVUCUUgB2QZSSAHZBlPIAUEEVMgBWQZVyAFVAlZIAdkGV0gB2QZYyAFBBFnIAV
918=kGWsgBVQJbSAHFHlzIAUUeXUgBlJEiTCAnmQNfVALdIGBJAWShJWFIAdUNYsgBXQpjyAFV
919=DWTIAVUCZUgB0RRmSAHZBmfIAUEEaMgBWQZpyAFVAmpIAdkGa0gB2QZsyAFBBG3IAVkGbs
920=gBVQJvSAHZBnBIAdkycUkBdqkXckgBaHpNBXNIAY8bBAB0SAGUAnh/0B95f3KZfwF5f3L1
921=9HhMBdl0eSgpAHooKQB7KCkAfCgpAH0oKQB+KCsAJABz/QolKCkAJigpACcoKQAoKCkAKS
922=gpACooKQArKCkALCgpAC0oKQAuKCkAL0gBdHud/HOAfZz8qAGc/KgBn/xzAGC5JzRZBk+p
923=ATXIAUUpNsgBTTE3yAFVAjjIAVUCOcgBVQI6yAFVAjvIAVUCPMgBVQI9yAFVAj7IAVUCP8
924=gBVQJAyAFVAkHIAVUCQsgBVQJDyAFVAkTIAVUCRcgBVQJGyAFVAkfIAVUCSMgBVQJJyAFV
925=AkrIAVUCS8gBVQJMyAFVAk3IAVUCTsgBVQJPyAFVAlDIAVUCUcgBVQJSyAFVAlPIAVUCVM
926=gBVQJVyAFVAlbIAVUCV8gBVQJYyAFVAlnIAVUCWsgBVQJbyAFVAlzIAVUCXcgBVQJeyAFV
927=Al/IAVUCYMgBVQJhyAFVAmLIAVUCY8gBVQJkyAFVAmXIAVUCZsgBVQJnyAFVAmjIAVUCac
928=gBVQJqyAFVAmvIAVUCbMgBVQJtyAFVAm7IAVUCb8gBVQJwyAFVAnHIAVUCckkBWaVVc0gB
929=J6EPc4h6Rdl19AJgfdQCYH0nQQ54QAQnoA8nVQB6KFUAeygpAHwoKQB9KCkAJUCLxQgmKC
930=kAJygpACgoKQApKCkAKigpACsoKQAsKCkALSgpAC4oKQAvSAFoeo33dIh6jvd0AJT0bPeo
931=AVUjM0wFySI0KCkANSgpADYoKQA3KCkAOCgpADkoKQA6KCkAOygpADwoKQA9KCkAPigpAD
932=8oKQBAKCkAQSgpAEIoKQBDKCkARCgpAEUoKQBGKCkARygpAEgoKQBJKCkASigpAEsoKQBM
933=KCkATSgpAE4oKQBPKCkAUCgpAFEoKQBSKCkAUygpAFQoKQBVKCkAVigpAFcoKQBYKCkAWS
934=gpAFooKQBbKCkAXCgpAF0oKQBeKCkAXygpAGAoKQBhKCkAYigpAGMoKQBkKCkAZSgpAGYo
935=KQBnKCkAaCgpAGkoKQBqKCkAaygpAGwoKQBtKCkAbigpAG8oKQBwKCkAcSgpAHIoKQBzKC
936=kAdEgBJ+0edCSoJml6dIB9jfd07ex4TAXBcnkoKQB6KCkAeygpAHwoKwAmAHXlCCcoKQAo
937=KCkAKSgpACooKQArKCkALCgpAC0oKQAuKCkAL0gBcHed8XWQd53xdaTvcnd1AIfvCAAzTA
938=VoAVV7NMgBXZk1yAFVAjbIAVUCN8gBVQI4yAFVAjnIAVUCOsgBVQI7yAFVAjzIAVUCPcgB
939=VQI+yAFVAj/IAVUCQMgBVQJByAFVAkLIAVUCQ8gBVQJEyAFVAkXIAVUCRsgBVQJHyAFVAk
940=jIAVUCScgBVQJKyAFVAkvIAVUCTMgBVQJNyAFVAk7IAVUCT8gBVQJQyAFVAlHIAVUCUsgB
941=VQJTyAFVAlTIAVUCVcgBVQJWyAFVAlfIAVUCWMgBVQJZyAFVAlrIAVUCW8gBVQJcyAFVAl
942=3IAVUCXsgBVQJfyAFVAmDIAVUCYcgBVQJiyAFVAmPIAVUCZMgBVQJlyAFVAmbIAVUCZ8gB
943=VQJoyAFVAmnIAVUCasgBVQJryAFVAmzIAVUCbcgBVQJuyAFVAm/IAVUCcMgBVQJxyAFVAn
944=LIAVUCc8gBVQJ0SAGU9CLhLXUo8Q51kHdF2XdABMV2eCgpAHkoKQB6KCkAeygrACcAduV2
945=KCgpACkoKQAqKCkAKygpACwoKQAtKCkALigpAC9IAZTpIn08doDrVRgxVAKU6Xl0dvUYMy
946=hVADQoKQA1KCkANigpADcoKQA4KCkAOSgpADooKQA7KCkAPCgpAD0oKQA+KCkAPygpAEAo
947=KQBBKCkAQigpAEMoKQBEKCkARSgpAEYoKQBHKCkASCgpAEkoKQBKKCkASygpAEwoKQBNKC
948=kATigpAE8oKQBQKCkAUSgpAFIoKQBTKCkAVCgpAFUoKQBWKCkAVygpAFgoKQBZKCkAWigp
949=AFsoKQBcKCkAXSgpAF4oKQBfKCkAYCgpAGEoKQBiKCkAYygpAGQoKQBlKCkAZigpAGcoKQ
950=BoKCkAaSgpAGooKQBrKCkAbCgpAG0oKQBuKCkAbygpAHAoKQBxKCkAcigpAHMoKQB0KCkA
951=dSgpAHZIAQFbBAAAjOwnvQ14VALFdnkoKQB6KCsAKAB37XMpKCkAKigpACsoKQAsKCkALS
952=gpAC4oKQAvSQFgTBBJhTBJAU+pATHIAUUTMsgBQQQzyAFVAjTIAVUCNcgBVQI2yAFVAjfI
953=AVUCOMgBVQI5yAFVAjrIAVUCO8gBVQI8yAFVAj3IAVUCPsgBVQI/yAFVAkDIAVUCQcgBVQ
954=JCyAFVAkPIAVUCRMgBVQJFyAFVAkbIAVUCR8gBVQJIyAFVAknIAVUCSsgBVQJLyAFVAkzI
955=AVUCTcgBVQJOyAFVAk/IAVUCUMgBVQJRyAFVAlLIAVUCU8gBVQJUyAFVAlXIAVUCVsgBVQ
956=JXyAFVAljIAVUCWcgBVQJayAFVAlvIAVUCXMgBVQJdyAFVAl7IAVUCX8gBVQJgyAFVAmHI
957=AVUCYsgBVQJjyAFVAmTIAVUCZcgBVQJmyAFVAmfIAVUCaMgBVQJpyAFVAmrIAVUCa8gBVQ
958=JsyAFVAm3IAVUCbsgBVQJvyAFVAnDIAVUCccgBVQJyyAFVAnPIAVUCdMgBVQJ1yAFVAnZJ
959=AVmlYHdIAdVweCgpAHkoKwApAHj1cCooKQArKCkALCgpAC0oKQAuKCkALygpADAoKQAxKC
960=kAMigpADMoKQA0KCkANSgpADYoKQA3KCkAOCgpADkoKQA6KCkAOygpADwoKQA9KCkAPigp
961=AD8oKQBAKCkAQSgpAEIoKQBDKCkARCgpAEUoKQBGKCkARygpAEgoKQBJKCkASigpAEsoKQ
962=BMKCkATSgpAE4oKQBPKCkAUCgpAFEoKQBSKCkAUygpAFQoKQBVKCkAVigpAFcoKQBYKCkA
963=WSgpAFooKQBbKCkAXCgpAF0oKQBeKCkAXygpAGAoKQBhKCkAYigpAGMoKQBkKCkAZSgpAG
964=YoKQBnKCkAaCgpAGkoKQBqKCkAaygpAGwoKQBtKCkAbigpAG8oKQBwKCkAcSgpAHIoKQBz
965=KCkAdCgpAHUoKQB2KCkAdygpAHgoKwAqAHn9bSsoKQAsKCkALSgpAC4oKQAvKCkAMCgpAD
966=EoKQAyKCkAMygoAAc0AHkAXQYAAAAMEQAAxAsAIAoANQB5AF0GAAAADAA2KCkANygpADgo
967=KQA5KCkAOigpADsoKQA8KCkAPSgpAD4oKQA/KCkAQCgpAEEoKQBCKCkAQygpAEQoKQBFKC
968=kARigpAEcoKQBIKCkASSgpAEooKQBLKCkATCgpAE0oKQBOKCkATygpAFAoKQBRKCkAUigp
969=AFMoKQBUKCkAVSgpAFYoKQBXKCkAWCgpAFkoKQBaKCkAWygpAFwoKQBdKCkAXigpAF8oKQ
970=BgKCkAYSgpAGIoKQBjKCkAZCgpAGUoKQBmKCkAZygpAGgoKQBpKCkAaigpAGsoKQBsKCkA
971=bSgpAG4oKQBvKCkAcCgpAHEoKQByKCkAcygpAHQoKQB1KCkAdigpAHcoKAAEKwB6AF0GAG
972=FcLCgpAC0oKQAuKCkALygpADAoKQAxKCkAMigpADMoKQA0KCkANSgpADYoKQA3KCkAOCgp
973=ADkoKQA6KCkAOygpADwoKQA9KCkAPigpAD8oKQBAKCkAQSgpAEIoKQBDKCkARCgpAEUoKQ
974=BGKCkARygpAEgoKQBJKCkASigpAEsoKQBMKCkATSgpAE4oKQBPKCkAUCgpAFEoKQBSKCkA
975=UygpAFQoKQBVKCkAVigpAFcoKQBYKCkAWSgpAFooKQBbKCkAXCgpAF0oKQBeKCkAXygpAG
976=AoKQBhKCkAYigpAGMoKQBkKCkAZSgpAGYoKQBnKCkAaCgpAGkoKQBqKCkAaygpAGwoKQBt
977=KCkAbigpAG8oKQBwKCkAcSgpAHIoKQBzKCkAdCgpAHUoKQB2KCsALAB77WgtKCkALigpAC
978=8oKQAwKCkAMSgpADIoKQAzKCkANCgpADUoKQA2KCkANygpADgoKQA5KCkAOigpADsoKQA8
979=KCkAPSgpAD4oKQA/KCkAQCgpAEEoKQBCKCkAQygpAEQoKQBFKCkARigpAEcoKQBIKCkASS
980=gpAEooKQBLKCkATCgpAE0oKQBOKCkATygpAFAoKQBRKCkAUigpAFMoKQBUKCkAVSgpAFYo
981=KQBXKCkAWCgpAFkoKQBaKCkAWygpAFwoKQBdKCkAXigpAF8oKQBgKCkAYSgpAGIoKQBjKC
982=kAZCgpAGUoKQBmKCkAZygpAGgoKQBpKCkAaigpAGsoKQBsKCkAbSgpAG4oKQBvKCkAcCgp
983=AHEoKQByKCkAcygpAHQoKQB1KCsALQB89WUuKCkALygpADAoKQAxKCkAMigpADMoKQA0KC
984=kANSgpADYoKQA3KCkAOCgpADkoKQA6KCkAOygpADwoKQA9KCkAPigpAD8oKQBAKCkAQSgp
985=AEIoKQBDKCkARCgpAEUoKQBGKCkARygpAEgoKQBJKCkASigpAEsoKQBMKCkATSgpAE4oKQ
986=BPKCkAUCgpAFEoKQBSKCkAUygpAFQoKQBVKCkAVigpAFcoKQBYKCkAWSgpAFooKQBbKCkA
987=XCgpAF0oKQBeKCkAXygpAGAoKQBhKCkAYigpAGMoKQBkKCkAZSgpAGYoKQBnKCkAaCgpAG
988=koKQBqKCkAaygpAGwoKQBtKCkAbigpAG8oKQBwKCkAcSgpAHIoKQBzKCkAdCgrAC4Aff1i
989=LygpADAoKQAxKCkAMigpADMoKQA0KCkANSgpADYoKQA3KCkAOCgpADkoKQA6KCkAOygpAD
990=woKQA9KCkAPigpAD8oKQBAKCkAQSgpAEIoKQBDKCkARCgpAEUoKQBGKCkARygpAEgoKQBJ
991=KCkASigpAEsoKQBMKCkATSgpAE4oKQBPKCkAUCgpAFEoKQBSKCkAUygpAFQoKQBVKCkAVi
992=gpAFcoKQBYKCkAWSgpAFooKQBbKCkAXCgpAF0oKQBeKCkAXygpAGAoKQBhKCkAYigpAGMo
993=KQBkKCkAZSgpAGYoKQBnKCkAaCgpAGkoKQBqKCkAaygpAGwoKQBtKCkAbigpAG8oKQBwKC
994=kAcSgpAHIoKQBzKCsALwB+5WAwKCkAMSgpADIoKQAzKCkANCgpADUoKQA2KCkANygpADgo
995=KQA5KCkAOigpADsoKQA8KCkAPSgpAD4oKQA/KCkAQCgpAEEoKQBCKCkAQygpAEQoKQBFKC
996=kARigpAEcoKQBIKCkASSgpAEooKQBLKCkATCgpAE0oKQBOKCkATygpAFAoKQBRKCkAUigp
997=AFMoKQBUKCkAVSgpAFYoKQBXKCkAWCgpAFkoKQBaKCkAWygpAFwoKQBdKCkAXigpAF8oKQ
998=BgKCkAYSgpAGIoKQBjKCkAZCgpAGUoKQBmKCkAZygpAGgoKQBpKCkAaigpAGsoKQBsKCkA
999=bSgpAG4oKQBvKCkAcCgpAHEoKQByKCsAMAB/7V0xKCkAMigpADMoKQA0KCkANSgpADYoKQ
1000=A3KCkAOCgpADkoKQA6KCkAOygpADwoKQA9KCkAPigpAD8oKQBAKCkAQSgpAEIoKQBDKCkA
1001=RCgpAEUoKQBGKCkARygpAEgoKQBJKCkASigpAEsoKQBMKCkATSgpAE4oKQBPKCkAUCgpAF
1002=EoKQBSKCkAUygpAFQoKQBVKCkAVigpAFcoKQBYKCkAWSgpAFooKQBbKCkAXCgpAF0oKQBe
1003=KCkAXygpAGAoKQBhKCkAYigpAGMoKQBkKCkAZSgpAGYoKQBnKCkAaCgpAGkoKQBqKCkAay
1004=gpAGwoKQBtKCkAbigpAG8oKQBwKCkAcSgrADEAgPVaMigpADMoKQA0KCkANSgpADYoKQA3
1005=KCkAOCgpADkoKQA6KCkAOygpADwoKQA9KCkAPigpAD8oKQBAKCkAQSgpAEIoKQBDKCkARC
1006=gpAEUoKQBGKCkARygpAEgoKQBJKCkASigpAEsoKQBMKCkATSgpAE4oKQBPKCkAUCgpAFEo
1007=KQBSKCkAUygpAFQoKQBVKCkAVigpAFcoKQBYKCkAWSgpAFooKQBbKCkAXCgpAF0oKQBeKC
1008=kAXygpAGAoKQBhKCkAYigpAGMoKQBkKCkAZSgpAGYoKQBnKCkAaCgpAGkoKQBqKCkAaygp
1009=AGwoKQBtKCkAbigpAG8oKQBwKCsAMgCB/VczKCkANCgpADUoKQA2KCkANygpADgoKQA5KC
1010=kAOigpADsoKQA8KCkAPSgpAD4oKQA/KCkAQCgpAEEoKQBCKCkAQygpAEQoKQBFKCkARigp
1011=AEcoKQBIKCkASSgpAEooKQBLKCkATCgpAE0oKQBOKCkATygpAFAoKQBRKCkAUigpAFMoKQ
1012=BUKCkAVSgpAFYoKQBXKCkAWCgpAFkoKQBaKCkAWygpAFwoKQBdKCkAXigpAF8oKQBgKCkA
1013=YSgpAGIoKQBjKCkAZCgpAGUoKQBmKCkAZygpAGgoKQBpKCkAaigpAGsoKQBsKCkAbSgpAG
1014=4oKQBvKCsAMwCC5VU0KCkANSgpADYoKQA3KCkAOCgpADkoKQA6KCkAOygpADwoKQA9KCkA
1015=PigpAD8oKQBAKCkAQSgpAEIoKQBDKCkARCgpAEUoKQBGKCkARygpAEgoKQBJKCkASigpAE
1016=soKQBMKCkATSgpAE4oKQBPKCkAUCgpAFEoKQBSKCkAUygpAFQoKQBVKCkAVigpAFcoKQBY
1017=KCkAWSgpAFooKQBbKCkAXCgpAF0oKQBeKCkAXygpAGAoKQBhKCkAYigpAGMoKQBkKCkAZS
1018=gpAGYoKQBnKCkAaCgpAGkoKQBqKCkAaygpAGwoKQBtKCkAbigrADQAg+1SNSgpADYoKQA3
1019=KCkAOCgpADkoKQA6KCkAOygpADwoKQA9KCkAPigpAD8oKQBAKCkAQSgpAEIoKQBDKCkARC
1020=gpAEUoKQBGKCkARygpAEgoKQBJKCkASigpAEsoKQBMKCkATSgpAE4oKQBPKCkAUCgpAFEo
1021=KQBSKCkAUygpAFQoKQBVKCkAVigpAFcoKQBYKCkAWSgpAFooKQBbKCkAXCgpAF0oKQBeKC
1022=kAXygpAGAoKQBhKCkAYigpAGMoKQBkKCkAZSgpAGYoKQBnKCkAaCgpAGkoKQBqKCkAaygp
1023=AGwoKQBtKCsANQCE9U82KCkANygpADgoKQA5KCkAOigpADsoKAAEPACEAF0GABEAAMoLAC
1024=AIAAAMAD0AhABdBgBoAQE+AIQAyQE/KCkAQCgpAEEoKQBCKCkAQygpAEQoKQBFKCkARigp
1025=AEcoKQBIKCkASSgpAEooKQBLKCkATCgpAE0oKQBOKCkATygpAFAoKQBRKCkAUigpAFMoKQ
1026=BUKCkAVSgpAFYoKQBXKCkAWCgpAFkoKQBaKCkAWygpAFwoKQBdKCkAXigpAF8oKQBgKCkA
1027=YSgpAGIoKQBjKCkAZCgpAGUoKQBmKCkAZygpAGgoKQBpKCkAaigpAGsoKQBsKCsANgCF8U
1028=A3KCkAOCgpADkoKQA6KCkAOygpADwoKQA9KCkAPigpAD8oKQBAKCkAQSgpAEIoKQBDKCkA
1029=RCgpAEUoKQBGKCkARygpAEgoKQBJKCkASigpAEsoKQBMKCkATSgpAE4oKQBPKCkAUCgpAF
1030=EoKQBSKCkAUygpAFQoKQBVKCkAVigpAFcoKQBYKCkAWSgpAFooKQBbKCkAXCgpAF0oKQBe
1031=KCkAXygpAGAoKQBhKCkAYigpAGMoKQBkKCkAZSgpAGYoKQBnKCkAaCgpAGkoKQBqKCkAay
1032=grADcAhuVKOCgpADkoKQA6KCkAOygpADwoKQA9KCkAPigpAD8oKQBAKCkAQSgpAEIoKQBD
1033=KCkARCgpAEUoKQBGKCkARygpAEgoKQBJKCkASigpAEsoKQBMKCkATSgpAE4oKQBPKCkAUC
1034=gpAFEoKQBSKCkAUygpAFQoKQBVKCkAVigpAFcoKQBYKCkAWSgpAFooKQBbKCkAXCgpAF0o
1035=KQBeKCkAXygpAGAoKQBhKCkAYigpAGMoKQBkKCkAZSgpAGYoKQBnKCkAaCgpAGkoKQBqKC
1036=sAOACH7Uc5KCkAOigpADsoKQA8KCkAPSgpAD4oKQA/KCkAQCgpAEEoKQBCKCkAQygpAEQo
1037=KQBFKCkARigpAEcoKQBIKCkASSgpAEooKQBLKCkATCgpAE0oKQBOKCkATygpAFAoKQBRKC
1038=kAUigpAFMoKQBUKCkAVSgpAFYoKQBXKCkAWCgpAFkoKQBaKCkAWygpAFwoKQBdKCkAXigp
1039=AF8oKQBgKCkAYSgpAGIoKQBjKCkAZCgpAGUoKQBmKCkAZygpAGgoKQBpKCsAOQCI9UQ6KC
1040=kAOygpADwoKQA9KCkAPigpAD8oKQBAKCkAQSgpAEIoKQBDKCkARCgpAEUoKQBGKCkARygp
1041=AEgoKQBJKCkASigpAEsoKQBMKCkATSgpAE4oKQBPKCkAUCgpAFEoKQBSKCkAUygpAFQoKQ
1042=BVKCkAVigpAFcoKQBYKCkAWSgpAFooKQBbKCkAXCgpAF0oKQBeKCkAXygpAGAoKQBhKCkA
1043=YigpAGMoKQBkKCkAZSgpAGYoKQBnKCkAaCgrADoAif1BOygpADwoKQA9KCkAPigpAD8oKQ
1044=BAKCkAQSgpAEIoKQBDKCkARCgpAEUoKQBGKCkARygpAEgoKQBJKCkASigpAEsoKQBMKCkA
1045=TSgpAE4oKQBPKCkAUCgpAFEoKQBSKCkAUygpAFQoKQBVKCkAVigpAFcoKQBYKCkAWSgpAF
1046=ooKQBbKCkAXCgpAF0oKQBeKCkAXygpAGAoKQBhKCkAYigpAGMoKQBkKCkAZSgpAGYoKQBn
1047=KCsAOwCK5T88KCkAPSgpAD4oKQA/KCkAQCgpAEEoKQBCKCkAQygpAEQoKQBFKCkARigpAE
1048=coKQBIKCkASSgpAEooKQBLKCkATCgpAE0oKQBOKCkATygpAFAoKQBRKCkAUigpAFMoKQBU
1049=KCkAVSgpAFYoKQBXKCkAWCgpAFkoKQBaKCkAWygpAFwoKQBdKCkAXigpAF8oKQBgKCkAYS
1050=gpAGIoKQBjKCkAZCgpAGUoKQBmKCsAPACL7Tw9KCkAPigpAD8oKQBAKCkAQSgpAEIoKQBD
1051=KCkARCgpAEUoKQBGKCkARygpAEgoKQBJKCkASigpAEsoKQBMKCkATSgpAE4oKQBPKCkAUC
1052=gpAFEoKQBSKCkAUygpAFQoKQBVKCkAVigpAFcoKQBYKCkAWSgpAFooKQBbKCkAXCgpAF0o
1053=KQBeKCkAXygpAGAoKQBhKCkAYigpAGMoKQBkKCkAZSgrAD0AjPU5PigpAD8oKQBAKCkAQS
1054=gpAEIoKQBDKCkARCgpAEUoKQBGKCkARygpAEgoKQBJKCkASigpAEsoKQBMKCkATSgpAE4o
1055=KQBPKCkAUCgpAFEoKQBSKCkAUygpAFQoKQBVKCkAVigpAFcoKQBYKCkAWSgpAFooKQBbKC
1056=kAXCgpAF0oKQBeKCkAXygpAGAoKQBhKCkAYigpAGMoKQBkKCsAPgCN/TY/KCkAQCgpAEEo
1057=KQBCKCkAQygpAEQoKQBFKCkARigpAEcoKQBIKCkASSgpAEooKQBLKCkATCgpAE0oKQBOKC
1058=kATygpAFAoKQBRKCkAUigpAFMoKQBUKCkAVSgpAFYoKQBXKCkAWCgpAFkoKQBaKCkAWygp
1059=AFwoKQBdKCkAXigpAF8oKQBgKCkAYSgpAGIoKQBjKCsAPwCO5TRAKCkAQSgpAEIoKQBDKC
1060=kARCgpAEUoKQBGKCkARygpAEgoKQBJKCkASigpAEsoKQBMKCkATSgpAE4oKQBPKCkAUCgp
1061=AFEoKQBSKCkAUygpAFQoKQBVKCkAVigpAFcoKQBYKCkAWSgpAFooKQBbKCkAXCgpAF0oKQ
1062=BeKCkAXygpAGAoKQBhKCkAYigrAEAAj+0xQSgpAEIoKQBDKCkARCgpAEUoKQBGKCkARygp
1063=AEgoKQBJKCkASigpAEsoKQBMKCkATSgpAE4oKQBPKCkAUCgpAFEoKQBSKCkAUygpAFQoKQ
1064=BVKCkAVigpAFcoKQBYKCkAWSgpAFooKQBbKCkAXCgpAF0oKQBeKCkAXygpAGAoKQBhKCsA
1065=QQCQ9S5CKCkAQygpAEQoKQBFKCkARigpAEcoKQBIKCkASSgpAEooKQBLKCkATCgpAE0oKQ
1066=BOKCkATygpAFAoKQBRKCkAUigpAFMoKQBUKCkAVSgpAFYoKQBXKCkAWCgpAFkoKQBaKCkA
1067=WygpAFwoKQBdKCkAXigpAF8oKQBgKCsAQgCR/StDKCkARCgpAEUoKQBGKCkARygpAEgoKQ
1068=BJKCkASigpAEsoKQBMKCkATSgpAE4oKQBPKCkAUCgpAFEoKQBSKCkAUygpAFQoKQBVKCkA
1069=VigpAFcoKQBYKCkAWSgpAFooKQBbKCkAXCgpAF0oKQBeKCkAXygrAEMAkuUpRCgpAEUoKQ
1070=BGKCkARygpAEgoKQBJKCkASigpAEsoKQBMKCkATSgpAE4oKQBPKCkAUCgpAFEoKQBSKCkA
1071=UygpAFQoKQBVKCkAVigpAFcoKQBYKCkAWSgpAFooKQBbKCkAXCgpAF0oKQBeKCsARACT7S
1072=ZFKCkARigpAEcoKQBIKCkASSgpAEooKQBLKCkATCgpAE0oKQBOKCkATygpAFAoKQBRKCkA
1073=UigpAFMoKQBUKCkAVSgpAFYoKQBXKCkAWCgpAFkoKQBaKCkAWygpAFwoKQBdKCsARQCU9S
1074=NGKCkARygpAEgoKQBJKCkASigpAEsoKQBMKCkATSgpAE4oKQBPKCkAUCgpAFEoKQBSKCkA
1075=UygpAFQoKQBVKCkAVigpAFcoKQBYKCkAWSgpAFooKQBbKCkAXCgrAEYAlf0gRygpAEgoKQ
1076=BJKCkASigpAEsoKQBMKCkATSgpAE4oKQBPKCkAUCgpAFEoKQBSKCkAUygpAFQoKQBVKCkA
1077=VigpAFcoKQBYKCkAWSgpAFooKQBbKCsARwCW5R5IKCkASSgpAEooKQBLKCkATCgpAE0oKQ
1078=BOKCkATygpAFAoKQBRKCkAUigpAFMoKQBUKCkAVSgpAFYoKQBXKCkAWCgpAFkoKQBaKCsA
1079=SACX7RtJKCkASigpAEsoKQBMKCkATSgpAE4oKQBPKCkAUCgpAFEoKQBSKCkAUygpAFQoKQ
1080=BVKCkAVigpAFcoKQBYKCkAWSgrAEkAmPUYSigpAEsoKQBMKCkATSgpAE4oKQBPKCkAUCgq
1081=AFEAJ10BUigpAFMoKQBUKCgAAVUAmAARAAANAZACCF0GAAAADABWAJgAyQFXKCkAWCgrAE
1082=oAmeEESygpAEwoKQBNKCkATigpAE8oKQBQKCkAUSgpAFIoKQBTKCkAVCgpAFUoKQBWKCkA
1083=VygrAEsAmuUTTCgpAE0oKQBOKCkATygpAFAoKQBRKCkAUigpAFMoKQBUKCkAVSgpAFYoKw
1084=BMAJvtEE0oKQBOKCkATygpAFAoKQBRKCkAUigpAFMoKQBUKCkAVSgrAE0AnPUNTigpAE8o
1085=KQBQKCkAUSgpAFIoKQBTKCkAVCgoAAFOAJ0A0kBPACcpAFAoKQBRKCkAUigpAFMoKAABTw
1086=CeAMUIUCgpAFEoKQBSKCsAUACf7AUIUQCfAF0GAAAADAARAAA=

[Lighting]
Red=0.800000
Blue=0.900000
Green=0.600000
Level=0.000000
Ground=0.000000
IonRed=1.000000
Ambient=0.700000
IonBlue=1.000000
IonGreen=1.000000
IonLevel=0.000000
IonGround=0.000000
IonAmbient=1.000000
DominatorRed=0.850000
DominatorBlue=0.300000
DominatorGreen=0.200000
DominatorLevel=0.000000
DominatorGround=0.000000
DominatorAmbient=1.500000
DominatorAmbientChangeRate=0.009000

[Map]
Size=0,0,80,80
Theater=DESERT
LocalSize=2,4,76,72

[OverlayDataPack]
1=BQAAIP4AIACABQAAIP4AIACABQAAIP4AIACABQAAIP4AIACARAAAIP5IEgCBBP4UAAeBBP
2=7qAQCBB/4UAAuBB//uBV4SggoI/goAB4IICv/yAVoYgQj+DAAAgQj/8gFaGspdHM5IHv6W
3=AQCASgAAIP5IAACBB/4DAAuBB9o8AP7eAQD/BBBIAIEI/gwAAIEI//IBWhCCCgj+CgAHgg
4=gK//IBWhL+EQAL/+sFXRSBBP4UAAeBBP6iAwCABQAAIP4AIACABQAAIP4AIACABQAAIP4A
5=IACABQAAIP4AIACABQAAIP4AIACABQAAIP4AIACABQAAIP4AIACABQAAIP4AIACABQAAIP
6=4AIACABQAAIP4AIACABQAAIP4AIACABQAAIP4AIACABQAAIP4AIACABQAAIP4AIACABQAA
7=IP4AIACABQAAIP4AIACABQAAIP4AIACABQAAIP4AIACABQAAIP4AIACABQAAIP4AIACABQ
8=AAIP4AIACABQAAIP4AIACABQAAIP4AIACABQAAIP4AIACABQAAIP4AIACABQAAIP4AIACA

[OverlayPack]
1=BQAAIP4AIP+ABQAAIP4AIP+ABQAAIP4AIP+AZQAAIP4vAP/+SABE/rgB/4FE/kUA/YH//7
2=sBdgD/RgDqA/+7AXcC/0IANAL/vwF0BP4DAP8kBuA2CNVICP/AA3YG//8BNgT+JgD/0zQO
3=/8UBcQb//QE2DP8SAjMQyWoK4kwO/4oLdgqAggAAIP4vAP+ERP3//f5DAP+BRP64Af8SAI
4=L9/f4mAP/TNAIgPv+9AXYA/wACMwD/EgIzBCAT1FsC/9IDYQQ6AMw0DNA1DEAYzUwM/9MF
5=cgL+AwD//hYAHv/YA14Qz0wM10gU/+YBYgz/6wFIFNIzAtVIGP/oAWAIzlkY//QBWRL/sw
6=FNHIB3AAAg/i8A/4RE/f/9/hIA/wAT/gUAHv4MAP/OSABQLBBAgUT+uAH/0y8A0VYA1VkA
7=MEf/vAF3ACPC5TgC0zIC/70DdgD/EgIzBv8ICkUA/hEAHv/vAV4K4U0U/8gBcQzMNBjVSB
8=bRNBj/vwN0FP8VAjMa7AEe/okB/4BYAAAg/i8A/4RE/f/9/kMA/4FE/rgB/xIAgv39/gQA
9=/8w0As43AmInzUoCEAb/vQF2AP8AAjMA/hIA/9MyBMtUAv/cAWkE/wACRQT/9AFFAOQ0Bs
10=85DP+OE3ICgFcAACD+LwD/g0T9//4DAP3+FQD/0zQAzzkAECiBRP64Af8SAP9EAOwB/78B
11=dwAiBMw2BNM0BNM2BP+8A3YC/0UA6wf/uQN3Bv+NAOkL/3MBvQr+RwBE/okR/4AFAAAg/g
12=Ag/4AFAAAg/gAg/4AFAAAg/gAg/4AFAAAg/gAg/4AFAAAg/gAg/4AFAAAg/gAg/4AFAAAg
13=/gAg/4AFAAAg/gAg/4AFAAAg/gAg/4AFAAAg/gAg/4AFAAAg/gAg/4AFAAAg/gAg/4AFAA
14=Ag/gAg/4AFAAAg/gAg/4AFAAAg/gAg/4AFAAAg/gAg/4AFAAAg/gAg/4AFAAAg/gAg/4AF
15=AAAg/gAg/4AFAAAg/gAg/4AFAAAg/gAg/4AFAAAg/gAg/4AFAAAg/gAg/4AFAAAg/gAg/4
16=A=

[SpecialFlags]
Inert=no
FogOfWar=no
IonStorms=no
MCVDeploy=no
Meteorites=no
Visceroids=yes
FixedAlliance=no
TiberiumGrows=yes
InitialVeteran=no
HarvesterImmune=no
TiberiumSpreads=yes
TiberiumExplosive=no
DestroyableBridges=yes

[Structures]
0=Neutral,CAOILD,256,53,98,64,None,1,0,1,0,0,None,None,None,0,0
1=Neutral,CAOILD,256,75,98,64,None,1,0,1,0,0,None,None,None,0,0
2=Neutral,CAOILD,256,97,112,64,None,1,0,1,0,0,None,None,None,0,0
3=Neutral,CAOILD,256,97,90,64,None,1,0,1,0,0,None,None,None,0,0
4=Neutral,CAOILD,256,111,68,64,None,1,0,1,0,0,None,None,None,0,0
5=Neutral,CAOILD,256,89,68,64,None,1,0,1,0,0,None,None,None,0,0
6=Neutral,CAOILD,256,67,54,64,None,1,0,1,0,0,None,None,None,0,0
7=Neutral,CAOILD,256,67,76,64,None,1,0,1,0,0,None,None,None,0,0
8=Neutral,CAMSC15,256,91,97,64,None,1,0,1,0,0,None,None,None,0,0
9=Neutral,CAMSC15,256,96,97,64,None,1,0,1,0,0,None,None,None,0,0
10=Neutral,CAMSC15,256,96,75,64,None,1,0,1,0,0,None,None,None,0,0
11=Neutral,CAMSC15,256,96,70,64,None,1,0,1,0,0,None,None,None,0,0
12=Neutral,CAMSC15,256,74,70,64,None,1,0,1,0,0,None,None,None,0,0
13=Neutral,CAMSC15,256,69,70,64,None,1,0,1,0,0,None,None,None,0,0
14=Neutral,CAMSC15,256,69,92,64,None,1,0,1,0,0,None,None,None,0,0
15=Neutral,CAMSC15,256,69,97,64,None,1,0,1,0,0,None,None,None,0,0
16=Neutral,CAMSC15,256,78,88,64,None,1,0,1,0,0,None,None,None,0,0
17=Neutral,CAMSC15,256,87,88,64,None,1,0,1,0,0,None,None,None,0,0
18=Neutral,CAMSC15,256,78,79,64,None,1,0,1,0,0,None,None,None,0,0
19=Neutral,CAMSC15,256,87,79,64,None,1,0,1,0,0,None,None,None,0,0

[TaskForces]

[Terrain]
75076=TIBTRE01
75081=TIBTRE01
75086=TIBTRE01
77091=TIBTRE01
80074=TIBTRE01
82091=TIBTRE01
85074=TIBTRE01
87091=TIBTRE01
90074=TIBTRE01
92079=TIBTRE01
92084=TIBTRE01
92089=TIBTRE01

[Triggers]

[Waypoints]
0=83081
1=85080
2=85082
3=86084
4=84084
5=82085
6=82083
7=81081



[Digest]
1=Y7S+bGwDdC8DzcQ5I6SGULwQXmg=

