; Map created with FinalAlert 2(tm) Mission Editor
; Get it at http://www.westwood.com
; note that all comments were truncated

[Header]
Width=45
Height=45
StartX=233
StartY=30
Waypoint1=245,38
Waypoint2=256,38
Waypoint3=267,38
Waypoint4=267,50
Waypoint5=267,61
Waypoint6=256,61
Waypoint7=245,61
Waypoint8=244,50
NumberStartingPoints=8

[CAOILDOM]
ProduceCashDelay=50

[FACNST]
ProtectWithWall=yes

[FAYARD]
TechLevel=11

[GACNST]
ProtectWithWall=yes

[GAYARD]
TechLevel=11

[NACNST]
ProtectWithWall=yes

[NAYARD]
TechLevel=11

[TerrainTypes]

[YACNST]
ProtectWithWall=yes

[YAYARD]
TechLevel=11

[Preview]
Size=0,0,96,50

[PreviewPack]
1=SQUAIARrgjlrgjlrIDIIAAO9sqW9sqUgM2QBKkwBIEWUASrEASAiLQB9YC4gReQCIEWUAS
2=AiTAQvBAogReQCIEWUATx8BAm1ppScaUqUZUq9rpw8pADUAyAG/AiYBKgGA5Sac5SaczAs
3=AKQCORQAIAZ8BAOcZUqcYUq8CEoGta7AfypcALQDIAwUAAacbVKUYUqUXUJoAKABAmFKnG
4=1SIAMQAVgQP/wRApxdQpxhZBdXAISChCcIACpcADysAT+UAUQLLQoAta5goyqIAVcbnF1C
5=PKABLXQAJ6sChIKErBBbCrWupSpcAC3IACg4AIBDtAYoUAAvAw5rgjlACi3wAi3ZArU+xA
6=ogA5QBKswCKrgBKl0Aa4wWPLQCtAMDvballGlSSyqUXUK0D1QAUCNUAEgAQAFQGnBKg0nG
7=tq20BjAUAFAFP/wIJ4QCKtgCTAFUDydoADzkAj+UAUAErBaoaVALKwgAjBwnuA0wFAMzRw
8=C1mox0CQJlSpxlSlALSAxIAEABSwC9sqVwIwVdQpRhSrWejDP4AKQaSAY/fARILVwgKswI
9=KvACSFcgJPwITBY2iQGcVhiupXwjIAj8CCfIA1wgUBeoAKQjUCZQAnQAIAK0DiADfAQq2A
10=K4VUQmKogEcKo75AI/lAEqNAFYUmYOXUJIGLwCVBtAAbwCJ+ADIAYgAEwHqABHF6WGc0Qj
11=fQhl1MA6EAGEGj/kAqQIuBMDjJZjjJZjtDCsAbwCrAQ5FAAgA5QBdCGd15yUaUgGQA1AMb
12=QbVAAgD3AWMDwCArWmlLWiNTQNMuAVTK9YED98DS2gAQP/AAD/AAAtUAA8OAAgEpQBPEAB
13=IDZ0AKgbtAAgCfwRJzACoAcqFAAnaAA8IAAqfAQgEvgAPHABIC10ALgTJ0wBKuQCJ1AAOS
14=AAuAe0ADmYAC1oAC2UASAP+AAtNAEgRjgAIAv8ESAeSAItfAQgHjQBMPgAJGAvIDMUAKQX
15=IDNkASpMASA/lAG8CyD5FAAwRAkgJ0QArC4gJzQBNhwBIEWUATb0ASAbXAAgReQCIEWUAS
16=AbHAQ27AAgQOQCIEoUGDaMAyAbXAAgDXwEkB0gErgBIA2UASMoK7i7IBKsATPIACo0ASos
17=ADOwACpQACAK5AKQIyA3FE6MIqATCa2Oe6V1Wr2unL2qlKQCIBgUACIcNyTPMmFKhCA15E
18=okmC0Ha4I5nG1SrY57lCA4FE5oDCMuQpRlLCwDghyUXSACRDkpkAWpKpwmWE8oIAAprE9M
19=GSrkQSTUKi3oNDr8CIBGWBZAFkgJIto7YUpfBaWGc1QAA7WupZxlSiI4PCOISbwRMRQAkA
20=hcBS2UNy0wAmQvlAkkcDokZDq0BqANrw21moQxiAEvWAQnjAAnzAgofASEJlgZUAu0DCcA
21=CCdIAqABsAhYBC3kArwCtAAwFE6sCrQGrAEniAQgBhROtA8nFQBrI39StZ6MXAhTI7WunF
22=gKKn4BvbIoO1S1oowqxAewFDYUAChwBCnMCCqgBFQMMDQBIAr8CJwyIDYUTioYAl8UrZJ7
23=XSOUnFNYAUgkSABAAUgAQAEqlkPGtiXQXjZYBCpcAHyP8CNcX6QmKogEICHkSrgNUBd4Co
24=hgQBYirE+MAXheICcWTmlSJApIlF10eKwZRCPzAkKUZSAExGGgFicUACSESidwBFgKIDDk
25=SiesAVQkQA0iFGkjlWScIC8UTqydA6V9a5RpUkAZqABwDiADoAGUXSeoAjMiAISCIA34Ei
26=AVfEwgQhVOrV6MppQiZVumIB+IHzOgBCAJUABAfDl8FgVrgjlrgjlrghEAAEADQBgEOWuC
27=OWuCOSATCQB9dAYDvbKlvbKlIBP4ACAV0AEgKdQAIEXkAiBFlAEgM/wFIEDkAiBE/wiUmn
28=MgNggAvCMgNnABJ1gBID+UAbwLIPkUACAqZA0D/wAA/wAAJ0ABrC4nOAAgNiAALZQBLQwC
29=IDbQASAPWAG0EioXAGuCOS3kAj9MAS34AD+8AKAEJ5QBKvgArAGgBCBmFACoErUAayAX5B
30=TYByALDB0nfwRrgjm4B7QAIElYBJAdIBK4ASrkAiAS+AAgBsgAIEWUATwwAgm1ppScaUqU
31=ZUq9rpw8pADUA4gqIAzkArzRuAcqLACkAjkUACAGlAEDnGVKnGFKvAhKBrWuKEgpJ1wAtA
32=MgDBcAhIKEqAADlF1ClGFKtwCcbVIgAxABWBA/ZCsCnF1CnGFnF5xhSrwFA7WupbWupSpc
33=ADysAbQGOYwAJ3wBJyAASAxUBlQMQDFUG1wCXxqcXUI5EAEoaACIPwNrgjmUZUpMB6gAVA
34=lIAFgKTApAMWIlYUo6lASQCEgGP3wEYAr8I1wUaAApxAQBlF1CtT7ECiADlAFMFmgAKaAB
35=vA60G1QAcCOMFigcBDgMFAO9tqWUaVJIKlgTtA9UAFAjVABIAEABUAsniwTGtq02TAFQBT
36=98BEwTqABkIyn8AlQPvwKEgoS0vSAYlAFYEKwWLYgExg5dQkAESAAqxA02rAEnXwC1moxU
37=CaQUUAtYB6gArAG8AgOUYUq1nownyAArIACMMagGK1wALFAGvAhUACo0DdgWjCVIA6gAOR
38=ABP5QBJKQhRBdYOipwAawBvAtwI4wWOaABLWgAoAdUAEAlaSGuIps8vbKlRAKoAC28ADA4
39=ACAD5AJkI+BqJ8wIpBcnFAAgHvwIXCNEI6wWVADGDmVKXBpYAScIAGhsLPgGMEQDM0QAaG
40=lKGGlKwAGckjOkAChQAIwxIAN8BECdXCBEI0gAJ6gCQAFQAkgAUQKUPtgUIAOUAScpBJwp
41=NA1QJipcACjwAiAUlAQCtaaUtaI1NA01QAEgA+QCLVQCRCNgjjVAAS2wALgBIBKUAaAHIF
42=sUACAL/AggHpwCIJR8BIBAIEXkAiBFlAEgHhAHLvgAIAAA7PwIEQAA

[AITriggerTypesEnable]
043F40BC-G=yes
043F521C-G=yes
043F874C-G=yes
044082BC-G=yes
05CB5B6C-G=yes
05CB830C-G=yes
05CBAEDC-G=yes
05CBC04C-G=yes
05CBC19C-G=yes
05CBC2EC-G=yes
05FC088C-G=yes
05FC0C9C-G=yes
05FC13EC-G=yes
05FC1A8C-G=yes
05FC1C5C-G=yes
05FC333C-G=yes
05FC37CC-G=yes
05FC3C9C-G=yes
05FC50EC-G=yes
05FC747C-G=yes
05FC75CC-G=yes
05FFA7DC-G=yes
05FFB18C-G=yes
06002BFC-G=yes
0611A1EC-G=yes
0611A33C-G=yes
0612B11C-G=yes
0612CD8C-G=yes
0612EAEC-G=yes
0612F46C-G=yes
0612F9AC-G=yes
0616004C-G=yes
06C551AC-G=yes
078F4B2C-G=yes
07C04C7C-G=yes
07C04EDC-G=yes
07C0B14C-G=yes
07C30A5C-G=yes
07C310BC-G=yes
07C3266C-G=yes
07C329FC-G=yes
07C330CC-G=yes
07C33DDC-G=yes
07C4853C-G=yes
08A3EEDC-G=yes
08B902EC-G=yes
08B90B1C-G=yes
08B911BC-G=yes
08B9154C-G=yes
08B9213C-G=yes
08B9305C-G=yes
08B9356C-G=yes
08B940EC-G=yes
08B9423C-G=yes
08B9483C-G=yes
08B9586C-G=yes
08B9641C-G=yes
08B9708C-G=yes
08B9767C-G=yes
08B97C6C-G=yes
0A31295C-G=yes
0A44F17C-G=yes
0A44F2CC-G=yes
0A452C6C-G=yes
0A452E5C-G=yes
0AA845AC-G=yes
0AA846FC-G=yes
0ABC484C-G=yes
0AD2BAEC-G=yes
0C0C7AEC-G=yes
0C0D184C-G=yes
0C0D251C-G=yes
0C1245AC-G=yes
0C1246FC-G=yes
0C32599C-G=yes
0C32D84C-G=yes
0C87B45C-G=yes
0C87B99C-G=yes
0C87E5AC-G=yes
0C8B81BC-G=yes
0C8BC5AC-G=yes
0C8C2AEC-G=yes
0C8C2C3C-G=yes
0C8C430C-G=yes
0C8C4C3C-G=yes
0C8C51BC-G=yes
0C8C56FC-G=yes
0C8C645C-G=yes
0C8C6EDC-G=yes
0C8C71BC-G=yes
0C8E2C3C-G=yes
0C8EE1BC-G=yes
0C8EEAEC-G=yes
0C8EEEDC-G=yes
0C91D45C-G=yes
0C92C1BC-G=yes
0C92C45C-G=yes
0C955AEC-G=yes
0C955C3C-G=yes
0C9561BC-G=yes
0C9565AC-G=yes
0C96F45C-G=yes
0C96F5AC-G=yes
0CA1F84C-G=yes
0CA24D8C-G=yes
0CA2A04C-G=yes
0CA2B06C-G=yes
0CA2D99C-G=yes
0CA2FEDC-G=yes
0CA5945C-G=yes
0CA6621C-G=yes
0CA6AEDC-G=yes
0CAD0B2C-G=yes
0CAD0C7C-G=yes
0CAD0DCC-G=yes
0CAD130C-G=yes
0CAD145C-G=yes
0CAD25AC-G=yes
0CAD2AEC-G=yes
0CAD2C3C-G=yes
0CAD5AEC-G=yes
0CADD99C-G=yes
0CADDEDC-G=yes
0CB29EDC-G=yes
0CB2CEDC-G=yes
0CDF899C-G=yes
0CDF8D8C-G=yes
0CDF8EDC-G=yes
0CE2395C-G=yes
0CE23AAC-G=yes
0CE26B5C-G=yes
0CE26CAC-G=yes
0CE2E8DC-G=yes
0CE2EA2C-G=yes
0CE44D0C-G=yes
0D022B1C-G=yes
0D022C6C-G=yes
0D052AEC-G=yes
0D0803CC-G=yes
0D08461C-G=yes
0D0848BC-G=yes
0D084A0C-G=yes
0D084B5C-G=yes
0D0873DC-G=yes
0D087D8C-G=yes
0D0B3B9C-G=yes
0D2769BC-G=yes
0D2C41EC-G=yes
0D2C448C-G=yes
0D2C45DC-G=yes
0D53099C-G=yes
0D53130C-G=yes
0D53430C-G=yes
0D535EDC-G=yes
0D62145C-G=yes
0D6215AC-G=yes
0D6216FC-G=yes
0D62199C-G=yes
0ECCB2BC-G=yes
0ECCB40C-G=yes
0ECCB55C-G=yes
0ECCB7FC-G=yes
0ECCBC3C-G=yes
0ECCF14C-G=yes
0ECCF29C-G=yes
0ECCF68C-G=yes
0ECCFA7C-G=yes
0ECCFCAC-G=yes
AFFFFFFF-G=yes
ALLTRI01-G=yes
ALLTRI02-G=yes
ALLTRI03-G=yes
ALLTRI04-G=yes
ALLTRI05-G=yes
ALLTRI06-G=yes
ALLTRI07-G=yes
ALLTRI08-G=yes
ALLTRI09-G=yes
ALLTRI10-G=yes
ALLTRI11-G=yes
ALLTRI12-G=yes
ALLTRI13-G=yes
ALLTRI14-G=yes
ALLTRI15-G=yes
ALLTRI16-G=yes
ALLTRI17-G=yes
ALLTRI18-G=yes
ALLTRI19-G=yes
ALLTRI20-G=yes
ALLTRI21-G=yes
ALLTRI22-G=yes
ALLTRI23-G=yes
ALLTRI24-G=yes
ALLTRI25-G=yes
ALLTRI26-G=yes
ALLTRI27-G=yes
ALLTRI28-G=yes
ALLTRI29-G=yes
ALLTRI30-G=yes
ALLTRI31-G=yes
ALLTRI32-G=yes
ALLTRI33-G=yes
ALLTRI34-G=yes
ALLTRI35-G=yes
ALLTRI36-G=yes
ALLTRI37-G=yes
ALLTRI38-G=yes
CFFFFFFF-G=yes
EFFFFFFF-G=yes
FOETR001-G=yes
FOETR002-G=yes
FOETR003-G=yes
FOETR004-G=yes
FOETR005-G=yes
FOETR006-G=yes
FOETR007-G=yes
FOETR008-G=yes
FOETR009-G=yes
FOETR010-G=yes
FOETR011-G=yes
FOETR012-G=yes
FOETR013-G=yes
FOETR014-G=yes
FOETR015-G=yes
FOETR016-G=yes
FOETR017-G=yes
FOETR018-G=yes
FOETR019-G=yes
FOETR020-G=yes
FOETR021-G=yes
FOETR022-G=yes
FOETR023-G=yes
FOETR024-G=yes
FOETR025-G=yes
FOETR026-G=yes
FOETR027-G=yes
FOETR028-G=yes
FOETR029-G=yes
FOETR030-G=yes
FOETR031-G=yes
FOETR032-G=yes
FOETR033-G=yes
FOETR034-G=yes
FOETR035-G=yes
FOETR036-G=yes
FOETR037-G=yes
FOETR038-G=yes
FOETR039-G=yes
FOETR040-G=yes
FOETR041-G=yes
FOETR042-G=yes
FOETR043-G=yes
FOETR044-G=yes
FOETR045-G=yes
FOETR046-G=yes
FOETR047-G=yes
FOETR048-G=yes
FOETR049-G=yes
FOETR050-G=yes
FOETR051-G=yes
FOETR052-G=yes
FOETR053-G=yes
FOETR054-G=yes
FOETR055-G=yes
FOETR056-G=yes
FOETR057-G=yes
FOETR058-G=yes
FOETR059-G=yes
FOETR060-G=yes
FOETR061-G=yes
FOETR062-G=yes
FOETR063-G=yes
FOETR064-G=yes
FOETR065-G=yes
FOETR066-G=yes
FOETR067-G=yes
FOETR068-G=yes
FOETR069-G=yes
FOETR070-G=yes
FOETR071-G=yes
FOETR072-G=yes
FOETR073-G=yes
FOETR074-G=yes
FOETR075-G=yes
FOETR076-G=yes
FOETR077-G=yes
FOETR078-G=yes
FOETR079-G=yes
FOETR080-G=yes
FOETR081-G=yes
FOETR082-G=yes
FOETR083-G=yes
FOETR084-G=yes
FOETR085-G=yes
FOETR086-G=yes
FOETR087-G=yes
FOETR088-G=yes
FOETR089-G=yes
FOETR090-G=yes
FOETR091-G=yes
FOETR092-G=yes
FOETR093-G=yes
FOETR094-G=yes
FOETR095-G=yes
FOETR096-G=yes
FOETR097-G=yes
FOETR098-G=yes
FOETR099-G=yes
FOETR100-G=yes
FOETR101-G=yes
FOETR102-G=yes
FOETR103-G=yes
FOETR104-G=yes
FOETR105-G=yes
FOETR106-G=yes
FOETR107-G=yes
FOETR108-G=yes
FOETR110-G=yes
FOETR111-G=yes
FOETR112-G=yes
FOETR113-G=yes
FOETR114-G=yes
FOETR115-G=yes
FOETR116-G=yes
FOETR117-G=yes
FOETR118-G=yes
FOETR119-G=yes
FOETR120-G=yes
FOETR121-G=yes
FOETR122-G=yes
FOETR123-G=yes
FOETR124-G=yes
FOETR125-G=yes
FOETR126-G=yes
FOETR127-G=yes
FOETR128-G=yes
FOETR129-G=yes
FOETR130-G=yes
FOETR131-G=yes
FOETR132-G=yes
FOETR133-G=yes
FOETR134-G=yes
FOETR135-G=yes
FOETR136-G=yes
HFFFFFFF-G=yes
JFFFFFFF-G=yes
LFFFFFFF-G=yes
NFFFFFFF-G=yes
SOVTR100-G=yes
SOVTR101-G=yes
SOVTR102-G=yes
SOVTR103-G=yes
SOVTR104-G=yes
SOVTR105-G=yes
SOVTR106-G=yes
SOVTR107-G=yes
SOVTR108-G=yes
SOVTR109-G=yes
SOVTR110-G=yes
SOVTR111-G=yes
SOVTR112-G=yes
SOVTR113-G=yes
SOVTR114-G=yes
SOVTR115-G=yes
SOVTR116-G=yes
SOVTR117-G=yes
SOVTR119-G=yes
SOVTR120-G=yes
SOVTR121-G=yes
SOVTR122-G=yes
SOVTR123-G=yes
SOVTR124-G=yes
SOVTR125-G=yes
SOVTR126-G=yes
SOVTR127-G=yes
SOVTR128-G=yes
SOVTR129-G=yes
SOVTR130-G=yes
SOVTR131-G=yes
SOVTR132-G=yes
SOVTR133-G=yes
SOVTR134-G=yes
SOVTR135-G=yes
SOVTR136-G=yes
SOVTR137-G=yes
SOVTR138-G=yes
SOVTR139-G=yes
SOVTR140-G=yes
SOVTR141-G=yes
SOVTR142-G=yes
SOVTR143-G=yes
SOVTR144-G=yes
SOVTR145-G=yes
SOVTR146-G=yes
SOVTR147-G=yes
SOVTR148-G=yes
SOVTR149-G=yes
SOVTR150-G=yes
SOVTR151-G=yes
SOVTR153-G=yes
SOVTR154-G=yes
SOVTR155-G=yes
SOVTR156-G=yes
SOVTR157-G=yes
SOVTR158-G=yes
SOVTR159-G=yes
SOVTR160-G=yes
SOVTR161-G=yes
SOVTR162-G=yes
SOVTR163-G=yes
SOVTR164-G=yes
SOVTR165-G=yes
SOVTR166-G=yes
SOVTR167-G=yes
SOVTR168-G=yes
SOVTR169-G=yes
SOVTR170-G=yes
SOVTR171-G=yes
SOVTR172-G=yes
SOVTR173-G=yes
SOVTR174-G=yes
SOVTR175-G=yes
SOVTR176-G=yes
SOVTR177-G=yes
SOVTR178-G=yes
SOVTR179-G=yes
SOVTR180-G=yes
SOVTR181-G=yes
SOVTR182-G=yes
SOVTR183-G=yes
SOVTR184-G=yes
SOVTR185-G=yes
SOVTR186-G=yes
SOVTR187-G=yes
SOVTR188-G=yes
SOVTR189-G=yes
SOVTR190-G=yes
SOVTR191-G=yes
SOVTR192-G=yes
SOVTR193-G=yes
SOVTR194-G=yes
SOVTR195-G=yes
SOVTR196-G=yes
SOVTRI01-G=yes
SOVTRI02-G=yes
SOVTRI03-G=yes
SOVTRI04-G=yes
SOVTRI05-G=yes
SOVTRI06-G=yes
SOVTRI07-G=yes
SOVTRI08-G=yes
SOVTRI09-G=yes
SOVTRI10-G=yes
SOVTRI11-G=yes
SOVTRI12-G=yes
SOVTRI13-G=yes
SOVTRI14-G=yes
SOVTRI15-G=yes
SOVTRI16-G=yes
SOVTRI17-G=yes
SOVTRI18-G=yes
SOVTRI19-G=yes
SOVTRI20-G=yes
SOVTRI21-G=yes
SOVTRI22-G=yes
SOVTRI23-G=yes
SOVTRI24-G=yes
SOVTRI25-G=yes
SOVTRI26-G=yes
SOVTRI27-G=yes
SOVTRI28-G=yes
SOVTRI29-G=yes
SOVTRI30-G=yes
SOVTRI31-G=yes
SOVTRI32-G=yes
SOVTRI33-G=yes
SOVTRI34-G=yes
SOVTRI35-G=yes
SOVTRI36-G=yes
SOVTRI37-G=yes
SOVTRI38-G=yes
SOVTRI39-G=yes
SOVTRI40-G=yes
SOVTRI41-G=yes
SOVTRI42-G=yes
SOVTRI43-G=yes
SOVTRI44-G=yes
SOVTRI45-G=yes
SOVTRI46-G=yes
SOVTRI47-G=yes
SOVTRI48-G=yes
SOVTRI49-G=yes
SOVTRI50-G=yes
SOVTRI51-G=yes
SOVTRI52-G=yes
SOVTRI53-G=yes
SOVTRI54-G=yes
SOVTRI55-G=yes
SOVTRI56-G=yes
SOVTRI57-G=yes
SOVTRI58-G=yes
SOVTRI59-G=yes
SOVTRI60-G=yes
SOVTRI61-G=yes
SOVTRI62-G=yes
SOVTRI63-G=yes
SOVTRI64-G=yes
SOVTRI65-G=yes
SOVTRI66-G=yes
SOVTRI67-G=yes
SOVTRI68-G=yes
SOVTRI69-G=yes
SOVTRI70-G=yes
SOVTRI72-G=yes
SOVTRI73-G=yes
SOVTRI74-G=yes
SOVTRI75-G=yes
SOVTRI76-G=yes
SOVTRI77-G=yes
SOVTRI78-G=yes
SOVTRI79-G=yes
SOVTRI80-G=yes
SOVTRI81-G=yes
SOVTRI82-G=yes
SOVTRI83-G=yes
SOVTRI84-G=yes
SOVTRI85-G=yes
SOVTRI86-G=yes
SOVTRI87-G=yes
SOVTRI88-G=yes
SOVTRI89-G=yes
SOVTRI90-G=yes
SOVTRI91-G=yes
SOVTRI92-G=yes
SOVTRI93-G=yes
SOVTRI94-G=yes
SOVTRI95-G=yes
SOVTRI96-G=yes
SOVTRI97-G=yes
SOVTRI98-G=yes
SOVTRI99-G=yes
SOVTT152-G=yes
YURTE049-G=yes
YURTR001-G=yes
YURTR002-G=yes
YURTR003-G=yes
YURTR004-G=yes
YURTR005-G=yes
YURTR006-G=yes
YURTR007-G=yes
YURTR008-G=yes
YURTR009-G=yes
YURTR010-G=yes
YURTR011-G=yes
YURTR012-G=yes
YURTR013-G=yes
YURTR014-G=yes
YURTR015-G=yes
YURTR016-G=yes
YURTR017-G=yes
YURTR018-G=yes
YURTR020-G=yes
YURTR021-G=yes
YURTR022-G=yes
YURTR023-G=yes
YURTR024-G=yes
YURTR025-G=yes
YURTR026-G=yes
YURTR028-G=yes
YURTR029-G=yes
YURTR030-G=yes
YURTR031-G=yes
YURTR032-G=yes
YURTR033-G=yes
YURTR034-G=yes
YURTR035-G=yes
YURTR036-G=yes
YURTR037-G=yes
YURTR038-G=yes
YURTR039-G=yes
YURTR040-G=yes
YURTR041-G=yes
YURTR042-G=yes
YURTR043-G=yes
YURTR044-G=yes
YURTR045-G=yes
YURTR046-G=yes
YURTR047-G=yes
YURTR048-G=yes
YURTR050-G=yes
YURTR051-G=yes
YURTR052-G=yes
YURTR053-G=yes
YURTR054-G=yes
YURTR055-G=yes
YURTR056-G=yes
YURTR057-G=yes
YURTR058-G=yes
YURTR059-G=yes
YURTR060-G=yes
YURTR061-G=yes
YURTR062-G=yes
YURTR063-G=yes
YURTR064-G=yes
YURTR065-G=yes
YURTR066-G=yes
YURTR067-G=yes
YURTR068-G=yes
YURTR069-G=yes
YURTR070-G=yes
YURTR071-G=yes
YURTR072-G=yes
YURTR073-G=yes
YURTR074-G=yes
YURTR075-G=yes
YURTR076-G=yes
YURTR077-G=yes
YURTR078-G=yes
YURTR079-G=yes
YURTR080-G=yes
YURTR081-G=yes
YURTR082-G=yes
YURTR083-G=yes
YURTR084-G=yes
YURTR085-G=yes
YURTR086-G=yes
YURTR087-G=yes
YURTR088-G=yes
YURTR089-G=yes
YURTR090-G=yes
YURTR091-G=yes
YURTR092-G=yes
YURTR093-G=yes
YURTR094-G=yes
YURTR095-G=yes
YURTR096-G=yes
YURTR097-G=yes
YURTR098-G=yes
YURTR099-G=yes
YURTR100-G=yes
YURTR101-G=yes
YURTR102-G=yes
YURTR103-G=yes
YURTR104-G=yes
YURTR105-G=yes
YURTR106-G=yes
YURTR107-G=yes
YURTR108-G=yes
YURTR109-G=yes
YURTR110-G=yes
YURTR111-G=yes
YURTR112-G=yes
YURTR113-G=yes
YURTR114-G=yes
YURTR115-G=yes
YURTR116-G=yes
YURTR117-G=yes
YURTR118-G=yes
YURTR119-G=yes
YURTR120-G=yes
YURTR121-G=yes
YURTR123-G=yes
YURTR124-G=yes
YURTR125-G=yes
YURTR126-G=yes
YURTR127-G=yes
YURTR128-G=yes
YURTR129-G=yes
YURTR130-G=yes
YURTR131-G=yes
YURTR132-G=yes
YURTR133-G=yes
YURTR134-G=yes
YURTR135-G=yes
YURTR136-G=yes
YURTR137-G=yes
YURTR138-G=yes
YURTR139-G=yes
YURTR140-G=yes
YURTR141-G=yes
YURTR142-G=yes
YURTR143-G=yes
YURTR144-G=yes
YURTR145-G=yes
YURTR146-G=yes
YURTR147-G=yes
YURTR148-G=yes
YURTR149-G=yes
YURTR150-G=yes
YURTR151-G=yes
YURTR152-G=yes
YURTR153-G=yes
YURTR154-G=yes
YURTR155-G=yes
YURTR156-G=yes
YURTR157-G=yes
YURTR158-G=yes
YURTR159-G=yes
YURTR160-G=yes
YURTR161-G=yes
YURTR162-G=yes
YURTR163-G=yes
YURTR164-G=yes
YURTR165-G=yes
YURTR166-G=yes
YURTR167-G=yes
YURTR168-G=yes
YURTR169-G=yes
YURTR170-G=yes
YURTR171-G=yes
YURTR172-G=yes
YURTR175-G=yes
YURTR176-G=yes
ALLTRI039-G=yes
ALLTRI040-G=yes
ALLTRI041-G=yes
ALLTRI042-G=yes
ALLTRI043-G=yes
ALLTRI044-G=yes
ALLTRI045-G=yes
ALLTRI046-G=yes
ALLTRI047-G=yes
ALLTRI048-G=yes
ALLTRI049-G=yes
ALLTRI050-G=yes
ALLTRI051-G=yes
ALLTRI052-G=yes
ALLTRI053-G=yes
ALLTRI054-G=yes
ALLTRI056-G=yes
SOVTR118F-G=yes
SOVTRI197-G=yes
SOVTRI198-G=yes
SOVTRI199-G=yes
SOVTRI200-G=yes
SOVTRI201-G=yes
SOVTRI202-G=yes
SOVTRI203-G=yes
SOVTRI204-G=yes
SOVTRI205-G=yes
SOVTRI206-G=yes
SOVTRI207-G=yes
SOVTRI208-G=yes
SOVTRI209-G=yes
SOVTRI210-G=yes
SOVTRI211-G=yes
SOVTRI212-G=yes
YURITR019-G=yes
YURITR122-G=yes
YURITR173-G=yes
YURITR174-G=yes
YURTR027B-G=yes
YURTRI155-G=yes
YURTRI156-G=yes
YURTRI157-G=yes
YURTRI175-G=yes
YURTRI177-G=yes
YURTRI179-G=yes
OILALLTR01-G=yes
OILALLTR02-G=yes
OILALLTR03-G=yes
OILFOETR01-G=yes
OILFOETR02-G=yes
OILFOETR03-G=yes
OILSOVTR01-G=yes
OILSOVTR02-G=yes
OILSOVTR03-G=yes
OILYURTR01-G=yes
OILYURTR02-G=yes
OILYURTR03-G=yes
YURITRI176-G=yes
YURITRI178-G=yes

[Basic]
Name=(8) Tic Tac Toe
Percent=0
GameMode=standard
HomeCell=98
InitTime=10000
Official=yes
EndOfGame=no
FreeRadar=no
MaxPlayer=8
MinPlayer=2
SkipScore=no
TrainCrate=no
TruckCrate=no
AltHomeCell=99
OneTimeOnly=no
CarryOverCap=0
NewINIFormat=4
NextScenario=
SkipMapSelect=no
CarryOverMoney=0.000000
AltNextScenario=
MultiplayerOnly=1
IceGrowthEnabled=yes
VeinGrowthEnabled=yes
TiberiumGrowthEnabled=yes
IgnoreGlobalAITriggers=no
TiberiumDeathToVisceroid=no

[Chinese]
IQ=0
Edge=North
Color=SovietLoad
Allies=Chinese
Country=Chinese
Credits=0
NodeCount=0
TechLevel=1
PercentBuilt=0
PlayerControl=no

[Europeans]
IQ=0
Edge=North
Color=AlliedLoad
Allies=Europeans
Country=Europeans
Credits=0
NodeCount=0
TechLevel=1
PercentBuilt=0
PlayerControl=no

[Guild1]
IQ=0
Edge=North
Color=Teal
Allies=Guild1
Country=Guild1
Credits=0
NodeCount=0
TechLevel=1
PercentBuilt=0
PlayerControl=no

[Guild2]
IQ=0
Edge=North
Color=Teal
Allies=Guild2
Country=Guild2
Credits=0
NodeCount=0
TechLevel=1
PercentBuilt=0
PlayerControl=no

[Guild3]
IQ=0
Edge=North
Color=Teal
Allies=Guild3
Country=Guild3
Credits=0
NodeCount=0
TechLevel=1
PercentBuilt=0
PlayerControl=no

[Headquaters]
IQ=0
Edge=North
Color=Purple3
Allies=Headquaters
Country=Headquaters
Credits=0
NodeCount=0
TechLevel=1
PercentBuilt=0
PlayerControl=no

[Houses]
0=UnitedStates
1=Europeans
2=Pacific
3=USSR
4=Latin
5=Chinese
6=PsiCorps
7=ScorpionCell
8=Headquaters
9=Guild1
10=Guild2
11=Guild3
12=Neutral
13=Special

[IsoMapPack5]
1=yQwAIAUyAAEA7QEAAEAAAzEAAgDtAUMBAAAyKCkAMygrADAAA+EEMSgpADIoKQAzKCkANC
2=grAC8ABPkGMCgpADEoKQAyKCkAMygpADQoKQA1KCsALgAF8QkvKCkAMCgpADEoKQAyKCkA
3=MygpADQoKQA1KCkANigrAC0ABukMLigpAC8oKQAwKCkAMSgpADIoKQAzKCkANCgpADUoKQ
4=A2KCkANygrACwAB+EPLSgpAC4oKQAvKCkAMCgpADEoKQAyKCkAMygpADQoKQA1KCkANigp
5=ADcoKQA4KCsAKwAI+REsKCkALSgpAC4oKQAvKCkAMCgpADEoKQAyKCkAMygpADQoKQA1KC
6=kANigpADcoKQA4KCkAOSgrACoACfEUKygpACwoKQAtKCkALigpAC8oKQAwKCkAMSgpADIo
7=KQAzKCkANCgpADUoKQA2KCkANygpADgoKQA5KCkAOigrACkACukXKigpACsoKQAsKCkALS
8=gpAC4oKQAvKCkAMCgpADEoKQAyKCkAMygpADQoKQA1KCkANigpADcoKQA4KCkAOSgpADoo
9=KQA7KCsAKAAL4RopKCkAKigpACsoKQAsKCkALSgpAC4oKQAvKCkAMEkB9KGTMUkB2KkBMk
10=kB0KkBM0kB0qkBNEkB+qkBNUgB3Zk2KCkANygpADgoKQA5KCkAOigpADsoKQA8KCsAJwAM
11=+RwoKCkAKSgpACooKQArKCkALCgpAC0oKQAuKCkAL0gB2RwwSgFaA4mxMUkB16EaMkoBFg
12=KVAjNJAdG1AjRJAVutBTVIAdEfNkgB0R83KCkAOCgpADkoKQA6KCkAOygpADwoKQA9KCsA
13=JgAN8R8nKCkAKCgpACkoKQAqKCkAKygpACwoKQAtKCkALkgB0R8vSAGTHAAAMCgpADFIAS
14=ceBA0AJx4EDQAnHQQN1gYANUwFzQE2SAHJIjdIAckiOCgpADkoKQA6KCkAOygpADwoKQA9
15=KCkAPigrACUADukiJigpACcoKQAoKCkAKSgpACooKQArKCkALCgpAC1IAckiLkgB3UEvSA
16=HNGzAoKQAxSAEndQQOKHUEDih1BA7UBlQjJykANlgGzUc3SAHBJThIAcElOSgpADooKQA7
17=KCkAPCgpAD0oKQA+KCkAPygrACQAD+ElJSgpACYoKQAnKCkAKCgpACkoKQAqKCkAKygpAC
18=woKQAtSAHdgy5IAd2DLygpADAoKQAxSAHZSDIoKQAzKCkANEgBxQg1KCkANigpADdIAd2O
19=OEgBJ8wEJ5kDOihVADsoKQA8KCkAPSgpAD4oKQA/KCkAQCgoAAIjABAA+61+JEgB1Q0lKC
20=kAJigpACcoKQAoKCkAKSgpACooKQArKCkALCgpAC1IAcVKLkkBFr2OLygpADAoKQAxKCkA
21=MigpADMoKQA0KCkANSgpADYoKQA3SAHdeDhIAc0bOSgpADooKQA7KCkAPCgpAD0oKQA+KC
22=kAPygpAEAoKQBBSQH1pykiABH9YiNIAdFhJEkB9qEEJUgB2REmKCkAJygpACgoKQApKCkA
23=KigpACsoKQAsKCkALUkB26kMLkkB06kBLygpADAoKQAxSAHBMDIoKQAzKCkANEgBxQg1KC
24=kANigpADdJAdWpDDhIAcEaOSgpADooKQA7KCkAPCgpAD0oKQA+KCkAPygpAEBJAfCpDEFI
25=AdmVQkgBwCwCIQASAPmhBCJJAVmt1iNIAcEEJEgByZAlSQHyrQUmSAHdFScoKQAoKCkAKS
26=gpACooKQArKCkALCgpAC1JAfG9Ci5IAc0QL0gBzRAwKCkAMUgBxWAySAHBMDNIAcVVNEgB
27=2QY1KCkANkkBWK0bN0kB97UNOEgB1Rg5KCkAOigpADsoKQA8KCkAPSgpAD4oKQA/SAHVI0
28=BIAdHEQUgB2RFCSAHNEENIAdcuIAAT/a8hKCkAIkkB77EUI0gB1SMkSAHRCSVIAd1iJkgB
29=3WInSAHBGigoKQApKCkAKigpACsoKQAsKCkALSgpAC5IAcEPL0gBwQ8wKCkAMUgBJy0GEy
30=h9GxMofRsT1AZc2ycpADZYBsEwN0gB3RU4KCkAOSgpADooKQA7KCkAPCgpAD0oKQA+SAHN
31=XT9IAc1dQEgB0RBBSAHBD0JIAd0rQ0gBzRBEKCsAHwAU+TIgKCkAISgpACIoKQAjSAHBDy
32=RIAd1XJUgBwQ8mSAHNaCdIAdVEKEgBwQ8pKCkAKigpACsoKQAsKCkALSgpAC4oKQAvSAHR
33=NTBIAc0QMUgBJ4UGFCiFBhQohgYUAM1SNUwF1SM2SAHFEzcoKQA4KCkAOSgpADooKQA7KC
34=kAPCgpAD1IAcUePkgB3WI/SAHVI0BIAc0QQUgByVlCSAHNEEMoKQBEKCkARSgrAB4AFfE1
35=HygpACAoKQAhKCkAIigpACMoKQAkSAHdQSVIAcUpJkgB0RQnSAHdbShIAdEUKUgB0RQqKC
36=kAKygpACwoKQAtKCkALigpAC8oKQAwSAHBDzFIAd3QMkgB1cgzSAHdxTRIAdE1NUgBzRA2
37=KCkANygpADgoKQA5KCkAOigpADsoKQA8SAHJWT1IAc1oPkgB3SA/SAHBD0BIAc0mQUgBzR
38=BCKCkAQygpAEQoKQBFKCkARigrAB0AFuk4HigpAB8oKQAgKCkAISgpACIoKQAjKCkAJCgp
39=ACVIAcEaJkgB3WInSAHBGihIAc1zKUgBxVUqSAHBGisoKQAsKCkALSgpAC4oKQAvKCkAMC
40=gpADEoKQAyKCkAMygpADQoKQA1KCkANigpADcoKQA4KCkAOSgpADooKQA7SAHVGDxIAd1t
41=PUgBxR4+SAHdbT9IAclZQEgBxR5BKCkAQigpAEMoKQBEKCkARSgpAEYoKQBHKCsAHAAX4T
42=sdKCkAHigpAB8oKQAgKCkAISgpACIoKQAjKCkAJCgpACUoKQAmSAHNUidIAdlpKEgB0R8p
43=SAHdeCpIAdEfK0gB0R8sKCkALSgpAC4oKQAvKCkAMCgpADEoKQAyKCkAMygpADQoKQA1KC
44=kANigpADcoKQA4KCkAOSgpADpIAclZO0gBzXM8SAHNGz1IAc1zPkgB3SA/SAHNG0AoKQBB
45=KCkAQigpAEMoKQBEKCkARSgpAEYoKQBHKCkASCgrABsAGPk9HCgpAB0oKQAeKCkAHygpAC
46=AoKQAhKCkAIigpACMoKQAkKCkAJSgpACYoKQAnSAHBJShIAc1+KUgBwSUqSAHNfitIAdVl
47=LEgBwSUtKCkALigpAC8oKQAwKCkAMSgpADIoKQAzKCkANCgpADUoKQA2KCkANygpADgoKQ
48=A5SAHFEzpIAd14O0gB1Rg8SAHdeD1IAclZPkgB1Rg/KCkAQCgpAEEoKQBCKCkAQygpAEQo
49=KQBFKCkARigpAEcoKQBIKCkASSgrABoAGfFAGygpABwoKQAdKCkAHigpAB8oKQAgKCkAIS
50=gpACIoKQAjKCkAJCgpACUoKQAmKCkAJygpAChIAd1iKUgB3YMqSAHRKitIAd2DLEgB0Sot
51=SAHRKi4oKQAvKCkAMCgpADEoKQAyKCkAMygpADQoKQA1KCkANigpADcoKQA4SAHJWTlIAc
52=1+OkgB3RU7SAHNfjxIAc0bPUgB3RU+KCkAPygpAEAoKQBBKCkAQigpAEMoKQBEKCkARSgp
53=AEYoKQBHKCkASCgpAEkoKQBKKCsAGQAa6UMaKCkAGygpABwoKQAdKCkAHigpAB8oKQAgKC
54=kAISgpACIoKQAjKCkAJCgpACUoKQAmKCkAJygpACgoKQApSAHBMCpIAc2JK0gBwTAsSAHN
55=iS1IAcV2LkgBwTAvKCkAMCgpADEoKQAyKCkAMygpADQoKQA1KCkANigpADdIAdUNOEgB3Y
56=M5SAHFEzpIAd2DO0gByVk8SAHFEz0oKQA+KCkAPygpAEAoKQBBKCkAQigpAEMoKQBEKCkA
57=RSgpAEYoKQBHKCkASCgpAEkoKQBKKCkASygrABgAG+FGGSgpABooKQAbKCkAHCgpAB0oKQ
58=AeKCkAHygpACBIAdknISgpACIoKQAjSAHBJSQoKQAlKCkAJigpACcoKQAoKCkAKSgpACpI
59=Ac1zK0gB3Y4sSAHRNS1IAd2OLkgB0TUvSAHNEDAoKQAxKCkAMigpADMoKQA0KCkANSgpAD
60=ZIAclZN0gBzYk4SAHNEDlIAc2JOkgB3RU7SAHNEDwoKQA9KCkAPigpAD8oKQBAKCkAQSgp
61=AEIoKQBDKCkARCgpAEUoKQBGKCkARygpAEgoKQBJKCkASigpAEsoKQBMKCsAFwAc+UgYKC
62=kAGSgpABooKQAbKCkAHCgpAB0oKQAeKCkAH0gByW8gSAElmVshSAElkVoiSAElOVojSAHJ
63=hSRIAdEqJSgoAAUmABwA7QEAABEAAMoNACAGAAAAJwAcAO0BQAEDAAAoABwAyQEpKCkAKi
64=gpACtJAfCtBSxKAVkDmQYtSAGDAQAALkkB+qEEL0kB8qkBMEgB3QoxKCkAMigpADMoKQA0
65=KCkANUgBxQg2SQH0sQk3SAHVDThJAVitEDlJAfahBDpIAdUNOygpADwoKQA9KCkAPigpAD
66=8oKQBAKCkAQSgpAEIoKQBDKCkARCgpAEUoKQBGKCkARygpAEgoKQBJKCkASigpAEsoKQBM
67=KCkATSgrABYAHeU0FygpABgoKQAZKCkAGigpABsoKQAcKCkAHSgpAB5IAd0rH0kBWrEqIE
68=kB17EqIUoBFgKdLiJJAdG1AiNJAVutBSRIAcU/JUgBwTAmKCkAJygpACgoKQApKCkAKigp
69=ACsoKQAsSQHvtQ0tSQHxqQEuSAGTEQAAL0gBzRAwSAHRQDFIAc0QMigpADMoKQA0SAHJWT
70=VIAcUeNkgB3Qo3SQH3tQ04SAHNEDlIAd0KOigpADsoKQA8KCkAPSgpAD4oKQA/SAHVDUBI
71=AQG0BQAAVQxByAFJLELIAV0qQ0kB2lQDSRJESQG2TAVJAUXIAUEDRsgBWQZHSAHdIEhIAd
72=EUSSgpAEooKQBLKCkATCgpAE0oKQBOKCsAFQAe6U4WKCkAFygpABgoKQAZKCkAGigpABso
73=KQAcKCkAHUgByU4eSAFcGmkAHygpACBIASf2CR4AJ/YJHgAn9QkeaAZtACRMBXwATQAlSA
74=HBUSZIAd0gJygpACgoKQApKCkAKigpACsoKQAsKCkALUgBwUYuSAHNny9IAVAOaQAwSAHB
75=DzFIAcWXMkgBzRAzSAHVAjRIAdEfNUgBeAdNADZIAd2ZN0gByVk4SAHFCDkoKQA6KCkAOy
76=gpADwoKQA9KCkAPigpAD9IAWhOAQQAAEDIAVFKQcgBAQYAAELIAQEHAABDSQHdUExFE0RI
77=AXRPWQZFyAFZBkbIAVkGR8gBWQZISAHdFUkoKQBKKCkASygpAEwoKQBNKCkATigpAE8oKw
78=AUAB/hURUoKQAWKCkAFygpABgoKQAZKCkAGigpABsoKQAcSAHNMR1IAc1zHkgBQB9pAB8o
79=KQAgSAEnTQofKE0KHyhNCh9oBm0AJEwFfABNACVIAc1zJkgB1UQnSAHBJSgoKQApKCkAKi
80=gpACsoKQAsKCkALSgpAC5IAc2UL0gB3aQwSAFcD2kAMUgBzRAySQH4oTszSAHFHjRIAWAF
81=TQA1SAHNnzZIAd0KN0gB3RU4KCkAOSgpADooKQA7KCkAPCgpAD0oKQA+KCkAP0gBbVIIbl
82=IfAGgBAQkAAEFVAh9cTVkRQkgBWABpAEMoKQBEKCkARUkBIK0FRkgBZFUBCgAAR8gBAQsA
83=AEhIAckXSSgpAEooKQBLKCkATCgpAE0oKQBOKCkATygpAFAoKwATACD5UxQoKQAVKCkAFi
84=gpABcoKQAYKCkAGSgpABooKQAbSAHdjhxJAdi9Nh1JAdCpAR4oKQAfKCkAIEgByaYhKCkA
85=IigpACNIAcUIJCgpACUoKQAmSQHSqQwnSAHVkShIAcUpKSgpACooKQArKCkALCgpAC0oKQ
86=AuKCkAL0gBzRswSAHNqjFIAWw9TQAySQH8rRAzSAFEAmkANEgB3aQ1SAHFEzZIAcUTNygp
87=ADgoKQA5KCkAOigpADsoKQA8KCkAPSgpAD4oKQA/SAF5UwxlVSCFVQ1lVSB0Em0AQkAEfA
88=BNAEMoKQBEKCkARSgpAEZIAWVVDmZVIABpAQ9kVScZCUlABMEaSigpAEsoKQBMKCkATSgp
89=AE4oKQBPKCkAUCgpAFEoKAACEgAhAPu9KxNIAdUNFCgpABUoKQAWKCkAFygpABgoKQAZKC
90=kAGigpABtIAc08HEgB1acdSAHZUx4oKQAfKCkAICgpACEoKQAiKCkAIygpACQoKQAlKCkA
91=JkgBJaUgJ0gB1UQoSAHZHCkoKQAqKCkAKygpACwoKQAtKCkALigpAC8oKQAwSQHzpSkxSQ
92=H1qQEySAFMQWkAM0gByS00SAHNBTVIAdkRNigpADcoKQA4KCkAOSgpADooKQA7KCkAPCgp
93=AD0oKQA+KCkAP0kB3KUTQEkB1qkBQUgBZBRNAEIoKQBDKCkARCgpAEUoKQBGSAHRCUdIAd
94=EJSEgBwRpJKCkASigpAEsoKQBMKCkATSgpAE4oKQBPKCkAUCgpAFEoKQBSSAHLLREAIkAY
95=iQASSAHJ3RNIAcU/FEgBxRMVKCkAFigpABcoKQAYKCkAGSgpABooKQAbSAEnVwsiANulKR
96=1VAtOpAR4oKQAfKCkAIEgB2V4hKCkAIigpACNIAcUIJCgpACUoKQAmSQHVqQwnSAHNGyhI
97=Ac0bKSgpACooKQArKCkALCgpAC0oKQAuKCkAL0gBzRswSAEleSAxSAGXKwAAMkkB+a0QM0
98=gB1QI0SAHVLjVIAcUTNkgBxRM3KCkAOCgpADkoKQA6KCkAOygpADwoKQA9KCkAPigpAD9K
99=AbMFlRBAyAFRE0FIAYwCIkwrJ2kIQyhVAEQoKQBFKCkARkkBtVAJI0Y1IgBpAQN1siLx+0
100=lABMEaSigpAEsoKQBMKCkATSgpAE4oKQBPKCkAUCgpAFFIAdUuUkgB1S5TSAHUGAEQACMA
101=1S4RSAHR5RJIAcEEE0gBJWkpFEgBJakxFUgB3RUWKCkAFygpABgoKQAZKCkAGigpABsoKQ
102=AcSAElaSkdSAHNEB5IAc0QHygpACBIAdW9IUgB2V4iSAHVsiNIAdkGJCgpACVIAdH7JkgB
103=JRkqJ0gB1RgoKCkAKSgpACooKQArKCkALCgpAC0oKQAuSAHVIy9IASXxLzBIAdkRMUgBzR
104=AySAEnriwjAMUeNFQCzQU1SAHVLjZIAd0KN0gB3RU4KCkAOSgpADooKQA7KCkAPCgpAD0o
105=KQA+KCkAP0gBbV0EIgYiIwBoAVFVQVUCHkgCSRJCSAFYAGkAQygpAEQoKQBFSQEdrQVGSA
106=FgXCP9NiOMXSP9NiMorAsnKQBKTAXBGksoKQBMKCkATSgpAE4oKQBPKCkAUEgB1SNRSAHV
107=LlJIAXAVTQBTSAHVLlRIAc9dDwAk+REQKCkAEUgBJVkyEkgBzVITSAFACWkAFEgB1ZEVSA
108=HVkRZIAdUYFygpABgoKQAZKCkAGigpABsoKQAcKCkAHUgBwQ8eSAF0Dk0AHygpACBIAScF
109=DCQotTgkKLU4JEQGiQAkTAWDAQAAJUgB2V4mSAHdFScoKQAoKCkAKSgpACooKQArKCkALC
110=gpAC1IAcWMLkgBxYwvSAHBDzBIAcEPMUgB3SsySAHNEDNIAdUCNEgB0R81SAHFCDZIAdUu
111=N0gB1S44SAHFCDkoKQA6KCkAOygpADwoKQA9KCkAPigpAD9IAXheI7U4JIRgI7Q4qQEKdL
112=2pAQsiBkMkACf9TCSAXFkGRUQIeF5ZBkbIAVkGR8gBWQZISAHdFUkoKQBKKCkASygpAEwo
113=KQBNKCkATigpAE9IAdUuUEgB1S5RSAHNJlJIAdUuU0gB3StUSAHNEFUoKQAOUEPVAg8oKQ
114=AQKCkAESgpABJIAcEPE0gBxZcUSAHBDxVIAcWXFkgBzXMXSAHJDBgoKQAZKCkAGigpABso
115=KQAcKCkAHSgpAB5IAdVEH0gBzRAgSAEnXQwlKF0MJSheDCUAxYEkTAXVIyVIAcUTJigpAC
116=coKQAoKCkAKSgpACooKQArKCkALEgBxR4tSAHVkS5IAdUjL0gBzRAwSAHJWTFIAc0QMigp
117=ADMoKQA0SAHVLjVIAcUeNkgB3Qo3SAHVLjhIAc0QOUgB3Qo6KCkAOygpADwoKQA9KCkAPi
118=gpAD9IAdUNQEgBaGQjbToliWQOfGKpAQ9+YiUAJ2VPJZxiAQwAAEVYBnxiWQZGyAFZBkdI
119=Ad0gSEgB0RRJKCkASigpAEsoKQBMKCkATSgpAE5IAcUeT0gB1S5QSAHVI1FIAdUNUkgB1S
120=5TSAHBD1QoKQBVKCkAVigrAA0AJv3FDigpAA8oKQAQKCkAESgpABIoKQATSAHVcBRIAd1X
121=FUgB0RQWSAHVnBdIAdEUGEgB0RQZKCkAGigpABsoKQAcKCkAHSgpAB4oKQAfSAHBDyBIAS
122=V9MSFIASV1MCJIASUdMCNIAclkJEgBzRAlKCkAJigpACcoKQAoKCkAKSgpACooKQArSAHJ
123=WSxIAcWXLUgB3SAuSAHBDy9IAc0mMEgBzRAxKCkAMigpADMoKQA0KCkANUgBxQg2SAHRHz
124=dIAdUNOEgB1S45SAHVLjpIAdUNOygpADwoKQA9KCkAPigpAD8oKQBAKCkAQSgpAEIoKQBD
125=KCkARCgpAEUoKQBGKCkARygpAEgoKQBJKCkASigpAEsoKQBMKCkATUgB1S5OSAHVLk9IAd
126=0gUEgB1S5RSAHNJlJIAd0gUygpAFQoKQBVKCkAVigpAFcoKwAMACfhZw0oKQAOKCkADygp
127=ABAoKQARKCkAEigpABMoKQAUSAHBGhVIAc2UFkgBwRoXSAHFohhIAd2DGUgBwRoaKCkAGy
128=gpABwoKQAdKCkAHigpAB8oKQAgSAHBJSEoKQAiKCkAI0gB1Q0kKCkAJSgpACYoKQAnKCkA
129=KCgpACkoKQAqSAHVGCtIAdWcLEgBxR4tSAHVnC5IAclZL0gBzRAwKCkAMSgpADIoKQAzKC
130=kANCgpADUoKQA2SAHVLjdIAdUuOEgBCQAAAAAAAAA5ACcA+hEAADENACAIAQAAAAAAOgAn
131=APKoAQI7ACcA7akBPCgpAD0oKQA+KCkAPygpAEAoKQBBKCkAQigpAEMoKQBEKCkARSgpAE
132=YoKQBHKCkASCgpAEkoKQBKKCkASygpAExIAdUYTUkB9LUYTkkBAKEAT0oBWAONAVBJAfah
133=BFFIAcUeUigpAFMoKQBUKCkAVSgpAFYoKQBXKCkAWCgrAAsAKOUpDCgpAA0oKQAOKCkADy
134=gpABAoKQARKCkAEigpABMoKQAUKCkAFUkB76EaFkkB8akBF0gBnx0AABhJAVuxHxlIAdEf
135=GkgB0R8bKCkAHCgpAB0oKQAeKCkAHygpACAoKQAhKCkAIigpACMoKQAkKCkAJSgpACYoKQ
136=AnKCkAKCgpAClJAfChGipJAVq1GCtIAc0bLEkB96EELUgB3SAuSAHNGy8oKQAwKCkAMSgp
137=ADIoKQAzKCkANCgpADUoKQA2KCkAN0gB1Q04SAHVLjlIAcUTOkgB1S47SAHVLjxIAcUTPS
138=gpAD4oKQA/KCkAQCgpAEEoKQBCKCkAQygpAEQoKQBFKCkARigpAEcoKQBIKCkASSgpAEoo
139=KQBLSAHVLkxIAdUuTUgBzRtOSAHVLk9IAd0gUEgBzRtRKCkAUigpAFMoKQBUKCkAVSgpAF
140=YoKQBXKCkAWCgpAFkoKwAKACnxbAsoKQAMKCkADSgpAA4oKQAPKCkAECgpABEoKQASKCkA
141=EygpABQoKQAVKCkAFkgBwSUXSQFZuVMYSAHBJRlJAfq5UxpIAc2UG0gBwSUcKCkAHSgpAB
142=4oKQAfKCkAICgpACEoKQAiKCkAIygpACQoKQAlKCkAJigpACcoKQAoSAHFEylIAdWnKkgB
143=1RgrSAHVpyxIAclZLUgB1RguKCkALygpADAoKQAxKCkAMigpADMoKQA0KCkANSgpADYoKQ
144=A3KCkAOEgB1S45SAHVLjpIAd0VO0gB1S48SAHNGz1IAd0VPigpAD8oKQBAKCkAQSgpAEIo
145=KQBDKCkARCgpAEUoKQBGKCkARygpAEgoKQBJKCkASkgBxRNLSAHVLkxIAdUYTUgB1S5OSA
146=HVLk9IAdUYUCgpAFEoKQBSKCkAUygpAFQoKQBVKCkAVigpAFcoKQBYKCkAWSgpAFooKwAJ
147=ACrpbwooKQALKCkADCgpAA0oKQAOKCkADygpABAoKQARKCkAEigpABMoKQAUKCkAFSgpAB
148=YoKQAXSAHVkRhIAdWyGUgB0SoaSAHVshtIAdEqHEgB0SodKCkAHigpAB8oKQAgKCkAISgp
149=ACIoKQAjKCkAJCgpACUoKQAmKCkAJ0gByVkoSAHFrSlIAd0VKkgBxa0rSAHNGyxIAd0VLS
150=gpAC4oKQAvKCkAMCgpADEoKQAyKCkAMygpADQoKQA1KCkANigpADcoKQA4KCkAOUgBxRM6
151=SAHVLjtIAdUYPEgB1S49SAHVLj5IAdUYPygpAEAoKQBBKCkAQigpAEMoKQBEKCkARSgpAE
152=YoKQBHKCkASCgpAElIAdUuSkgB1S5LSAHdFUxIAdUuTUgBzRtOSAHdFU8oKQBQKCkAUSgp
153=AFIoKQBTKCkAVCgpAFUoKQBWKCkAVygpAFgoKQBZKCkAWigpAFsoKwAIACvhcgkoKQAKKC
154=kACygpAAwoKQANKCkADigpAA8oKQAQKCkAESgpABIoKQATKCkAFCgpABUoKQAWKCkAFygp
155=ABhIAcEwGUgBxbgaSAHBMBtIAcW4HEgB3aQdSAHBMB4oKQAfKCkAICgpACEoKQAiKCkAIy
156=gpACQoKQAlKCkAJkgB1Q0nSAHVsihIAcUTKUgB1bIqSAHJWStIAcUTLCgpAC0oKQAuKCkA
157=LygpADAoKQAxKCkAMigpADMoKQA0KCkANSgpADYoKQA3KCkAOCgpADkoKQA6SAHVLjtIAd
158=UuPEgBzRs9SAHVLj5IAd0gP0gBzRtAKCkAQSgpAEIoKQBDKCkARCgpAEUoKQBGKCkARygp
159=AEhIAdUNSUgB1S5KSAHFE0tIAdUuTEgB1S5NSAHFE04oKQBPKCkAUCgpAFEoKQBSKCkAUy
160=gpAFQoKQBVKCkAVigpAFcoKQBYKCkAWSgpAFooKQBbKCkAXCgrAAcALPl0CCgpAAkoKQAK
161=KCkACygpAAwoKQANKCkADigpAA8oKQAQKCkAESgpABIoKQATKCkAFCgpABUoKQAWKCkAFy
162=gpABgoKQAZSAHFohpIAdW9G0gB0TUcSAHVvR1IAdE1HkgB0TUfKCkAICgpACEoKQAiKCkA
163=IygpACQoKQAlSAHJWSZIAcW4J0gBzRAoSAHFuClIAd0VKkgBzRArKCkALCgpAC0oKQAuKC
164=kALygpADAoKQAxKCkAMigpADMoKQA0KCkANSgpADYoKQA3KCkAOCgpADkoKQA6KCkAO0gB
165=1Rg8SAHVLj1IAcUePkgB1S4/SAHVLkBIAcUeQSgpAEIoKQBDKCkARCgpAEUoKQBGKCkAR0
166=gB1S5ISAHVLklIAc0QSkgB1S5LSAHdFUxIAc0QTSgpAE4oKQBPKCkAUCgpAFEoKQBSKCkA
167=UygpAFQoKQBVKCkAVigpAFcoKQBYKCkAWSgpAFooKQBbKCkAXCgpAF0oKwAGAC3xdwcoKQ
168=AIKCkACSgpAAooKQALKCkADCgpAA0oKQAOKCkADygpABAoKQARKCkAEigpABMoKQAUKCkA
169=FSgpABYoKQAXKCkAGCgpABkoKQAaSAHBOxtIAcXDHEgBwTsdSAHFwx5IAc21H0gBwTsgKC
170=kAISgpACIoKQAjKCkAJEgBxQglSAHVvSZIAdUNJ0gB1b0oSAHJWSlIAdUNKigpACsoKQAs
171=KCkALSgpAC5IAdUNLygpADAoKQAxKCkAMigpADMoKQA0KCkANSgpADYoKQA3SAHFEzgoKQ
172=A5KCkAOigpADsoKQA8SAHVLj1IAdUuPkgB3SA/SAHVLkBIAdUYQUgB1Q1CKCkAQygpAEQo
173=KQBFKCkARkgBxQhHSAHVLkhIAdUNSUgB1S5KSAHVLktIAdUNTCgpAE0oKQBOKCkATygpAF
174=AoKQBRKCkAUkgBwQ9TSQHYJGVEVEkB0KkBVUkB0qkBVkgB0R9XSAHNEFgoKQBZKCkAWigp
175=AFsoKQBcKCkAXSgpAF4oKwAFAC7pegYoKQAHKCkACCgpAAkoKQAKKCkACygpAAxIAcWiDU
176=gBAbQFAABBGQ7IAQECAAAPyAEBAwAAEEkB2lQDRS8RSQG2TAVJARLIAUEDE8gBWQYUSAHd
177=uhVIAd0gFigpABcoKQAYKCkAGSgpABooKQAbSAHVshxIAdXIHUgBXA9pAB5IAdUNH0gB0U
178=AgSAHBDyEoKQAiKCkAI0gByVkkSAHdICVIAXAKTQAmSAHFwydIAc0QKEgB3QopKCkAKigp
179=ACsoKQAsKCkALUgB1Q0uSAHVDS9IAdUuMMgBWScxyAFVLjJIAdUuM0gB1S40yAFVLjXIAV
180=kGNkgB3SA3SAHdIDhIAd0VOSgpADooKQA7KCkAPCgpAD1IAcUePkgB1S4/SAFEI2kAQEgB
181=1Q1BSAHVDUJIAdUNQygpAEQoKQBFSAHdIEZIAd0gR0gBcApNAEhIAdUuSUgBzRBKSAHdCk
182=soKQBMKCkATSgpAE4oKQBPKCkAUCgpAFFIAcl6UkgBzRBTSQHXRCpNEFRJARZEKkkBVUkB
183=0bUCVkgBxR5XSAHBfVhIAcUTWSgpAFooKQBbKCkAXCgpAF0oKQBeKCkAXygrAAQAL+F9BS
184=gpAAYoKQAHKCkACCgpAAkoKQAKKCkACygpAAxIAWhOAQQAAA3IAUl5DskBBm5+LwBhBAdv
185=fi8A3bEfEUAEdE9ZBhLIAVkGE8gBWQYUyAFZBhVIAckiFigpABcoKQAYKCkAGSgpABooKQ
186=AbKCkAHEgBwUYdSAHFzh5IAVQzaQAfSAHNMSBIAd3FIUgBzRAiSAHVAiNIAcU/JEgBeAdN
187=ACVIAdXIJkgByVknSAHFCCgoKQApKCkAKigpACsoKQAsKCkALUgByRcuSAFwKlknL8gBWS
188=cwyAFZJzHIAVknMkgB1S4zSAHVLjTIAVkGNcgBWQY2yAFZBjdIAckXOEgByRc5KCkAOigp
189=ADsoKQA8KCkAPSgpAD5IAckXP0gB1S5ASAFcJWkAQUgB1S5CSAHdK0NIAcEPREgB1QJFSA
190=HVLkZIAXgHTQBHSAHVLkhIAckXSUgBxQhKKCkASygpAEwoKQBNKCkATigpAE8oKQBQSAHB
191=D1FIAVAOaQBSKCkAU0gBJ84PLwAnzg8vACfNDy9oBm0AV0wFfABNAFhIAdEfWUgB3RVaKC
192=kAWygpAFwoKQBdKCkAXigpAF8oKQBgKCsAAwAw+X8EKCkABSgpAAYoKQAHKCkACCgpAAko
193=KQAKKCkACygpAAxIAW1SCGWBMIx+AQkAAA5VAh9YVFkcD0gBWABpABAoKQARKCkAEkkBIK
194=0FE0gBZFUBCgAAFMgBAQsAABVIAdUjFigpABcoKQAYKCkAGSgpABooKAAKGwAwAO0BAAAA
195=AAAcABEAAMcNACADMADtAQAAQAADHQAwAO8BQwEAAB5JAfGpAR9IAY8CAAAgSgFbA5EBIU
196=kB+KEEIkkBWrUCI0gBmwMAACRJAfehBCVIAd0KJkgB1Q0nKCkAKCgpACkoKQAqKCkAKygp
197=ACwoKQAtSQHwqQwuSAEFtAUAAAgAAC/KAQkAQAEBMAAfBIESMVABgwEAADIoKQAzKCkANE
198=kBIK0FNUkBtlAJAQoAADbIAQELAAA3SQH2tQ04SAHVGDkoKQA6KCkAOygpADwoKQA9KCkA
199=PigpAD9IAdUjQEgB1S5BSAHdFUJIAdUuQ0gB1S5ESAHVLkVIAc0FRkgB1S5HSAHdCkhIAd
200=0VSSgpAEooKQBLKCkATCgpAE0oKQBOKCkAT0kB9L0gUEgBzRBRSAHNEFIoKQBTSQHXrQVU
201=SgEWAokEVUkB0bUCVkgBjwIAAFcoKQBYSAHFHllJAfqtBVpIAdUYWygpAFwoKQBdKCkAXi
202=gpAF8oKQBgKCkAYSgrAAIAMeVgAygpAAQoKQAFKCkABigpAAcoKQAIKCkACSgpAAooKQAL
203=KCkADEgBZFUBDAAADcgBAQ0AAA5IAd0gDygpABAoKQARKCkAEigpABNIAWRVAQ4AABTIAQ
204=EPAAAVSAHBJRYoKQAXKCkAGCgpABkoKQAaKCkAGygpABwoKQAdKCkAHkgByW8fSQFZuX8g
205=SAHVGCFJAfy9NiJIAdUCI0kBWK0FJEgB2WklSAHdFSYoKQAnKCkAKCgpACkoKQAqKCkAKy
206=gpACwoKQAtSAHRFC5IAdUuL8gBVS4wSAHFEzEoKQAyKCkAMygpADQoKQA1SAHVLjbIAVUu
207=N0gBwRo4SAHBGjkoKQA6KCkAOygpADwoKQA9KCkAPigpAD8oKQBASAHBGkFIAdUuQkgB1R
208=hDSAHVLkRIAdUCRUgB1S5GSAHRFEdIAdEUSCgpAEkoKQBKKCkASygpAEwoKQBNKCkATigp
209=AE9JAdilP1BJAdCpAVEoKQBSKCkAU0gB0YJUKCkAVSgpAFZIAcUIVygpAFgoKQBZSQHSqQ
210=xaSAHBGlsoKQBcKCkAXSgpAF4oKQBfKCkAYCgpAGEoKQBiKCkAAVDHyQwCKCkAAygpAAQo
211=KQAFKCkABigpAAcoKQAIKCkACSgpAAooKQALKCkADEkB3LkcDUkB1qkBDkgBzTwPKCkAEC
212=gpABEoKQASKCkAE0gB0QkUSAHRCRVIAc0bFigpABcoKQAYKCkAGSgpABooKQAbKCkAHCgp
213=AB0oKQAeKCkAH0kB87UYIEkB9akBIUgBwRoiSQH7tQIjSAHNBSRIAdEUJSgpACYoKQAnKC
214=kAKCgpACkoKQAqKCkAKygpACwoKQAtSAHRbC5IAcElL0gBwSUwSAHRFDEoKQAyKCkAMygp
215=ADQoKQA1SAHRCTZIAdEJN0gBwXI4SAHNGzkoKQA6KCkAOygpADwoKQA9KCkAPigpAD8oKQ
216=BAKCkAQUgBxSlCSAHVLkNIAcEaREgB1S5FSAHNBUZIAcUTRygpAEgoKQBJKCkASigpAEso
217=KQBMKCkATSgpAE4oKQBPSAElpSBQSAHRglEoKQBSKCkAUygpAFQoKQBVKCkAVigpAFcoKQ
218=BYKCkAWUgBJQUiWkgBzRtbKCkAXCgpAF0oKQBeKCkAXygpAGAoKQBhKCkAYigpAGMoKwAC
219=ADMorCEnKQAEKFUABSgpAAYoKQAHKCkACCgpAAkoKQAKKCkACygpAAxKAbMFiTsNyAFFag
220=5IAY8CAAAPKCkAECgpABEoKQASKCkAE0kBtVEJAiKuITMAaAFF+RVUAtknFigpABcoKQAY
221=KCkAGSgpABooKQAbKCkAHCgpAB0oKQAeSAHBch9IASXBKSBIAdUYIUkB+UAbWQEiSAFYAG
222=kAI0gBJREpJEgB0WwlSAHdFSYoKQAnKCkAKCgpACkoKQAqKCkAKygpACwoKQAtSAHRFC5I
223=AdUuL8gBURMwSAF4Ek0AMSgpADIoKQAzKCkANCgpADVIAWgtVS42yAFVLjdIAcEaOEgBwR
224=o5KCkAOigpADsoKQA8KCkAPSgpAD4oKQA/KCkAQEgBwRpBSAHVLkJIAUQYaQBDSAHVLkRI
225=AWgCTQBFSAHVLkZIAdEUR0gB0RRIKCkASSgpAEooKQBLKCkATCgpAE0oKQBOKCkAT0kB21
226=ArQQ9QSQHTqQFRKCkAUigpAFNIAdmKVCgpAFUoKQBWSAHFCFcoKQBYKCkAWUkB1akMWkgB
227=wRpbKCkAXCgpAF0oKQBeKCkAXygpAGAoKQBhKCkAYigpAGMoKQBkKCsAAwA04YgEKCkABS
228=gpAAYoKQAHKCkACCgpAAkoKQAKKCkACygpAAxIAX1XBCKGMjQAaAFZfg5VAh5IAkktD0gB
229=WABpABAoKQARKCkAEkkBHa0FE0gBfVcGdYY0lYYHIoQyJxUDFkAExSkXKCkAGCgpABkoKQ
230=AaKCkAGygpABwoKQAdSQHypTQeSAElmTofSAFwFU0AIEgBJSksIUgBJS09IkgBJTEtI0gB
231=XARpACRIASXpOSVIAd0KJkgB3RUnKCkAKCgpACkoKQAqKCkAKygpACwoKQAtSAHRbC5IAW
232=gtWSYvyAFVLjBIAdUuMUgBeBJNADIoKQAzKCkANEgB1S41SAHVLjbIAVUuN0gBwXI4SAHV
233=GDkoKQA6KCkAOygpADwoKQA9KCkAPigpAD9IAdUjQEgB1S5BSAFMFWkAQkgB1S5DSAHVLk
234=RIAdUuRUgBYAVNAEZIAdUuR0gB3QpISAHdFUkoKQBKKCkASygpAEwoKQBNKCkATigpAE9I
235=ASWZRVBIAc0QUUgBXA9pAFIoKQBTSAElXSJUSAHBiFVIASX9IFZIAWwGTQBXKCkAWEgBxR
236=5ZSAElSUZaSAHVGFsoKQBcKCkAXSgpAF4oKQBfKCkAYCgpAGEoKQBiKCkAYygpAGQoKQBl
237=KCsABAA14YgFKCkABigpAAcoKQAIKCkACSgpAAooKQALKCkADEgBfVcIdYY1lYYJIlxDqQ
238=EKIqwhqAEBCwAAEE0F2rl0EUgBZFVZBhLIAVkGE8gBWQYUyAFZBhVIAdknFigpABcoKQAY
239=KCkAGSgpABooKQAbKCkAHEgByW8dSAHd2x5IAUQ5aQAfSAHdNiBIASUpTSFIAc0QIkgB1Q
240=IjSAHFSiRIAXgHTQAlSAHN4SZIAclvJ0gBxQgoKCkAKSgpACooKQArKCkALCgpAC1IAckX
241=LkgB1S4vyAFZJzDIAVknMcgBWScySAHVLjNIAdUuNMgBWQY1yAFZBjbIAVkGN0gByRc4SA
242=HJFzkoKQA6KCkAOygpADwoKQA9KCkAPkgByRc/SAHVLkBIAVwlaQBBSAHVLkJIAd0rQ0gB
243=wQ9ESAHVAkVIAdUuRkgBeAdNAEdIAdUuSEgByRdJSAHFCEooKQBLKCkATCgpAE0oKQBOKC
244=kATygpAFBIAcEPUUgBUA5pAFIoKQBTSAEn1hA1ACfWEDUAJ9UQNWgGbQBXTAV8AE0AWEgB
245=0R9ZSAHdFVooKQBbKCkAXCgpAF0oKQBeKCkAXygpAGAoKQBhKCkAYigpAGMoKQBkKCkAZS
246=grAAUANvWGBigpAAcoKQAIKCkACSgpAAooKQALKCkADEgB0a4NSAF9Vw1phTaVhg5ohakB
247=D2uFNgDd6YU2I/wgAQwAABJYBnxXWQYTyAFZBhRIAdGuFUgB2ScWKCkAFygpABgoKQAZKC
248=kAGigpABtIAdHPHEgB0dodSAFANWkAHkgB1Q0fSAHdTCBIAcEPISgpACIoKQAjSAHFYCRI
249=Ad0gJUgBcApNACZIAcHgJ0gBzRAoSAHdCikoKQAqKCkAKygpACwoKQAtSAHVDS5IAdUNL0
250=gB1S4wyAFZJzHIAVUuMkgB1S4zSAFoLVUuNMgBVS41yAFZBjZIAd0gN0gB3SA4SAHdFTko
251=KQA6KCkAOygpADwoKQA9SAHFHj5IAdUuP0gBRCNpAEBIAdUNQUgB1Q1CSAHVDUMoKQBEKC
252=kARUgB3SBGSAHdIEdIAXAKTQBISAHVLklIAc0QSkgB3QpLKCkATCgpAE0oKQBOKCkATygp
253=AFAoKQBRSAHVhlJIAc0QU0gBJ6kQNiipEDYoqhA2AMUeV0wF3YNYSAHFE1koKQBaKCkAWy
254=gpAFwoKQBdKCkAXigpAF8oKQBgKCkAYSgpAGIoKQBjKCkAZCgrAAYAN/2DBygpAAgoKQAJ
255=KCkACigpAAsoKQAMKCkADSgpAA4oKQAPKCkAECgpABEoKQASKCkAEygpABQoKQAVKCkAFi
256=gpABcoKQAYKCkAGSgpABpIAc1HG0gBzdYcSAFcRmkAHUgB2TIeSAHV0x9IAcU0ICgpACEo
257=KQAiKCkAIygpACRIAcUIJUgBwUYmSAFoDU0AJ0gB3dsoSAHFYClIAdUNKigpACsoKQAsKC
258=kALSgpAC5IAdUNLygpADAoKQAxKCkAMigpADMoKQA0KCkANSgpADYoKQA3SAHFEzgoKQA5
259=KCkAOigpADsoKQA8SAHVLj1IAdUuPkgBTCBpAD9IAdUuQEgB1RhBSAHVDUIoKQBDKCkARC
260=gpAEUoKQBGSAHFCEdIAdUuSEgBaA1NAElIAdUuSkgB1S5LSAHVDUwoKQBNKCkATigpAE8o
261=KQBQKCkAUSgpAFJIAcEPU0gBJV1DVEgBJVVCVUgBJf1BVkgB0R9XSAHNEFgoKQBZKCkAWi
262=gpAFsoKAAHXAA3AO0BAAAAABEAANoMACAGAF0ANwDtAQAAQQBeKCkAXygpAGAoKQBhKCkA
263=YigpAGMoKAADBwA4AO0BSwkAAAgoKQAJKCkACigpAAsoKQAMKCkADSgpAA4oKQAPKCkAEC
264=gpABEoKQASKCkAEygpABQoKQAVKCkAFigpABcoKQAYKCkAGUkB8rUYGkkB9KkBG0gBhxsA
265=ABxKAVgDkQEdSQH2oQQeSAHRHx8oKQAgKCkAISgpACIoKQAjKCkAJCgpACVJAfC9CiZJAV
266=m1DSdIAZsOAAAoSQH6oQQpSAHdFSpIAc0QKygpACwoKQAtKCkALigpAC8oKQAwKCkAMSgp
267=ADIoKQAzKCkANCgpADUoKQA2KCkANygpADgoKQA5KCkAOigpADtIAdUYPEgB1S49SAHFHj
268=5IAdUuP0gB1S5ASAHFHkEoKQBCKCkAQygpAEQoKQBFKCkARigpAEdIAdUuSEgB1S5JSAHN
269=EEpIAdUuS0gB3RVMSAHNEE0oKQBOKCkATygpAFAoKQBRKCkAUigpAFMoKQBUKCkAVSgpAF
270=YoKQBXKCkAWCgpAFkoKQBaKCkAWygpAFwoKQBdKCkAXigpAF8oKQBgKCkAYSgpAGIoKwAI
271=ADntfgkoKQAKKCkACygpAAwoKQANKCkADigpAA8oKQAQKCkAESgpABIoKQATKCkAFCgpAB
272=UoKQAWKCkAFygpABhIAc08GUkBWqVrGkgBzTwbSQH3pWscSQHvqQEdSAHNPB4oKQAfKCkA
273=ICgpACEoKQAiKCkAIygpACQoKQAlKCkAJkgB1Q0nSQHxoQ8oSAHFEylJAVu9FSpIAcVgK0
274=gBxRMsKCkALSgpAC4oKQAvKCkAMCgpADEoKQAyKCkAMygpADQoKQA1KCkANigpADcoKQA4
275=KCkAOSgpADpIAdUuO0gB1S48SAHNGz1IAdUuPkgB3SA/SAHNG0AoKQBBKCkAQigpAEMoKQ
276=BEKCkARSgpAEYoKQBHKCkASEgB1Q1JSAHVLkpIAcUTS0gB1S5MSAHVLk1IAcUTTigpAE8o
277=KQBQKCkAUSgpAFIoKQBTKCkAVCgpAFUoKQBWKCkAVygpAFgoKQBZKCkAWigpAFsoKQBcKC
278=kAXSgpAF4oKQBfKCkAYCgpAGEoKwAJADr1ewooKQALKCkADCgpAA0oKQAOKCkADygpABAo
279=KQARKCkAEigpABMoKQAUKCkAFSgpABYoKQAXSAHdrxhIAd3FGUgB3TYaSAHdxRtIAd02HE
280=gB3TYdKCkAHigpAB8oKQAgKCkAISgpACIoKQAjKCkAJCgpACUoKQAmKCkAJ0gBxWAoSAHN
281=yylIAd0VKkgBzcsrSAHNGyxIAd0VLSgpAC4oKQAvKCkAMCgpADEoKQAyKCkAMygpADQoKQ
282=A1KCkANigpADcoKQA4KCkAOUgBxRM6SAHVLjtIAdUYPEgB1S49SAHVLj5IAdUYPygpAEAo
283=KQBBKCkAQigpAEMoKQBEKCkARSgpAEYoKQBHKCkASCgpAElIAdUuSkgB1S5LSAHdFUxIAd
284=UuTUgBzRtOSAHdFU8oKQBQKCkAUSgpAFIoKQBTKCkAVCgpAFUoKQBWKCkAVygpAFgoKQBZ
285=KCkAWigpAFsoKQBcKCkAXSgpAF4oKQBfKCkAYCgrAAoAO/14CygpAAwoKQANKCkADigpAA
286=8oKQAQKCkAESgpABIoKQATKCkAFCgpABUoKQAWSAHNMRdIAc3AGEgBzTEZSAHNwBpIAdWy
287=G0gBzTEcKCkAHSgpAB4oKQAfKCkAICgpACEoKQAiKCkAIygpACQoKQAlKCkAJigpACcoKQ
288=AoSAHFEylIAd3FKkgB1RgrSAHdxSxIAcVgLUgB1RguKCkALygpADAoKQAxKCkAMigpADMo
289=KQA0KCkANSgpADYoKQA3KCkAOEgB1S45SAHVLjpIAd0VO0gB1S48SAHNGz1IAd0VPigpAD
290=8oKQBAKCkAQSgpAEIoKQBDKCkARCgpAEUoKQBGKCkARygpAEgoKQBJKCkASkgBxRNLSAHV
291=LkxIAdUYTUgB1S5OSAHVLk9IAdUYUCgpAFEoKQBSKCkAUygpAFQoKQBVKCkAVigpAFcoKQ
292=BYKCkAWSgpAFooKQBbKCkAXCgpAF0oKQBeKCkAXygrAAsAPOV2DCgpAA0oKQAOKCkADygp
293=ABAoKQARKCkAEigpABMoKQAUKCkAFUgBzZ8WSAHduhdIAd0rGEgB3boZSAHdKxpIAd0rGy
294=gpABwoKQAdKCkAHigpAB8oKQAgKCkAISgpACIoKQAjKCkAJCgpACUoKQAmKCkAJygpACgo
295=KQApSAHFYCpIAc3AK0gBzRssSAHNwC1IAd0gLkgBzRsvKCkAMCgpADEoKQAyKCkAMygpAD
296=QoKQA1KCkANigpADdIAdUNOEgB1S45SAHFEzpIAdUuO0gB1S48SAHFEz0oKQA+KCkAPygp
297=AEAoKQBBKCkAQigpAEMoKQBEKCkARSgpAEYoKQBHKCkASCgpAEkoKQBKKCkAS0gB1S5MSA
298=HVLk1IAc0bTkgB1S5PSAHdIFBIAc0bUSgpAFIoKQBTKCkAVCgpAFUoKQBWKCkAVygpAFgo
299=KQBZKCkAWigpAFsoKQBcKCkAXSgpAF4oKwAMAD3tcw0oKQAOKCkADygpABAoKQARKCkAEi
300=gpABMoKQAUSAHNJhVIAc21FkgBzSYXSAHNtRhIAcWiGUgBzSYaKCkAGygpABwoKQAdKCkA
301=HigpAB8oKQAgKCkAISgpACIoKQAjKCkAJCgpACUoKQAmKCkAJygpACgoKQApKCkAKkgB1R
302=grSAHduixIAcUeLUgB3bouSAHFYC9IAcUeMCgpADEoKQAyKCkAMygpADQoKQA1KCkANkgB
303=1S43SAHVLjhIAc0QOUgB1S46SAHdFTtIAc0QPCgpAD0oKQA+KCkAPygpAEAoKQBBKCkAQi
304=gpAEMoKQBEKCkARSgpAEYoKQBHKCkASCgpAEkoKQBKKCkASygpAExIAdUYTUgB1S5OSAHF
305=Hk9IAdUuUEgB1S5RSAHFHlIoKQBTKCkAVCgpAFUoKQBWKCkAVygpAFgoKQBZKCkAWigpAF
306=soKQBcKCkAXSgrAA0APvVwDigpAA8oKQAQKCkAESgpABIoKQATSAHdjhRIAd2vFUgB3SAW
307=SAHdrxdIAd0gGEgB3SAZKCkAGigpABsoKQAcKCkAHSgpAB4oKQAfSAHBDyBJAdgk1UchSQ
308=HQqQEiSQHSqQEjSAHJpiRIAc0QJSgpACYoKQAnKCkAKCgpACkoKQAqKCkAK0gBxWAsSAHN
309=tS1IAd0gLkgBwQ8vSAHNJjBIAc0QMSgpADIoKQAzKCkANCgpADVIAcUINkgB0R83SAHVDT
310=hIAdUuOUgB1S46SAHVDTsoKQA8KCkAPSgpAD4oKQA/KCkAQCgpAEFIAcEPQkgB1S5DSAHV
311=LkRIAdUuRUgB0R9GSAHNEEcoKQBIKCkASSgpAEooKQBLKCkATCgpAE1IAdUuTkgB1S5PSA
312=HdIFBIAcEPUUgBzSZSSAHNEFMoKQBUKCkAVSgpAFYoKQBXKCkAWCgpAFkoKQBaKCkAWygp
313=AFwoKwAOAD/9bQ8oKQAQKCkAESgpABJIAc0bE0gBzaoUSAHNGxVIAc2qFkgB1ZEXSAHNGx
314=goKQAZKCkAGigpABsoKQAcKCkAHSgpAB5IAc08H0gBzRAgSQHXuWkhSgEWAoESIkkB0bUC
315=I0gBzZ8kSAHBMCVIAcUTJigpACcoKQAoKCkAKSgpACooKQArKCkALEgBxR4tSAHdry5IAZ
316=MRAAAvSAHNEDBIAcVgMUgBzRAyKCkAMygpADRIAdUuNUgBxR42SAHdCjdIAdUuOEgBzRA5
317=SAHdCjooKQA7KCkAPCgpAD0oKQA+KCkAPygpAEBIAdUuQUgBzRBCSAHVLkNIAdUuREgB1S
318=5FSAHFHkZIAdUuR0gBxRNIKCkASSgpAEooKQBLKCkATCgpAE0oKQBOSAHFHk9IAdUuUEgB
319=1SNRSAHNEFJIAdUuU0gBzRBUKCkAVSgpAFYoKQBXKCkAWCgpAFkoKQBaKCkAWygrAA8AQO
320=VrECgpABFIAc1+EkgB0SoTSAHdFRRIAd2kFUgB3RUWSAHdFRcoKQAYKCkAGSgpABooKQAb
321=KCkAHCgpAB1IAcEPHkgBwQ8fKCkAIEgBwTshSAHBOyJIAcE7I0gB2QYkKCkAJUgBzTwmSA
322=HdFScoKQAoKCkAKSgpACooKQArKCkALCgpAC1IAcVgLkgBzaovSAHNEDBIAcEPMUgB3Ssy
323=SAHNEDNIAdUCNEgB0R81SAHFCDZIAdUuN0gB1S44SAHFCDkoKQA6KCkAOygpADwoKQA9KC
324=kAPigpAD9IAcEPQEgBwQ9BKCkAQkgB1S5DSAHVLkRIAdUuRUgB2QZGKCkAR0gB0B8ESABA
325=AO0BABEAAAMNACAHAAAAAEkAQADtAUABAwAASgBAAMkBSygpAEwoKQBNKCkATigpAE9JAf
326=ClCFBKAVkDkQlRSAGDAQAAUkkB+qEEU0kB8qkBVEgB1Q1VKCkAVigpAFcoKQBYKCkAWSgp
327=AFooKAACEABBAPy9ChFJAVqtEBJIAc0QE0kB96EEFEkB76kBFUgBzRAWKCkAFygpABgoKQ
328=AZKCkAGigpABsoKQAcSQH0vQodSAHNEB5IAc0QHygpACBJAdetBSFKARYCiQQiSQHRtQIj
329=SAGPAgAAJCgpACVJAVutGyZIAdEqJ0gB1RgoKCkAKSgpACooKQArKCkALCgpAC0oKQAuSA
330=HVIy9JAfG5ETBIAdkRMUgBzRAySQH4oQQzSAHFHjRIAc0FNUgB1S42SAHdCjdIAd0VOCgp
331=ADkoKQA6KCkAOygpADwoKQA9KCkAPkgB1S4/SAHNEEBIAc0QQSgpAEJIAdUuQ0gB1S5ESA
332=HVLkVIAdkGRigpAEdIAcUeSEgB1S5JSAHVGEooKQBLKCkATCgpAE0oKQBOKCkATygpAFBI
333=AdUjUUgB1S5SSAHZEVNIAc0QVEkB9rUuVUgBzRBWKCkAVygpAFgoKQBZKCsAEQBC2goAEk
334=kBWKVKE0gB3QoUSAHdChUoKQAWKCkAFygpABgoKQAZKCkAGigpABsoKQAcSQHYqRcdSQHQ
335=qQEeKCkAHygpACBIAcU0ISgpACIoKQAjSAHFCCQoKQAlKCkAJkkB0qkMJ0gBwRooKCkAKS
336=gpACooKQArKCkALCgpAC0oKQAuKCkAL0gBzZ8wSAHNnzFIAcEsMkgBwZMzSAHVAjRIAdUu
337=NUgB1S42SAHRFDcoKQA4KCkAOSgpADooKQA7KCkAPCgpAD0oKQA+SAHVLj9IAc0mQCgpAE
338=EoKQBCSAHVLkMoKQBEKCkARUgBxQhGKCkARygpAEhIAdUuSUgBwRpKKCkASygpAEwoKQBN
339=KCkATigpAE8oKQBQKCkAUUgB1S5SSAHVLlNIAd0rVEgB2XRVSAHFzlZIAdkRVygpAFgoKA
340=ACEgBDAPuhRhNIAc0FFCgpABUoKQAWKCkAFygpABgoKQAZKCkAGigpABsoKQAcSAHVkR1I
341=AdUuHigpAB8oKQAgKCkAISgpACIoKQAjKCkAJCgpACUoKQAmSAHVnCdIAc0bKCgpACkoKQ
342=AqKCkAKygpACwoKQAtKCkALigpAC8oKQAwSQHzpSkxSQH1qQEySAHFNDNIAcktNEgBzQU1
343=SAHFEzYoKQA3KCkAOCgpADkoKQA6KCkAOygpADwoKQA9KCkAPkgB1S4/SAHVLkAoKQBBKC
344=kAQigpAEMoKQBEKCkARSgpAEYoKQBHKCkASEgB1S5JSAHNG0ooKQBLKCkATCgpAE0oKQBO
345=KCkATygpAFAoKQBRKCkAUkgB1chTSAHVyFRIAdUuVUgB1chWSAHdjldIAccTEwBEJgkoFC
346=gpABUoKQAWKCkAFygpABgoKQAZKCkAGigpABsoKQAcSQHbvUEdSQHTqQEeKCkAHygpACBI
347=AcU0ISgpACIoKQAjSAHFCCQoKQAlKCkAJkkB1akMJ0gB2RwoKCkAKSgpACooKQArKCkALC
348=gpAC0oKQAuKCkAL0gB1ZEwSAElBSIxSAHVLjJJAfmtEDNIAdUCNEgBzTE1SAHNMTZIAdEU
349=NygpADgoKQA5KCkAOigpADsoKQA8KCkAPSgpAD5IAdUuP0gBzSZAKCkAQSgpAEJIAdUuQy
350=gpAEQoKQBFSAHFCEYoKQBHKCkASEgB1S5JSAHBGkooKQBLKCkATCgpAE0oKQBOKCkATygp
351=AFAoKQBRKCkAUigpAFNIAc0xVEgBxcNVSAHVLlZIAd/xFABF7V0VKCkAFigpABcoKQAYKC
352=kAGSgpABooKQAbKCkAHEgByW8dSAHNEB5IAc0QHygpACBIAdWRIUgB1S4iSAHVhiNIAdkG
353=JCgpACVIASX9ICZIASWJLSdIAcktKCgpACkoKQAqKCkAKygpACwoKQAtKCkALkgB3eYvSA
354=EliS0wSAHZETFIAc0QMkgBJx4wRQDFHjRUAs0FNUgB3fE2SAHdCjdIAd0VOCgpADkoKQA6
355=KCkAOygpADwoKQA9KCkAPkgB1S4/SAHNEEBIAc0QQSgpAEJIAdUuQ0gB1S5ESAHVLkVIAd
356=kGRigpAEdIAcUeSEgB1S5JSAHVGEooKQBLKCkATCgpAE0oKQBOKCkATygpAFAoKQBRKCkA
357=UigpAFMoKQBUSAHVvVVIAc/sFQBG9VoWKCkAFygpABgoKQAZKCkAGigpABsoKQAcKCkAHU
358=gB3SseSAHVIx8oKQAgSAHRKiFIAdEqIkgB0SojSAHZBiQoKQAlSAHFKSZIAcUpJygpACgo
359=KQApKCkAKigpACsoKQAsKCkALUgBxYEuSAHVsi9IAc0QMEgBwQ8xSAHFKTJIAc0QM0gB1Q
360=I0SAHRHzVIAcUINkgBxbg3SAHFuDhIAcUIOSgpADooKQA7KCkAPCgpAD0oKQA+KCkAP0gB
361=wQ9ASAHBD0EoKQBCSAHVLkNIAdUuREgB1S5FSAHZBkYoKQBHSAHRH0hIAd0VSSgpAEooKQ
362=BLKCkATCgpAE0oKQBOKCkATygpAFAoKQBRKCkAUigpAFMoKQBUKCsAFgBH/VcXKCkAGCgp
363=ABkoKQAaKCkAGygpABwoKQAdKCkAHkgBxSkfSAHdgyBIAdknIUgB2SciSAHZJyNIAc1+JE
364=gBzSYlSAHNJiYoKQAnKCkAKCgpACkoKQAqKCkAKygpACxIAcWiLUgBxa0uSAHdNi9IAc0Q
365=MEgB3UwxSAHNEDIoKQAzKCkANEgBxWA1SAHFHjZIAd0KN0gB1bI4SAHNEDlIAd0KOigpAD
366=soKQA8KCkAPSgpAD4oKQA/KCkAQEgB1S5BSAHNEEJIAdUuQ0gB1S5ESAHVLkVIAcUeRkgB
367=1S5HSAHFE0goKQBJKCkASigpAEsoKQBMKCkATSgpAE4oKQBPKCkAUCgpAFEoKQBSKCkAUy
368=grABcASOVVGCgpABkoKQAaKCkAGygpABwoKQAdKCkAHigpAB9IAc0mIEgBJdUmIUgBJc0l
369=IkgBJXUlI0gB1SMkSAHVIyUoKQAmKCkAJygpACgoKQApKCkAKigpACtIAc1HLEgB1actSA
370=HNRy5IAcEPL0gB3aQwSAHNEDEoKQAyKCkAMygpADQoKQA1SAHFCDZIAdEfN0gB1Q04SAHF
371=rTlIAcVgOkgB1Q07KCkAPCgpAD0oKQA+KCkAPygpAEAoKQBBSAHBD0JIAdUuQ0gB1S5ESA
372=HVLkVIAdEfRkgBzRBHKCkASCgpAEkoKQBKKCkASygpAEwoKQBNKCkATigpAE8oKQBQKCkA
373=USgpAFIoKwAYAEntUhkoKQAaKCkAGygpABwoKQAdKCkAHigpAB8oKQAgKCkAISgpACIoKQ
374=AjKCkAJCgpACUoKQAmKCkAJygpACgoKQApKCkAKkgB1ZErSAHFoixIAd1BLUgB3YMuSAHd
375=QS9IAc0xMCgpADEoKQAyKCkAMygpADQoKQA1KCkANkgBxWA3SAHFlzhIAc0QOUgB1ac6SA
376=HdFTtIAc0QPCgpAD0oKQA+KCkAPygpAEAoKQBBKCkAQigpAEMoKQBEKCkARSgpAEYoKQBH
377=KCkASCgpAEkoKQBKKCkASygpAEwoKQBNKCkATigpAE8oKQBQKCkAUSgrABkASvVPGigpAB
378=soKQAcKCkAHSgpAB4oKQAfKCkAICgpACEoKQAiKCkAIygpACQoKQAlKCkAJigpACcoKQAo
379=KCkAKUgBzTwqSAHVnCtIAc08LEgBwX0tSAHNlC5IAc08LygpADAoKQAxKCkAMigpADMoKQ
380=A0KCkANSgpADYoKQA3SAHVDThIAcGTOUgBxRM6SAHFojtIAcVgPEgBxRM9KCkAPigpAD8o
381=KQBAKCkAQSgpAEIoKQBDKCkARCgpAEUoKQBGKCkARygpAEgoKQBJKCkASigpAEsoKQBMKC
382=kATSgpAE4oKQBPKCkAUCgrABoAS/1MGygpABwoKQAdKCkAHigpAB8oKQAgKCkAISgpACIo
383=KQAjKCkAJCgpACUoKQAmKCkAJygpAChIAcWBKUgBxZcqSAHdNitIAcWXLEgB3TYtSAHdNi
384=4oKQAvKCkAMCgpADEoKQAyKCkAMygpADQoKQA1KCkANigpADcoKQA4SAHFYDlIAdWcOkgB
385=3RU7SAHVnDxIAc0bPUgB3RU+KCkAPygpAEAoKQBBKCkAQigpAEMoKQBEKCkARSgpAEYoKQ
386=BHKCkASCgpAEkoKQBKKCkASygpAEwoKQBNKCkATigpAE8oKwAbAEzlShwoKQAdKCkAHigp
387=AB8oKQAgKCkAISgpACIoKQAjKCkAJCgpACUoKQAmKCkAJ0gBzTEoSAHVkSlIAc0xKkgB1Z
388=ErSAHdgyxIAc0xLSgpAC4oKQAvKCkAMCgoAAExAEwAEQAAAgw0HQHtAQAAQAABMgBMAMkB
389=MygpADQoKQA1KCkANigpADcoKQA4KCkAOUkB770KOkkB8akBO0gBRA1pADxKAVsDZgEAPU
390=kB9qEEPkgBzRA/KCkAQCgpAEEoKQBCKCkAQygpAEQoKQBFKCkARigpAEcoKQBIKCkASSgp
391=AEooKQBLKCkATCgpAE0oKQBOKCsAHABN+ScdKCkAHigpAB8oKQAgKCkAISgpACIoKQAjKC
392=kAJCgpACUoKQAmSQHyrSYnSQH0qQEoSAGLKgAAKUkBWL0rKkgB3SsrSAHdKywoKQAtKCkA
393=LigpAC8oKQAwKCkAMSgpADIoKQAzKCkANCgpADUoKQA2KCkANygpADgoKQA5KCkAOkkB8K
394=EaO0kBWbUYPEgBzRs9SQH6oQQ+SAHdID9IAc0bQCgpAEEoKQBCKCkAQygpAEQoKQBFKCkA
395=RigpAEcoKQBIKCkASSgpAEooKQBLKCkATCgpAE0oKwAdAE71RB4oKQAfKCkAICgpACEoKQ
396=AiKCkAIygpACQoKQAlSAHNJiZJAVqtJidIAc0mKEkB960mKUgBzXMqSAHNJisoKQAsKCkA
397=LSgpAC4oKQAvKCkAMCgpADEoKQAyKCkAMygpADQoKQA1KCkANigpADcoKQA4KCkAOSgpAD
398=ooKQA7SAHVGDxIAcWMPUgBxR4+SAHFjD9IAcVgQEgBxR5BKCkAQigpAEMoKQBEKCkARSgp
399=AEYoKQBHKCkASCgpAEkoKQBKKCkASygpAEwoKwAeAE/9QR8oKQAgKCkAISgpACIoKQAjKC
400=kAJEgBxWAlSAHFgSZIAd0gJ0gBxYEoSAHdIClIAd0gKigpACsoKQAsKCkALSgpAC5IAdUN
401=LygpADBIAdEJMSgpADIoKQAzKCkANCgpADVIAdEJNigpADdIAdEJOCgpADkoKQA6KCkAOy
402=gpADxIAcVgPUgB1YY+SAHdID9IAdWGQEgBwQ9BSAHVDUIoKQBDKCkARCgpAEUoKQBGKCkA
403=RygpAEgoKQBJKCkASigpAEsoKwAfAFDlPyAoKQAhKCkAIigpACNIAc0bJEgB1XslSAHNGy
404=ZIAdV7J0gB3WIoSAHNGykoKQAqKCkAKygpACwoKQAtSAHVDS5IAdUNL0gBAbQFAABNiDDI
405=AQECAAAxyAFdjTJJAdpUA0kSM0kBtkwFSQE0yAFBAzXIAVkGNkgBzXM3SAHNUjhIAd0VOS
406=gpADooKQA7KCkAPCgpAD1IAcUePkgBxYE/SAFcD2kAQEgB1Q1BSAHVDUJIAdUNQygpAEQo
407=KQBFKCkARigpAEcoKQBIKCkASSgpAEooKwAgAFHtPCEoKQAiSAHVTyNIAcV2JEgBcBVNAC
408=VIAcV2JkgB3RUnSAHdFSgoKQApKCkAKigpACsoKQAsKCkALUgBJ2IHUQB0OQEEAAAvVAJo
409=AV01MMkBBmA7oAQBBwAAMlUC3Vw3RRMzSAFgO1kGNMgBWQY1yAFZBjbIAVkGN0gByRc4SA
410=HJFzkoKQA6KCkAOygpADwoKQA9KCkAPkgByRc/SAHVe0BIAVQSaQBBSAHVe0JIAd0rQ0gB
411=wQ9EKCkARSgpAEYoKQBHKCkASCgpAEkoKAACIQBSAPy9ICJIAd1iI0gBYBBNACRIAdVwJU
412=gBzVImSAHNECcoKQAoKCkAKSgpACooKQArKCkALCgpAC0oKQAuSAF9NghpOFKUOQEJAAAw
413=VQIfWDNZETFIAVgAaQAyKCkAMygpADRJASCtBTVIAWA7AQoAADbIAQELAAA3SAHJFzgoKQ
414=A5KCkAOigpADsoKQA8KCkAPSgpAD4oKQA/SAHVI0BIAcV2QUgBcBVNAEJIAcV2Q0gB2UhE
415=SAHZEUUoKQBGKCkARygpAEgoKwAiAFNICokAI0gBxWskSAHdCiVIAd0KJigpACcoKQAoKC
416=kAKSgpACooKQArKCkALCgpAC0oKQAuSAFxNQxxNVORNQ1wNSdlAjFABIgUfG0nVQAzKFUA
417=NCgpADVIAXE1DnI1UwBpAQ9xNVPxjThABMEaOSgpADooKQA7KCkAPCgpAD0oKQA+KCkAPy
418=gpAEBIAdVwQUgB1XBCSAHJF0NIAdVwREgB1XBFSAHZEUYoKQBHKCgAAiMAVAD7pWskSAHN
419=BSUoKQAmKCkAJygpACgoKQApKCkAKigpACsoKQAsKCkALSgpAC5JAdyhDy9JAdapATBIAc
420=EaMSgpADIoKQAzKCkANCgpADVIAdEJNkgB0Qk3SAHBGjgoKQA5KCkAOigpADsoKQA8KCkA
421=PSgpAD4oKQA/KCkAQCgpAEFIAcVrQkgBxWtDSAHBGkRIAcVrRUgBxWBGSAHTFCQAVflIJS
422=gpACYoKQAnKCkAKCgpACkoKQAqKCkAKygpACwoKQAtKCkALkkBs0jIVRMvyAFNMDBIAUQC
423=aQAxKCkAMigpADMoKQA0KCkANUkBtVAJI4IhVQBpAQN8YidBAzhABNkcOSgpADooKQA7KC
424=kAPCgpAD0oKQA+KCkAPygpAEAoKQBBKCkAQkgB1WVDSAHVZURIAWAbTQBFSAHDyiUAVvUu
425=JigpACcoKQAoKCkAKSgpACooKQArKCkALCgpAC0oKQAuSAFoLUG+L8gBTSUwSQEeSAJZET
426=FIAVgAaQAyKCkAMygpADRJAR2tBTVIAXwrif5WiC2I/icVAzhABCeoBSdVADooVQA7KCkA
427=PCgpAD0oKQA+KCkAPygpAEAoKQBBKCkAQigpAENIAcVgREkB9VhJRxomAFf9KycoKQAoKC
428=kAKSgpACooKQArKCkALCgpAC1IAcE7LkgBcCqS8FcAaAGQ8KgBVekxwARV6TJIASeBLFeM
429=JlkGNFQCZClZBjXIAVkGNsgBWQY3SAHZdDhIASdQBSdBAzooVQA7KCkAPCgpAD0oKQA+KC
430=kAPygpAEAoKQBBKCkAQigpAEMoKwAnAFjlKSgoKQApKCkAKigpACsoKQAsKCkALUgBJ/oE
431=WADdYi9UAngnmeJYhCld2zHUAl3bMkgBJxkqWJgnVek0VAJ4J1kGNcgBWQY2SAHd/DdIAS
432=f4BCfpAjlUAsUpOigpADsoKQA8KCkAPSgpAD4oKQA/KCkAQCgpAEEoKQBCKCsAKABZ7SYp
433=KCkAKigpACsoKQAsKCkALSgpAC5IAdVaLygpADBIAdUYMSgpADIoKQAzKCkANCgpADVIAd
434=EJNigpADdIAdEJOCgpADkoKQA6KCkAOygpADwoKQA9KCkAPigpAD8oKQBAKCkAQSgrACkA
435=WvUjKigpACsoKQAsKCkALSgpAC4oKQAvKCkAMCgpADEoKQAyKCkAMygpADQoKQA1KCkANi
436=gpADcoKQA4KCkAOSgpADooKQA7KCkAPCgpAD0oKQA+KCkAPygpAEAoKwAqAFv9ICsoKQAs
437=KCkALSgpAC4oKQAvKCkAMCgpADEoKQAyKCkAMygpADQoKQA1KCkANigpADcoKQA4KCkAOS
438=gpADooKQA7KCkAPCgpAD0oKQA+KCkAPygrACsAXOUeLCgpAC0oKQAuKCkALygpADAoKQAx
439=KCkAMigpADMoKQA0KCkANSgpADYoKQA3KCkAOCgpADkoKQA6KCkAOygpADwoKQA9KCkAPi
440=grACwAXe0bLSgpAC4oKQAvKCkAMCgpADEoKQAyKCkAMygpADQoKQA1KCkANigpADcoKQA4
441=KCkAOSgpADooKQA7KCkAPCgpAD0oKwAtAF71GC4oKQAvKCkAMCgpADEoKQAyKCkAMygpAD
442=QoKQA1KCkANigpADcoKQA4KCkAOSgpADooKQA7KCkAPCgrAC4AX/0VLygpADAoKQAxKCkA
443=MigpADMoKQA0KCkANSgpADYoKQA3KCkAOCgpADkoKQA6KCkAOygrAC8AYOUTMCgpADEoKQ
444=AyKCkAMygpADQoKQA1KCkANigpADcoKQA4KCkAOSgpADooKwAwAGHtEDEoKQAyKCkAMygp
445=ADQoKQA1KCkANigpADcoKQA4KCkAOSgrADEAYvUNMigpADMoKQA0KCkANSgpADYoKQA3KC
446=kAOCgrADIAY/0KMygpADQoKQA1KCkANigpADcoKwAzAGTlCDQoKQA1KCkANigrADQAZewF
447=CDUAZQDtAQAAAAAAEQAA

[Latin]
IQ=0
Edge=North
Color=SovietLoad
Allies=Latin
Country=Latin
Credits=0
NodeCount=0
TechLevel=1
PercentBuilt=0
PlayerControl=no

[Lighting]
Red=1.000000
Blue=1.000000
Green=1.000000
Level=0.000000
Ground=0.000000
IonRed=1.000000
Ambient=0.870000
IonBlue=1.000000
IonGreen=1.000000
IonLevel=0.000000
IonGround=0.000000
IonAmbient=1.000000
DominatorRed=0.850000
DominatorBlue=0.300000
DominatorGreen=0.200000
DominatorLevel=0.000000
DominatorGround=0.000000
DominatorAmbient=1.500000
DominatorAmbientChangeRate=0.009000

[Map]
Size=0,0,50,52
Theater=URBAN
LocalSize=2,4,46,45

[Neutral]
IQ=0
Edge=North
Color=Grey
Allies=Neutral
Country=Neutral
Credits=0
NodeCount=0
TechLevel=1
PercentBuilt=0
PlayerControl=no

[OverlayDataPack]
1=BQAAIP4AIACABQAAIP4AIACABQAAIP4AIACABQAAIP4AIACABQAAIP4AIACABQAAIP4AIA
2=CABQAAIP4AIACABQAAIP4AIACABQAAIP4AIACABQAAIP4AIACABQAAIP4AIACABQAAIP4A
3=IACABQAAIP4AIACABQAAIP4AIACABQAAIP4AIACABQAAIP4AIACABQAAIP4AIACABQAAIP
4=4AIACABQAAIP4AIACABQAAIP4AIACABQAAIP4AIACABQAAIP4AIACABQAAIP4AIACABQAA
5=IP4AIACABQAAIP4AIACABQAAIP4AIACABQAAIP4AIACABQAAIP4AIACABQAAIP4AIACABQ
6=AAIP4AIACABQAAIP4AIACABQAAIP4AIACA

[OverlayPack]
1=BQAAIP4AIP+ABQAAIP4AIP+ABQAAIP4AIP+ABQAAIP4AIP+ABQAAIP4AIP+ABQAAIP4AIP
2=+ABQAAIP4AIP+ABQAAIP4AIP+ABQAAIP4AIP+ABQAAIP4AIP+ABQAAIP4AIP+ABQAAIP4A
3=IP+ABQAAIP4AIP+ABQAAIP4AIP+ABQAAIP4AIP+ABQAAIP4AIP+ABQAAIP4AIP+ABQAAIP
4=4AIP+ABQAAIP4AIP+ABQAAIP4AIP+ABQAAIP4AIP+ABQAAIP4AIP+ABQAAIP4AIP+ABQAA
5=IP4AIP+ABQAAIP4AIP+ABQAAIP4AIP+ABQAAIP4AIP+ABQAAIP4AIP+ABQAAIP4AIP+ABQ
6=AAIP4AIP+ABQAAIP4AIP+ABQAAIP4AIP+A

[Pacific]
IQ=0
Edge=North
Color=AlliedLoad
Allies=Pacific
Country=Pacific
Credits=0
NodeCount=0
TechLevel=1
PercentBuilt=0
PlayerControl=no

[PsiCorps]
IQ=0
Edge=North
Color=Purple
Allies=PsiCorps
Country=PsiCorps
Credits=0
NodeCount=0
TechLevel=1
PercentBuilt=0
PlayerControl=no

[ScorpionCell]
IQ=0
Edge=North
Color=Purple2
Allies=ScorpionCell
Country=ScorpionCell
Credits=0
NodeCount=0
TechLevel=1
PercentBuilt=0
PlayerControl=no

[Special]
IQ=0
Edge=North
Color=Grey
Allies=Special
Country=Special
Credits=0
NodeCount=0
TechLevel=1
PercentBuilt=0
PlayerControl=no

[SpecialFlags]
Inert=no
FogOfWar=no
IonStorms=no
MCVDeploy=no
Meteorites=no
Visceroids=yes
FixedAlliance=no
TiberiumGrows=yes
InitialVeteran=no
HarvesterImmune=no
TiberiumSpreads=yes
TiberiumExplosive=no
DestroyableBridges=yes

[Structures]
0=Neutral,CARAD,256,50,50,64,None,1,0,1,0,0,None,None,None,0,0
1=Neutral,CAOILDOM,256,12,50,64,None,1,0,1,0,0,None,None,None,0,0
2=Neutral,CAOILDOM,256,16,53,64,None,1,0,1,0,0,None,None,None,0,0
3=Neutral,CAOILDOM,256,16,46,64,None,1,0,1,0,0,None,None,None,0,0
4=Neutral,CAOILDOM,256,46,16,64,None,1,0,1,0,0,None,None,None,0,0
5=Neutral,CAOILDOM,256,53,16,64,None,1,0,1,0,0,None,None,None,0,0
6=Neutral,CAOILDOM,256,50,12,64,None,1,0,1,0,0,None,None,None,0,0
7=Neutral,CAOILDOM,256,53,83,64,None,1,0,1,0,0,None,None,None,0,0
8=Neutral,CAOILDOM,256,46,83,64,None,1,0,1,0,0,None,None,None,0,0
9=Neutral,CAOILDOM,256,49,87,64,None,1,0,1,0,0,None,None,None,0,0
10=Neutral,CAOILDOM,256,83,53,64,None,1,0,1,0,0,None,None,None,0,0
11=Neutral,CAOILDOM,256,83,46,64,None,1,0,1,0,0,None,None,None,0,0
12=Neutral,CAOILDOM,256,87,49,64,None,1,0,1,0,0,None,None,None,0,0
13=Neutral,CAOILDOM,256,30,69,64,None,1,0,1,0,0,None,None,None,0,0
14=Neutral,CAOILDOM,256,30,64,64,None,1,0,1,0,0,None,None,None,0,0
15=Neutral,CAOILDOM,256,35,69,64,None,1,0,1,0,0,None,None,None,0,0
16=Neutral,CAOILDOM,256,64,69,64,None,1,0,1,0,0,None,None,None,0,0
17=Neutral,CAOILDOM,256,69,69,64,None,1,0,1,0,0,None,None,None,0,0
18=Neutral,CAOILDOM,256,69,64,64,None,1,0,1,0,0,None,None,None,0,0
19=Neutral,CAOILDOM,256,64,30,64,None,1,0,1,0,0,None,None,None,0,0
20=Neutral,CAOILDOM,256,69,30,64,None,1,0,1,0,0,None,None,None,0,0
21=Neutral,CAOILDOM,256,69,35,64,None,1,0,1,0,0,None,None,None,0,0
22=Neutral,CAOILDOM,256,30,30,64,None,1,0,1,0,0,None,None,None,0,0
23=Neutral,CAOILDOM,256,30,35,64,None,1,0,1,0,0,None,None,None,0,0
24=Neutral,CAOILDOM,256,35,30,64,None,1,0,1,0,0,None,None,None,0,0

[TaskForces]

[USSR]
IQ=0
Edge=North
Color=SovietLoad
Allies=USSR
Country=USSR
Credits=0
NodeCount=0
TechLevel=1
PercentBuilt=0
PlayerControl=no

[UnitedStates]
IQ=0
Edge=North
Color=AlliedLoad
Allies=UnitedStates
Country=UnitedStates
Credits=0
NodeCount=0
TechLevel=1
PercentBuilt=0
PlayerControl=no

[Waypoints]
0=49027
1=38038
2=27049
3=38061
4=50072
5=61061
6=72050
7=61038



[Digest]
1=ahTqYiIIqe1lp639R6l6cMO8nHI=

