; Map created for Mental Omega 3.0 - (c) 2004-2013
; PRIVATE property - do NOT copy!êê
; Note that all comments were truncated

[Header]
Width=47
Height=45
StartX=232
StartY=37
Waypoint1=239,73
Waypoint2=272,70
Waypoint3=0,0
Waypoint4=0,0
Waypoint5=0,0
Waypoint6=0,0
Waypoint7=0,0
Waypoint8=0,0
NumberStartingPoints=2
NumCoopHumanStartSpots=2

[GAYARD]
TechLevel=11

[FAYARD]
TechLevel=11

[NAYARD]
TechLevel=11

[YAYARD]
TechLevel=11

[Preview]
Size=0,0,94,49

[PreviewPack]
1=oxEAIA/Q5GDY5GDY5HDQ4Gj47Hj4/JjIAAv0mPjsmKiwgHCAgFhceCASCAAJaHB4oKiA+P
2=yo+PygjAoHiPj8iODocADAAEsA4OhoSAAqxAFQAkgAhAUDsKC4iHCEIBbcASADqAIFUFh4
3=WGB4+OhQHa0TmEgPSAD1IWhUIQPY5HDQ5GimAvjwQhmQ+EwiBPCgmKyIaHQgE0AEoBMDYG
4=x4+OSQ7SKYvAusDXcA4GjgUg7gaGwBQAGUM1wmYRD4QCiCB/ioThBwgCAZDAKkETMUAAJo
5=bHiQnFAdAcD4/LCNMYgwPQLYQBNeFOhwZDjUEpRFAcCQeIggHNQGAnB8eKi4WByoDwGY+P
6=R4SAxIAAASmJhIoIxI6LRQ4KhQ2LhY6LBQ6KxIuIBAyKhQwIhAsJhQmIxI1CRQTQLomGBk
7=eGg8IBTcCjBYBAJweHiYoLQSUFlNRphIEkgAbjTgaFhGSABtAeQpLAAtNA10YAOokKSIYH
8=AgFtQGRhqImFwyQBCEVgHoeKigVB4EQMCgUOioUEAQSAAGyNRgyNBg0NRoQAFYAUgAD7Co
9=WLiISJCAQIh8UHB8YFBYWDB0AypEAFgTWHYqRAA2LAABYGh4mHR7J5wIeCJIMFgiSADkRG
10=x8SH5EArcA+PSISAC0A1gTSQD4vEcF+Jjo3JCgrIBAEDbEATdeAFh4TmrQ1ERQRSOIRGUJ
11=sKBQeFw4wNBgwMxYtCFYIgbAzGDo2Hjw5IBQDkgAAAXo5IjYyIiAkHCQbEB4cEBoZFBISF
12=BARDF8BA9oeICYqIj4+KD49KCovJCwxIhcODkEEEgYhSO4J+gTvB20ALwgdUXg7ItUrnAg
13=YCi0gZklaEIZ+PydffxFR4A5xAEqZARUD0QFXGhOEJiwZJVQPgZwdFjAqGCojEhfZciMSF
14=gfSAAD0NBo6NhwrCIL8OiQ8OSg6Nyg4NSImKBcKQADcFBUaFBccGhsYJh0QHhoOFhYQEhM
15=TADcIylFDLBICUgAkB1IHgGg+PioXDg5FAlSwrC0R1nI+PxfBZj46Mx8vIwqRBicjwSYaG
16=QA2NQgrAErFAAC9LCQqIhMHz+kD1ARZDh4DUQOTIsADKDYvHDArHBoYEBoWDhwcGC4kEjw
17=6KDo5JDw6Ijg1FgifERMIkRECIiceGBocICQeGBwTCIqCAAABmhQWGhgbGi4hECAbEBgWE
18=BQVFhwdGD4/CdFDIi0PMwWj8eQmIBMVUwWMwgA7K9YWEgAXUGITB8D0MwYwMAAIAYIAEAx
19=SAACsMiQgJA9HBZSRLC4VEt0IcQUaP8EiKioUKCUSEysAdiQSJCEQQaIiHDAuIDw6JiIAA
20=aQ6NSIsLB4iIxgIgGImHiIjgRQVCpkBKwBfCMJcHRw2KBQqHxAqJxQKmwLrGHMf14O7Jg2
21=zAgppAlIn2wipGggBkAEJ5gA7BwDoPjsoHiMNBQGYUlgK1UgQIAASCpIAAOopFCgeDi8iU
22=xDBujUkIiQcHCAcFpDuLBQ5gZwYGxwgIhwoKRQR0wlTEkBkOjYkHn0ZKAi1AADWFxokJhw
23=fE0AAtyA0Mhg2JBQkHBIsJxIoKhQmKhItBsr7A8pzAhHWaCwiFSQVABIEkgA/Bpv5ejocE
24=SwtCon4AM/IADcblQwaQCgXHcwdCEqtBdQDkgAtBUEmHg4kHg4oFIXcDisrEQjUGhIRQXQ
25=xIBYYGhIUGgARGVZJfB8awOQ6OR46OBIJERKAZDo4JhYlAKgsICAlHRsAVhkcIhFI+S0J2
26=RxQLgGwNBY2JxI6KhIK5QfKewPbCJk0VhDVGZcWUx8fERqIfCAtE5lceQjTCVd8vxsxLQD
27=tAAwiAQoVAUiyCp02OQCSQyoUC9bZ3CAgEgAXK1IGA/gwHjItGiYpFCwhECgiFDQpFhIJE
28=gArCKsrFgBSAC8ib5lWGhcHQF48OioUEFfJujccFRLKXwEXCBIA0dukFBceChSTcDAXCZR
29=AqBY2UDcvAswlB9YEyd0D1AOSACBWUCsPbzLA6CMSIBwQCscJQeUSKCIQNC4YNDYjiXkaP
30=QeXCmoAF3giFTSvHe8CKQL5AV8IyJcLQPokGh0YEhMzwhcUIhwOKiQYNioYCzFGYicRASQ
31=6NyYkKSAKXQVBGhYYHDo0IhURaQLTCIFyNRg2Nho4NjcI2wlJxYSbHBAylDXUAJACin0Fn
32=wLLZQfBYh0ONC4eNC8mmTwgKQgDeCoYMCQUNiYSLB8QNjAWNBUnwi0WNCMSMDIWNDAWEgP
33=SAAL0KxQ2MRY8ORw4NRw+PiIAHBlzCK0IbQAK1wMhHq8cfwjfHQHoJhQeGQwiIhgeEDHAW
34=xwmJxUgUw6WD1QhlgWQAFIAFRjAZBwfHBU8FAjJ6QVB0hQUGBoUKiYWJhUFQmcQKh0OLCU
35=SLB4OIhY9AJwSGhwWEAEKhQStCdEI4gAWApIAERKzLhEbgaQlHjo1HDotFgqdS3YhCB0k0
36=GUxF0gYEhISAAC6Nx42NRgMVQJWAFIAAbQ1GDo5HDo7HhLAPDweEgAnB2M3wAC5GjIzGDA
37=sFBYUECwfEi4lEjIkFBANAbYxGDIyGDosFhewpiYInUqkELEpEhXq8CYSEwxDOjggPDkmJ
38=iYcIiMcKCYaEABXIlEAkuryMSIboVscE5nmKB4BFw+AB7ArGCwnGhgWDhYUDBgZFiogEDg
39=0JDYzIDgzHjAtHh4gGCAYDhwZDh4bDjAqGi4qGBIBlwX6AB8LCpkASr0BCrkDqwfpJK0b1
40=fz2NAgtIdUCUgbvAVXG+C8WFBoCODkaNjcaOjsaMjYaABHRPj4gEgkSAAPqLhQsMBYqLRI
41=mIBI2KhQ0NBgtF1bTNDAYEhOSHtIAEANbAFQLCPsKlQMaAAF4IjQwICQnHhSIICMfM7ciQ
42=FkcJCYSKtoPEgzSABAKwZ4ZDjApFDAgEBEBQhYYGBYXGCgoGiAjFRsB2BQXGCAhGjYvGhM
43=9ExhUAWkDlwjRLMjDD7O1lBUXAXWcujYqFRVAIi8BWUU0MREtCE3FACMaqwcWEZYB1/duM
44=hYQCICwNRY0Nx4JQmwwFC4vFCgqEiosFC8KUgebCuMT1AaSABIn0AxQIJIA+gAVB5IAHQ5
45=hB0x5AJAB0gAU25oYDgh3DRMIgPYyHDYyGhUjQXAsHBQWGBASGgABkhQYNC8gOjQgLQDCd
46=C0UNCcUKCISIh8QFgHSAC8I7wvpC8CaHBwkKh02FMC8Oi4iLp8I0wTZBeMNzdMBCl0J2Qp
47=TZ3gIhNAyNRYXEcD6Oxw8OyAtCREAkAEWCJM4io0AbQMrCK8fUArREdcFC3UDLQVKhQAWI
48=UnPxGAfEBHidDEaEBnWB9TIHCEaEBGfUSMSNUEcICQcODQmEr56NRdI3huWLhQVJkKoHhA
49=qIRAmJhAqKBYuHVLcEy4TEaIACciBnBoKK0ToG0T6EgkZJ4qLAM2LABcBVzjUD5sHyNlN8
50=gjnDtAIgawuEjY4GjAyFC8QTAEAawHrCKkSgPo3KCAmHhbE0hQaCo0BKwBAThAUEBcIgJU
51=SGhcOCo8Ea4igJBMYW1niFYhzIhQAoEikEMB2MxwrCKseUQpBMC8YLCwWLhUbwhkMFhcSE
52=BEUEBAULQMKxYAXGhYjnWc6Gcj6OR4WDdAOiSkJEwcSAAwXAOkAgPo5IDI0Gi8BbwjcAUD
53=0GCgrFCoSFcplDe8BSoUAKRH7CIBiOjYkCb0NyjUBlQkSABtIkREF20iWE76ZDhYZEgAWE
54=MrPRGIUEeMIlhnCsxwsLhYqLhYsLxYuLwlRCRMIlRLUGhLAHiEaFBuBVhgWKB0OHBgVbdA
55=VAxIAOQjSDMDaHCAcLjEXER4It041HijvB2sH0xeZCYtHQ3QIjBEWARUIUgAQAFfKeDkcF
56=SNpEGsJSo0BCosAG0N5CalKuQiJC8CiJx4aHgqWQRwSBV8RAdMOEhMMFhgUJBsVQFgTCID
57=SEhgSExgdAADSGBQVGCATSLQbO6nRIBwOFxKBMCIOJhoMJhUZgVsMHhoOHBoOFBHUCMD0M
58=iQeIhwWAdMkVQAVAlfI7iEQEiWA1BQOEBESFAOWL4n7BtcFFA4vE1YHEgbVCFAAbwdUCxI
59=AFACWAFIJERopCZIIVgfWARIA7wFtABQBUgAtAMqNAQqLABYDUyarAe0DwXo3JiIpIBQWH
60=AjWBNVIFCsIr1EVIwiQCIsCABIPwAGeIhouJxgoJRQiIhAgHg4qJBIqHA4yLBgJwgAAqCM
61=QIBgfCMCaGRAWGRVckh0KiccAV4sUGBfI4hoQCp8H6QdtBi8GkjbfOAFiECgcDjArFBfKd
62=igSCGkJ0fj0JxIrLsqvABYIkQmSCRUjWYd1GB4AZiORAIqNAQqLABEI0gArDFYKEkA8ERH
63=AuSYYGxYbCKcicxnrCJcFyosA0wBRAIBSGA4PFQ8CUhITEBwWCiAcFCwhCV/T+C8cIgAAA
64=J44Lx40LRoqKBwaHBYcFgwYFw4UFyKATxAMDhUBinsCSl8Hyq9A9gp3Ci84Lx0vN0qRAOu
65=u8iYTBAiAFZYKKwitCFkI/z+pJVYH0gAKgQBRERYMaQFtCoABJCYSIiYQKCQSJCUSJCMSH
66=BcKHh4WHBB71CcRIQgZF9UISkLADg4SFgiAAJQVEBoUChgXEB4YDhQVFh4fFjYuFQheCIM
67=0LB4eIRgoJxwaHhgSFRYZK0DSFhQWEh4TLgEVDBISDA4QGQIeGr8+6c1sLxQV5OgnEhAQ7
68=wgvJUqFAM2LAC8BSaFIEBcIwO4pFjAxFikHbQepFD8IyL8O7QDvyCAdEAhfDQNmJRAkGw4
69=qIhAsIBIuKxQsEgAhKcG0Mhw4MyIgIxoSPCvIlhgYEBndGBcREwiBUBISEQwQEQoRh2AYE
70=gcIg5TQERZH1hQIAKQjGBwfGABpAIrFACM3AdIVFCQaDBoWDBQRk5ESETU3PuUt0SSRCNI
71=AEgkpB0DyMBg6NB4NjQEMFwARJ4B0MRguEwrBLBQ2Mxg0MBdaFhEaKQgrEl2JNRgtCECkJ
72=BIgGhcIAFIkHRIMDQBKkQARAsC4MiAcHxkyFAjRIkD2MSA0Lx4XLBUIExnAlhQMEhQVT8w
73=SG9xQUBsIsQgrAFUAKgAWCWgAbQAWAFoAGYpWFwiNDECiGQ4iIBITgIwcGAwgEWViHq1eG
74=TMAVAjiCRs3CqEAiAELAAFvFjQzGDY1GhQRFyPBeDgcNjcYNjc1PkCsLhQsKBQGAY4oHBA
75=oIRAsIQ9TASkDgOIoHBgdGhERF1E0FZjzIBAkUgACIB8QGBUKHBsSGBURCROqVhAK7wDKX
76=wEeB84OAALTFhweFjYvIC4rGiYpEhIALxoAqigUKCYJYQsCKicSKh0QHBcOJCAayeAhEC8
77=JiR0JFxKRN1UG0RlrBYwFAC8TVMjwMBYVY24TWrMcEdTI7DAWCGgTAygrFCYoECIdEDAmE
78=i4uFgwBAEwRABsRlZpkHBQaFxmVl2YiCJ0QnTwXMIEtGjQtHhwfFSQ7B9cI0ghVACoAEwB
79=qAAqOABMAVACVwBAWEhI4GQjRJJIAANwsKhYoKRQFCJkT0MBoKhQIVAziQBQrCUFoJhImK
80=BIoKAij2aofEghf17AwGBPSZCYQCHnJsjIYFQAMBQDB2hkAMjEENDQYMhHR9xw4CHUSALY
81=YNDYYEAxQiKgrFgNYKxECyAJtA5MCgvQyBiwmFigjFhYUDhQSCKzKphwOCEKMMi41Kvcqo
82=QdKBwNWAFYHycIAFgBSAAnOAAnIABQIwRMWJiYaMCodgngwCUUeLQhRBcMgIgwgIwwkJQ4
83=iJRAgJA4RAJcF1AmBaigSLCoULiYRF9IPAJYqLBIuF1BxGysMGQEXDtXjcC4WEioTGpcRF
84=heSABQR0wBTAoDsMBQkJxIQE9fHcDEEDAEATBEAFgxQHwCaGA4WFgjfiJ0OEZEUFhwqih0
85=FSrIAzwsAFQDqAApZARacFhkUCMDYODAiODAZ0e4sFh0RVBHnGsBeIgoiIcjeIQwfQKoUG
86=5dSlBYXnAaAbhYkKBcI0RHWN8DSIiESJiUZE1laLRVrnBMbbwatG9IjQjY2HDI0GCwuFDI
87=0BEAAJ8L+hUAFGCwuFCImECYoEjAsFiwpFC4vFjYzGhoZADQxBjYzHDQxGiwuFioSAAADo
88=xImJRIaGAwWFQ4wJBAuIRAqJBIwIxAcGw4oGwwyLBgSAAGuKx4cIBoQERYIAELAEBYQEgA
89=KqQAWAFIAKQCQAGoAAAUTFjAqHDYvHjgvHDgvGiYpFCYoFCQmECAjDh4gDB4hCiAjDCQlD
90=ikAgyIkDiYpEi4oEiopEiwtFBIAAAVoKhQkJA4qKxQmJRAkGw4eGQ4cFw4iHw4eGAwcGAw
91=gIhAgIg4qLhQRCCsHAnQ0GiwvFi4wFi4xFhAAQOwwFiQnEhUAwLIsFCwqGcjsLxQSABLJI
92=iYQEgDAAPAxGCYrEiQlECAdECQeDiIbDgAwABIAF8OoKRQdgCoSKQXCNC0cMi0eHB8YFBY
93=8CNAHFAdVABIAEABSABAAagAJywAQAEnCABIAycsAIABBUhUWJiUaNi4UCNIAARwsKhYiJ
94=Q4JwgAbCUFpFCIlEB4hDC3JKicSEgAXAICkJxAsLRoG1YDgJBrBpigSFwCSABYFkwBCaCg
95=UMCMSIhkOHh8OLwdCcjMYNjUaMDIWLC0SLQAWiu4rNQhXERuIpRAQwqosEhAKAKIkECIjN
96=QhSDAJkIxAqKBQoJhAoJhIXAtADVw4A8CwYNC0aLwjVhjIsH4jSFApfAQvyAN8SlACSACE
97=ICsICSdQAEgDTAEKQFhYZFiYmGjgxIjgwH8juLBYZDKMIlQerEYDgIgogIgwvBFQR0gApw
98=J4iChEKbwFdgCoSEgbVAa0GFsoqHRATkmQgCv8CM1JvKlFWEwiCqiwUKCUSIh0OJCQSIBN
99=IpRYSQFYkKBIjAoBUICMQGQOjFhYDYUjSFwRpFmkIwbQsGjIrHBoeGBYPXgfVBuoAEwcoA
100=FUACAGLgBAWForeIBYLkAiSABNUmC8IFBEoGpsaowiWBBIAFgTSADvBChwgMRuSBVLObCc
101=SFQApCasFmQjBJxImJxQoHTUP60iQIAApm5waERxATCAhEBMcAKYeDiAaOUFtFZ7QKiUAO
102=UOMFQSrFKkAqRZpEdMagXArHB4iGhYYJCJUCCoAEAiSABMAVQAIAIIAAQ4QFBASFi4XIxo
103=abyMdDBLIXiAKHYAhChYEIABfBFgAVwCnI9sAVSQhCZsAVwChEdURWkqhHwFrBZsTFmXpE
104=BtbEBYHFhDUGsDiIQ4gGAwXiCYdFBBRSBQrExAK1As1R6IUJWoAFhVSQAwfEd0CX4FoKh4
105=SVxHSAADwKxgyLRovCMB4Lx40IyOUD7ERzBMBEQCqABAJYABUAVIANwFBExYcHhY0LxFaI
106=BXUci0YK8xsKxYSABYQ4g/fBGMAUCyfB2sZ1ARiACcj5wXbBZpFUiBAVBICWkkgFwaZAi8
107=R1CnSABtQ1xNIkBQybwgzQqYZLyYB1koUEgqKuwDrC60LUgPVCdkBZQkRJ4IwLRgwKxYuK
108=xg2LhspgXIsHBobFhITORHWB8nCACcIMQgkAJbBGhwWEATSAC8TUgkRyPgwICsi0yvWA1U
109=DFBlSCG8GnxBKWwITGe8EXYAqEjkO2wfrBZMB0gARBdAykABQApMAYkAQFMjqJhITGqtQ6
110=hN3KBFkjhkBVCJUKpZHKBAIlgiWCtIAJTPUAKcTawNXBFMEO0NUESwUAtFCIiUKlw7SABf
111=sNi8gFzUQBwqBAQxLgBIWEAoUAVYTJF7QFAjSAAGeHhYcHBYgHhYQwHYxJBoJIz3dB78EV
112=wOiABsQ6Q7SDlcEUQUSABTSvAAACcIAEQCSAAn5AJUPFywtAB1JKRQHUgATB+oACkEBFgN
113=nNpcMqQgtAxID0wrbgGkUEQLSABEDlQ2QFJcAlQDSAC0A1o64Ljk1ET4JxwWRESAQyhYBE
114=QCSACQAn7OnHBIIUgApCO0AAPQsHCgmGBUA1QGAlBYWHh8TE9kA1ou4Lx0DFgNpBpUAFwR
115=pDWkFyf8ESdYBEABRBeoALwXbAFcj1KVhCi8FyfMBSc0AWgbQUaodG/UDIyXYARQdITRK8
116=QB9JlEUHQJ/ne4rHxorNMCeIBYUFz09oQgQBxoAEAiSACEAlhJJ9wZbh5AQOyUfK2kAgFw
117=hGBQhLlYbUL3wKhIA8gARI/EGow6VBgpCAB0SFwXQCInCABYAcQm3BcikCO9F8gjpCpIM0
118=gAZgKkUKYCuKxkGkwxzQ2gbEMnQAFAAUxDWAroANzgrCVQI1ApRBRETbwar9NodGBAH2gh
119=UCDoIdkBRI3xeCssHqyUdhKoSFgTSACnI9i8eFjTUNRJ1Ugv1Ce+BbisfBe8oUQRVGmIEl
120=WEQFAXJwgALfwCWChcGgZAAECQLHiAAIBIALQGSA9IAF4CmCwinCAnfApcbnKbhCgnQAFA
121=AVhPcALg4lgB9QwwtAlQxUgAbAEilDFJHmhPYaigaKxhJ0AEQAFAHFgcUB1AkUwxXA5YEE
122=gAvNq0IbQAVwO4pHBlLFTsT0YsQFhcI0SzpI9AB0gAaLRCtbxwXGteCKioQIUiFCqsN7yP
123=J1wDUGi8F1AFTH9AIicIAHQqAaRQuKx8LCdQAEABRBFcFFQASAZcCEAiJwgAeCKccS6UAS
124=YcJawQpH1YB0QOXAh09uxhTCKoAFBiTNAnLB5EDryVdCoBpEi4rHQSTAciFC1NB1hMi3gi
125=XIwCaHhgcIAi9ChQdGgAhI9cU0gwRHdIvYm0eLQqThyImCIYL0QXtBK8C9RpIzwjtF1AHy
126=cIAEgqRBcnOAAtIAB2ErRgRE0nWARAAeVEKORWIsQlVA9cVrwvpA5YRkgApNRIOUgAvBRQ
127=RKhFJwwatAy0A2ZipFBGAuDAoIh3q9CweCKiKEhYoAfsTCKMJEuNuKhobUlQfEdsdk1JRG
128=jYVJZUb0zcdgm8aKwutDl2DKhIrAFcPkQmpDgq+AM/ZwS4sFhMB0gqVABc2rxBSAlYH6Qv
129=J3wEXHTwJiLIJAKopFi4qCU8I1sT0Lh4SBVYPbRFR2uYnHCU82QgVAy8BbQJjBl8Aii0CE
130=CUSACM+lAsSACkKYQFMrQOQW1MIng1SCduBMBwTDdER7wLRBdIFVAaQAGkAjBkBEcC0LBg
131=KqwEKiwAVAlEQVgHSACkCEAKSABYc0gAKGQKrNlUMIRTrjG4rMxhQxO4sIBfX0BEUFA+WD
132=pIJEgbSABIA0gAUAtKALisfAV0OaxGArxoyLBwXBq0RSKMOSQsOfwpvBFYB6gAKLQOQCjo
133=AFSQXPuER3wsdHWM7lDLSEi8WUBbSAB+DqhIKuwDVMBI0ipEACosAFAOSCd8I0nhpHRmQi
134=J4gMT+bgGEKKQvSBsnxARIBkR0TAeoAFQbAoiMYHBwe4KAhGhAIkgApD60ALwLsAWWAGjY
135=I/wjWIVIG2wiLPwatN5EBUAcJywAVB5EAnwjKfwRvFNDkXiEYISPfCNcU6QOVABM6KxhQC
136=VMXrQJpCA2NA1UDKgAVA+0M3QqfCMilCukAqS/pC+0A0SSSgC4rHQ/WAdMIrykSYqAJow8
137=tCG8BVAySACkAoRuBIDAsHiwqHBUqFgZvBpYTEiTUClIAEwKWi64rHwLpAhUG1RapBpUA1
138=wjWARIAKwKJGQxWwdgbFi810wERAi8F1gESABEI1CDvF+086QjriW4rGwNpAK0AEQIVAy8
139=DlxBSADkjCIsP7QSdgCoSGwEMC4ksHgiVSZYLc0UcLyqTBOkF7QATA0CqKBwaHxwSkypbJ
140=GUqHRFmIUs/Bp8Plw1J+wAVAlkEYxwJ1wA7CV0tExPTApIAGRrJag+cAgqfB9ANEgAbBkm
141=NDSsRkMKuKxYRSaQIzwjWAFIAEQCQCKoAGRlKawoKgYBuKx0KrQMSDBIACt8ECyMPFQtpB
142=q8ZVJcoJws9EZMIkgAgIUDUFRYcHhglLQilCVIEkgAVBJEgCesOlQqUAK8EUwBVCSkWUAB
143=RHpQEUgApA5MvlBQTAq9I9hlwlhQJicsCVgHCeC8cLCoWJikSJigSBEAAA==

[AITriggerTypesEnable]
043F40BC-G=yes
043F521C-G=yes
043F874C-G=yes
044082BC-G=yes
05CB5B6C-G=yes
05CB830C-G=yes
05CBAEDC-G=yes
05CBC04C-G=yes
05CBC19C-G=yes
05CBC2EC-G=yes
05FC088C-G=yes
05FC0C9C-G=yes
05FC13EC-G=yes
05FC1A8C-G=yes
05FC1C5C-G=yes
05FC333C-G=yes
05FC37CC-G=yes
05FC3C9C-G=yes
05FC50EC-G=yes
05FC747C-G=yes
05FC75CC-G=yes
05FFA7DC-G=yes
05FFB18C-G=yes
06002BFC-G=yes
0611A1EC-G=yes
0611A33C-G=yes
0612B11C-G=yes
0612CD8C-G=yes
0612EAEC-G=yes
0612F46C-G=yes
0612F9AC-G=yes
0616004C-G=yes
06C551AC-G=yes
078F4B2C-G=yes
07C04C7C-G=yes
07C04EDC-G=yes
07C0B14C-G=yes
07C30A5C-G=yes
07C310BC-G=yes
07C3266C-G=yes
07C329FC-G=yes
07C330CC-G=yes
07C33DDC-G=yes
07C4853C-G=yes
08A3EEDC-G=yes
08B902EC-G=yes
08B90B1C-G=yes
08B911BC-G=yes
08B9154C-G=yes
08B9213C-G=yes
08B9305C-G=yes
08B9356C-G=yes
08B940EC-G=yes
08B9423C-G=yes
08B9483C-G=yes
08B9586C-G=yes
08B9641C-G=yes
08B9708C-G=yes
08B9767C-G=yes
08B97C6C-G=yes
0A31295C-G=yes
0A44F17C-G=yes
0A44F2CC-G=yes
0A452C6C-G=yes
0A452E5C-G=yes
0AA845AC-G=yes
0AA846FC-G=yes
0ABC484C-G=yes
0AD2BAEC-G=yes
0C0C7AEC-G=yes
0C0D184C-G=yes
0C0D251C-G=yes
0C1245AC-G=yes
0C1246FC-G=yes
0C32599C-G=yes
0C32D84C-G=yes
0C87B45C-G=yes
0C87B99C-G=yes
0C87E5AC-G=yes
0C8B81BC-G=yes
0C8BC5AC-G=yes
0C8C2AEC-G=yes
0C8C2C3C-G=yes
0C8C430C-G=yes
0C8C4C3C-G=yes
0C8C51BC-G=yes
0C8C56FC-G=yes
0C8C645C-G=yes
0C8C6EDC-G=yes
0C8C71BC-G=yes
0C8E2C3C-G=yes
0C8EE1BC-G=yes
0C8EEAEC-G=yes
0C8EEEDC-G=yes
0C91D45C-G=yes
0C92C1BC-G=yes
0C92C45C-G=yes
0C955AEC-G=yes
0C955C3C-G=yes
0C9561BC-G=yes
0C9565AC-G=yes
0C96F45C-G=yes
0C96F5AC-G=yes
0CA1F84C-G=yes
0CA24D8C-G=yes
0CA2A04C-G=yes
0CA2B06C-G=yes
0CA2FEDC-G=yes
0CA5945C-G=yes
0CA6621C-G=yes
0CA6AEDC-G=yes
0CAD0B2C-G=yes
0CAD0C7C-G=yes
0CAD0DCC-G=yes
0CAD130C-G=yes
0CAD145C-G=yes
0CAD25AC-G=yes
0CAD2AEC-G=yes
0CAD2C3C-G=yes
0CAD5AEC-G=yes
0CADD99C-G=yes
0CADDEDC-G=yes
0CB29EDC-G=yes
0CB2CEDC-G=yes
0CDF899C-G=yes
0CDF8D8C-G=yes
0CDF8EDC-G=yes
0CE2395C-G=yes
0CE23AAC-G=yes
0CE26B5C-G=yes
0CE26CAC-G=yes
0CE2E8DC-G=yes
0CE2EA2C-G=yes
0CE44D0C-G=yes
0D022B1C-G=yes
0D052AEC-G=yes
0D0803CC-G=yes
0D08461C-G=yes
0D0848BC-G=yes
0D084A0C-G=yes
0D084B5C-G=yes
0D0873DC-G=yes
0D087D8C-G=yes
0D0B3B9C-G=yes
0D2769BC-G=yes
0D2C41EC-G=yes
0D2C448C-G=yes
0D2C45DC-G=yes
0D53099C-G=yes
0D53430C-G=yes
0D535EDC-G=yes
0D62145C-G=yes
0D6215AC-G=yes
0D6216FC-G=yes
0D62199C-G=yes
0ECCB2BC-G=yes
0ECCB40C-G=yes
0ECCB55C-G=yes
0ECCB7FC-G=yes
0ECCBC3C-G=yes
0ECCF14C-G=yes
0ECCF29C-G=yes
0ECCF68C-G=yes
0ECCFA7C-G=yes
0ECCFCAC-G=yes

[Actions]
05BD9DEC=6,99,7,_Amb_River,0,0,0,0,AA,99,7,_Amb_River,0,0,0,0,AB,99,7,_Amb_River,0,0,0,0,AC,99,7,_Amb_River,0,0,0,0,AD,99,7,_Amb_River,0,0,0,0,AE,99,7,_Amb_River,0,0,0,0,AF

[Africans]
IQ=0
Color=DarkRed
Allies=Africans
Country=Africans
Credits=0
NodeCount=0
TechLevel=1
PercentBuilt=0
PlayerControl=no

[Alliance]
IQ=0
Color=Gold
Allies=Alliance
Country=Alliance
Credits=0
NodeCount=0
TechLevel=1
PercentBuilt=0
PlayerControl=no

[Americans]
IQ=0
Color=Gold
Allies=Americans
Country=Americans
Credits=0
NodeCount=0
TechLevel=0
PercentBuilt=0
PlayerControl=yes

[Arabs]
IQ=0
Color=DarkRed
Allies=Arabs
Country=Arabs
Credits=0
NodeCount=0
TechLevel=1
PercentBuilt=0
PlayerControl=no

[Basic]
Name=(2) River Rampage
Percent=0
GameMode=Standard,No Bases,Tech Share,Infantry Only
InitTime=10000
Official=yes
EndOfGame=no
FreeRadar=no
MaxPlayer=2
MinPlayer=2
SkipScore=no
TrainCrate=no
TruckCrate=no
OneTimeOnly=no
CarryOverCap=0
NewINIFormat=4
SkipMapSelect=no
MultiplayerOnly=1
IceGrowthEnabled=yes
VeinGrowthEnabled=yes
TiberiumGrowthEnabled=yes
IgnoreGlobalAITriggers=no
TiberiumDeathToVisceroid=yes

[British]
IQ=0
Color=Gold
Allies=British
Country=British
Credits=0
NodeCount=0
TechLevel=1
PercentBuilt=0
PlayerControl=no

[CellTags]

[Confederation]
IQ=0
Color=DarkRed
Allies=Confederation
Country=Confederation
Credits=0
NodeCount=0
TechLevel=1
PercentBuilt=0
PlayerControl=no

[Events]
05BD9DEC=1,13,0,0

[French]
IQ=0
Color=Gold
Allies=French
Country=French
Credits=0
NodeCount=0
TechLevel=1
PercentBuilt=0
PlayerControl=no

[GDI]
IQ=0
Color=Gold
Allies=GDI
Country=GDI
Credits=0
NodeCount=0
TechLevel=1
PercentBuilt=0
PlayerControl=no

[Germans]
IQ=0
Color=Gold
Allies=Germans
Country=Germans
Credits=0
NodeCount=0
TechLevel=1
PercentBuilt=0
PlayerControl=no

[Houses]
0=Americans
1=Alliance
2=French
3=Germans
4=British
5=Africans
6=Arabs
7=Confederation
8=Russians
9=YuriCountry
10=GDI
11=Nod
12=Neutral
13=Special

[IsoMapPack5]
1=ug8AIAE0AAEAgAACDAAzAAKEAQEADAA0KCkANSgrADIAA+EEMygpADQoKQA1KCkANigrAD
2=EABPkGMigpADMoKQA0KCkANSgpADYoKQA3KCsAMAAF8QkxKCkAMigpADMoKQA0KCkANSgp
3=ADYoKQA3KCkAOCgrAC8ABukMMCgpADEoKQAyKCkAMygpADQoKQA1KCkANigpADcoKQA4KC
4=kAOSgrAC4AB+EPLygpADAoKQAxKCkAMigpADMoKQA0KCkANSgpADYoKQA3KCkAOCgpADko
5=KQA6KCgAAi0ACAD3d0MMAC5JAfGpAS9IAZcUDAAwKCkAMSgpADIoKQAzKCkANCgpADUoKQ
6=A2KCkANygpADgoKQA5KCkAOigpADsoKwAsAAnxFC1JAe2xFC4oKQAvSQHvtQIwSAHVGDFI
7=AdUYMkkB+aEEM0gB1QI0KCkANSgpADYoKQA3KCkAOCgpADkoKQA6KCkAOygpADwoKAACKw
8=AKAFpYDQEBDAAsSQFZSAFJby3IAVUCLkkBXbUCL8gBVQIwSAHZHDFIAc0bMkgB1QIzSAHV
9=AjRIAcUeNUgBbAlJDDYoKQA3KCkAOCgpADkoKQA6KCkAOygpADwoKQA9KCsAKgALgBoBAg
10=wAK8kBA24bCwBsG1UCLVQCaAFVAi5IAWwbVQIvyAFVAjBJAVt3FAwAMcgBRR4ySQF/tQIz
11=yAFVAjRJAfC9NjVIAXwDjRsLhAFJATcoVQA4KCkAOSgpADooKQA7KCkAPCgpAD0oKQA+KC
12=kAKU0LQ6EPKkkBPakBK8gBRRMsSQE8tQItyAFVAi5IAWQeAQQMAC/JAQVuaAwAZB5dIDFU
13=AmgBXSAySAFkHlUCM8gBVQI0SAEnxQMM+Rw2VAKPAQwANygpADgoKQA5KCkAOigpADsoKQ
14=A8KCkAPSgpAD4oKQA/KCgAAigADQBCrRspSQFEqQEqSAF8IF0VK8gBXRUsSAF8IFUCLcgB
15=VQIuSQE7uQYvyAFVIzBJATq1AjHIAVUCMkkBcXAbdtMNAGgBVQI0VAInHQQNeQMAQRQ2VA
16=KMAXwgJ1UAOChVADkoKQA6KCkAOygpADwoKQA9KCkAPigpAD8oKQBAKCgAAScADgB4HE0Q
17=KMgBURQpSQFFoRoqSQE/qQEryAFBBCxJAT61Ai3IAVUCLkgBdCNNJi/IAU0mMEgBdCNVAj
18=HIAVUCMkgBaCJVAjPIAVUCNEgBxYE1SAHZfzZIASd1BA6EAV0VOChVADkoKQA6KCkAOygp
19=ADwoKQA9SAHJpj5IAZcJDAA/KCkAQCgpAEEoKAABJgAPAMkiJ0gBbCZJFyjIAUkXKUkBRq
20=kiKkgBbCZBBCvIAUEELEgBbCZVAi3IAVUCLkgBcAlBGi/IAUUpMEgBZClVAjHIAVUCMkkB
21=dWAWZkoPAGgBVQI01AJdCjVIAdFLNkgBaAVFCDcoKQA4KCkAOSgpADooKQA7KCkAPEgBye
22=g9SAHZMj5IAcG0PygpAEBIAdE1QUgBwQ9CKCgAASUAEABoIlkRJsgBSRcnSAHZHCjIAVUC
23=KUgByS0qSAFsc1kGK8gBQQQsSAFkSlUCLcgBVQIuSAFkKV0gL8gBXSswSAFoDFUCMcgBVQ
24=IySAF4J0kBM8gBSZs0yAFJmzVIASclBRCcGVUNN1QCjwEMADgoKQA5KCkAOigpADtIAdkn
25=PEgB2Sc9KCkAPigpAD8oKQBAKCkAQUgB0SpCSAHBD0MoKwAkABHtUiVIAXwrWRwmyAFNGy
26=dIAdEfKMgBVQIpSAEn7hMRAHwrWQYrVAJoAUEELEgBfCtVAi3IAVUCLkgB2QYvSAFoWUki
27=MMgBQTAxSAFgMFUCMsgBVQIzSAFgfVUCNMgBVQI1SAHJIjZIAdkcN0gB2Rw4KCkAOSgpAD
28=ooKQA7SQH6vW08SAHRCT0oKQA+KCkAPygpAEAoKQBBSQH0pQhCSAHBD0MoKQBEKCsAIwAS
29=6S0kSAFgJUEaJcgBQRomSAHJIifIAVUCKEgB2e0pKCkAKkgBzQUryAFNBSxIAd0rLUgBfD
30=ZJDC7IAUEEL0gBeAZZMjDIAVkyMUgBdC5VAjLIAVUCM0gBdC5VAjTIAVUCNUgBwSU2SAHB
31=XDdIAdEfOCgpADkoKQA6KCkAOygpADxJAfa5Jz1IAd0KPigpAD8oKQBASAHVDUFIAdUNQi
32=gpAEMoKQBEKCkARSgrACIAE+EwI0gBwSUkSAFsMVkcJcgBWRwmSAHBJSfIAVUCKEgB2QYp
33=SAElISAqSAHNBSvIAU0FLEgB3TYtSAFsMUkMLsgBQQQvSAF8bUU0MMgBRTQxSAF4EVUCMs
34=gBVQIzSQFzaB4ibjoTAGgBVQI1VALNJjZIAdUjN0gBaAVFCDgoKQA5KCkAOigpADsoKQA8
35=SAEnLgYTAN0KPlQCyQE/KCkAQEgB1Q1BSAHVDUJJASdvAQsAQ0kBCSI7PQsAREkBKLUCRU
36=gBwQRGSQErdAICCgAhABQm/SAiyAFNGyNIAdUjJMgBVQIlSAFkKU0bJsgBVQInSAF8V1UC
37=KMgBVQIpSAFokFUCKsgBVQIrSAHZMixIAcktLcgBQQQuSAHNPC9IAWwQXTYwyAFdNjFIAX
38=gGVQIyyAFVAjNIAXgyVQI0yAFVAjVIAdknNigpADdIAcHgOCgpADlIAdGYOkgBcCNJFztI
39=AScNGBT5Mj1UAt0KPigpAD8oKQBASAHBk0FIAdEJQkkBBrkyQ0gBlAJnNBQAJG8BCwBFVA
40=LZMkbrAQkAR+gBAwgAIAAVANUjIUgBdC5FHiLIAUUeI0gBzSYkyAFVAiVIAXw2TQUmyAFV
41=AidIAcUIKMgBVQIpSAF8Nk0FKsgBVQIrSAHdbSxIAcEwLcgBQQQuSAHJ/i9IAWQIWScwyA
42=FBOzFIAXQNVQIyyAFVAjNJAXdwH2ZrFQBoAVUCNVUCW7UCNsgBVQI3SAEiWDJFCDjIAVUC
43=OUgB0WE6SAF0BkEEO0gB2Wk8SAHRNT0oKQA+KCkAP0gB0TVASAHFCEEoKQBCSQEmeAJnax
44=UAIqkBRFQCmWkKXzYVACN3AgoARlUCH2gBfzYVAAR7PQgASFYC//9YAgIIAB8AFuk4IEgB
45=eDJdFSHIAUEaIkgBfCtVAiPIAVUCJEgB0SolyAFVAiZIASXJKidIAXigWQYoyAFBBClIAd
46=EJKsgBVQIrSAHNMSzIAVUCLUkBP7nBLsgBVQIvSAFgD11BMMgBWT0xSAFkCFUCMsgBVQIz
47=SAFoOFUCNMgBVQI1SAF0OVUCNsgBVQI3SAF0OVUCOMgBVQI5SAEnNQcWQCZLAAwAO1QCJz
48=cHFgDysRQ9VALJAT5IAck4P0gBiy0MAEBJAYBMBQEBCwBByAEBAgsAQkkBIFkKAHU5Frw2
49=dXAWsDV0OcAPdzkWAAVoOHY5FgCQQHU5FrNACABJUAmUDQMIAB4AFwDZJx/IAVknIEgBbD
50=xZHCHIAVkcIkgBeDJVAiPIAVUCJEgByS0lyAFVAiZIAcVrJ0gBbDxZBijIAUEEKUgB0Qkq
51=yAFVAitIAcU0LMgBVQItSAFwFEUILsgBVQIvSAFwFE1HMMgBSRcxSAF0DVUCMsgBVQIzSA
52=HNBTTIAVUCNUgBaBdNBTbIAVUCN0gBIgwjVQI4yAFVAjlIASeNBxdkMSIBPTtVAvxQNU0F
53=PEgBkyoMAD0oKQA+SQFSdAUirjcXAGA7SRdAVAJpAQRsPLYCBQpNPBdMpVEFCkzhJykARE
54=wF2XRFSAFaAwAAbTwXoDttPBehOwlFdhe8QWw80xQIAEr4BgIIAB0AGP14HkgB0SofyAFF
55=EyBIAdknIcgBUR8iSAF4MlkcI8gBVQIkSAHRKiXIAVUCJkgB1b0nSAHd5ihIAc0FKcgBTQ
56=UqSAFsEF0KK8gBVQIsSAHNEC3IAVUCLkgBxUovSAFwCV1BMMgBSRcxSAF4BlUCMsgBVQIz
57=SAHNBTTIAVUCNUgBZD9NBTbIAVUCN0gBZD9VAjjIAVUCOUgBybE6SAHZ7TtIAdk9PCgpAD
58=1JATprNAwAPsgBAQEIAD9IAXo9BghVexiSQAcIVHuqAQgJRT8YpT8JRj8YACPrIwkARFgG
59=bAlZPUVIAZm2CU+1GAAH9XsYpIFmPxgA2bZJTAWYBmU/GIQBAQAIAEsoVwAcABkm8SQdyA
60=FdKx5IAWByTTEfyAFVAiBIAdEqIcgBSSIiSAF8QUElI8gBVQIkSAHJLSXIAVUCJkgB3Qon
61=yAFdCihIAc0FKcgBTQUqSAF8QV0KK8gBVQIsSAHNEC3IAVUCLkgBZAhdFS/IAV0KMEgB1U
62=QxSAFwCUEEMsgBQQQzSAHZETTIAVUCNUgB0Qk2yAFVAjdIASJ8JkUIOMgBVQI5SAEnPggZ
63=ANGCO1QCJz4IGQDNfj1UAn5BAghfQRkArmiFfUEZ+TJAQARpQwp9QRmKQwsIXUEZsUAIXU
64=EZJKAlf0EZAAilP0VYBpCCfEHQCWaBGQCURHW9GahDZIHABHxBJykAS0QIkxAIAEwoKwAb
65=ABr9gxxIAc08HcgBVS4eSAF4J0U0H8gBVQIgSAHNfiFIAcEwIkgB3fwjSAF8bUUpJMgBRS
66=klSAHdgyZIAd0KJ8gBXQooSAFkP1kGKcgBWQYqSAFsBVUCK8gBVQIsSAHJDC3IAVUCLkgB
67=YDtdFS/IAV0KMEgBxRMxSAF0REEEMsgBQQQzSAFoDFUCNMgBVQI1SAHRCTbIAVUCN0gBdE
68=RNBTjIAVUCOUgBJ5YIGgDd/DtUAieVCBpAg0gwfMWoAUmFPkEEsfVEGiSYZnaGGgCcjnVE
69=GvlIQkwFIwwudUQas4IIAERUAoOICABFSAFCDAAAdUQa6UNHVAKMR3VEGpwDXYNJVAKMAX
70=REJ1UASyhVAEwoKQBNKCgAARoAGwDFNBvIAVUuHEkBOnUYDEbOGwBoAVUCHlQCeCddNh/I
71=AVUCIEgB0UAhSAHRCSLIAUEEI0gBZAhdKyTIAV0rJUgByU4mSAHJTidIAcE7KEgBcAlZBi
72=nIAVkGKkgBwTsryAFVAixIAckMLcgBVQIuSQFtbCIi9mEbAGgBWREwVQJstQIxSQFnqQEy
73=yAFBBDNIAc0QNEgBbGhFHjXIAUEENkkBdrkGN8gBVQI4yAFdFTlIAdmKOkgBwUY7KCkAPE
74=kBP0QITQU9yQEDZYwbTAJIAGaMGwAjlEptRxuslG9HGwCveDJnjBsApKkBQ0UIqqkBREgB
75=xUpFSAEjNT4IRc4b7YlHVAJBDABBRkgoKQBJKCkASigpAEsoKQBMKCkATSgpAE4oKwAZAB
76=z9jhpIAd02G8gBTTEcSAHFNB3IAVUCHkkBO0gXXSAfyAFVAiBIASXZNyFIAdEJIsgBQQQj
77=SAFsflkyJMgBQTAlSAFsBVUCJsgBVQInSAHQSwUoABwAPwEAABEAAKgQACAAAQAMACkAHA
78=A/AQAAAQwAKgAcADxIAVYCKwCoAVUCLEoBbwBDAAwALcgBVQIuSQFtUAIBAgwAL8gBAQMM
79=ADBJAWxUAkEEMUkBZ0gBQQQyyAFBBDNJAUWpDDRIAXQNQQQ1yAFBBDZJAXZYBkkBN8gBAQ
80=QMADjIAQEFDAA5SQHwpQg6SgH//1MFDAA7SQE5RAFJFzzIAQEBCAA9SAFwAgEACAA+SQH5
81=ewYIAD9IAdUCQEkB9rUCQUkB8akBQkkBsakBQ0gBzQVEKCkARSgpAEYoKQBHKCkASCgpAE
82=koKQBKKCkASygpAEwoKQBNKCkATigpAE8oKAACGAAdAERnEwwAGUkBPakBGsgBVS4bSAFw
83=Kl0gHMgBVQIdSQE+rQUeyAFVAh9IAcUIIMgBVQIhSAHFCCLIAVUCI0gBdERRNSTIAUU0JU
84=gBfApVAibIAVUCJ0gB0RQoSAHZBinIAUEEKkgBaAxZBivIAVUCLEgBfExVAi3IAVUCLkgB
85=fExRQC/IAVFAMEkB7aEaMUkBe2s0DAAyyAFdFTNIAXRPXSA0yAFVAjVIAdVPNkkBcbkGN8
86=gBQQQ4SAHdCjlJAfSpDDpJAVKtBTtIAXxMAQIIADxIAXACUUs9KCkAPkgBxUo/SQHvZwgI
87=AEBIAZ8KCABBKCkAQkgBwQRDKCkARCgpAEVIAc1SRkgB1Q1HKCkASCgpAEkoKQBKKCkASy
88=gpAEwoKQBNKCkATkgBj2gIAE8oKQBQKCsAFwAe6U4YKCkAGUgBbEdRNRrIAVE1G0gBwTsc
89=yAFVAh1IAdVEHsgBVQIfSAHFCCDIAVUCIUgBxQgiyAFVAiNJATpnKQwAJMgBUTUlSQE7tQ
90=ImyAFVAidJAUO1AihIAWAPUUApyAFBBCpIAdkGK8gBVQIsSQFyYSwMVpweAGgBVQIuVAKc
91=NnecHgDyvQowKFUAMUgBdE9dIDLIAV0VM0gBdE9VAjTIAVUCNUgB3WI2SAF0T0EEN8gBQQ
92=Q4SAHJmzlIAclOOkkBPmUTCFecHgCsbBB3Tx4AqqkBPUEE96kBPkgBnBV2nB4AyQFAKFUA
93=QSgpAEIoKQBDKCkARCgpAEUoKQBGSQH1qQxHSAF0EVleSCgpAEkoKQBKKCkASygpAEwoKQ
94=BNSAHJTk4oKQBPKCkAUCgpAFEoKwAWAB/hURdIAXREQTsYyAFRNRlIAcE7GsgBVQIbSAHN
95=RxzIAVUCHUgBcI1FCB7IAVUCH0kBanMbDAAgyAFVAiFJAW61AiLIAVUCI0gBfApJOCTIAU
96=k4JUgBbBBVAibIAVUCJ0kBQnsnDAAoSAFsUkEEKcgBQQQqSAHZBivIAVUCLEgBYFFNBS3I
97=AVUCLkgB1UQvSAGEKWfvHwD6qQwxVALFVTJIAZNADAAzSQFmtRg0yAFVGDXIAUkMNkkBc6
98=EEN8gBQQQ4SAHVDTlJAT+hBDrIAU3sO0kBrWAPb1IfAPupAT1UAoAPZe8f4VE/KFUAQCgp
99=AEEoKQBCKCkAQygpAEQoKQBFSAGbEQgARkgBdBFBUUcoKQBIKCkASSgpAEooKQBLKCkATE
100=gBmycIAE0oKQBOKCkATygpAFAoKQBRSQEnZw8HAFJJAStrAQYAFUhG1XsWKCkAF0gBZFVd
101=KxjIAUk4GUgB2T0ayAFVAhtIAcVKHMgBVQIdSAFkVUUIHsgBVQIfSAFkVVUCIMgBVQIhSA
102=FkVVUCIsgBVQIjSQFpcBR2pyAAaAFBOyVUAmyURWAmyAFVAidIAXwVVQIoyAFVAilIAd1X
103=KkgBcBRBBCvIAUEELEgBzUctyAFVAi5IAZM1DAAvSAFoEFkGMEgBly4MADEoKQAySAGc5m
104=ZVIABkVUkXNFQCaAFV/zXIAVX/NkgBdA1ZHDfIAU0FOEgBwfY5SAFkVUEEOskBA3anIAAl
105=WSc8VAKYESKOKCAAgA9lVSAopAonKQBATAXJWUEoKQBCKCkAQygpAEQoKQBFSAGQH2VVIJ
106=ANhFUnKQBIQASbAggASSgpAEooKQBLSAGDJQgATCgpAE0oKQBOKCkATygpAFBIAdlTUUgB
107=2VNS6wEFAFPoAQIEABQAIe2qFUgBxT8WyAFJOBdIAdk9GMgBVQIZSQFwbxcMABrIAVUCG0
108=kBa7UCHMgBVQIdSQF+tQIeyAFVAh9IAZAqZa0htS4MTgIhAHxXWT0iUAFoAVk9I0gBcFZV
109=OSTIAVk9JUgBfFdVAibIAVUCJ0gBdBhVAijIAVUCKUgBJU0gKkgBYBpBBCvIAUEELEgBxU
110=otyAFVAi5IAcVKL0gBjDFnrSEA/XScflchANUCMkAE3a8zSAHZBjRJAZ6tBTXIAVEfNkkB
111=obUCN8gBVQI4SQE7oSU5yAFZqzpIAXACTUc7KCkAPEgBJ6QV2Cd8VycpAD9ABJwrIuwpJ1
112=UAQShVAEIoKQBDKCkARCgpAEUoKQBGSAElnSpHSAElISBISAGQH3xX3yAIAEooVQBLKCkA
113=TCgpAE1JAYBQHwEBBwBOyAEBAgcAT0oBCAJDHQcAUEgB0VZRSQEjUAIBAAYAUkkBH2gBf1
114=chAARvBQQAVFQCcAIEAAQAEwAiAN2vFCgpABVIAd1BFsgBQTsXSAHRQBjIAVUCGUgBdFpJ
115=QxrIAVUCG0gBdFpVAhzIAVUCHUgBdFpVAh7IAVUCH0gBlC51WiIoVAsnKQAiQATJ8yMoKQ
116=AkSAHBRiVIAcFGJsgBSUMnSQGgTCZVpyjIAVUCKUkBn7UCKkgBwQQryAFBBCxIAd1MLcgB
117=VQIuSAGcNnWyIv1XMFQCJcEpMUkBOHQqIkc1IgA2qQEzVAJoAUUINEgBcBRRHzXIAVEfNk
118=gBdA1VAjfIAVUCOEgBdFoBAggAOUgBbAlJWTpIASU1PjtIAdUCPCgpAD1IASdUFtgnIkwr
119=JykAQEAEiC0iRTUiJGcuCABCVAKfKwgAQ0gBwQRESAHVAkUoKQBGSAGXLggAR0gBiyIIAE
120=goKQBJSAGIIndaIgA1dxQIAEtUAmgBTXNMSAFoWU3LTcoBBAdWWiIAdgIFBlRaePBdBgZW
121=WiIAl1oFAFFNBShSAgAFVFoiRClMAXdaIgAmRQEAdFp8RE8BBABVTAVBAQBUAgESACMAwV
122=wTKCkAFEgBJUk7FUgBwQQWSAHBnhdIASL8IE1HGMgBSTgZSQF9YAtmuCMAaAFVAhtUAo8m
123=DAAcSAGPJgwAHSgpAB5IAcEEHygpACBIAc0FIUgBkSoMQRcjXBtNDAxNAiP5SCRQAdlIJU
124=gB2UgmyAFBRidJAaBUWllIKMgBVQIpSAFsXVEUKkgBwQQryAFBBCxIAdVPLcgBVQIuSAF0
125=DVEfL8gBRQgwSAElRTUxSAFsXVU5MkgBbAVFVTPIAUE7NEgBchQECEJAIwBqAQUIUhkjAH
126=QNVQI3QARoAVUCOEgB1Vo5SAHFSjpJAfxAGlleO0gBQSIASQE8KCkAPUgBJ60LI7SGbF0n
127=KQBAQAQlKSFBSAHFCEIoKQBDSAHJDERIAcEPRSgpAEZIAclZR0gBeBxNEEjIAVEfSUgBiS
128=IERbgjSB0BAAACBExdqAEBAwQATEEEgFQYAQYEAE3KAQcETV0jjl0IBUxdIpwpTRMFTV0j
129=SASJAVFBASRFAQBsXSdVAFNUAiOIImxd1AJsXYy9bV1WQAR0BgMABAARACT5XhJIAXi2VT
130=kTyAFVORRJAUZEE1UCFUgBdL1JARbIAUEEF0gBZGBFShjIAUlDGUkBfUwMVQIayAFVAhtI
131=AYgtZGCBFwBRCR1UAkgFaQEeSAHd/B9IAc1dIEgBlC4iDyMkADpwBWRgqAFdKyNABHQuUU
132=skyAFRSyVIAWRKWUgmyAFZSCdJAaBAGlUCKMgBVQIpSAFkYEUIKkgBwQQryAFBBCxIAWBR
133=WQYtyAFVAi5IAcEPL8gBQQ8wSAFsFFFAMSgpADJIAZcYCAAzSAHJWTRIAXEUBmVgJIVgB2
134=VgJIRgVQI3QARgD1UCOEgByVk5SAEl7Uo6SAHdCjtIASWtQjxIASVVIT1IAZiKIg0jJCgG
135=DCQAmIoiDCMnKQBBTQXzVCNJF0JIASUxIkNIAckMRCgpAEVIAXDPTQVGygEBBFW9JEB4gV
136=xIVAJ0I0FcSUgBiCJkYMU/BEZgJACcFWZgJACAGmVgJJleCmRgqgELBEdgJAAHJF0iUFAJ
137=ibwEVL3QCWZgJADZXlNABJRdZGDABGRgJykAVkAE2RFXKCsAEAAl8WERKCkAEkgBfGJJWR
138=PIAUlZFEgBJ2YYJQB8YkEEFlQCaAFBBBdIASLQK0FcGMgBVWUZSAGMMWXDJa8xDAAbVALN
139=XRxIAYQTZcMlhAFFCB5UAoMwDAAfKCkAIEgBnI59YiWcYl1XIlQCnQYIWHzFCAhQHCcpAC
140=VABMlOJsgBUUsnSAF4XklOKMgBVQIpSAF8YlVaKkgBwQQryAFBBCxJAaFARlkGLcgBVQIu
141=SAGDOwgAL0gBwVEwSAGPPAgAMUgBgxoIADJIAc0FM0gBlyMIADRKASUDXBh8YkQWSAFBfT
142=bUAlkcN8gBRRM4SAHZBjkoKQA6SAHBDztIAcEEPCgpAD0oKQA+SAGAk2TDJ6EEQFQCRBBh
143=ykEoKQBCSAHJF0MoKQBESAGPMQgARUgBfGJJvEZIAYQIfWIl7V1IVAKHEwQASSgpAEooKQ
144=BLSAGcFXxi1ER+YiUA2QZOQASEKXxi3RUERMNonlwNf2IlAAm1ZVJMBdFhU0gBI4RTfWIl
145=JIRTfGInBQFWQARcB3HEVygpAFgoKAABDwAmACJsRU1SEMgBVVoRSQE/UEBVAhLIAVUCE0
146=gBIjBOVQIUyAFVAhVIASJkWlUCFsgBVQIXSAF0ZU1oGMgBTWgZSAGcIHZlJgCENHRlIyQn
147=fcUcQAQjpDZ2ZSYAm5UMAB5UAoQ0dGVcFWQaIswwqAFZSCFABHACRJclWChtPCNUAsFRJE
148=gBiS0ISx8mAGRxBQhMAqgBRQgnUAFwgkUIKMgBVQIpSAEjYygIACpIAYMlCAAryAFBBCxJ
149=AXexCS3IAVUCLkkBXLUCL0kBf6kBMMgBQQQxSAHZETJIAYgidcgmoIh0ZUR5SGRV0zVABG
150=BnVdM2yAFNczfIAU1zOEkBXqkMOcgBSQw6SQFatQI7yAFVAjxJAYC1Aj3IAVUCPkgBjDF0
151=ZcwxdMgnKQBBQASAMCLNMCYkEDQizjAmACJ0Z00mREAEagEBBFRl2wYEAEZUAoAwdGXPGw
152=QASFQChB50ZSdVAEooVQBLKCkATCgpAE0oKQBOSAGcFXRlJ7UBUFQCaRsAdGUnVQBSVQKw
153=a1kEAFNJAampAVRIAc0FVSgpAFYoKQBXKCkAWCgpAFkoKQAOTdNEcwkMAA9IAWhDTV0QyA
154=FNXRFIAWxoVQISyAFVAhNIAWxoVQIUyAFVAhVIAWxoVQIWyAFVAhdJAXV3FAwAGMgBRWsZ
155=yAFNBRpIAYQpbWgn9WUcVAJ0BkFyHUgBnDZtaCcmfTEfVAKfmQgAIEgBjwUIACEoKQAiKC
156=kAI0gBJYgidfFlcAVuaCcAaAFNRyZABGgBRbgnSAFsaEkBKMgBUbkpSAEjNFRtaCeQjUEE
157=K1QCbCZBBCxIAWxoVQItyAFVAi5IAWxoSQwvSAFsaEEEMMgBQQQxSAGQH2XOJ+FnM1QCeB
158=FNUjTIAUUINcgBRQg2SAF0DUEEN8gBQQQ4SAFsaEEEOcgBSQw6SAEJWgAAAAIIADsAJwBa
159=EQAAahEAIAgAAAADCAA8ACcAgEgBAgIIAD0AqAEBAwgAPkoB7QFbAggAP0kB8akBQEgBTA
160=ICAAAIAEFKAf//UwEIAEJJAVJEAVUCQ0kBOUgBAQIEAERIAUQBAgAABABFSQH3ZwgEAEZI
161=AZ8KBABHKCkASCgpAEkoKQBKKCkASygpAEwoKQBNKCkATigpAE9JAe+1DVAoKQBRSAGXGA
162=QAUkgBxRNTKCkAVCgpAFUoKQBWKCkAVygpAFgoKQBZKCkAWigoAAINACgARG8QDAAOKCkA
163=D0kBPrUCEMgBAQEMABFJAUO1AhJJATqpARPIAUEEFEkBP7UCFcgBVQIWSQFFtQIXSQF1RB
164=oBAwwAGMgBAQQMABnIAQEFDAAaSQHwrQUbSAFIBQIAAAwAHCgpAB1IAZc5DAAeSQFBZwQM
165=AB/IAQEBCAAgSAFwAk08ISgpACIoKQAjSQH2awwIACRJAWVQBVlIJcgBAQQIACbKAQUIWi
166=QoAIUeCE8CKAA9uQYpUAFoAVUNKkkBPLUCK0kBbVAJQQ8syAFBBC1JAWe1Ai7IAVUCL0kB
167=c7UCMMgBVQIxSAGLTggAMigpADNIAdEUNMgBURQ1yAFRFDZJAXdQCV1iN8gBQRo4SQFeVA
168=JNBTnIAU0FOkgB3RU7yAFBDzxIAXgySRc9yAFVAj7IAV0KP0gBmzIIAEBIAVgKpmsoAIwx
169=ZWsoWG9fAggAQ0EEP0UBAWVrKEABSABmaygAlC5maygAmBxkaycpAEhYBtUCSSgpAEooKQ
170=BLSQHyay0EAEwoKQBNSAHZBk4oKQBPKCkAUCgpAFFIAZQYZGsnZQJTVAJIFHl/VCgpAFUo
171=KQBWKCkAVygpAFgoKQBZKCkAWigpAFsoKAACDAApADtrFwwADcgBXWIOSQFCtQIPSAF8bQ
172=ECDAAQyAFJZBFIAcEEEkgBfG1BBBPIAUEEFEgBfG1VAhXIAVUCFkgBbAVBZxfIAVUNGEkB
173=cXwcfm0pAGgBVQIaVAKLIgwAG0gBfANZBhwoKQAdSAGMPH1tKVKpAABVDR9UAmhvXUwgSA
174=GbBggAISgpACIoKQAjSAGEP39tKQBhcwUIACVUAmgBXUwmSQFvtQInyAFVAihJAWq1AinI
175=AVUCKkkBbLUCK0gBfG1ZUyzIAVkRLUgBfG1VAi7IAVUCL0gBfG1VAjDIAVUCMUgBjEd9bS
176=mvUggAM1UCZKkMNMgBQQ81SAGPMQgANkgB0YI3SQFEazgIADhJAUWpATlIAdUCOkgBfG1B
177=DzvIAUEPPEgBfG1JAT3IAVl0PsgBWXQ/SAHFE0BJAfW9CkFIAYwxfW0pnG1dCkNVAj9dFQ
178=N9bSlAAUgAfW0pKLwNzBt8bScpAEhYBosMBABJKCkASkkB9HcNBABLSAFICX1iTCgpAE1J
179=AfqhBE5IAcFyT0gB0QlQSAHVAlFIAdEJUkgBixcEAFMoKQBUKCkAVSgpAFYoKQBXKCkAWC
180=gpAFkoKQBaKCkAW0gB3RVcKCsACwAq/dsMSAF0cF1XDcgBVWUOSAGXOQwAD0gBcDVFYBDI
181=AUlkEUgBdL1VAhLIAVUCE0gBzQUUyAFVAhVIAdEJFkgBdHBVDRfIAVUNGEgBaG9VAhnIAV
182=UCGkgBmCd2cCoAI0wgdt4qACMjIAwAHUAEmCd1cCpIrEAddN6oAVlTIEAETAJ1siFIAY8F
183=CAAiSQH7czUIACNIAYgMdXAqlHBNRyVUAnRwQVEmSAF0cFUCJ8gBVQIoSAF0cFUCKcgBVQ
184=IqSAF0cEEPK0gBdHBdVyzIAV1XLUoBJQNDEggALsgBTQUvyAFRCTDIAVEJMUgBxRMyKCkA
185=M0kBfEAISdI0yAFFCDVIAWAPVQI2SAFgfUkBN8gBQQQ4SAF0LlUCOcgBVQI6SAGbMggAO0
186=gBcEBBBDzIAUEEPUkBcrUNPsgBVQI/SAGQo3XeKundQVUCOq0FQsgBSd1DSAFxAgB2cCoA
187=JREpRVQCjBt13iqkjHRwJykASCiBAElIAZcNBABKSQEndQkDVHABKgAIAk0BA1TeIrQhiQ
188=FNQARAAW1zTigpAE9JAfx7PQQAUEgBk0AEAFEoKQBSSAEj/Ct3cCoANWsIBABUVAJoAVUY
189=VUkBNrUCVsgBVQJXSQE3tQJYyAFVAllJATO1AlpIAdUNWygpAFwoKQBdKCgAAQoAKwDBZw
190=vIAUFnDEgBnDZm5CsAaAFVAg5UAoCpbHO4BkFnEFQCZAhBZxFIAWxzVQISyAFVAhNIAWAE
191=VQIUyAFVAhVIAYe4DAAWSAF4Bkl6F8gBVQ0YSAEiHCVVAhnIAVUCGkkBXXgcbnMrAGgBVQ
192=IcVAKAO21zK+V2HlQCxXYfSQFDWAYBBAwAIMgBXWIhSQH5ZDRtcyvlSiNUAieGHCsAwWcl
193=VAJoAUFRJsgBQWcnyAFBZyhIAY0QCFqdKwCRrghBLSu9TAhYAydVACxQAc0FLUgBfApFdi
194=7IAUUTL8gBAQYIADDIAQEHCAAxSAHZBjJIAckMM0kBfEwbWRE0yAFZETVIAWxzXRU2SAFs
195=c0EEN8gBQQQ4SAFgO1UCOcgBVQI6SAGYMm5zKwBsc0EEPFQCaAFBBD1IAWxzVQI+yAFVAj
196=9IAYzLb3MrAFJYEUl6QVQCbHMBAgQAQkgBcAJBckMoKQBESAGILWTkwCVscycpAEdABJsc
197=BABIKCkASUgBlA1vcysAJmELA01zK0isTAFvcysAJEQBAQADAE1NBQildk5JAYF7PQMAT8
198=oBAQNMc8Q/bnMrACIUOlEUUkAEaAFZBVNIAWByUQhUyAFNqVVIAWxzVQJWyAFVAldIAWxz
199=VQJYyAFVAllJATNYEVUCWsgBAQMEAFtIAWwFVQ1cyAFdeF1IAXwKVQJeyAFXAgkALP3mCk
200=gB2WkLyAFZaQxIAZQ5ZXYshHZVAg5VAkVIGE1oD0gB0WwQyAFBZxFIAXgGQQQSyAFVAhNI
201=AXg9VQIUyAFVAhVIAZi2ZnYsAHAJSXoXVAJoAVUNGEgBZHZVAhnIAVUCGkgBeHRVAhvIAV
202=UCHMgBSQwdyAFJDB5IAYA7deksUEZQJmR2qAFJWSFABCO8I2V2LKB9deks8WwkQQQlSC5Z
203=aSXIAVlpJsgBWWknyAFZaShIAYi8ZXYs+X8qVAKYtmR2J1UALChVAC1JAZ5wKnbpLABoAU
204=UTL1UCobUCMMgBVQIxSAHRCTJIAZSyIk4rLADVGDRUAoFcCF6/LACQHyJMK7wKTWg3QATJ
205=DDhJAaCpDDnIAUkMOkkBn7UCOygpADxIAWwFQQQ9SAHFEz7IAVUCP0kBO1grSQxAyAEBAQ
206=QAQUkBrnAJZXYseANx2kNUAowBdOnIF2V2LLScZHbIF3TpzCZkdicpAElFCIBcCl1tSskB
207=Amd2LAAjYAtndiwAJ2kBAkV2LFC0TwECAE5MBWZ2AwJGdiwAaQEEZHapAQVldiyEdkVrUk
208=wFUAZpAFMoKQBUSQGwQA9ZAlVJAaipAVYoKQBXSQGqtQJYSAFcBGkAWSgpAFpIAXJ3BQBG
209=diwAZHZVDVxUAmgBSU1dSAFkdlUCXsgBVQJfSQE4SAlICwIIAC0AYmsBDAAJSAHFawrIAV
210=leC0gBbGhRYQzIAVUCDUgBIhQ6VQIOyAFVAg9IAWwFWWkQyAFZaRFIAXx4VQISyAFVAhNI
211=AXQNVQIUyAFVAhVJAURYEl0KFkgBeAZJARfIAUkMGEgBeAZVAhnIAVUCGkgBfHhJ6BvJAQ
212=UiVSwtkPBJDB3UAkkMHkkBHlwhRQgfyAFFCCDIAUnHIcgBScciSQEkQCZBUSPIAVlTJEkB
213=X0wmVQIlyAFVAiZIASKkNlUCJ8gBVQIoyAFdCilIAYj+Ze8t6XorVQL9ZR4IUTIt9dMtVA
214=Jka1kGLsgBWREvSQGhTAVVAjDIAVUCMUgBbMBBDzLIAUEPM0gBZD9VAjTIAVUCNUgBZD9V
215=AjZIAckMN8gBUQk4SAFsc0kMOcgBVQI6SAF8eEUIOygpADxIAWwFQQQ9SAHFEz7IAVUCP0
216=gBfHhN7EBIAYxdf3gtAKlVGAB9eC18KLx4JykAREwFmAJ8eMAlfHgnKQBHQASY+H54LQBw
217=d03WSVQCaAEBBAMASsoBBQJF7y3ldkxVAithCwFceNUCAV14LZJ3BgFceKoBBwBE76gBAQ
218=gAAFFYBnQGTQBSKCkAU0kBjUgCSQBUSQGFXABJAFVJAYdcAEkAVkgBWABpAFcoKQBYSAHZ
219=BllIAc0FWkgBYAVNAFtIAcEEXEgB3QpdSAHNBV5IAVwEaQBfKCkAYCgrAAcALoh6WF50wH
220=R7WV4JVAJgZ1UCCsgBVQILSAHFdgzIAVUCDUgBdHtNBQ7IAVUCD0gBwfYQSQFGaDgipVcu
221=IyQmWWkSVAJoDFlpE0gBIiAgVQIUyAFVAhVIAcUIFkgBdHtJDBfIAUkMGEgBZAhVAhnIAV
222=UCGkkBQrUNG0gB3fwcSAHNfh3IAU1+HkgBdHtFgR/IAVUCIMgBTewhyAFN7CJIAXR7TV0j
223=yAFRViRIAXR7VQIlyAFVAiZIAXR7SQEnyAFZ+CjIAVn4KUgBwfYqSAHV6StIASKUKV1tLM
224=oBAQRJNS6K8wQETAKoAQEFBAAvUQGhWBxVAjDIAVUCMUgBdHtNaDLIAU1dM0gBdHtVAjTI
225=AVUCNUgBdHsBAQQANkgBdHtRCTfIAVEJOEkBoKkMOcgBVQI6SAF0e1EJOygpADxIAWwFQQ
226=Q9SQGhuQY+yAFVAj9IASOHMgQAQEgBYVIAdXsuhAFJAUJUAp8gBABDKCkARCgpAEUoKQBG
227=SAFohVkGR8gBQQ5ISAFoegEGAABJyAFNc0rKAQgBVXsut3sBAExUAoD2dXsuofYAVXsuln
228=sJAFR7qQEKd3suAI+5FFFYBqQBTK/LFwAAU1UCkLkCVEkBg6kBVSgpAFZJAYW1AlcoKQBY
229=SAHNBVkoKQBaSQGJrQVbSQGIqQFcKCkAXUkBirUCXkgBpgEAXygpAGAoKQBhSAGXLgAABk
230=hGI/dADAAHSQFhfQYMRU0vI8xGXW0JVAJwbFVwCsgBVQILSAHNcwzIAVUCDUgBaG9NBQ7I
231=AVUCD0gBIthYVQIQyAFVAhFIAWwFWXQSyAFZdBNIAXwKVQIUyAFVAhVIAcmFFkgB2X8XSQ
232=FEQDxdChhIAWiQSQEZyAFJDBpIAckXG8gBVQIcSQFvuRwdyAFVAh5JARvm+i8AaAFVAiDU
233=Al14IcgBUXciSAFsflF3I8gBUXckSQFofAoitlkvAGgBSd0mVAKIFyJ3Zy8AdKEEKFQCaA
234=FBBClIASVVLCpIAYjSImYuLwBsfllpLFQCdAZVWi1IAWFyBm1+L5l/B25+LwBka1UCMEAE
235=aAFVAjFIAYM7BAAySAEj0yAEADNIAdEJNEgBxWs1SAGcQWx+vApRCTdUAnQNUQk4SQGgSC
236=1VAjnIAVUCOkgBbH4BAwQAOygpADxIAWwFQQQ9SAF4EVkGPsgBVQI/SAElUTxASAEj+FFu
237=fi8AI+BZZfovJGQjbX4vSGpEFiJlLi9EkokBRVgGZZcBZfovUg8AAEk3R1QCI28vAABISA
238=FEBWkASUgBeH9FdkrKAQsATH4iTGx8A01+L50AAG1+LySwPW1+LySwPW5+LwDV6VBFCIa1
239=BVFIAaQBQxQvAKxUI1kBU1UCqqkBVEkBjEgCSQBVSQGDXABJAFZIAdF3V0gB1QJYSAHVAl
240=lJAYpABUkAWkgBWABpAFsoKQBcKCkAXSgpAF4oKQBfKCkAYEgBkUAAWnkvAI3LAED7xx4A
241=AAUh+EV8C0FnBkgBmDJlgTBcBVAqZIGoAVVwCUAEeGlNcwrIAVUCC0gBxXYMyAFVAg1IAd
242=V7DsgBVQIPSAFkgUUIEMgBVQIRSAGLZAwAEkgB1XsTSAF8CkUTFMgBQXIVSAFsEFUCFsgB
243=VQIXSAHF+hhIAWSBSQwZyAFJDBpIAXgGVQIbyAFVAhxIAWSBVAIKHQAwAG8AAAADDAAeAB
244=EAAPoQACAIMAAbAgAABAwAHwCoAQEFDAAgyAEBBggAIcgBAQcIACJIAQEkAwAAVQIjyAFV
245=AiRIAQVoAAAAAggAJcgBAQMIACZKAUUBWwIIACdJAXdEAQEACAAoyAEBAQgAKUoBHgJbAg
246=gAKsgBVQIryAEBAgQALMgBAQMEAC1JAV9IBQEABAAuyAEBAQQAL0kBdbUCMMgBVQIxyAFF
247=CDJJAe1vEAQAM0kB9akBNEoB//9fBgQANUkB9rUCNkkBZlACSQw3yAFRCTjIAVEJOUkBOq
248=0FOsgBQQQ7SQE7tQI8yAFVAj1IAcUTPsgBVQI/yAFRCUBJAfC5BkFIAdkRQkkBOq0QQ8gB
249=TQRESQE2VAJNJUXIAU0wRkkBsFQDQQNHSQGpqQFISAFEAmkASUkBk2MBAABKSAGmAQBLSQ
250=EkrQFMSQEJUApVAU1JAQepAU5JASNIAkkAT0kBjFwASQBQSQGGXABJAFFIAVgAaQBSSQGx
251=oQ9TSQGNbwIAAFRJAYipAVVJAYqpAVZIAaYBAFdJAY6tAVhIAaYBAFkoKQBaSAHRCVtJAY
252=elBFxIAaYBAF0oKQBeSQH3rRBfSQHvqQFgSAGHPwAAYSgpAGJIAcEEY0kB8a8FBAAxuwoM
253=AAUoKQAGSAGLQwwAB0kBe2kEDEZYMQBoAQEBDAAJVQJqtQIKyAFVAgtJAWu1AgzIAVUCDU
254=kBZ7UCDsgBVQIPSQE8bxAMABDIAVUCEUgBn0wMABLIAVUCE0gBbAUBAgwAFMgBAQMMABVI
255=AWwFVQIWyAFVAhdJAUK9ChhJAUOpARlJAT6pARrIAV0KG0kBdqUTHMgBVQIdyAFdCh5IAY
256=Alf4MxAEKtBSBUAmgBRXYhSAFwAk0jIkkB+msMCAAjSAGDMAgAJEkBYWQEfYMxXjEAAFkG
257=JlUCRK0FJ0gBfINBiCjIAUGIKUgBfYMEfoMxAGgBAQUIACvVAgZ8g7UCB36DMQB8g0VrLk
258=AEaAFVhi9IAXRwSQEwyQEEcj0xAHQCAQUEADJUAtVwM0gB1XA0KCkANUgBk0AEADZIAXyD
259=UQk3yAFRCTjIAVEJOUgBjzEEADrIAU0FO0gBfINFEzzIAVUCPUgBbBBJAT7IAVEJP8gBUQ
260=lASQH0dyMEAEFJAVJ5JwRRLzFMC0etAABDVQKuYwQAAERIAXwDTQBFKCkARigpAEdIAdlp
261=SEkBh0AFSQBJSAFYAGkASkgBzYlLSQGmvQpMSAF0A00ATUkBkVwASQBOSQGJXABJAE9JAY
262=NcAEkAUCgpAFFJAYVIAkkAUigpAFNJAYZIAkkAVEgBWABpAFUoKQBWKCkAV0kBjnsDAABY
263=SAGkAV6DMQDVGFpUAsEPWygpAFxJAYuxBV1IAdGCXkgBgVEARkQxAMkBYChVAGEoKQBiKC
264=kAY0gBi0MAAGRIAboKAANIRokBDFnEMoUBAHSGJykABkAEgEZ1hjKIhU1oCFQCdIZNcwlI
265=AXSGVQIKyAFVAgtIAXSGVQIMyAFVAg1IAXSGVQIOyAFVAg9IAcWBEMgBVQIRSAGUT3aGMg
266=BoAVUCE1QCkPB2hjIAnG12hjIA0YIWQARsBVUYF8gBWX8YSAHNBRlIAXSGTRAayAFdChtI
267=AXSGSQEcyAEBBAwAHcgBAQUMAB5IAZgndYYyWDhMJSJXITIARUQBVQ0hQARoAUWBIkgBcA
268=JBiCNIAZgndYYyiIVRgiVUAmCIUYImSAGAGiJXITIAb3wGIlQhqAFRCSlABCI4I1EJKsgB
269=VQIryAFVcCzJAQN2hjIAIuAiTTkuVAJoAVX0L0gBbBtVAjDIAVUCMcgBRQgySAGMGyJWIT
270=IAJ9QQJykANUAEmKB2hjIA3Xg3VQKeZ2sEADjIAV0KOUkBoLUCOsgBVQI7SQGftQI8SAHB
271=BD3IAUEEPkkBoaEEP8gBAQEEAEBJATloInaGMgBoAU0EQlQC1XtDSQGpSAJNBERIAVgAaQ
272=BFSAHFa0ZIAdF3R0kBg3sDAABISAHF+klIAcEESkgBzYlLSQGvvQpMSQGoqQFNSQGqqQFO
273=SAGuCQBPSAEnViEyAMkMUVQCyQFSKCkAU0gBJ9QQ02wAAFVUAtEJVigpAFdIAd0KWEgB0R
274=RZSAHdClooKQBbSAHdClxIAdEJXUgBl08AAF5IAcmFXygpAGAoKQBhKCkAYigpAGMoKQBk
275=SAGf5gAAZUgBywwCADOlAQxMiScoAGBJmAJsiSdVAAZMBZhIb4kzAPJkKSIFIjOwmCIEIi
276=dVAApMBZ8VDAALKCkADCgpAA1JAWJvDAwADsgBQX0PSAF000FyEMgBVQIRSAFsflUCEsgB
277=VQITSQE/rRAUyAFVAhVJAUK1AhZIAWyJSYUXyAFdgxhIAYd2DAAZSAFgBF0KGsgBRQgbSQ
278=F0pRMcyAFVAh1IAcEaHkgBjGhtiTO8bWyJJykAIUAEbIlJkCLJAQUiBiIzAJQ5bokzAGz3
279=UYIlQARoAVGCJsgBRYwnSAFsiUkBKMgBUY0pSAFsiSMFIjMjlDRdCivVAgYiBCK1AgdtiT
280=OMiV2DLkAEbYkDIoYyMwBsiUkBMFQCaAFd/DHJAQUiBSIz/YMzVAInLhEzAMn+NVUCN3Qj
281=bokzAGgBQX03VAJsiVUNOMgBSQw5SAFohVUCOsgBVQI7SQGfRDRZBjxIAcEEPcgBQQQ+SQ
282=GhQARZBj/IAVUCQEgBYIgBAgAAQUgBaBBNAEJJAf1MBUkBQ0gBWABpAEQoKQBFSQGQbwIA
283=AEZJAYipAUdJAYapAUhIAaYBAElJAYytAUpJAYOpAUtJAYWpAUxJAYepAU1IAaYBAE4oKQ
284=BPSAHFCFBIAcUIUSgpAFIoKQBTKCkAVEgByQxVKCkAVigpAFdIAdEJWCgpAFkoKQBaKCkA
285=W0kBiqkTXEgBpgEAXUgBlU8ATInEdiIEIicpAGBABIBcIoQyJ1UAYihVAGMoKQBkKCkAZU
286=gB2YpmSAHXDQEANKcBDAACKCkAAygpAAQoKQAFKCkABigpAAcoKQAISQH8bDxkjCddAQpU
287=AoAaZYw06ZAMVAKXGAwADUkBYlQQWX8OyAFZfw9IAWSMVQIQyAFVAhFIAWSMVQISyAFVAh
288=NIAWSMVQIUyAFVAhVIASe1IjQmDSMXVALZihhJAUa9FRlIAWSMRQgayAFFCBtJAXNEE12O
289=HMgBhow0AJj4IrUiNPmKH0EEQK0FIEgBZGBZBiHIAVWGIkgBfANNiSNIAYgiZYw0hIxVhi
290=VVAmZEBFWGJsgBVYYnSQFyVAJZBijIAVEJKUgBlDkijzM0AD+hBCtUAmkBAWaMNAAjICtn
291=jDQAY2AEIgxEqAFBBC9MBZ8KBAAwyAFVAjFIAYwbZIzMG3HMNCP5MAB0QagBWSY1TAV4ik
292=F9NsoBAwBCjTQAZIwBBAAAOFQCaAEBBQAAOUkBoEwGVQI6yAFVAjtIAWSMRQg8SAHBBD3I
293=AUEEPkkBobkGP8gBVQJASAF8GU0AQSgpAEIoKQBDSAHRjURIAVwEaQBFSAHVAkZIAWgCTQ
294=BHSAHFgUhIAdV7SUgByZBKKCkAS0gB1XtMKCkATUgB0Y1OSAFMCmkAT0gB3QpQSAHZBlEo
295=KQBSSAHJDFNIAcEEVCgpAFUoKQBWKCkAVygpAFgoKQBZKCkAWkgByaZbSAFsEU0AXEkBj1
296=wASQBdSAGUT2SMw3IAAF9UAoNyAABgKCkAYSgpAGIoKQBjKCkAZCgpAGVIAY1HAERa238A
297=AGdUAlAOawACADV5AABdYgMoKAAiME2YAiIMIyeBAAYogQAHKCkACCgpAAkoKQAKSAElvS
298=MLSAGVGAxRDDXxjQ1UAiIcME0CDsgBXXgPSAFsflUCEMgBVQIRSAEilDRVAhLIAVUCE0kB
299=PUBRVQIUyAFVAhVIAXSRVQIWyAFVAhdIAd0KGMgBVQIZSAFslE0FGsgBVQIbSAFkjF2OHM
300=gBXY4dSAHVGB5IAYB9Ig0jNbD7Ig0jNUlqACLlVCFABJgnIpVVNax+Igwj0B9kjCcpACVN
301=BWRwBSKWVTUAaAFNiSdUAmSBIw4jNQBoAVWRKVQClDlljDWEjEEEK1QCZYwDZYw1JJgkZY
302=w1hYwCZIyoAUEEL0wFcAlVAjDIAVUCMUgBnApkjMAaZYw1hIxFgTRABGwUTQA1SAGTmAAA
303=NkgBnCBljDWFjAZkjKkBB2aMNQBgiFUCOkwFaAFVAjtIAWSMQZM8SAF0AkEEPcgBQQQ+SA
304=FkjFUCP8gBVQJASAHBD0FIASXpT0JIAc0QQ0gBQBRpAEQoKQBFKCkARkkBjXsDAABHSQGD
305=qQFISAHNc0lIAbICAEooKQBLSAHVhkxIAdkGTSgpAE5IAc2UT0gBwQRQKCkAUUgBJVUhUk
306=gByQxTSAHdClRIAdkGVSgpAFYoKQBXKCkAWCgpAFkoKQBaKCkAW0gB2RFcSAHNG11IAYBy
307=ZYw1JAAyZIzBUQBEjCcpAGFMBY9dAABiKCkAYygpAGQoKQBlKCkAZkgB2TJnKCkAaEgBI7
308=NeAAADSEaQHyLERSIUXFABZIwnKQAGKIEABygpAAgoKQAJKCkACigpAAtIAZSnZYw2KIUR
309=NiTQQSKUNKgBXXgPTAVkgVV7EMgBVQIRSAFkjFUCEsgBVQITSAFkjFUCFMgBVQIVSAFkjF
310=UCFsgBVQIXSAHdChjIAVUCGUgBZIxNBRrIAVUCG0gBIsRQXY4cyAFdjh3IAU0FHkgBgHJn
311=jDYAQVwkTQUgVAJoAV2DIUgBcQIAZYw2rH5kjNAfZ4w2AGVkBCKcVqgBWQYmWAZ0AlWGJ0
312=kBcaEEKMgBQQQpSAGAD2aMNgAj8CQinFapAQFkjNQNZYw2WENICGSMqAFBBC9ECJwKIg4j
313=NgBoAVUCMVQCnApljDaFlwBkjKgBUbg0QATVezVIAdVPNkgBfBVRDDfIAU0FOMgBQZM5SQ
314=FFSAJBBDpJAUapATtIAXQuVQI8yAFBAz1IAcEEPkgBIpBaQQQ/yAFBBEBJAV1IAkkAQcgB
315=VQJCSAHZEUNIAcFcREgB3Y5FSAFIBmkARkgByXpHSAHJekhIAdl/SUgBYAVNAEpIAdWRS0
316=gBzQVMKCkATSgpAE4oKQBPKCkAUEgB1XtRSAFMCmkAUigpAFNIAdkRVEgByQxVKCkAVigp
317=AFcoKQBYKCkAWSgpAFooKQBbKCkAXCgpAF1IAd2OXkgBJfklX0gBjHNkjNlTAFxyJykAYk
318=AE3StjKCkAZCgpAGUoKQBmKCkAZ0gBh0oAAGhIAWQfTQBpKCoABAAiICxMAmSMJykABihV
319=AAcoKQAIKCkACSgpAAooKQALSAGUp2WMNyiFETcjVFhNcw5ABCJUWF14D0gBIvxXVQIQyA
320=FVAhFIASKsWFUCEsgBVQITSAEieEFVAhTIAVUCFUgBIpw1VQIWyAFVAhdIAWyUVQIYyAFV
321=AhlIAWyUVQIayAFVAhtIAWSMUY0cyQEEIk5XNwB0AiNNVzckrEJljDeEjF2OIEwFZYwDIq
322=d4NwD7WF+EjMQeZIwnKQAkTQVlWCtNBSXIASOVNDecjiOVNDeYf1GNKEAEZIFNBSlIASMA
323=SGWMN4SMQQQrVAJxjQNmjDcAiC1ljDeFjAJkjKgBQQQvTAVwCVUCMMgBVQIxSAGcQWWMN4
324=SMQAQikEUjbyQAADRABMFRNUgByU42SAGUGCIMI6kXBCIMI6kBBSIOIzcAdL1FHTpMBWgB
325=VSI7SAFkjEmQPMgBAQMAAD1JAUVUA00FPkgBZIxBBD/IAUEEQEgBZIxVAkHIAVUCQkkBf0
326=wGSQBDyAFRCERIAYMaAABFSAFQA2kARkgBJUlGR0gB2IoHSAA3AAAAAAAAABEAAJUQACAE
327=AEkANwAAAIEASkkBjIYBAEtJAYOpAUwoKQBNKCkATigpAE8oKQBQSQGGuQZRSAGmAQBSSQ
328=GRrQFTSAHdClQoKQBVKCkAVigpAFcoKQBYKCkAWSgpAFooKQBbKCkAXCgpAF0oKQBeSAHF
329=E19KAfoBnRFgSQHtqQFhKCkAYigpAGMoKQBkKCkAZSgpAGYoKQBnSQHwsQloSAGDDAAAaS
330=gpAGooKwAFADi/AwwABigpAAcoKQAIKCkACSgpAAooKQALKCkADEkB9mMPDAANSQF7RAsB
331=AgwADsgBAQMMAA9JAWu1AhDIAVUCEUkBarUCEsgBVQITSQFotQIUyAFVAhVJATtIDF0KFs
332=gBVQIXSQE8tQIYyAFVAhlJAT21AhrIAVUCG0kBQ1QCAQAMABxJAXdIDEkBHcgBAQEMAB5K
333=AR4CWwIMAB/IAVUCIMgBAQIIACHIAQEDCAAiSgEkA08FCAAjyAEBAQgAJEkBX1ACAQAIAC
334=XIAVUCJkkBOkAPSQEnSAGDDwgAKMgBVQIpSAGDDwgAKsgBVQIryAEBAgQALMgBAQMEAC1I
335=AYsMBAAuyAEBAQQAL0kBdGMPBAAwyAFVAjFJAfRADwEABAAySQFCoQQzyAFBAzRIAcFRNU
336=gBwVE2SQFkbQUAWkU4AGgBTQU4VQJFXABBAzlJAT5IAU0lOsgBSSE7yAFBBDzIAU0EPUkB
337=RFwAVQI+SAGDMAAAP0kBQrUCQEkBXVQDAQQAAEHIAQEFAABCSQF/VAJJDEPIAUkMREgB0R
338=RFSQHvpQhGKCkARygpAEhJAfGhBElJAY1QCUkASkkBg1wASQBLKCkATCgpAE0oKQBOKCkA
339=TygpAFAoKQBRSQGHRAlJAFJIAVgAaQBTSAHRmFRIAdUNVSgpAFYoKQBXKCkAWCgpAFkoKQ
340=BaSQGIdwoAAFsoKQBcSAHdCl0oKQBeSAHNBV9JAYu5BmBIAc08YUkB8qkiYkgBxSljKCkA
341=ZCgpAGUoKQBmKCkAZ0gBJ4QRwIhkjCcpAGpABL4OAGsoKwAGADmzAgwABygpAAgoKQAJKC
342=kACigpAAsoKQAMSAGUGGaMOQCUGGaMOQCUGGSMJykAEEwF1QIRSAHNBRJIAdUCE0kBZmMS
343=DAAUyAFBfRXIAYaMOQBkdl2DF1QCaAFBBBhIAWiQVQIZyAFVAhpIAWiQVQIbyAFVAhxIAW
344=B9UQkdyAFJkB5IAWF9BGaMOQBoAQEFDAAg1QIGZIy1AgdmjDkAZIxdjiNABGgBXY4kSAF4
345=f1UCJcgBVQImSAFwFEkBJ0gBgA9mjDkAaAFVAilUAnUNBGSMqAwBBQgAK9UCBmSMtQIHZo
346=w5AIgMZIypAQNkjLAJTYkwWAZ8CoSMuAZVAjJUAmgMVQIzyAFRdzTIAVF3NUkBXHcuAAA2
347=SAFoDFUBN8gBWVI4SAHJhTlIAWS4QQQ6yAFBBDtIAd2OPMgBXQo9SAHNBT7IAU0FP0gBmz
348=IAAEDIAVUCQUgByZBCSQF4XAtJAEPIAUEEREkBW0gCSQBFyAFVAkZJAYBIAkkAR8gBVQJI
349=SAHRYUlIAc1+SkkBg0AFSQBLKCkATCgpAE0oKQBOKCkATygpAFAoKQBRSQGGRAlJAFJIAV
350=gAaQBTSAHVDVRIAdUNVUgB2X9WKCkAVygpAFhIAc0FWUgB3QpaSAFwCk0AWygpAFxJAZBI
351=AkkAXUgBzQVeSAFEAmkAXygpAGAoKQBhKCkAYkgBh3YAAGNIAZVwAFDJ23QAAGVUAoNyAA
352=BmSAHBBGdIAdUCaEgBxbhpSAF0Dk0AaigpAGsoKQBsKCsABwA6WARJAAxY8CcpAAkoVQAK
353=KCkACygpAAwoKQANKCkADkgBlBhljDr9jhBUAoPrDAARSAFNDQBZfxJIASUVJBNIAWSMTX
354=4UyAFNfhXIAU1+FkgBZHZdgxfIAU0FGEgBZIxVAhnIAVUCGkgBaFlVAhvIAVUCHEkBbWcP
355=DAAdyAFdjh5JARtcblkRH8gBVQIgyAFVhiHIAVGCIkgBeIpRgiPIAVGCJEkBZ3wKIg4jOg
356=BoAQEBCAAmVAKD9ggAJ0gBaBdVKyjIAUEEKUkBHGAPZow6AGgBVQIr1AIjDCO1AgNmjDoA
357=kAlmjDoAgHJljDqYlU0FMFgGZIxNBTFIAXmKBCINIzqrpgQAM9QCAQYAADTIAQEHAAA1SQ
358=FcSBdNczZIAWSMRRI3yAFJhThIAZUNAFpFOgB0hkEEOlQCaAFBBDvIAVEIPMgBUQk9yAFN
359=BT7IAU0FP0gBmDJmjDoAaAFVAkFUAowbIg4jOgBkjFkGQ1QCaAFBBERJAVtcC1UCRcgBVQ
360=JGSAFkjFUCR8gBVQJISAEnhhE6AM1+SlUCg0QISQBLSAHNfkxIAdUCTSgpAE4oKQBPKCkA
361=UEgB2QZRSAHZBlJJAYVQCkkAU0gB1QJUSQGKSAJJAFVIAVgAaQBWKCkAVygpAFhIAdEUWU
362=gBxQhaSAHdCltJAYd/BwAAXEgBpgEAXUgB2QZeSAHBBF9IAcEEYEkB/UAxWQFhSAFYAGkA
363=YigpAGMoKQBkSAGFdgBGjDoAmHRkjMWBAEZaOgDBBGhMBcEEaUgBcApNAGooKQBrSQH3oQ
364=9sSAElwSltSAHDkwgAO0QGSwAMAAkoKQAKKCkACygpAAwoKQANKCkADigpAA8oKQAQKCkA
365=ESgpABJIASeFETsm6SMUVQJ8SBBNfhXIAU1+FkgBInA1VQIXyAFVAhhJAWmtBRnIAVUCGk
366=gBIng2TQUbyAFVAhxIAWSMXY4dyAFdjh5JARtYVF2ZH8gBXZkgyAEjDiM7AGAEIw4jOwBk
367=jFUCI0AEaAFVAiRIAXiKVZElyAFVkSZIAYxzZIxccFQuQQQoVAJwjUEEKUkBHWAPZow7AG
368=gBWZUr1QIGIgwjtQIHZYw7lXsAZIypAQFmjDsAIvwgVQIwWAZoAVUCMUgBcAlVAjLIAVUC
369=M8gBQQ40yAFBcjVIAWB9RSg2yAFdFDdIAWCIVQI4yAFVAjlIAc0FOsgBVQI7SAFsBV0KPM
370=gBXQo9SAF4EUUIPsgBTQU/SAF4wVUCQMgBVQJBSAFoIlUCQsgBVQJDSAHVDUTIAVUCRUgB
371=kyoAAEZJAXJMBkkAR8gBQQRISAEnhhE7AMn+SlUCikAFSQBLSAHJb0xJAYxIAkkATUgB1X
372=tOSQGISAJJAE9IAdkGUEgBRAJpAFFJAZBjAQAAUkgBzQVTSAHNBVRIAb4DAFUoKQBWKCkA
373=VygpAFhIAc0QWUgB0QlaKCkAW0kBhrUJXEgBpgEAXUgBzRBeSAHZBl9JAYulBGBIAaYBAG
374=FJAY2tAWJIAcWXYygpAGRIAdkGZUgBqgUAZigpAGcoKQBoKCkAaSgpAGooKQBrSAGLegAA
375=bEkBerUJbcgBRTRuSQFbtwIJADyjAQwACigpAAsoKQAMKCkADSgpAA5IAZCYIg4jPACHlw
376=wAEFQClAkiDiM8AMEEElQCI/slDAATKCkAFEkBfFAFRYEVyAFFgRZJAWq1AhfIAVUCGEkB
377=abUCGcgBVQIaSQFrtQIbyAFVAhxIAWSMTYkdyAFNiR5IAdEUH0kBQFgGQZMgyQEBIpU0PL
378=wVIpU0PLigIhxGJykAJE0FZHgGIg4jPABpAQEiDSM8lfQAZIyoAVUCKEwFi2QIAClJARxA
379=c0EEKsgBQQQryQECZow8AGEEA2WMPISMVQIuQARoelUCL0gBfHhVAjDIAVUCMUgBZIwjDi
380=M8AGkBBSIMI6gBIwwjqAEjDCOkE1kQNlgGaHpdgzdIAWgMVQI4yAFVAjlIAWAEVQI6yAFV
381=AjvIAVwfSAmEHllIPVQChxMAAD7IAU0FP0gBZIxFCEDIAVUCQUgBZIxVAkLIAVUCQ0gB1Q
382=1EyAFVAkVIASW9I0ZIAWSMWQZHyAFBBEhIAYdKAABJSAGDOwAASkgBQBRpAEsoKQBMSAHZ
383=dE1IAd2DTkgBYAVNAE8oKQBQKCkAUSgpAFIoKQBTSQH5RB9ZBlRIAVgAaQBVKCkAVkgBwQ
384=RXSAF0A00AWEkBklwASQBZSAHBBFpIAUQCaQBbSQGOYAEiDCPDcgAAXVUC+7UNXkkB9akB
385=X0gBqgUAYEkBka0BYUgByZBiKCkAY0gBxR5kSAGAciIOIzwAJdkhZlQCyQFnSAHFKWhIAb
386=oKAGlIAdkGakgBzQVrSAHBMGxIAWSMRTRtyAFFNG5IAWSMVQJvyAFXAgoAPbsKDAALKCkA
387=DCgpAA0oKQAOSAGQmGWMPaByZYw9qBdkjCdVABJMBZgRZIwnVQAUKFUAFSgpABZIASNfOA
388=wAF0gB2QYYSAHVAhlIAdUCGigpABsoKQAcKCkAHSgpAB5IASPcJyIeRj0AZIxJmyBUAmkB
389=A2aMPQCAGmSM0BRnjD0AZXAiIqRXqAFdgyVYBnUCAmSMWGxEP0kBJ1QCdGVRCShIAYhkZY
390=w9gIiEjKgBRQgrQAR4ilWGLMgBVYYtSAFlCAAiDCO9CgEiDyM9AD9IDFUCMEAEaAFVAjFI
391=AWQIVQIyyAFVAjPIAUE7NMgBQTs1SAFsfkEZNsgBXQk3SAF8g1UCOMgBVQI5SAHNBTrIAV
392=UCO0gBZBNcClCghIxdCj1UAngRRQg+yAFNBT9IAWyJVQJAyAFVAkFIAXyZVQJCyAFVAkNI
393=AdUNRMgBVQJFSAGAtCIPIz0AdUwGSQBHVAJoAUEESMgBWRFJSAElOSNKSAFcBGkAS0kBk2
394=MBAABMSAHJek1IAbICAE5IAcFnT0gBwWdQSAHRbFFIAc0FUigpAFNIAZdEAABUSAHZBlUo
395=KQBWSAGbUwAAV0gBwQRYKCkAWUgBwQRaSAHVDVtIAcmQXEgB3RVdSAHNEF4oKQBfKCkAYC
396=gpAGFIAcEaYkgBwQ9jKCkAZEgBwQ9lKCkAZigpAGcoKQBoSAHFCGlIAdkGakkBXr0Ra8gB
397=TTFsSQFgtQJtyAFVAm5IAYdgAABvSAHdQXDIAUEEC1DSlQYMRf0+hAFBAQ0oVQAOSAEj0D
398=ZljD4ohBEnKQARQASHEwwAEigpABMoKQAUKCkAFUgBl0QMABZIAZgNZ4w+APhMEUEPGChV
399=ABlIAcEPGkgB3Y4bKCkAHCgpAB1IAdmKHkgBI8Q5ZIwi0kAAAEF9IFQClA1ljD4ohBHUGG
400=WMPoSMVYYkTAV5igQiDCO1AgVljD4k6EQiDiM+AJRlIqRXqAFJDClYBiKAIYaMPgBoAVUC
401=K9QChIy0AoWMPpB3VQIuQARoelUCL0gBfHhVAjDIAVUCMUgBcAmEjKQIhIyoAUlvNMAERY
402=E1SAFkE1UCNsgBVQI3SAFkjFUCOMgBVQI5SAHNBTrIAVUCO0gB1UQ8yAFFMz1IAYQTIg0j
403=PpigTQU/VAJsBV0KQMgBVQJBSAFkjFUCQsgBVQJDSAHVDUTIAVUCRUkBRFwLSTNGSAF4il
404=UCR8gBAQQAAEjJAQUiDCPQNSINIz6/2wAAS0AEyWRMSAGDUQAATUgB1QJOSAHVAk8oKQBQ
405=SAGDUQAAUUgBXA9pAFIoKQBTSAEnhxE+AHl7AwAAVVQCaAFJFlZIAWz3QQNXyAFVAlhJAV
406=1IAkkAWcgBVQJaSAHNEFtIAcUTXEgB1QJdSAHVAl5IAdWRX0gBQAlpAGAoKQBhSAHFE2JI
407=AXgRRQRjyAFVDWRJAVpIAkkAZcgBVQJmSAELWQAAAAAAAGcAPgBZAAARAAABEQAgBwABAA
408=BoAD4AWwCAAAFpAD4AaAFVAmpJAV5QAgECAABryAEBAwAAbEkBYLUCbcgBVQJuSQFDTAZB
409=A29JATpIAVkGcMgBQwQMAD9MA0sADAANKCkADigpAA9JAfZYBgEADAAQSQHtqQERKCkAEi
410=gpABMoKQAUKCkAFSgpABZJAe+lCBdJAfCpARhIAUUQAEkMGUoB//9TAQwAGigpABtJAVJQ
411=AkEEHEkBNakBHcgBAQEMAB5JATpUAgECCAAfSAFEAQIAAAgAICgpACFJAfp3DQgAIkkB8q
412=kBI0kBZnMFCAAkyAEBAQgAJcgBUQkmSAGbJwgAJ0kBO1gGVQIoyAEBAwgAKUkBHUQqAQQI
413=ACrIAQEFCAAryAEBBgQALMgBAQcEAC1IAWQIAQAEAC7IAQEBBAAvSQE+XApVAjDIAVUCMU
414=gBnwoEADLIAQEFBAAzyAEBBgAANMgBAQcAADVIAWA7QRk2yAFdCTdJAT9cAFUCOMgBVQE5
415=SAHNBTrIAVUCO8gBQRk8yAFJQz1IAYUTAFpFPwBoAU0FP1UCPFwAXQpAyAFVAUFIAY8bAA
416=BCyAFVAkNIAc0QRMgBVQJFSAHFCEbIAVUCR0kBd1AKSQBIyAFVAklJASRMEVUCSsgBVQJL
417=SQFaSAJJAEzIAVUCTUkBXUgCSQBOyAFVAk9IAZNWAABQKCkAUUgBg1EAAFIoKQBTSAHNBV
418=RJAXlECUkiVcgBWRBWSAF0cFUCV8gBVQJYSAFgD1UCWcgBVQJaSQFZRAhJAFvIAVkRXEgB
419=bAVVAl3IAVUCXkgBwQ9fSAHFE2AoKQBhSAHBBGJIAcUTY8gBVQ1kSAFoIk0QZcgBVQJmSA
420=FsEFUCZ8gBVQJoSAHVGGnIAVUCakgBeYoEeoo/AGkBBXuKPwBERBRdFW1ABM1HbsgBQQNv
421=yAFDBA0AQFQASwAMAA4oKQAPSAEnAhFAAJcYDAARVALJARIoKQATKCkAFCgpABUoKQAWKC
422=kAF0gBJwIRQADVhhlUAskBGkkBOVQRVYYbyAFVexxIAWCIXXgdyAFdeB5IAWgFVYYfKCkA
423=ICgpACEoKQAiKCkAI0gBYIhFCCTIAUWBJcgBRYEmSQFCVCRdCidIAZsnCAAoyAFZESlJAR
424=1YM0EEKsgBVQIryQECYohAAGEEA2KIQABwbFUCLkAEaAFVAi9IAWxzVQIwyAFVAjFJARx8
425=CmKIQABoAVmKM9QCQQM0yAFFPzVIAWQTVQI2yAFVAjdIAXB3VQI4yAFVAjlIAc0FOsgBVQ
426=I7SAF4EUkoPMgBUR49SAGEE2GIQICITQU/VAJ4f10KQMgBVQJBSAFkCFUCQsgBVQJDSAHN
427=EETIAVUCRUgBxQhGyAFVAkdIAWCIRQhIyAFVAklIAWCIVQJKyAFVAktIAdVlTMgBVQJNSQ
428=FdSBhNBU7IAVUCT0gBdGVBA1DIAU0bUUkBXEgCSQBSSAFwCUkBU8gBQQRUSAF88VUCVcgB
429=VQJWSAFgGlUCV8gBVQJYSAFgD0lvWcgBSW9aSAHRd1vIAVkRXEgBbAVRFF3IAVUCXkgBzR
430=BfyAFdCmBIAWQIVQ1hyAFVAmJJAV9IAkkAY8gBVQJkSQE9XABVAmXIAVUBZkkBRVwAVQJn
431=SAFkP0kBaMgBQQNpyAFVAmrIAVUCa8gBVQJsyAFVAm3IAUkXbsgBSxcOAEFYBEsADAAPSA
432=GU9CKtIUEoqBAnKQASQATVhhMoKQAUKCkAFSgpABYoKQAXSAGL/gwAGEkB9UwRUYIZSAEl
433=VSEaSAFohVGCG0kBrGMECAAcSQGoqQEdSQGqqQEeSAFUFSKBIR8oKQAgKCkAISgpACIoKQ
434=AjSAGYoCKvIUEAZGgIIqwhqAFNfiZABCeuIUEAaC1ZEShUAmgBRYwpSQEdTCdFjCrIAUWM
435=K8gBI60hQYiFI6whpQgAIqwhqAFZfy9NBXBjDwQAMMgBVQIxSQEbXApNBTLIAVUCM8gBQQ
436=M0yAFRNTVJAWhnCAAANsgBVSI3SAFwFEEDOMgBVQI5SAHNXTrIAVUCO0gBwX08yAFdCj1I
437=AdVPPsgBTQU/SAHdCkDIAVUCQUgBzQVCyAFVAkNIAXCNTRBEyAFVAkVJAW9IAkkARsgBVQ
438=JHSQFrSAJJAEjIAVUCSUgBaIVVcErIAVVwS0kBbkAFSQBMyAFNBU1JAV1IAk0FTsgBTQVP
439=SQFbVAJNJlDIAU0bUUgBaIVZBlJIAXh0QQRTyAFBBFRIAWiFVQJVyAFVAlZIAXgnVQJXyA
440=FVAlhIAdkcWcgBXQpaSAHJIlvIAVUCXEgB0RRdyAFRFF5IAc0QX8gBXQpgSAFohVUNYcgB
441=VQJiSAFohVUCY8gBVQJkSAF0DVUCZcgBVQJmSQFGVA5dH2dIAXw2QQRoyAFBBGnIAVUCas
442=gBVQJryAFVAmzIAVUCbcgBUwkPAEJUAEgAcoJCAN2DEVQCyXoSSAEnURBC9YYUKFUAFSgp
443=ABZIASXRIBdIAVQKItUxGEgBJdEgGUkBg1UYASICMkIAaAFVcBtVArFUAlX0HEgBmwYIAB
444=0oKQAeSQH5oQQfSAHBBCAoKQAhKCkAIigpACNIASdTEEIAe3wGcIKoAZOCQgBstQInTAWA
445=USL+IEIAaAFBBClVAhxMJ0UTKsgBVQIryQECIv0gQpX/AyL9IEK4inCCqAFVAi9MBXCCTQ
446=UwyAFVAjFJARtdCgQi/iBCAGgBIwAyqAEjADKoASMCMkIAcIJZBTZYBmgBSTg3SAHRQDjI
447=AVUCOUgB1Vo6yAFVAjtIAWT6RR08yAFRKT1IAd1MPsgBTQU/SAHdCkDIAVUCQUgBzQVCyA
448=FVAkNIAXRlRRNEyAFVAkVIAXCCVQJGyAFVAkdIAXCCVQJIyAFVAklIAXCCRR5KyAFFHktI
449=AWAwTQVMyAFNBU1JAWdIGEkATsgBVRhPSAFgnlUCUMgBVQJRSAHFHlJJAW1UA0kAU8gBQQ
450=RUSQFqSAJJAFXIAVUCVkgBYA9VAlfIAVUCWEgB2RxZyAFZEVpIAd0KW8gBTQVcSAF4HEUI
451=XcgBVQJeSQFpSAJJAF/IAVUCYEgB1Q1hyAFVAmJIAckXY8gBVQJkSAHZf2VIAWQ0UQlmyA
452=FBBGfIAVUCaMgBVQJpyAFVAmrIAVUCa8gBVQJsyAFXAhAAQ0ACSAAi+DAnKQASVALRghNI
453=AcWBFCgpABUoKQAWSAEn+A8nBQEYVAJgfQEECwAZyAEBBQsAGsgBAQYIABvJAQciTyBDAP
454=dMEV1tHVQCI6c2CAAeSAGADyL+QUMA1QIgVALJASFJAfG5BiJIAUwYIv0gI0gBJ/kPQ5h/
455=UY0lVAJkgUn+JkgBeH9JeidIAWwxQQQoyAFBBClIAWxzWREqyAFNBSvIAUl6LMgBSXotSA
456=GYU3p/QwBoAV38L1UCdHwRIk4gQwBoAVUCMVQCI5gkeH90aEQEIvxBqAFBGTRBBPtcAF0C
457=NUgBIzgjIk0gQyNkI0EDN1QC2V44yAFVAjlIAWRVWQY6yAFVAjtIAWRKWWk8yAFdVz3IAU
458=0FPsgBTQU/SAFgiFUCQMgBVQJBSAHdCkLIAVUCQ0gBcIJNBUTIAVUCRUkBcUgCSQBGyAFV
459=AkdIAYs4AABIKCkASSgpAEooKQBLSAFsMVX/TMgBQetNSAFwKlUYTsgBVRhPSAF8IFUCUE
460=gBfI5BD1HIAUEPUkgBeHRBBFPIAVkGVEgBeH9VAlXIAVUCVkgBYA9VAlfIAVUCWEgByXpZ
461=yAFdClpIAd0KW8gBTQVcSAFsBUUIXcgBVQJeSAF4f1UCX8gBVQJgSAHVDWHIAVUCYkgBZB
462=NVGGPIAVUNZEgBZAhVAmXIAVUCZkgBdA1VAmfIAVUCaEgBxQhpyAFVAmpIAcUIa8gBVwIR
463=AERQB0sADAASKCkAE0gBg2cMABRIAZ82DAAVKCkAFkgBJ6APJwUBGFQCYX0IYX1EkvsJCk
464=B9qgEKCUB9qQELYn1EAIgMffxEJFQhYH0nKQAfUAmADyKgUSdVACEoVQAiSAHZfyNIAc0F
465=JEgBI+AifvxEAMkBJlQCwQQnSAF1LgR9/ESd/AUioVFEkPBVAipABGx+VQIryAEj8C+gBC
466=PxL0SUe1l/LkAEbFJZfy9IASJ9PABifUQAaAGDfUQAHlg+VQIyQARoAVUCM8gBQQM0yAFF
467=PzVIASI0KFUxNsgBRTQ3SAHBXDjIAU0FOUgBYHJFCDrIAVUCO0gBwXI8yAFFCD1IAdl/Ps
468=gBTQU/SAFgfUUIQMgBVQJBSAHdCkLIAVUCQ0gBfApNBUTIAVUCRUgBYH1VAkbIAVUCR0gB
469=iC1gfd82AABJKFUASigpAEtIAYc0AABMSAHZBk1JAWNQIEkATsgBVRhPSAHV3lBIAWB9QQ
470=9RyAFBD1JIAWByVYZTyAFVhlRIAd0KVSgpAFZIAZNAAABXyAFNBVhIAXhpXQpZyAFdClpI
471=Ad0KW8gBTQVcSAHJF11IAckMXigpAF8oKQBgSAHVDWHIAUUIYkgBeHRVDWPIAVUNZEgBeH
472=RVAmXIAVUCZkgBxRNnyAFVAmhIAcUIacgBVQJqSAHECAESAEUAl8gMABNIAZwVaXpFvG1o
473=eicpABZBBPRcLAEADAAXSAElvS4YSQEFTREAa3pFAB9NMgBoesgBa3pFAARgBGl6RST4MG
474=h63ApoeicpAB9QCYAlaHonVQAhKFUAIigpACNIAYSMIj0/RXgOZfolVAKPAQgAJkgBI1wi
475=Iu1gReF9KFQClBhrekUAO3AFIuxgqAFJbytABHACQXIsSAEjrCEi6S5FgOtVAi5UAnjtTQ
476=UvSAF8eEF9MMgBQX0xSAF8eCPpLkWUeyPoLqkBBiLsYKkBByLuYEUAaHpBJDZYBmgBRTQ3
477=SAFgcl0QOMgBQS85SAFwbFUCOsgBVQI7yAFFCDzIAUUIPUgBcIJNBT7IAU0FP0kBP1wAVQ
478=JAyAFVAUFIAWh6VQJCyAFVAkNIAc0QRMgBVQJFSQF1QAVJAEbIAVUCR8gBTRBISAGIOGh6
479=1y4AAEpUApcuAABLSAFUB2kATEgBi7wAAE1IAWh6RQhOyAFVGE9IAWh6VQJQSAHBD1HIAU
480=EPUsgBQQRTSAHBD1RIAYtZAABVSAHVAlYoKQBXKCkAWCgpAFkoKQBaKCkAW0gByRdcSAGb
481=XgAAXUgBk0sAAF5IAckMXygpAGAoKQBhKCkAYigpAGMoKQBkKCkAZSgpAGYoKQBnKCkAaC
482=gpAGlIAccTEwBGYCoiLT0USAGEE3J3RgCDBAwAFlQCiBdzd0YAJ3cFCwAYVQIrawEKABlJ
483=ASOpARpJAR9oAXF3RlxoTAFzd0YAIkUBAHF3RunzHkwFkB8i4S1GtIZwdycpACEogQAiKC
484=kAIygpACRIAdX0JUgBJZEuJkgBcA1VDSdIAYgXfvFGACPEUHF3RpB3SW8qQQSyUEFNcytI
485=AZgGItw90BRxd0YjbC9BBC5ABCJsL5J3RgBoplUCMFQCaAFVAjFIAXD7VQIyyAFVAjPIAV
486=1MNMgBWVM1SAF4tkUONsgBWRA3SAFgZ00FOMgBTQU5SAFwd1UCOsgBVQI7SAHJbzzIAUUI
487=PUgBcHdNBT7IAU0FP0kBP1QDVQJAyAFVAkFIAWQIVQJCyAFVAkNIAc0QRMgBVQJFSAFsaE
488=kBRsgBTeFHyAFFzkhIAYyqcHfESnB3JykAS0AEhKJ88cw8c3dGAGZQIEkATkAEaAFdFE/I
489=AUUTUEgBwQ9RyAFBD1LIAUEPU0gBwQ9USAGYPXB3yzgAAFZUAsl6VygpAFgoKQBZKCkAWk
490=gB0QlbSAHRCVxIASOESHF3RiS4anB3J4kBX0AECO0BAAAAAABgAEYAEQAAdBAAIAHtAQAA
491=QAABYQBGAMkBYigpAGMoKQBkKCkAZSgpAGYoKQBnKCkAaEkB9L8KFABHVAtLAAwAFUoB//
492=+JARZJASdEAQEACwAXSQErawEKABhJASOpARlIAWQBAQAKABpKAQYCUwEJABtIAUABAgAA
493=CQAcSAGXAggAHUkB+ncNCAAeSAGXGAgAHygpACAoKQAhKCkAIigpACMoKQAkKCkAJSgpAC
494=ZJAfWpDCdIAZcYCAAoSQFAfxEIACnIAQEBBAAqSAFwAgEABAArKCkALEkB9mcIBAAtSQF7
495=RAQBAgQALsgBAQMEAC9JAWu1AjDIAVUCMUkBG1AfAQQEADLIAQEFBAAzyAEBBgAANMgBAQ
496=cAADVJAW5nCAAANsgBAQMAADdJAWlUAkkAOMgBWRA5SQFoSAJJADrIAVUCO0kBPlwAQQ48
497=yAFFCD1JATpUAk0FPsgBVQE/SQE7XABVAkDIAVUBQUkBRFwAVQJCSAFwCUkBQ8gBQQNESQ
498=E9XABVAkXIAVUBRkkBckgCSQBHyAFVAkhIAZc5AABJSQHzSAJBBEpJAe+pAUtJAfKpAUxI
499=Ac0FTUkBZkAFSRdOyAEBBAAAT8gBAQUAAFBIAckXUUkBdUwFSQBSyAFdCVPIAV0gVEgB1Q
500=1VSQHwVANNBVZIAZNAAABXKCkAWCgpAFkoKQBaSAGbUwAAW0gB0QlcSAHJF11IAdUCXkgB
501=1RhfKCkAYCgpAGEoKQBiKCkAYygpAGQoKQBlKCkAZigpAGdIAcxzARUASADVcBZIAdVwF+
502=kBCUNySAAgWB1dbRlVAglcIUkBGkgBmHRgcsUICEJySACUAmFySHIGAABickgAmF5hckil
503=jAhMCicpACFQCYceCAAiKCkAIygpACQoKQAlSAGDMAgAJkgBgTAIRhhIAMkBKFQCYXICYn
504=JIAGgBTWgqVAKcEWByxxMEACxUAoQTYnJIAIwxYHLEE2ByJ1UAMEwFwQQxSAGEgWByqAxB
505=fTNUAnQNVUM0SQH3XABFDjVIAWByVU82yAFVTzdIAWByUSk4yAFFVTlIAWByVQI6yAFVAj
506=tJAUKxCTxJAUOpAT1IAWByTQU+yAFNBT9IAXRaVQJAyAFVAkFJAUW5BkJIAWByQQRDyAFB
507=BERIAWByVQJFyAFVAkZIAWByVQJHyAFVAkhIAYAwYHLHKQAASlUC+KkMS0gBQB9pAExIAZ
508=8rAABNSAGPPAAATkkBZHgDYnJIAGgBRQdQVALJF1FIAWByVQ1SyAFZJ1PIAVknVEgBjzEA
509=AFVIAdkRVkgBkEBjckgA+1AKVQxYVALFa1lJAfG1AlpIAc0FW0kB/LUCXEgB1QJdSAHJF1
510=5IAckXXygpAGAoKQBhKCkAYigpAGMoKQBkKCkAZSgpAGZIAdVwFlCbiW8JTuFJAIkBCElv
511=SVzLTxgIABlABEABdd4aKCkAG0kBJngCaW9JUGdMAWlvSbAfaW9JtFpobycpACBYBoMaCA
512=AhKCkAIigpACMoKQAkKCkAJUgBiC1pb0n9bSdVAjpcDkF9KMgBQeApSAFwAl1iKkgBkGFq
513=b0kAjDFqb0kAkAlpb0mIBU0FLkwFjDFobydVADBUApsyBAAxKCkAMkgBfG1J6DPIAUFGNE
514=gBxa01SAGYHG3hSbyObOEnKQA4KIEAOUgBfPFBETrIAUlCO0gBfPFVAjzIAVUCPUkBZ0gC
515=SQA+yAFVAj9IAWByVQJAyAFVAkFJATxcAFUCQsgBVQFDSAHBckRJAT9IAkEERcgBVQFGSQ
516=FxSAJJAEfIAVUCSEgBjCZob9Qjam9JAI8mAABLQARIBmkATEgB3VdNSAHdIE5IAXjiRQRP
517=yAFdClDIAUF9UUgB1RhSSAHNEFPIAU0FVEgBjDFpb0m/ugAAVlQCxWtXSAHBBFhIAc0QWU
518=gByRdaSAHBBFsoKQBcSAGXRAAAXUgB3RVeKCkAXygpAGAoKQBhKCkAYigpAGMoKQBkKCkA
519=ZUgB3W0XQJbB1RhJASRcIV1XGUkBCVAgSQEaSQEotQIbSAFkAVXeHEgBJ8EpSpACTQUeVA
520=KMAXBsJ1UAIFQCkB9xbEq0T3zbJykAI0AEmxwIACQoKQAlSAGQFHNsSgBSYAt+20oAcGxN
521=XShABHACVWUpSAGMJiLAKdwKcGwnKQAsQASIDHJsSgCENHzb0BRzbEoA+VQ6UQkwTAWYMn
522=NsSgA7bAx826gBTQQzQARwAk0ANCgpADVIAd1tNkgB1bI3KCkAOEgBjxAAADlIAXBsSSw6
523=yAFFdjtIAXBsVQI8yAFVAj1IAXBsVQI+yAFVAj9IAXhTVQJAyAFVAkFIAXBsVQJCyAFVAk
524=NJAUZcFl0VREgBcGxBBEXIAUEERkgBYFxVAkfIAVUCSEgB3RVJSAGMJnBszCZxbEq7qwAA
525=TEAEzQVNKCkATkkBZlQOUQlPyAFZ11DIAVnXUUgB1RhSSAHNEFPIAVkGVEgBnKRwbNQ5cW
526=xKqKZ920q/rwAAWEwFn0wAAFlIAcEwWkgBxQhbSAEl2SxcSAHdFV0oKQBeKCkAXygpAGAo
527=KQBhKCkAYigpAGMoKQBkSAGRVgBN1ktIH0gAbNYnKQAaSJPRbBtIAdFsHEgB1XAdSAFQBi
528=S4KCfZAB8oVQAgSAGcTHlpSyg4DScpACNABIwbeWlLoyUIACVUApRae2lLAD9sDHhpqAFB
529=1ShABM1oKUgBhAh4adwKeGknKQAsKIEALSgpAC5IAYgteGnDDwQAMFQCkHd5aUuYaV1MMl
530=QCaBBNADMoKQA0SQH9pVU1SAFQA2kANkkBjWABb9ZLAIepAThUApwgeWlLsfsATIPRFABE
531=DSdVADxMBYMaAAA9SQF8pQg+yAFBDj9IASLAKUEDQMgBVQJBSAEiNChVAkLIAVUCQ0gBJ8
532=4aSwAiEClBBEVUAmgBQQRGSAEi1CZVAkfIAVUCSMgBUR9JSAHZEUpIAcVrS0gBSAZpAExI
533=Ac0bTUgBzQVOKCkAT0kBYWQFIv42SwBoAUkMUVQCdHtBA1JIAc0QU8gBQQRUyAFNEFVIAd
534=0KVigpAFdIAclkWEgByVlZSAGPRwAAWkgBzexbSAHVAlxIAclvXUgB3QpeKCkAXygpAGAo
535=KQBhKCkAYigpAGNIAcEPGUCLUBlxYRooKQAbKCkAHCgpAB0oKQAeKCkAHygpACAoKQAhSA
536=GcFX3QTO1oI1QCiBdhZ0wo4QxMpIxhZ0yBZwJgZ6gBAQMEAChZBvpQK0nHKUgBhAhgZ9wK
537=YGcnKQAsKIEALSgpAC5IAZiVYmdMAJAfY2dMAINcCk1zMUAEaAFdNjJIAYsiAAAzKCkANE
538=kBrkwFRQM1SAHNaDZJAZBIAkkAN0kBg1wASQA4SQGFXABJADlIAdlpOkgBJd0yO0gBUANp
539=ADxIAYAlYmdMAGBnTRA+VAJoAUG0P0gBYGdVAkDIAVUCQUgBYGdVAkLIAVUCQ0kBRLEURE
540=gBdGVBBEXIAUEERkgBcFZJAUfIAV3FSMgBXcVJSAGcK3zQwCV90ExsFW0ATEAEfABNAE1I
541=AZgyIpw1wDAinTVMlGVBD1BABGBnVQ1RSAFgZ1UCUkgBzRBTyAFNEFTIAU0QVUgBzRBWSA
542=GQNXzQ1ER80CcpAFlABCNUIWBnJ1UAW1QCJ+EMTCblKF1UAt0KXigpAF8oKQBgKCkAYSgp
543=AGJIAc8QGgBNXB5LAAgAGygpABwoKQAdKCkAHigpAB8oKQAgSQH7ZDRty02sqmhkJykAI0
544=AEhFVpZE2kVW3LTSZ9JiZABGVVAWlkTZxXI6gmxxMEAClABIRKaWRNqG9oZCcpACxABJwg
545=IqkmTbRwIqgmJwUBL0AEagwEA0zLqAwBBQMAMdQCAQYAADLJAQdrZE0AsGAaIm9QTQCpqQ
546=E1QQSPXCRJADZIAVgAaQA3SQGMYwEAADhJAYipATlJAYqpATpIAcVKO0gB3aQ8SAGIImhk
547=1xgAAD5UApUYAEeGTQBipQhAVAJoAVkQQUgBIqgmQQNCyAFVAkNIASLsP1UCRMgBVQJFSQ
548=FEXABVAkZJAUWpAUdIASLEJFUCSMgBQQNJSAElfTFKSAFQA2kAS0gBgDsiqSZNJPwrIihC
549=0CppZE3hUU9MBXAUXQZQyAFdClFIAWR2VQJSyAFVAlNIAc0QVMgBVQJVSAHNEFZIAc1dVy
550=gpAFgoKQBZSAHRKlpIASP8ICJtUE0kfzwAAFxUAsUpXSgpAF4oKQBfKCkAYCgpAGFIAd9i
551=GwBOVBZIACJwQCcpAB0oVQAeKCkAHygpACAoKQAhSAGUGHFhTvnBIyhVACQoKQAlSAGbUw
552=cAJsgBAQUHACfJAQZ9xU6dYgdxYU60LnFhTigwDCcpACxYBpAfcWFOKDAM1Bh8xbEJCHBh
553=qgEJAlBhqgEKAVBhqQELc2FOAJFYIEkANFwKzcA1SQGGSAJJADZIAVgAaQA3SQGSYAFwYd
554=QNIqAlJykAOkAE0Qk7SAHRCTxJAYu5Bj1IAYB9cGHAGnFhTpBhRa1AQAR8TF2vQUgBcGFV
555=AkLIAVUCQ0gBcGFVAkTIAVUCRUgBIswwVQxGyAFJTkdIAWBRTQVIyAFNBUlIAZgnfcVO+V
556=5LVAJUB2kATEgB0RRNSAHVT05IAdkGT0gBcBRdClDIAV0KUUgBcGFVAlLIAVUCU0gBzRBU
557=yAFVAlVIAScwDMxHfsVOACO0LXzFJ2UCWUwFnEx8xchDcGEn+QRcQATFE10oKQBeKCkAXy
558=gpAGBIAcdgHABPdB0iHSUdKCkAHigpAB8oKQAgKCkAISgpACJIAYcTCAAjKCkAJCgpACVI
559=AXleCHleT4JcCQZYXqgBAQoFACjBBAt6Xk8AjH55Xk+4zG3AT+VgLEwFmBx5Xk+4zG3AT0
560=AKQxkDAC9ABCPANHteTwAfUQIAeF7IAXleT1hvegIAM00FIoYBADRIAcm8NUgBJUEkNkkB
561=i6EEN0gBpAFMwMwmeF4nKQA6KIEAO0kBjrEFPEgBpgEAPUgBjBt4XsAael5PACLAP1EEQE
562=AEaAFRVkFJAWpIAkkAQsgBVQJDSAEioFxVAkTIAVUCRUgBeF5JTkbIAVFLR0gBIrQiTQVI
563=yAFNBUnIAU0FSkgB1U9LSAFcBGkATEgB0RRNSAGILW/ATwBleAMimCSoAVEJUEAEdAJRCV
564=FIASJYJ00EUsgBQQRTSAEidFxVAlTIAVUCVUgBwQ9WSAGMR3leT6CeeF4ndQRZQATJb1pI
565=AdkRWygpAFwoKQBdKCkAXigpAF9IAc9dHQBQRBFIACLQVycpAB8oVQAgKCkAISgpACJIAZ
566=AUYVxQ6bwkKFUAJUkBBVEgAGFcUKhOYFzIAWNcUAAEYARgXMAPYFwnKQArRAiQjSLRV1D1
567=Wi1UAlYVAABiXFAAI1RNYFzYBmJcUACAD2BcyAxgXMEEAUBc2AYikiNQACeCC1AAJ1wXzA
568=UiAD0nKQA4QA8lFSQ5SAGMECIAPSeBADtUAieACydVAD1UAs0FPkgBgBphXFCAXF0fQFQC
569=YFxZU0FIAWBcVQJCyAFVAkNIAWBcVQJEyAFVAkVIASKcS00LRsgBWUhHSAFgXEEESMkBBC
570=LSV1AAdQIFfbpQtIYiHjBQACM0aiKQIye9Ak1YBtEUTkgBaFlRCU/IAVAJCVAAUABlAAAA
571=BQAAUREAAPUPACAIAFAAPQEAAAIAAFLIAQEDAABTSgFyAJUCVMgBVQJVSgHtAVsCAABWSQ
572=HvqQFXSAHVAlgoKQBZKCkAWigpAFsoKQBcKCkAXSgpAF5JAfS/Ch4AUYgNAQAIAB8oKQAg
573=KCkAISgpACJJASd3BQcAI0kBCVQZAQAHACQoKQAlSQEjoQQmSQEfawEGACfrAQUAKEkBJn
574=cCBAApSQEiqQEqSQGuexEEACtJAfypASxIAXwDAQAEAC0oKQAuSQEFYw8DAC9IAZsRAgAw
575=SQErcwUBADFIAY8QAQAySAGDBAAAM0gBlwIAADRJAYxvBQAANUkBg6kBNkkBhakBNygpAD
576=hIAcEEOUgBwQQ6SQGJrQU7SQGKqQE8SAGmAQA9KCkAPkkB+mMaAAA/SQHyqQFAKCkAQSgp
577=AEJIAc08Q0kBblQJAQQAAETIAQEFAABFSQFnVAJdH0bIAUFGR0kBRb0KSEgBZEpNBEnIAU
578=EDSkkB8FwAVQJLSAFYAGkATCgpAE1JAfahBE5JAWF7AwAAT8gBQQNQSQE8XABBA1HIAVUB
579=UkkBOlwAVQJTSQFzXABJAFTIAUEDVUgBwRpWKCkAVygpAFgoKQBZKCkAWigpAFsoKQBcKC
580=kAXUgB3VcfQGpRDgBdVyAoKQAhKCkAIkkBBkAmRVUjSAGMBXFWUoQBVQIlKFUAJkgBkEty
581=VlIAhFVyVlIAhVUFU1ZSAARzCQQAKk0Fq0wcWVMrSQGmqQEsSAGAC3BWywwEAC5UApwKcV
582=ZSQG1IBHBWyAFxVlJYZFUCAFFWUlRriQEzWQaNhAFSVlIAwVE1VALJATZJAYihBDdIAdUC
583=OCgpADlJAYahBDpIAaYBADsoKQA8KCkAPSgpAD5JAZGxBT9JAYupAUBIAaYBAEEoKQBCSA
584=HBXENIAcFcREgBxT9FSQFkvQZGyAFNJUdJAURcAEEDSEgBcFZdKknIAVVaSkgBJ9AKxykA
585=AExVAve5Bk1IAckMTkgBcFZFCE/IAUUIUEgBcFZVAlHIAVUCUkgBcFZVAlNIAXBWSQFUyA
586=FBBFVIAd0KVigpAFcoKQBYKCkAWSgpAFooKQBbKCkAXEgBxVUgXL1UHWVVIUoB//9RAQhC
587=S1MAiENtqlOxQAZPqlMACFgSAQAGACVMBckBJkgBkJh5U1NYB0kABkyqxAh5U1MoewpTAK
588=9gJW+qUwClqQEsRQj7qQEtSQH1qQEuSQGCaAF6U1MAaQEBeFOpAQJ4U6gBVSMyTAXNUjNI
589=AclONEgBwVE1SAHFojZIAUgUaQA3SAHRrjhIAdkGOSgpADpJAYVlBQBaU1MA2as8KFUAPU
590=kBh6EEPkgBpAFPqlMA/WsXAABAVALFE0FIAdEJQkgB0QlDSAHJWURIAcGeRUkBZrUJRsgB
591=XQlHyAFNMEhIAXRETQRJyAFBBEpIASd4CswxelNTAN0KTUEEZUwGSQBOyAFZBk/IAV0KUE
592=kBO0gCQQRRyAFVAVJJAXZIAkkAU8gBVQJUyAFZBlVIASd6ClMAyQFXKFUAWCgpAFkoKQBa
593=KCkAW0gBz1IhAFSpTgdBUVRU71kOBliPyQEFQ1FUACBSAgAFQVFUTE1NAQVBo1RcAEgAYF
594=HECH2kVEgHVAJhUVRQBEgBfaRUTAuJAStVDa1UGUmmLEgBTQIASQEtKCkALkgBdU8EYVFU
595=glEFA1D7qgEGAFD7qQEHfqRUAMVKM1gGyU40SAGcCnD70xQAADYoVQA3SQGQpQQ4SAEnIQ
596=pU+as6VALJpjtIAaoFADxIAdUNPUgBwQQ+SAHBBD8oKQBASAHNBUFIAc0FQkgBxVVDSAHZ
597=BkRIAcFGRUgBYFFRbEbIAVX/R8gBVf9ISAFgUVFAScgBTQVKSAEnIAonxQNMVALdCk1JAW
598=VYDU0FTsgBXQpPyAFdClBIAWBRXQpRyAFNBVJIAWBRSQFTyAFZBlTIAVkGVUgB1U9WKCkA
599=VygpAFgoKQBZKCkAWkgB108iAFWpTgVcRskBBElOVb1MBElOVVgBTBdpTlWlogVBVlVcBZ
600=UCKEQIQQEAWVMpKCkAKkgBiP5vn1UAselOVYgFik5VAJyvaPMnKQAvWAZ2TwkESU5VlU8K
601=ak5VACNwKmtOVQCSrQgzTAWkAUjz3ApoTicpADYogQA3KCkAOEgByUM5SAHVTzooKQA7SA
602=HFlzxIAcEEPSgpAD5IAcEEPygpAEBIAc0FQSgpAEJIAcmmQ0gBgL8iPSlV9YZFVALJOEZJ
603=ASVMPVEaR8gBWSZIyAFJQ0nIAU0ESkgB2QZLSAElhTJMSAHVAk1JAWJECUkATsgBUQlPSA
604=Fk71UCUMgBVQJRyAFVAlJIASIgIEkBU8gBQQRUSAHdClUoKQBWKCkAVygpAFgoKQBZSAHf
605=TCMAVqBGcUtWpEpzS1YAB0AbXUEmQATJASdJAShAEFUCKEgBZAGRS1ZYTlABfJknMQEr4w
606=QEACxIAcVKLSgpAC5JATpUBlEJL8gBQRowSQGwXABBAzFJAampATJIAUQCaQAzKCkANCgp
607=ADUoKQA2SQGPZwUAADdIAaYBADhIASdxCVYoPBMnKQA7QATVRDwoKQA9KCkAPigpAD9IAc
608=X6QEgB2QZBKCkAQigpAENIAd1MREgB3Y5FSAHdNkZIAXBLQYhHyAFBiEjIAV26ScgBXbpK
609=SAHZBksoKQBMKCkATUkBYkgeSTdOyAFNUk9IAXBLVQJQyAFVAlHIAVUCUkgBcEtJAVPIAU
610=EEVEgB1Q1VKCkAVigpAFcoKQBYSAHHSiQAV0QQSAB4SCcpACYoVQAnSQEkXANFPyhIASOo
611=PCLNO1fhUSpUAnwDQQQrKCkALEgBJxgJIsgpSARulFcAeEhJFy9ABEwCaQAwSQGNYAFulF
612=cAJWUjMlQCsgIAMygpADRIAcFGNUgBwQQ2SAHBRjdIAdmKOEgBxT85SAHFPzooKQA7KCkA
613=PCgpAD1IAdkGPkgB1d4/SAHVDUBJAZCtAUFIAd0KQigpAENIAdkGREgBJxkJV/mVRlQCZD
614=9RCEfIAU1nSEkBdUgCSQBJyAFVAkrIAU0mS0gBzTxMKCkATUkBY0wGSQBOyAFZBk9IAXhI
615=VQJQyAFVAlHIAVUCUkkBcVwASQBTyAFBBFRIAckMVSgpAFYoKQBXSAHPRyUAWFAHSwAEAC
616=YoKQAnKCkAKCgpACkoKQAqKCkAKygpACxIASfDCFgAQFgKRUouVAJoAUUTL0kBkXUCAFLa
617=WADdKzFUAidQG9gRIpBEJykANEAEyUM1SAHJQzZIAd02N0gB0Qk4SAGmDAA5SAHZBjpIAc
618=0FOygpADxIAdkGPUgB2QY+SAHJQz9IAclZQEgBwQRBSAHBBEJIAd0KQ0gB0QlESAElFTpF
619=SAHNMUZIAWBGUUBHyAFNfkhIAWBGSQFJyAFBk0rIAUGTS0gBxQhMKCkATUgBYEZRCU7IAU
620=UIT0gBYEZVAlDIAVUCUcgBVQJSSAFgRkkBU8gBQQRUSAHJDFUoKQBWSAHXRCYAWa0fBEDP
621=JykAKChVACkoKQAqKCkAKygpACxIASdpCFmJQwJsiagBTRAvQATRQDBJAY69DTFJAbFAR1
622=UBMkgBWABpADNJAZFgASL9TFntyzVUAs0xNigpADcoKQA4SAHNRzlIAc0FOigpADsoKQA8
623=SAHVOT1IAbINAD4oKQA/KCkAQEkBk6UEQUgBpgEAQkgB1U9DSAHVDURIAdXTRUgB2YpGSQ
624=FmvQZHyAFRHkjIAVE1SUkBd6EESsgBQQRLSAHVMUzIAVUCTUkBX60FTsgBVQJPSAFoQ0ED
625=UMgBVQJRyAFVAlJIASJAL0kBU8gBQQRUSAEnaghZAN9BJwBaWARLAAQAKCgpACkoKQAqKC
626=kAKygpACxIAScTCFoAP0AInIOoAVUNL0EErVwAQQMwSAEnEAjUDSLQKycpADNABFwEaQA0
627=SAHBcjVIAcG/NkgB1S43KCkAOCgpADkoKQA6SAHZBjtIAdkGPCgpAD1IAd02PkgBdA5NAD
628=8oKQBAKCkAQSgpAEJIAcUTQ0gByQxESAEliThFSAEnEghaAHBAUWFHVAJoAUWBSMgBRYFJ
629=SAFwQF1BSsgBTQVLSAFwQFUCTMgBVQJNSAFwQFUCTsgBVQJPSAFwQFUCUMgBVQJRyAFVAl
630=JIAXBASQFTyAFBBFRIAcc/KABbXB5IACL8ICcpACooVQArSAHNPCwoKQAtSAF4PY1+W4Q/
631=XQovVAInuQdbJjUzMVQCQAxpADIoKQAzKCkANEkB+bVENUgBYAVNADZIAd1tN0gByTg4KC
632=kAOUgByXo6SAFIBmkAO0gBxTQ8SAHZBj0oKQA+SAHVhj8oKQBAKCkAQUgByUNCSAFwCk0A
633=QygpAEQoKQBFSAEnuQdbJikhR1UCYUwGSQBIyAFZG0lIASLEUFUCSsgBVQJLSAEifDxVAk
634=zIAVUCTUgBYDtVAk7IAVUCT8gBVQJQyAFVAlHIAVUCUkgBeMFJAVPIAUMEKQBcQAJIACJ9
635=MVwmbTorVAInYQdcUOuBBC1VAjlEAVkGLkkBsFwAVQEvSAElJTEwSAFEAmkAMSgpADJIAS
636=UJKDNIASURVTRIASX1QDVIAcm8NkgBwWc3KCkAOCgpADlIAd02OkgBwfY7SAF0Dk0APEgB
637=yUM9SAHNBT4oKQA/SAHJDEBIAcEEQUgB1QJCSAHdCkNIAUwKaQBESAHJF0VIAd2kRigpAE
638=dIAWA7WWlIyAFZXklIAWA7VQJKyAFVAktIAWA7VQJMyAFVAk1IAWA7VQJOyAFVAk/IAVUC
639=UMgBVQJRyAFVAlJIAWA7SwEqAF0oCgddACPwWiKJOF2IOEEELUAEdBlNAC4oKQAvKCkAME
640=kBjVQDSQAxSAHRYTJIAdGYM0gB1Vo0SAHdIDVIASU1PjYoKQA3KCkAOEkB8aFGOUgB1b06
641=SAFEDWkAO0gBwQ88SAHNMT1IAcU0PkgByXo/SAFsBk0AQEgBJWVEQUgByYVCSAFQA2kAQy
642=gpAERIAckXRUkBeXsDAABGyAFRE0dIAWCpQQNIyAFVAklIAXgyVQJKyAFVAkvIAVUCTMgB
643=VQJNyAFVAk7IAVUCT8gBVQJQyAFVAlHIAVcCKwBenKRF5CzIAUEELUgBUANpAC4oKQAvKC
644=kAMEkBkHgDIiI2XgDFNDJUAsVVM0gBxTQ0KCkANSgpADYoKQA3KCkAOEgBzXM5SAHJDDpJ
645=AYm1DTtIAdUNPEgBsgIAPUgByW8+SAHdNj9IAdlpQEgBzQVBSAEju3UAAEJIAdUCQygpAE
646=RIASeyBl4AcDVdV0ZUAmgBRWBHSAFwNVUCSMgBVQJJSAFwNVUCSsgBVQJLyAFVAkzIAVUC
647=TcgBVQJOyAFVAk/IAVUCUMgBVwIsAF+ENEkBLUgB3RUuKCkALygpADAoKQAxKCkAMkgBJa
648=EwM0gBJ1kGX+XDNShVADYoKQA3KCkAOCgpADlIAdlpOkgB2RE7KCgABjwAXwAAAAAAABEA
649=AKUG+Q0GAAA9AF8AkAAAYAACPgBfAIpjAQAAP0gBpgEAQEkBj60BQUgBpgEAQigpAEMoKQ
650=BESgH2AYkERUkBY4YBAEbIAUEDR0kBPlwAQQNIyAFVAUlJATpcAFUCSsgBVQFLyAFVAkzI
651=AVUCTcgBVQJOyAFVAk/IAVcCLQBgVACJAC4oKQAvKCkAMCgpADEoKQAyKCkAM0gB1Rg0SQ
652=HtXAtZCTUoKQA2KCkANygpADgoKQA5SQHwuQY6SAFUB2kAOygpADwoKQA9KCkAPigpAD9J
653=AY1xBgBDMGAAg6kBQVUCh6kBQkgBpgEAQ0kB97UNREgB3RVFSAFiMAIAQjBgAGgBAQMAAE
654=dUAmAwVQJIyAFVAklIAWAwVQJKyAFVAkvIAVUCTMgBVQJNyAFVAk7IAVcCLgBh1hEALygp
655=ADAoKQAxKCkAMigpADNIASeqBWEAyRc1VALJATYoKQA3KCkAOCgpADkoKQA6SQHvvSA7KC
656=kAPEkB8bUCPUgB1RQ+KCkAP0kBjLkCQEgBJ6kFYfFhQlQCvANKLWEA3RVEVQJluQJFyAFV
657=DEbIAVUjR0kBP0gCTQRIyAFVAUlIAWgtVQJKyAFVAkvIAVUCTMgBVQJNyAFXAi8AYlQAiQ
658=AwKCkAMSgpADIoKQAzSQH6WAdVBTRIAcUpNSgpADYoKQA3KCkAOCgpADkoKQA6KCkAOygp
659=ADxIAcFcPUgBRA1pAD4oKQA/SAEnUwViAIZ7AwAAQVQCpAFCiGIA0VZDVALRFERIAXAqRU
660=pFyQEEfldiAHUCBX5XYgBwKl0rSEAEaAFNBUlIAXAqVQJKyAFVAkvIAVUCTMgBVQIwiGGV
661=EDEoKQAyKCkAMygpADRIAcUpNUgB0RQ2KCkANygpADgoKQA5KCkAOigpADsoKQA8SAEn+A
662=Rkc5kRPlQCgAF/r2MAkK0BQFQC1bJBSAGwAlknY+FRQ1QCxRNESAHdREXIAV1ARkkBPVwA
663=SQdHyAFVAUhIAWwmVQJJyAFVAkrIAVUCS8gBVwIxAGRAAokAMigpADMoKQA0KCkANUgByW
664=Q2SAHFEzcoKQA4KCkAOSgpADooKQA7KCkAPCgpAD1IAd14PkgBkBFgJSdlAkAoVQBBKCkA
665=QkgByThDSAHZEURIAWAlSUNFyAFJQ0ZIAWAlVQJHyAFVAkhIAWAlVQJJyAFVAkrIAVUCMp
666=BTgRIzKCkANCgpADVIAc0QNkkB8kQqVQU3SAHZETgoKQA5KCkAOigpADsoKQA8KCkAPUkB
667=9LEJPkgBTAppAD8oKQBAKCkAQSgpAEIoKQBDSAHRNURIAc24RcgBSQtGSQE8XABBC0fIAV
668=UBSEgBaCJVAknIAVcCMwBmQAKJADQoKQA1KCkANigpADdIAckiOEgBySI5SAHJIjooKQA7
669=KCkAPEgBJ+AMJ7UBPlQCmA58QSdVAEBUAsWMQUgBxcNCKCkAQ0gB1Q1ESAFwH1U5RcgBTT
670=xGSAFwH1UCR8gBVQJISAFwH1cCNABn3g4ANSgpADYoKQA3KCkAOCgpADlIAdUuOkgBzRA7
671=SAHdIDxIASeYAyeJAT5UAtkNPygpAEBIAcUpQUgB0QlCSQF6sQVDyAFFNERIASV1JEXIAV
672=UCRkgBYBpZBUfIAVcCNQBoQAKJADYoKQA3KCkAOCgpADlIAc0QOkgBzVI7SAGfBwAAPEkB
673=+FAKWQE9SAFYAGkAPigpAD8oKQBAKCkAQUgBwSVCSAFgGlUuQ8gBTTFESAFgGlUCRcgBVQ
674=JGSAFgGlcCNgBpZA1tADcoKQA4KCkAOSgpADooKQA7SQH7vRU8SAHBGj1IAWQJTQA+KCkA
675=PygpAEAoKQBBSAEn6QJpSKlTBgAAQ1QCfL1JC0RJATtcAF0CRcgBVwE3AGpAAokAOCgpAD
676=koKQA6KCkAOygpADwoKQA9KCkAPigpAD9IAdFhQEgB0WFBSAEnwQhqkBRNJkNUAnAURSlE
677=SAFwFFcCOABrmBJRADkoKQA6KCkAOygpADwoKQA9KCkAPigpAD9IAdUjQEkBeVAKSQBByA
678=FdIEJJAV9IAkkAQ8gBVwI5AGxAAokAOigpADsoKQA8KCkAPSgpAD5IAdEfP0gBxR5ASAFg
679=D00bQcgBRR5CSAFgD1cCOgBtiA1RADsoKQA8KCkAPSgpAD5IAcVgP0gBJ4oBbQB4ikUIQV
680=QCaAFXGDsAbkACiQA8KCkAPSgpAD4oKQA/SAEnoQRukAlHEzwAb5gHUQA9KCkAPigpAD9J
681=AfxIDYEEcFQAiAAIPgBwAAAAAAAAAAARAAA=

[Lighting]
Red=1.000000
Blue=0.900000
Green=0.900000
Level=0.008000
Ground=0.050000
IonRed=0.300000
Ambient=0.900000
IonBlue=0.750000
IonGreen=0.400000
IonLevel=0.000000
IonGround=0.000000
IonAmbient=0.870000
DominatorRed=0.850000
DominatorBlue=0.300000
DominatorGreen=0.200000
DominatorLevel=0.000000
DominatorGround=0.000000
DominatorAmbient=1.500000
DominatorAmbientChangeRate=0.001000

[Map]
Size=0,0,52,61
Theater=TEMPERATE
LocalSize=2,6,48,49

[Neutral]
IQ=0
Color=Grey
Allies=Neutral
Country=Neutral
Credits=0
NodeCount=0
TechLevel=1
PercentBuilt=0
PlayerControl=no

[Nod]
IQ=0
Color=Gold
Allies=Nod
Country=Nod
Credits=0
NodeCount=0
TechLevel=1
PercentBuilt=0
PlayerControl=no

[OverlayDataPack]
1=BQAAIP4AIACAZAAAIP4+AACCBgb+/QEAhAcKCgf//AFCAIUICgoIBP/8AUQAggAI//oBQA
2=KCAwb+AwAI//4BPwD//wE+AP4EDgCBBv4DAAf/+gE+CsA7CIQKCgsK//gBRBqIBAgLCgAK
3=Cwv/uwFABoCbAAAg/j4AAIIKC/4DAAqDCwsH/vcBAIEGAfz+AwALggoG//kBRgCCCgj+Aw
4=AH//gBRQICAf/6AUQE/g4CAIEG/gUAB//5AT8GggYIHAeBCwgOgQT+9QEAgggKDgv+BQAL
5=gQj/9wFJAiQAEgCCBgH/8wFUDDX8BgWBCP/0AU0KwT0CgQrBRQD/9wE+BgIAIf//+wFOCP
6=8IBD8G/rEDAIB+AAAg/l4CAIMEBwb+/QEAhAgLCgf//AFjAIMICwv//QFgBIUHCgsKCP/8
7=AWAChQcKCgAI//wBYgaBCP4EAAr/+wFkCoMECAoIBP/8AWMIgQYCAv/8AWQKCAWCCAT+/Q
8=EAgQP+rQUAggYG//0BYgAPsf/8AWYQgQb+AwAK/+wBYgiAtwAAIP4RAACFBwgACgf+/AEA
9=ggYI//4BFACEAAYHBP4IBACEBgcHBv/8ASMGgwoLC//8ARQCAgCDCgoIUgGCBgb+8QEAhg
10=cKCgAKCjH4gwYKCv/yASIKgQj+AwAKgQsx94EIBgyBCP/wARQEGAIyAIEHEApADP/sATQO
11=QfQiCQQC//ABLAyEBAcICBH0gQcKCgoO//QBIgon8wIACgr/+gEiCgv+Dgv++wEACgD/8Q
12=EvFMwTFP/UAS0agBoAACD+KgAAgwQHBP4GHgCCAwb+AwAHgQb+xwEAgFwAACD+NAAAgQj+
13=AwALggoG/voBAIEH/gQAC4EI/voBAIYGCgsKCgj//AE5AIQKCgAK//sBOQKDAAcI/gMACv
14=/7AToEBAKDCwsH/vwBAIMGCAr//QE7CgICgQT+xBEAgAUAACD+ACAAgAUAACD+ACAAgAUA
15=ACD+ACAAgAUAACD+ACAAgAUAACD+ACAAgAUAACD+ACAAgAUAACD+ACAAgAUAACD+ACAAgA
16=UAACD+ACAAgAUAACD+ACAAgAUAACD+ACAAgAUAACD+ACAAgAUAACD+ACAAgAUAACD+ACAA
17=gAUAACD+ACAAgAUAACD+ACAAgAUAACD+ACAAgAUAACD+ACAAgAUAACD+ACAAgAUAACD+AC
18=AAgAUAACD+ACAAgAUAACD+ACAAgAUAACD+ACAAgAUAACD+ACAAgAUAACD+ACAAgA==

[OverlayPack]
1=BQAAIP4AIP+ASgAAIP4+AP+CZmb+/QH//gQAZv//AUIA//sBPwIR/P/+AUAE//4BPgL/AQ
2=I8AP79Df+Bqcg0CP//AUEGIgGBrv/4AUoAMgCBrf63Af+AbAAAIP4+AP/+CABm/vcB//4J
3=AGb+6QH/gan/DAIxABIB/gcE////AT4E/gsAZv/4AUkE/9gBSQyBq/4eAP+BrMxCDP/1AU
4=4M//4BRxBB///6ATsG//4BQAQyAc01EP7RBf/LLwT+CAD/gbD+wAH/gG8AACD+NAD/gaj+
5=KQL//gMAG/8AAmEA/+ABYAKBsdxDBP+9AWAEgaz/QwAfBP/9AV8CEf7/AAJiCP/9AWEI/g
6=cAG/8AAmUK//4DYQD+rQX/gmZm/4MA2wf/ewGZGP4DAGb//QEXGPMRHMJBBoGt/rIB/4DQ
7=AAAg/hEA/4JmZhAD/vsB//4EAGb+/QH/YgCBsP4qAv+Fqf+q/67+CAD/QAmBqv4DAP+Brf
8=/nAVQAgqisUe2BqTAQgv+v/gMA/xAV/8ABYgbmFAKBq8hMBiH5YBH/vwFkCAIBJdLaIQoY
9=LBPz/9IBRQJUAt4fCoGx/gYA///AAV0I1RAKZA3/8AEmADH0/ggAZuwkCv/FAV8QyCYSQg
10=DZUg48Av/XAVkS//QBIALNGg7+FgD//80BUg70DApX98FbBv/UAVkY/wUCFwLfJgj+qwH/
11=gGYAACD+KgD//gMAZv4YAv+Bsf4FAP+Drv+w/vwB/4Go/vkB/1P3gq+s/vwB/4Or/63+/Q
12=H///0BTQb+BQD/gan+/QH/CAb/3wFKCg3nga7+FQD/N/mBq/4BAv+Bqv7lC//+BgAb/scB
13=/4AzAAAg/jQA//4GABv++gH//wYCNAD//gE5AgAE/vsB//8AAjUEMgH+/AH//wACOAoSAv
14=7EEf+ABQAAIP4AIP+ABQAAIP4AIP+ABQAAIP4AIP+ABQAAIP4AIP+ABQAAIP4AIP+ABQAA
15=IP4AIP+ABQAAIP4AIP+ABQAAIP4AIP+ABQAAIP4AIP+ABQAAIP4AIP+ABQAAIP4AIP+ABQ
16=AAIP4AIP+ABQAAIP4AIP+ABQAAIP4AIP+ABQAAIP4AIP+ABQAAIP4AIP+ABQAAIP4AIP+A
17=BQAAIP4AIP+ABQAAIP4AIP+ABQAAIP4AIP+ABQAAIP4AIP+ABQAAIP4AIP+ABQAAIP4AIP
18=+ABQAAIP4AIP+ABQAAIP4AIP+A

[Ranking]
ParTimeEasy=00:01:00
ParTimeHard=00:01:00
OverParTitle=GUI:NoOverParTitle
ParTimeMedium=00:01:00
UnderParTitle=GUI:NoUnderParTitle
OverParMessage=GUI:NoOverParMessage
UnderParMessage=GUI:NoUnderParMessage

[Russians]
IQ=0
Color=DarkRed
Allies=Russians
Country=Russians
Credits=0
NodeCount=0
TechLevel=1
PercentBuilt=0
PlayerControl=no

[Special]
IQ=0
Color=Grey
Allies=Special
Country=Special
Credits=0
NodeCount=0
TechLevel=1
PercentBuilt=0
PlayerControl=no

[SpecialFlags]
Inert=no
FogOfWar=no
IonStorms=no
MCVDeploy=no
Meteorites=no
Visceroids=no
FixedAlliance=no
TiberiumGrows=yes
InitialVeteran=no
HarvesterImmune=no
TiberiumSpreads=yes
TiberiumExplosive=no
DestroyableBridges=yes

[Structures]
0=Neutral,CAOILD,256,23,62,64,None,1,0,1,0,0,None,None,None,0,0
1=Neutral,CAOILD,256,58,22,64,None,1,0,1,0,0,None,None,None,0,0

[Tags]
05BDCDAC=0,@Sounds 1,05BD9DEC

[Terrain]
13053=TREE12
13058=TREE13
14056=TREE14
15062=TREE08
16059=TREE10
17056=TREE11
19062=TIBTRE02
20056=TREE06
25058=TREE08
26056=TREE07
26064=TREE07
27075=TREE02
28073=TREE04
28075=TREE01
29048=TREE10
29061=TREE08
30046=TREE11
30056=TREE05
30076=TREE03
31065=TIBTRE02
33046=TREE13
33050=TREE14
34032=TREE06
34060=TREE10
35057=TREE13
36049=TREE07
36068=TREE05
37035=TREE04
38028=TREE03
38036=TREE13
38061=TREE08
38086=TREE08
39064=TREE11
39072=TIBTRE02
40027=TREE05
40032=TREE09
41086=TREE06
41088=TREE07
42029=TREE02
42063=TREE12
43033=TREE11
44052=TREE10
44077=TREE10
45042=TREE12
48054=TREE03
49064=TREE08
49067=TREE07
50036=TREE03
50052=TREE02
51031=TREE08
53012=TREE14
53033=TREE05
53041=TREE06
53054=TREE07
53064=TREE08
53067=TREE05
53098=TIBTRE02
54030=TREE07
54045=TREE13
55041=TREE07
55054=TREE06
56033=TREE04
56052=TREE08
57012=TREE10
58016=TREE07
59010=TREE13
59012=TREE12
59014=TREE11
59105=TREE08
60020=TREE14
60025=TREE05
61013=TREE08
61097=TREE01
62093=TREE02
63076=TREE08
63083=TREE04
63096=TREE03
64019=TIBTRE02
65031=TREE12
65036=TREE11
66070=TREE02
66072=TREE04
67049=TREE06
68083=TREE02
68090=TREE03
68094=TREE12
69039=TREE08
69071=TREE11
69075=TREE10
70082=TREE11
71033=TIBTRE02
71088=TREE07
72085=TREE06
72091=TREE11
73038=TREE14
73052=TREE14
73073=TREE13
75052=TREE10
75083=TREE05
75090=TREE10
76030=TREE13
76043=TIBTRE02
76050=TREE13
76077=TREE11
76087=TREE08
78030=TREE14
78032=TREE12
79049=TREE08
80077=TREE12
80084=TREE04
81073=TREE07
82047=TREE11
82068=TREE11
83049=TREE12
83073=TREE08
84038=TREE14
86077=TREE05
88076=TREE08
89042=TREE06
89044=TREE05
90069=TREE15
91044=TREE03
92070=TREE12
93068=TREE13
95048=TREE10
96050=TREE08
98050=TREE07
99056=TIBTRE02

[Triggers]
05BD9DEC=Neutral,<none>,@Sounds,0,1,1,1,0

[Waypoints]
0=90056
1=54086
26=71052
27=54052
28=52064
29=63034
30=37059
31=43039
699=56057
700=99094

[YuriCountry]
IQ=0
Color=DarkRed
Allies=YuriCountry
Country=YuriCountry
Credits=0
NodeCount=0
TechLevel=1
PercentBuilt=0
PlayerControl=no



[Digest]
1=O+3ojg59v75Yoa/F51euWQIMMBw=

