; Map created with FinalAlert 2(tm) Mission Editor
; Get it at http://www.westwood.com
; note that all comments were truncated

[Header]
Width=65
Height=55
StartX=223
StartY=43
Waypoint1=282,64
Waypoint2=229,76
Waypoint3=0,0
Waypoint4=0,0
Waypoint5=0,0
Waypoint6=0,0
Waypoint7=0,0
Waypoint8=0,0
NumberStartingPoints=2

[FAYARD]
TechLevel=11

[GAYARD]
TechLevel=11

[INPURPLAMP]
LightRedTint=0.25
LightBlueTint=0.25
LightGreenTint=0.01
LightIntensity=0.01
LightVisibility=1000

[NAYARD]
TechLevel=11

[YAYARD]
TechLevel=11


[Preview]
Size=0,0,136,60

[PreviewPack]
1=6xAAIATVs23Vs2zVaAAAGG23omW6pWXYs2zdtm7dtm7etWvOs3lzfmNxfmVUXlxCRFlAQ1
2=lBRFlCRWgABEFEWUFDWUJ1AFjQAogDLYwAeAG5BEQs7ACQBQAJQkVZTU9Z1rZ547544sKE
3=5r9y5bxy3LZu575wTAGtENyQEQAY3bdu2LNs2LJs2bdv6sZ+6cZ+1bNsqJZZoZVRopRPs6
4=BitaJkoJFVxadlXAJDAdWzbVAaAAXFmU3QrGbJnlXTr2nJn1bZt2/gv3LXtWgDfAIFn1XJ
5=oFbmvW9sAYwEAAzFp2fJnlW1omScklKilE+aj1KbkFKnlFejklaolllYAUANXAsnLAADvJ
6=tiwZ5krA0P17Jt1bNt17Jt47lt575w5bxyvAJYKAbmv3Lmv3LnvnC8GjwsAAbmv3LhunCZ
7=f0qYB2oVmZFkEacdzKtoJzQBLXUGQaA09C14NJIsQEOAN/wCNkQGJ7wACUdMWLulbNu4d+
8=S/ei0UAwPlwHvjwoWVG3GYEwRs1bNst6JlQC6nL+rGfqQsA5mRT6GVUbQnDKeUV9Wzbbai
9=ZcyraNWzbMEun8QvCdazbdWxa86mWbaiZWAxnwLJnlUnLAAM5r1vvKVlmZFPnJJSoZVRvC
10=APopRPxqVnwZ5kvppeo5FVpZRWrg2ckmg2D7ybYqyKVdWzbNGvatCtaNOwa30Ov9QwA9ew
11=a9exbKRKtEs8RAa0Nrg3BsmqZq58RnlmQpgfdDMDn5VUoJFVJ9wHKnQGCH6KaHWAZU9WW0
12=FDbGTZZEV4MT8UBnxrmDe8brQzCXF7X9vAi+DEjeXCf7QYAAHQsG/IrnTcvYDZwIzbwIvh
13=wYTXcB0NbcKoZ6ORVaKUT9WzbcyjWFsrzqZZTBYnbAtMAYsAbJmRbAQJ5r1v5r1v069pxZ
14=hNaAAAAplNtqJj1bNts59jo5JWxadlyZ5VJ4wAKiwAJ5QHW3CbkFKsCkhvXA4JvJxjyadl
15=o5FVw6JopDUABtWzbNKwa8CdW8qmY9KuatWzbdi0bt22b6cs4bpwkRdsfGgFsWzftWvftW
16=snPAWsBEQ1vAKoAydQAEOCxZxaKnQGrEZDdt23bqSbKiQOBdW3fFlkXkNHiJm1M0MxNBN0
17=MPwCLRwNpDIqBBMACeHAgeXAe9nAjOHAgcatc3mOaIGFY4aKZ5mba2g2h5vYsmyghViIAu
18=DAcs6vc5iflVQqbAsCs6Bis59wL0BYAsmfVrylKH8NyZ5VvxqnlFe4MTAXALWiZCeMDEBh
19=vAUPs6BixqVnvpxgwqFhw6Fj1rFsRClWJ9axdC0J1bJt0a1pxKBd07Brp1ndtm8tdAa8BU
20=gGMEQGqGMnXAasBPQ5bGS0Mw6/h0bOjkebgkyollmmlFegkHxTBaCRVdaybty1bKYABee+
21=c9S2dc22e1ZgXVVeX2t4Y01VXEJFYMcgA+wMJzwaAAZITVnBqnHfvHvkv3rQsG95jmhcaF
22=+Lj2sn7AwDz7eD1rl+rM1EgCfEBFcktqJlecTAeMQIqJZZqJZZn5VUopR0ma8BxadlJ0QS
23=XMJ4lIzHQjqgkdSWA8mgVtCsZrxopDisB7wItKUJrIpVppRXwZ9kuZdgSAABwZ5k1+xeBe
24=G6cN63cNexaCcFx6Rg0rBq1LFkmFwCtzDftWtsZOzNNkQGNl8A5bxxpHRYQAAJ1rFr6cZ+
25=yKZetZNan3RGlnlCoIVNjnRFgmxDTM0Dzq9srZhbQAEM3rVr4b144b9+3sCGv6ltJ+wM1D
26=PsZC0MGtQ2iP+nnnF7YCcXBsKsc0BkA9a5fuO+eEhmKrQCJ+QRpCa/WcWnZSd/GdWzbCq0
27=EVRIo2HTr2knLABAmgmzn2PgvG/iwXnMq2gq1BIqLwCbkFKmlaCQeLi/VrybYkhjJAQiVC
28=0nHBy8JgnIpWLOqmXUsWvWsm6knqyLAdu2btoiKCVwa6Q1rGEgCSwAlAl/Pnh4eI0BbFQz
29=SBgkzCMPs3xHb1k9knVFh2w+2rNs2LRut+retWsq7Ay4LnDOhJsnpBJ0mazKKk4NRFknvA
30=wqFwbkwX8nRAYD47lt5bxyrMEDnJJS1rFspB2s379lzqZZSI2kNaSYaGOU+VQwKiwApDVX
31=M+PCeycsACogAAa1omSllFawnmBXML6lZidcDCoUBiKMKiNMKIjGIugldKUCpWHQrWm8Jg
32=HWsWvX/BRUNnwFI0wrIAlEBrQ/vAVQCw/hunDVs23WsWzZs2zZs23PrWoi+CcCn2Tqxn60
33=MwzNl1WDYjlwXTuRe0qZkU9cvCcEAQO+r31xg2ncMqgwlABwYoABIiAtIiwtKAwaagNDWS
34=q8DAnnvnDkvXSPj2mLj2ukNaxVAqORVdmzxP5E9VwUAuW8cdiyImwmJ7wMJDwmpI9PGcme
35=VSSEIFwFJywMqTDMI7cgy6JYLQQTJ+wAQIJYygOsilXjuW0ksCqJMGxQiSfUEogweFgK1b
36=Nsz61ozKllzKhl1JDLJ48A27ZuJ5wCVDO0sbQtM7wMKvQHJ2QKUQ7WjKOkAqEi2SLwL3cP
37=vppeJwcEpHZEROm/sMWnZagzA9S3f822eyqMMwNSWlzHrnJLnFFZXC28DCccDSeELGT+Bb
38=101bVzwqxzSMwDW2de3Lt7cQLCKOwMJJwmtBusza5b4MAkgDB/FKCQVUhLvy/Tr2lAAbx6
39=A8mfVr6lZlgBAua9b9++eE+sASM5M1UkXDMk/CakmFQtJ2Ur5yIMMiiULgbUsm3MqmbRrm
40=lYUkwNB9SybNCtadGtadN0J2wQTGRsyozQtP8kJCBUnydcADB0BqAuvA4q1gbVsygMFAXc
41=tm68m2Ldt3UArCJYLgRtxqVou5pgIvwjCK5owJ1crn5Lk3xNJ3o1uqV0M6A0ABXOs3l+g2
42=HZun3jvnjkv3y+r313hmdWYF1CRVlLUllwgWRPVlxBQ1gnbCYqhCwAA+e+cOLBgePDheTB
43=f+O+eOa/cvr6AKgAJywATwTCqGeweqT4tpnXtSLAMrQttABQsALiwXmjkSIYLCc0E1ACr3
44=/jvnC4BLcAwqhnp/u7m2MnjBisH4pjbNqMiKwBCdGtaNKwa9CuadSwarQwJ1QLZC+U/APf
45=tWvhunC0rkwEJywMvM4q5AUqLACsKCrUBid0ACcsIVO5w6+IQO4Gw6+IxrKNwZ5kJwQEBn
46=9bNIxoO5mRT7xTWruZkSKsPVR1pQvkjMSvAc22eyc3H8uwdCdMDVQzKnwZKuQCrDE5FAAq
47=DAsGsJ5g6sZ+48J7J6gFJxcG48J7QzHiwXkk/D6rMNOvaVwCJ4wARCmmtsOhImgtAAPHpW
48=LJpWHVs2zMqmaqhkung0bNqWVYMQPFpGLGo2BELEwBiAABbNSxayoWOd23xf7VhFwwRwba
49=s2wzRAO0MCe8DLyVJOcs5r9yrKm0Mwfctm7et3DTsm944wCzqp6oZrBNDLCETM6OR3xlP4
50=NjOZR8SlxWJ0QtInYqv3KvrLaiYy2kBrwLbGomZDoqfBmklTPwAipQACfkAgPXsGu8pWUk
51=JC9+Dr1vKBUGn9eT475wKpcftqJlrAQCvppeyZ5wnoktbFBfABrMqWXNqWTJpWK3lFPHol
52=7Jo1+2kFG7llTIpWDNqGOsh0q5llTOrGfTsGrVsi4UOSQEMXRmJjwmWApMH7SuOVwDJywD
53=tDO8I6wBJHxAJ0QAI8wsfKRXoruphqQzC72ukdaxbL+cYcOhZcOhInQqojSSaCKQJgODYj
54=mMc0VEESIsPCMEQ0SbQG0kHCVmJr9yrGdcwkABrw3Vt3wnxBO0/LwCKggGOS4A5bwiUDkj
55=8D4rpEUqFwbgvG8nHA1Mwb5l5r1wAickBQfQrmrTsW3UsWzRI0AlJJ0+2SJwKyUIJLwabC
56=5kyCj0HwXJpWLNq2fRryXMMlxuRCZZW9YjpDknLCeQa3wpOSwDLXQGJ+wMTChACid0ACP4
57=IdQSCcS2m8OviLStoruulk9M4bpwtAYkJCC0MwPIlFPAikwnrEAn7AwknEq0MwO6pWXet3
58=C08CqtAeSEnqQyvEQ5/AKoAydHHtiybCeEOKT4JIc4475weJQjFjmsiiJgJidEBrD1iC0K
59=bMypZsmlYdGtadCtaCdcAALctW28nGjMQAEB3LZu24gAJA8y27ZurB94BwiybdKwas+rZ8
60=+rZ6QyhQhsJ1QLrBwnvACkFzkUAKwfJxwEJ5wFJ0QAJ3QGrLgDxrGIxLabI6kmbaxALbcC
61=48J7JJRGJKxAAALTsmzBjEyKcUGrkFXjw33iwn2jkXiFJNcqp5RXXBdLZt61ay0lAuYpDF
62=k5/AInpAMCtaJkrZgihDskVCykL3QzJrxLpAKZVWxUmVwOrAFXrtCtaVDFA82qZdCsZyfO
63=KdWzbGG8CwO+ml68m2InvABUJK8W37VrJ+QFTNAH1LFrxKFfzapl1YxkJ0wNZEcpzDKsCj
64=lQAyrMBSosAAPlvHHctW1cobQPhDIk8CkijzCzqp6kFCKOP7pwJ0wuVAak/lxiaCQjXDAP
65=17VttJJP17ZvwZtZ0LBt6MV6rGpUNpAIZHpQj0ANpEEqZBNENSI0NyM8I0wBJ4cC+voAJy
66=wAjRNxpEEL1bNs07JsooBKmHlI0K0i1EWsMbQAJA8y1rFrIyw2B2nOqmbSr2nRrmmZEGx4
67=xCYUMKQyvLkk2FC09gOsilXXsWy0KkwEKiwzkAhsGQHEoF3SIlQmbAFcaC30H6wcTBY5UA
68=aJCWw2nCa0A7QPtwnXsGtIpafX2bNsKgwIZHcjfC4D2LJspZRWJxwxJ5RGRGUnNDpUJyTs
69=MyRAXid/ZOO5bSOEOCKcZZ1QciRMWEzTZEQjTD10NiacIyI+aLdutKIkdF0ABpWAToRwQn
70=9oO66LTtWxaMShWtazZ+a9b6zEdFcJsm7Nq2e2kVG9mFfNgI5IJ4gAJZw+Ni8Au5pgJ4QF
71=pCa8IEQsKrwMB9WybcajYMilYtVozytMAayLnAUotC82dAYnPAW0UVBWvIlcI1Un1yaMVL
72=QDtDMivjCwjirUBifUACeEAkuErZhbJxUt2SnEaid0BgzgwHLbu3WrkV3NrGiflVRIBr4I
73=3LYisFokLWOjI9RprQGzI4RrMCwATHMM1bNtmoJQiGc5im1BsYxQJH4lrIoinDK8FEx/TA
74=QK0q9qyKRhwZ1bxJ9d2SMcQzYUBjlfALybYrT5TCIIxqVoxqVow6FjwZ8iCGy8cQPIpGHQ
75=rWi8DiQERifcBCePD9ewazZHBvr6AKwHtD8nbA5QI7wIQAGsNCc0AUQRKuQOXGUnBBMnjA
76=DsaihURLSWVDwnTDEM4sF527x0lXE8f2Y8qIlUKq9A5bxxJ98Z2LRutKIkHEyuDaCQKARG
77=D6eUV5B6Sot0T7qMVc+TT7OMULyVJHwltBtUMwPGpGHKp2N3+axn0PSWpDWsBEwTCYprPH
78=phOY1zQoxsPJAC1JAqLAAGxqVovZxgwJxhVTDd9P/wzvwFBrJtt5RUv5pY1CyMcid8BKwo
79=pCw5aAYqRAwn/DikqioEE7QJM6QGJ8QNZIwi/Ed0kFR1KkUD6iY8TUwKJ2QTA8WnYamMUi
80=cEYSf1E9ophBQD17BrqJZZJJxKpCkDel02eF44ROwIdGE/p4RHr35Ky5J4MSQwNVT5hK3U
81=QgfHpWPBnFrOq2fRgFgzjAwGjnM+zaZcyJ9VRJVMGbzUAAZ4YTxvUzGUeEiXekh9XTF0XT
82=aUe0aJZzu8aKwNTwHdt24iIGwBn2TXsSLMJr8LyaVhJ/QHTAQndDx2rrZupDKsJTNcBieU
83=fKwuvAUqLACAK9TPJzQNCOa/cua/cue+cOe+EQAAdBIAIAAccOa/ct22bt61a9y2bt63cN
84=WzbdWzbOO5bdWzbdi0bt22b9iybNeybeG6cNewa2gDAFDCe86vbLaiY+nGfuC8b+PCe+O+
85=cOLBecalYVlGLnhdONWzbJqPUpuQUqeUV8yraN23bsKoZ6ORVaOSVpB6Sot0T7qMVZ1sPs
86=aiWeC8b+LBebB1P+a9b7ybYqyKVdaxa8GeZKwQAAXctW3TsWy6llbQrGjQrGjWsWzlvHLc
87=tmgSgAR8FFwRABKLajjZt2/gwHLOplnFmE3JnlXTr2mjkVWtmFvNplzIn1XFp2dAFgAGpp
88=RXoJBVuqVlhWs9nIBKhmE01bNsvZxgiAkKbMSkZr6cYMGeZL6aXmwfABGybb2ZWMqnY9Wx
89=a7ycY9eybeO5bdiybNWzbdexbN+1a922byqsBAH6+gDdjyj6+gBPAeW8cZAFCmzmv3Lmv3
90=LnvnDnvnAqLABwKQKybdeybSp0AEwEtzDdtm5gBJYt4bpgB0oD1rF0MLQMUCCYFmYg47lo
91=MwPbtm7as2xHGqWUVifkBQAGzKNYvqVmxadnupNTjnRFb1k9lnlCoJBVTAcAA5WAToRwQp
92=l/SpWATrGMUKl4RcuSUHQwC5xjyadl475w48J72bNtTC4B1bNs12QvxBoAA8elY7WSUsej
93=Yb6ZWNWzbdaybty1bUAiTAqIAGwQAAOSdE+KbTOcf0qfgU3qxn7fvnHLolhQC18RtqJlSE
94=ID1bFr1rNtUDIACbaiY8WZTc2mXMWYTcWZTbCeYJh6Q5h9SIZmPF8Oz61qvQvZKQwCA8ml
95=Yc2qZqwNA8OhZdu2bqwoA922b9u2bicfBNexbCcPBeW8cr8F3rVrJ1QLSyrmv3KkSiosAK
96=w9A9+1a+a/cicEAScUBrwCJ9cA4bpwJ68H5bxxtQzXhDsnXwDhunC/CKORVVwpvAKsZwnq
97=xn7pxn6fdEbUk0u8XwOrdT6xjFC8Ylth5r1vrwq8m2JQca0B2GA9e3PVs2xMAQjNrGi9mV
98=jQrGfQq7gidEJEQSd0BohRCm1tWjp+aEKZf0a8nGNDMc6mWUsA1rNtJ2wOBs2mXNazbdWx
99=a0hmABWllFaollmflVTMq2jJnlW8pWWZkU+zoGKagEqTYTmvdj+silW8m2KsJbRRCLSRUs
100=SgXtSwa9eyzBNdd9spJAsqtAUH5bxywrCOxrWV2oQ7pjjnvrCPfBekNbwd7AE3NA0qZA0n
101=hA60CbR1Atewa9axeAdEcaxVUyndtm+8PrQPtBgB1rFs2XgrAWzjwnu8OKQ1tpzmvXidvA
102=JyL7RupBREngADyqhlq4dJrIdKxqNhw6BewJ1a0KtmQJdADSeMAIABdBu0M5gBBGyDZkiZ
103=e0knBhOzn9QzD8ifVcyjWLOfY6OSVrqlZbeiZVOqs6BiXGUDpZRWrZhbXGgMxZlNppRXlH
104=tHkX5FgFcuTB8Jz61qvJtiyadl5bxxpEoDxKBd0rBqvwLQrWonHAQD3bZv3bZuJyQLUBED
105=vbKewa+MpDID3bdu2LNsTCIG3bduw6+IxrKNvAKsJQHXsGvX/CknDAhIk7QDtCpbAd61a6
106=wBtAx0CXS3b83nvnAqVA4nBAdMBFQYtjbnvmBnA4QAhIQAhFQ2J7wAKvYE1rFkeifUBlQY
107=iAANbNexbcekYsegW9GuacmkYlCGvwLSrmknBBC8YrwCKkwBRI8Mn4FItaJknJJSzKto4L
108=9yJ3cGt6JlvMgBo5JW1exnDKKUT6CRVdCsZsmfVtOvaWABjNAAFsWnZ5uCT7eGS6hxPdWz
109=bNaybsOiaMGfZNexbdWybcajYMilYtWxa9lg7nRCpLm8JlQzfHcLsWzWsWuyrJ/Wsm7/AA
110=CoAAy/taO3rp2/sJayqpuzqp69F96clSr8BUXj2/w7tJa0kEQdJyQFpGtIQpsobN23KD8L
111=2LRup3TetWtUnCdXAt22bqQyLRQAB9WybMyqZcekYc4pFhLYsytMAQnDoF7KpmLSr2rSrW
112=cnlAdMcwjGpWi/nGHDoWXctaiHdCEP1bNslHE9mXxHnntGj3NCjnM+rGEDnJJSoJFVpDID
113=17Vt6sZ+r3PiwXmozAPOplnXtW1ApreosJ5gJ1QgAAvJn1bOr2ygkVXFp2V/XTTGpWfGpW
114=jDoWPCoWHDorCnBGzIpGHQrWi0KkwltDAD2bNsxrWVJ4QXXAID5bxx07JvpDIqFwDWsWwo
115=DhqybbwmtGC8L6xbXFknBAS0A6cF17BrKsQQRDi/AtmzbCddANqMAQa8sqC4rZvBr4xUM6
116=zKLUQGJzgATE8AAs6sZ8+sZ8qmY9Owa9KvatSybdSxYLUIyqhkroxOwZ1c0q4ifCW0fk8T
117=5bxyrFVUSCdkBFwIJxQGA8yraL6lZqQsDKORVeC8b+C/cte1bbCeYCpHBs6vbKSVA+DAcr
118=ylZacvyZ9WJ48A5r1vJ7wMCqORVZd9SaeFTMaTUMAlEChkQQq+ml7LqWXFoV7SrmrVnH20
119=M69e3rdwYGoCs2zCsI68Ak9/t7CfJ1AGTAG/ZdCyeCoEByfMEayRTE9ILSoEDbw1VB6E1y
120=X8Iyp8ByccDUQOWKC/Prmqj5gQZxfetWsnFAYwIQB4gAABxrKN0ZCSQF4G1LBq0a9qwp5b
121=WDQJwp1auZZWwJtbx6RhXE0nTAECwJ5kxqUofwqLaji8vAOjkVXmvW+koST8JiTsJwPgwH
122=LCqGdKA+a9IrMtvqVmJ+4MzKMiCCdIPKwHJ4wAJ1QvRAIMtqJljnRCTToomHVGz61qmBAi
123=jCcABselY8GcWs6rZ9GtaNGvas6raMypZb6aXoAEbB8qzgLXsSIkKac1taydZDIFsJ+yqp
124=u/sJYnNBYjcDElxDGkYqwxtACkmKwBKnQATDcqxAEq5Cwn5A5BHNsjaDO+RNay1JxD3IQA
125=hKzTtDOAMisTAMO4oid/Ac2pZSdMAQ/Am1nCn13MqWXTsGrVs2zBn2SYBGQjJKAlAp+BTc
126=WneC5CQ+O5Iocs4bpwJHQwREpYNLRLA+O+cMyjWCQMJgO6pWXqxn6/aOnGflAvJwsAtqJl
127=rG0PrIpVxJxYRz8ziF85dVw5y6taJ9wBKqw0J5wCB9CtaMCdWsajX9MjNDFM1gPSsGvMqG
128=NUgSe8DKQ1A7+1o7ixpUzKBru0qLOqntCyeERiKowSKiwAXoPjuSLwMjNEBidcDCNIMiiN
129=MOUm1yfYs2wn9DS0D7YY1rEinCa0kKTgVBIrPAYpMABYeQzVs2zSsWvRr2rTsGvjuW0ndw
130=/Kp2JEIAPOq2XJo1y8CwaLajiVe0WbgEsntBFUM7gxMBcA4bpwrHkk7CekMiKAOezHRJgn
131=TA0kTCikNQmkiFGykFG/kk7OrmdMEzasNCicAgumY86taNOxbNSwatSxayK8OSIwIHdI1b
132=NtJPw1BrKsn7ewn7SnkUNnv7CWUPWsLrS0vCakobwCvMstjAxEmFOb3rVrLSw/mAcvtA4l
133=AC9+AruuZHQDxrGIxLabpClEMga4saW4rZu0p5EpNAbIAQy/sJbCoV/Oq2fQrmrRrWgnrA
134=1MByd8MQ/KpVvLpFilekbGnlqOdESzn2NwMgWfVua9b9eybTA4Bi1HAN63cKSYA86mWdm3
135=byQMNaSYA7qWVdq1aawxv2XjvnC4AVSfBtq0adCuabyYViSsNCcMDkwTXGIktCOsAZgiZP
136=4njAxU/3xfIxxARC9USyRkOlvBs6qerAFcAifkC2Se/IxbLuW8cTC8DKSARA4nPAiMWCWs
137=OqQOpBG8aA/Tsm+yrJ/Br4zGsYi1p4++sZpPB7Wnj6xDA7ixpbOqnqxGR567qYaoMgu9rp
138=HNq2fAnFrRrWjQrCLcJawKW83Mo1hLAM6mWSSsMawBA7yTTdCuaCTkRCrsJFxZLSAGMzoA
139=4L94zVgxA7OgYuPCeyS8PwnCn12YeUeykU/QrWMqvAxEPgPPrWjWs25WqM2qdKusE5wgJT
140=Q9TByQAnRRXxrDr4i0k7wCJMwyTAEq7Cp0MyPkLFwCbAEjjkLXsCinLdaxayf8MrxiLbwM
141=JxwHpC+AEHRyXFknxAGQAtQSdjCtopFlbCosAAG3rp3YIw9N3bZvJywJVBgIy6llyKRg0K
142=xozqsrRAYF2rJoz6ZezqQibD4nvwzOpllIM0kAziPMPiKoRCO0RAPJn1a+pWa8yzMsBidQ
143=ALRCKjQTD6CQVZyDT7yTUbJ1PZd7Sr2bVJgZBWzjvnDRr2rQUJL8xbx9BMayjcOviLeU9g
144=PGso28sqC/Bb6xmicsAERNkAJsIioXJNaxayfsKkQyJ2wFTAFsaiM8TSpEOUz6jQRsSDOs
145=mip1BtdgEySYMGQyRAinFLKqmyf0AaQLMEYPrIoi7EukJi1EBgTQrWnGo1/PIz8jvJxjiA
146=ncCw7Ys2zYsm3oxH3No1fMo1nOpNxlJN8l4MByaDMjR1TFmU0nrDFNAd0mtDsnIAYwIwC+
147=pWZ4B4Q7Kq8lvJxjSL0P1rFrrIpV0rBrwJ1byqZj0q5qUBe8gFCwoHy3ALewnydfDMixhb
148=wXiIQHbcixhbmqj8GvjJACdjPXsnDymAEipDwqdVfZYNBsBFT/J/0F3IAZ/JV0Ay00E5w1
149=fAIjiSVtpBQDsqqbt66dtAyIYyvUBrQbTGEioDEj3FVEjCdUIAm+ml7KqGTBnVvRrWikgw
150=TBn2S5l2DQIwgqA5RxPYRnOV8Fl3tHp4zXsmxiAaNYLTcT17VtJ2w+A8mgVtCsZnlnmSJv
151=Jt23biSELLAyJNQhA/r6ANi0bmoJq2gqzDIDiG1Ay6taJwwCJ8w1A8WhX8+taVAyQyLWsW
152=ysMTAUACekVy33Ctaybid0Bip8ECOcUCWsWydkE23KsXBiAd61a98pVD6sASRUSja8DEBw
153=Bt22b9mzbLSnkbd4w7iiKiwVJwwvVConFAZMASdUAgesilXQrmmwjk++IrFRaEiKAsalZ8
154=CecDJMcAmfgUiTdUCRdUSQdUasx0jAKgQTKiQ4SEIkd0XFp2V4MZSZX2XWs22sB0wBJ0xY
155=TBBYNL4Co5EoTEwMo5JWmnxKx59ZyJtawJ5kSFokJC8iBEkJsm23lFS/mljUsm3bIgxEIu
156=82taydKlwGJMAvLRUA1yOcUCScMq2I1iY8UEwWiAAlZGSsASS8KiSsKFwFJ6QGTBYndDm0
157=Ejb8MkZrxrHfqrixpSfQOrSZpJgkDC8DwqBdy6djVgzVsyJwQ4iZCmzFo2DDnlvQq2bHo2
158=EqJDUJwZ5kuJBWxIdLhmo/J0RRJL1XzCmMDAO3omW6pWVULSocJQallFahlVGilE9oAyY/
159=ZdWxayekBgGsilXWJwwCIyRfJPwyZDIJglCzjFDLklC6jFXZ7AREiZglfIMByaVh0Ca0Oy
160=KdZbPMggO9rpG7qYYtOAYnOACYB9SxJHwrvCmsK6xqrHC8yCcEB1x0U5jetWskBGEqdAy0
161=D7QJKnwZlc9xtHIqRAYnaAYk3DEnlFsJwp5bvZpZw6Bdx6NgXD4qXDwqFA8ABMOiaL6cYM
162=KhYcmnZYFgOZN0RJN8TeApVEQkfDEnd1GtmFsk4CoD069p4L9yvmWckiJYbbQhJAwyJJQr
163=JJRetDAAC8WnZaCFTdSTS6VxPXthO5h+SpF7TbB1P69+StexIjhOmNkDbNWybc+tIsw+AA
164=rKqGTAnly6lVW/mlrIpGHBn124lFPBnFvPrGfUI8BrUBpAKCcsBi0gACNsaGSVXG5ILSeE
165=BZAUZD5EViOcWWxwTAEiPCbtauYs/GWsB1AIJ9xYpAIqdAakdKfRtaydJ1AGJCRBtDkkpG
166=yAEAxsxKBds5FRuJRUw55d0Kwi2ES8RAndtm/Dome9nGDAnGEi9k+hZCTvb65+SyosDCdc
167=SyQ8Pqb+474iADIn3zGmlFekNSQEUqwBJJQrJ5RtKhQGKtwxXL+8FFAsJyQ7AtGuadCuaB
168=Uiii6oY7jfSCcDzall0q9qvAUjOD8EbdSybdGvai1EBlSxrxzctm4nbCZMcC1sRKXC3zhE
169=bHwII2wmvC9EFCdME4xkJZwyJOw5pHGcAs9nv7CWJ4wtJCRfJ5wUJ48hv5pYKoxLuHZ4iy
170=McQLQ8XA4MyKBdyKZes3xHgmxD48J7tDBfZb6lZrct4sF5QGGkMgOwnmDjwntLxsWnZ0Y1
171=t6Io1FEMvJtimoJQiGc5im1BsYxQpClAKyelA9wjAHG4EFwOKiQ7J7wbJKhHrBCsByosAK
172=wKBNKvasyqZtIjrFWsBAHQrmnPIvA1InBYJ3wBJx0E4yMsRSfkC3wRI6Q5XCkuLAApRAa0
173=YyfkBSd0BiSMP7QDxAiUBipsWQfetWvmv3LhunDXEQAAMRGgHwAEsGvVs2zmv3Lmv3Lnvn
174=DXsGvVs23XsmgAAGvAm1nBnly4lFTCnVrVs2zXsWzdt27Ys2znvnDhunDbtm7as2y7mmC1
175=k1rJqmaufEZ5ZkK+pWaghU2Zf0rjvnC3omWmlFegkFW6pWXqxn7jwnvjvnDiwXngvG/qxn
176=7pxn6gkFXmvW+2omXMq2iIbUCzjFDVs23Vs2zWsWvWsWgSXBEAB9+1a+W8ccyqZs+sZ9Wz
177=bNCuacCeW9KuadB4AQpt1rJu3LVt2LJsxqVorwfVs2yAAXwINiwAA86rZ9CuaZgEBGzMqG
178=PSr2qsAbwFBtexbN+1a9ewa1wdA+W8cdiybEsS5r9yvB2uAeG6oCVwFAbdtm7etWvnvnAn
179=DwXnvnBPFty1bWQplAmkJqQshRpypQ7edBvNAdqEF7QPA9y2bt23biePAOa/cickApACdB
180=sAC86qZ7aRULuXVsilYdWzbMOiaL2cYMCcYcmnZeG6YDQAGNewa76aXsWcWsalaLuaYM+T
181=T5NwP7yBRJ1sPnheOKCFTZNwP5uCTKyKVSfUBgAFrIpV48J7wqhno5FVo5JWmnxKx59ZyJ
182=sr9AesEwnSsGrCn166l1jNq2eIEgFszqtmXB0Gz61qvJtiyadlkAJ8FFQqCc2mXNazbdWx
183=a8ifVS0sAAPFmE3FmU1MBCq+ANKwYUDZYCJ0Obc83bZvKkwEA9WzbdaxbK8E3bZuJxYG5b
184=zcKaQ1J1wAVDMC3rdw17FwMlsl47ltVConPAtMAQPlvHLctm68Pid8BwzVs23YtG7dtm/c
185=tm7et3CQFHxTRB2kNUw9JywAiEUPbbybYqyKVb+aWMOgXtGuatWyfQXX/FmkQSc2B8OicC
186=YG1bNsrIpVvJtivAsPzo5H05pSvJxjyadlypRQoIVNJ9QGDJh+SpF7TbB1P69+SteybeQa
187=dCQJy6lmwqBex6RixaFepD4tVAWQC8QyAAbMo1iKajmRdUSKdUiKazx6YTmNc0KMbDwqLA
188=BoMyl0BrwaV1rdt26sASp+AdaxfGUntAUnBAq0MKRfXnTWstRavAIqnAWkCCdkBCdUBSqE
189=BQPnvnD6+gAwCQDZlJOkOH5Ttm6kDirWBteyqD8NbcmlYs2oZLybYteybeO5bVwLJ8wIXH
190=EnxAdLkNaxbCfUDwHVs23ZiE64NCfsCSocCiqEBVwXCcekYr6ZWLWPT8ejYIgDZom9nCgs
191=ACosDGQyAAttM5x/SpN1QLeiZZuQUqeUV7qlZbeiZaiWWZ+VVKwBD5qPUrOgYnhhPMWYTc
192=yjWM6mWTZMDQHMq2jXKfwCRFy0M3wjKWwRKqQGTBYnVAsnhBcnRAAqdABUaaQsvJ4wRwb6
193=+gAqvABsAZQtlZ9xtCEnRAZwywuybcajX8+taM+rZ9Sxayd8AbxxvHRGF9Wz3GsC1bNs4b
194=porqzEdDCMwfxrbHkD37Vr4bpwrgfWsWxkCcOgXsOdWsGbWsegW6wQKgwLWHAnFAYPhGc5
195=b1MxlHhIl3pImX9Gs59jpz6gkFWAB99ooZVRpDUDp5RXpZRWJ3QGAAa0kEq7l03BmU3CnV
196=m+pWbNplzIn1W2omMqTA0qTBknLAOkWawrAdy2btvmm9+1bCInNwrlvHGkmKQFtDC8O6wB
197=vAIzXAazAt22bif0DSf8C1Uq2Wjw1BsnLAALz6tny6ll1rRu1bFs2LMiGCCQIHxZKkQGkA
198=JsBzCMAIgDbAekQYg/ZDIIz61ovZpaupRRyqbUn6QyJ2wLCcyjWH9oNpuAS5l/RipEISec
199=DipfGMWnZ1g0vxqgkFVIt7wOD6ORVa2YW8yqZL+bUbGDRcKaT2AxAplN1bFrYAGUnA/Mq2
200=jJnlW8pWWZkU+6pWXdt25AN0AKTIInfASMAQRxwrCOxrWVXRTdgDSB92wnjACkL7QwpBGs
201=nb8C3LZuvC85FACMZNXY2oSbrwfYsmxMvicsAEQvD9SybMOgXs2qZdeybcmnY8GeXVQSRJ
202=UqLAABxaRixnyPdC20IQLTr2rUs3igABXGoV7MqWXGo2G9mVjFn13PrGfPrWi4llauiUy7
203=llW7llTBn2S5l2C0+aQyD86mWZRxPZB1RpV7TJV7RbWiZGIrq2gkzCazGt+1a6MB+voAKj
204=wLrCK8FyqcKVxuCbSUScmfVcmgVtOvaSdEBlZRyZ4icCIGxadnxZlNppRXvM4C1rFr2LTM
205=0KD6JLwqrB8Gv7WjuLGl0LJ4JwwRvPK0DyqMGCe8DCf0DSfYAjAgAFAFJ+UC1ykmLOW815
206=njuW0nLABYWwAGvZlZv5xZyaRfs49Qso1OyqdjyKNfpoJFKiwABbmWVM6sZ9OwIpEg1CKc
207=KWxnA86rZs2qZielBtIjQC4G1bNsyqRhy6djKgwaJ0QGA4tqOLeiZVBWRCAqRwbXsWwwIA
208=MtRAAnlAS/I+e+cFglWF4Jzq9soJFVxadlyZ9WKkQGAA7FmE3ImE7KnFLKnVPQrGbJnlXT
209=r2m2omO3omWhlVGilGxnJ98cvppegBl8GgO5qo+0raKaAWzehLO8KbQArLtRd9kj1CcqVA
210=ItwAIqOACs0yq8DEQgiAxkDoBzKIwwTGQG0a9qxKBdyKRgJ2QTKrwAMCwAJ14J17Io3BlI
211=ySdMGScsAFSQXHEqRAasVQOZkU+bkFK/AsifVUBDQUneI7wwKiADMywApDInxAonJyCckl
212=Jc3STcNAAGxZlNmnA+yJdNx5hOx5dO5r1v2LJs2LFrVzbVs20kJC8DopRPoZVRJC82xadl
213=IiQgIxw3BNiybMOviHiDAMayjaez47ltTzHdtm6057QztM+sAbQSM8ACKlAAJwQHpH0nZA
214=cndAYqtwXRrWkjfDd0NiIxILF4qSQ0LicMF6R9mAcitCyAAdwFKiwAJHgmUAtQhid8JQTO
215=plmSdE+KI3wlAAmfgU28pWWllFawnmDgwHK+pWbmvW/mvW/Tr2kq/AI5LAAnHwTCqGekUA
216=PZs2yollmnLKKUT1wRDLWiZJySUrqlZdizbc6vbEBkA5d7RtCsZmhpL7wzVDkMxqVnwJ5k
217=yadlvJti07JvjDLTANCyeEShJ4wSrE+sNCckAie0BTaELLgZKrwAJ1wJJ1Q1UCasQFRUJK
218=49z6wiMybUsWtEAifcCgXGpWjDoWS6l8zNppK+miLQMQO/nGHDoWVQHSo0EEFhzCakKgAJ
219=zKNYy6dfyqVbyaNcto9Nh2c4jnREmX9GzaZcJ2cEpZRWtjPjviLANaQsKkwZrBkwFACkUy
220=qMA6wBKgQKA6CQVaaUV6wKA9axbJqPUrzXJEQtKpQ6Jz8CwZ5kQDqQIwFsu6mGtzK9rpEn
221=BCIjBTFxgQRtpAswvAykETDMAidEAFRyJ0QGdDAj3EBcSif8C7wLBdOxa8ikYc6qKHw9TK
222=wB5bxywYf1u5tjJyVE3CP8QbxQWLgMwZ5ks59jo5JWp5RXqJZZtB68X7QzDs6mWcmlXMuk
223=WLyTTcaeWtm3JZRGA9WzbNazbbzLtPC0IST9Kd0+PCMAD+a/cuO+eNW5guC+feS9dI+PaY
224=uPa+HAgb+scdS5f+O+eC3UBiecC4DBz2d4YTwnNy6EZzloMyPMJqwiQEwi4kK5bSfsAEXC
225=1Sa8Niq0ArQwLccB5r9yJxQGKiAAKkwNkAh0jdQe/KdcYogDIiQsA8ShXs2qZiM0SSI8Sp
226=hkAWO7m2NUOSRURALQrWq8pdTkQ+Waj1Ik7DADo5JWzKNYthjFmSJYNydEBlwCJy8AxKJY
227=pDgDzKto4L9yJKcqopRPWPSsEFQzVPYntzjdt26txN4jPCYq7AMAG+W9dNK0fM2xd3+EYW
228=h0Y1FZXk5WXFNcXVNcXVllXnN9YcGpbWl3YXN9YeO+eCrUBidMBExqJ5wORLZYQyTvM3xf
229=OCp0BlwjKrwSJwwRoBaUAHUq3iN0MyqEAicvAPr6ALxiqDMnXAAnvAwkhDgq3EBLZt22b0
230=jzRnTQrmTLA9KvataxbCS1RMCYeSR0RbxHrGQDnJJSoZVRJAwjrLgJ2bdv4MBy17VttqJl
231=rAEDzqZZzKNYKiwAp+yjklYnrxnXtW0nVzizoGIqzBcqfwHWsm5QJoHEbFgiJ1wDCd27eb
232=6vfXGDaUFEWagAAkJFWUJFKCwAAAlZZV5PVltOVlpMU1pPVlxUXFyamm7CqnXnvnEqdAYB
233=ppRX2SO8QgOflVSaj1JQRAPFp2WPbj4qdAYn/AVcICf8MqSYtG+sATC8DCe0AkxbM4wAJ2
234=UB2CI4J9SiTNYnXAAt3lXBn8+swJxhQFu0MKSVrAEkDCO+ZcWnIj5Z4L9rM6yKVUxhrGQD
235=17Vt4L9ytDNUMCcEEwO2omO1omSvB6eUV1RCA+C8b+LBeSTEN7Q/rA2uZ6KUIswmvBpEiQ
236=AD5cB72cCM4cCB1Ld/d4ZncX1kV2JdpDJpM0TUMwRAQ1lBQ1lCKdQGDGNvX9q5ecGpba+m
237=dN68eSd0Bk70wqgioDoAAtaxa6CQVZR7R5R7RolnO6hxPcmeJHhBfIlcFKzNJOQjpI8n5A
238=VcX1lG3iMkKSpkAT8vANewayf0Ky3NMtImrDFHes+tarxTTAEn5ClfXKWUVqYpnJJ4l4E6
239=bFTqJwYf4MCIMJQzrAEktF8DrIpV6sZ+rAECvppe4L8lhDtMBwzgvG/fvnHLoljmvW/jwn
240=u2nJyScFYkj07YsmxQDqwBAA7ftWvcuHh/km1dal+Lj2vcxpPhw4vlwn/Ps3pZZF5DR3sx
241=QkRZeDGIM6U1QSosAJg0SDkIaXdhVFxceYdi5L8itDgktD4BtqJj2yZsRERHCYVrPZyASo
242=ZhNMWZTSeMA1xlgB9sl4ABIstg37VrJOBgKrw/OewMLaQGvKT0mSL8SiqkBqQOrFWklbyt
243=Viqaj2OXopRPJFwwrwTFp2VMx0hpJDRDAdazbcwjDCakmKwEKh8Zs6BiJ3QGA+nGfua9by
244=e8ACfHEJ+VVFSoJAxKA8yraN63cL8LxadlSFGkUwbZvIR+g2HZun1gxw6/eOe+c9S2dc22
245=e1ZgXUFDWGJkRVorRAacZXA1kDLYNAVEWUpPWpqabifsDCpnH+W8cSRELQPVs2yYekMkL0
246=KKdUgnnAKsJV9W17JtRDKoAC20BazKRJIn5AIqpAa8AjBMGVwCZJ4jdGz0DGxAJJQ3pEFf
247=WaiWWSrUEicvAKCRVSd0EnyznMtEMiekElM1mo9Spzvpxn4nnCZEHSdnE86mWSc3E8WnZU
248=SGtDlMASK0UyM0ale3rZhbJwQTTIUG5cB748KF5MF/KhwECd+8eGhvX0lOWj9CVygKBkNY
249=LtwZqDMBQ1hAQ5pqQ1kw7Ay0PwLXsGutmChnVb6lZqSbCXxfONazbW9TMY9zQrQkVCcq1G
250=YqVAJdntgjz2Xdtm9sBCOsJSokXyRkKyRUaFyzgAp0MEwKKi8AtaJkpi+zoCRoUWwEMKQG
251=JNQ2KkwZA7uaYOrGfr/LzKtoJy8An5VUKgQHaDmXnLaiYyqMACdURLQ5JKct1bNsdDAjjG
252=mkTQ/cuHjNsXfcu3zav4nbwIvhwYQiHDEIvXTVtXPCrHNcaF8ovAwvjAzYZCNUICjhBkTA
253=0KxnA9q5eeW9dGwKBcB72r+J4cCBVzPOr2ysyiQ0YSRUIAOee0aUeEgt9ARkL4xJtBW8O7
254=xfJFwhvAWsTCSsJZAvxNczLgC8pSVEeAGnlFemgPFAW0YswqglDHGsCjDvAODAclzRJ0QS
255=J6wlA86mWbOfY74CyJ8oJCCsZLxoA+DActWzbUTLqAAn7D8qrAEivFomzGgP0rR8f5Jtfo
256=Nhe4JhmZtr4MSNrB8ioGEpvAzIMJjKfGXtZEGoz7gBLCwAJLQgAAJ3eV3cu3t2fV5PVlx2
257=f2Hgwofau3el17BrKtwQBtWzbbeiZbqlZREAAA==

[Basic]
Name=(2) Rock of Egypt
Percent=0
GameMode=standard
HomeCell=98
InitTime=10000
Official=yes
EndOfGame=no
FreeRadar=no
MaxPlayer=2
MinPlayer=2
SkipScore=no
TrainCrate=no
TruckCrate=no
AltHomeCell=99
OneTimeOnly=no
CarryOverCap=0
NewINIFormat=4
NextScenario=
SkipMapSelect=no
CarryOverMoney=0.000000
AltNextScenario=
MultiplayerOnly=1
IceGrowthEnabled=yes
VeinGrowthEnabled=yes
TiberiumGrowthEnabled=yes
IgnoreGlobalAITriggers=no
TiberiumDeathToVisceroid=no

[CellTags]

[IsoMapPack5]
1=cA4AIAFGAAEAgAAFAgBFAAIA//9TAQIARigpAEcoKAACRAADANd4BW8FAwDPqQFGVALJAU
2=coKQBISQHRowRDAARQCksAAgBESQHWtQJFSQHNqQFGKCkARygpAEhJAdChBElIAV0HAEsR
3=QgAFhAFJAUMoKQBESAEnXgEFACdcAScpAEdABNUCSCgpAElIAdEUSkgBgAsCAgBBAAb5HE
4=JIAc0bQygpAERIAdEJRSgpAEYoKQBHKCkASCgpAElIAcEaSkgB1Q1LKCsAQAAHkAJNG0FI
5=AcEaQkgB1Q1DKCkARCgpAEUoKQBGKCkARygpAEgoKQBJKCkASkgB0R9LSAGHDwIATCgrAD
6=8ACJACWRFASAHFP0FIAdkRQigpAEMoKQBEKCkARSgpAEYoKQBHKCkASEkB0u08CP02SlQC
7=wSVLSAGQEGQTJzkCTShUAAI+AAkA2aUIP0gBzQVASAHZJ0FIASe9AgnpDEMoVQBEKCkARS
8=gpAEYoKQBHSAHZEUhIAckMSUgByQxKSAHVGEtIAcFGTEgB3StNSAHZBk4oKwA9AAr9bT5I
9=AdEJP0gBxQhASAHdCkFIAScVAwooFAMnKQBEKIEARSgpAEYoKQBHKCkASEgByQxJSQHUuS
10=dKSQGOqQFLSAHZEUxIAc0QTUgB2QZOSAHNG09IAdeGPAALlBxBRj1IAdUCPkgB0Qk/SAHF
11=KUBIAZEFAl5tCwDBBEJUAtkcQygpAEQoKQBFKCkARkgBxRNHKCkASEgBwRpJSQGMoRpKSQ
12=GFqQFLSQHcqQFMSAHNEE1IAc0QTkgBzRBPSAHZHFBIAc8FOwAMhAFZHDwoKQA9KCkAPkgB
13=0Qk/SAHRCUBIAdknQUgB1QJCKCkAQygpAEQoKQBFSAHNJkZIAYcPAgBHSQGQtRhISQGEqQ
14=FJSQGHqQFKSQGCqQFLSQGGqQFMSQHbqQFNSAHNEE4oKQBPKCkAUEgB3RVRSAHfIDoADYgQ
15=UR87KCkAPCgpAD0oKQA+SAEnHQQN8VZAVALBD0EoKQBCSAHVOUNIAcEERCgpAEUoKQBGSA
16=HFE0dJAdWhGkhJAY2pAUlIAZcUAgBKSQGLtQJLSQGJqQFMSAHBBE1IAdEUTkgBwQ9PKCkA
17=UCgpAFEoKQBSSAHLIjkADowJSSI6KCkAOygpADwoKQA9SAEnXQwO+V4/VALRH0BIAc0QQU
18=gBxT9CSAHZBkNIAd0VREgBzQVFKCkARkgB2QZHSAGLEwIASEkBj7EfSUkBiKkBSkgBJ1wM
19=JxUDTFQCxYFNSQHarQVOSAHVDU8oKQBQKCkAUSgpAFIoKQBTSAHAJQE4AA8A3Qo5SAHFEz
20=pIAdUCO0gB1QI8SAHFzj1IAdk9PkgBzRs/SAHJIkBIAckiQUgB2X9CSAHBBENIAcEEREgB
21=1RhFKCkARigpAEdIAdUNSEgByRdJSAHFE0pIASdGCQ8AxSlMVALJb01JAYrtJg/tPE9UAs
22=EPUCgpAFEoKQBSKCkAU0gB2RxUSAHXGDcAEIgQXUw4SAHVOTlIAc0QOkgBzX47SAHNEDxI
23=Ack4PUgBzRA+KCkAP0gBxR5ASAHBD0FIAcEPQkgBzTFDSAHFCEQoKQBFKCkARigpAEcoKQ
24=BIKCkASUgB0SpKSQGRoSVLSAHJDExIAcEETUgBzRBOSAHJOE9IAc0QUCgpAFEoKQBSKCkA
25=U0gBwRpUSAHRCVUoKAACNgARAI17KgIAN0kBhakBOCgpADlJAYe1AjpIAd0VO0gBcAJNMT
26=woKQA9SAHJLT5IAdEUPygpAEAoKQBBSAHVLkJIAc0FQygpAEQoKQBFKCkARigpAEcoKQBI
27=KCkASSgpAEpIAckMS0gByQxMKCkATUgBwQROSAHBBE9IAdWRUEgB1QJRKCkAUigpAFNIAd
28=1tVEgBJ30FESZlI1YoVwA1ABKIJk0mNkkBjHABdy4SAIOpAThUAskBOUkBiLUCOkkBi6kB
29=O0kB3aFGPEgB1Q09KCkAPkgBwTA/SAHJF0BIAcEaQUgB1QJCSAHVAkNIAdUCRCgpAEUoKQ
30=BGKCkARygpAEgoKQBJKCkASigpAEsoKQBMKCkATSgpAE5IAdlTT0gBwRpQSAHNXVFIAcUT
31=UkgBzQVTSAHNBVQoKQBVKCkAVigpAFcoKwA0ABN8KCIZNTUoKQA2SAEnLQYTKC8GEwCGdw
32=UCADlgBLUuOkgB2Yo7SAHNEDxJAeOtBT3IAQEBAgA+SAHBBD9JAdilCEBIAdUCQUgB1QJC
33=SAHVAkNIAck4REgB0R9FKCkARigpAEcoKQBIKCkASSgpAEooKQBLKCkATCgpAE0oKQBOKC
34=kAT0gB3WJQSAHNEFEoKQBSKCkAU0gBzQVUKCkAVSgpAFZIAd2ZV0gB2RxYKCgAAjMAFACP
35=uSc0SAHBBDVIAcGTNkgB3WI3KCkAOEgBJ4YGFADBkzpUAtEJO0gB0Qk8SAFkNAECAgA9yQ
36=EDZTQU+XQ/VALNMUBIAdkGQUgBwVFCSAHVGENIAcEEREgBwQRFSAHBJUYoKQBHKCkASEgB
37=3W1JSAHNBUooKQBLKCkATCgpAE0oKQBOKCkATygpAFAoKQBRKCkAUigpAFMoKQBUKCkAVS
38=gpAFYoKQBXSAHZHFhIAdkcWSgrADIAFWg1bWgzSQGOcwECADRIAWQBSZs1SAHZaTZIASfe
39=BhUA3Zk4VALJATlIAcXOOkgB1Tk7SQGStWU8SAF9NgR+NhUAaQEFfzYVAOZYDVFsP0AE1W
40=VASAHBUUFIAd0rQigpAENJAdO9CkRIAc0xRSgpAEYoKQBHSAHRjUhIAd0gSUgB2T1KSAHJ
41=DEsoKQBMKCkATSgpAE4oKQBPKCkAUCgpAFEoKQBSKCkAUygpAFQoKQBVKCkAVigpAFcoKQ
42=BYSAHdIFlIAdU5WkgB1xgxABbp/jJJAYlEKV02M0gB0TU0SAHZMjVIAdUCNkgBxTQ3SAHR
43=CTgoKQA5SAHFPzpJAYq9CjtIAc0FPCgpAD1IAWg4lXAWlDlNPD9UAs0FQEgByS1BSAHRNU
44=JIAdkyQ0gBzQVEKCkARSgpAEYoKQBHSAHRCUhIAdUjSUgB3QpKSAEnNQcWJqU2TChVAE0o
45=KQBOKCkATygpAFBIAdEJUUgB0QlSKCkAUygpAFQoKQBVKCkAVigpAFcoKQBYKCkAWSgpAF
46=pIAdUYW0gBzDwCMAAXAJG1LjFIAdE1MkgBcAKOPBcAxTQ0VALVcDVJAYNnBAIANkgB1QI3
47=SAHRQDhIAdVEOUgB3Qo6SAEleUE7SAHZ4jxIAdkyPUgBbTwGZXYXjDwBBwIAP9QCAQgCAE
48=BIASUpQkFIAdkGQkgB0TVDSAEnxg4XAMkBRVQCxR5GSAHZBkdIAcWBSEgB1URJSAHBBEpI
49=Ad0KS0gBxTRMKCkATSgpAE4oKQBPSAHRCVBIAdEJUUgB1Q1SSAHRCVMoKQBUKCkAVSgpAF
50=YoKQBXSAHBRlgoKQBZSAHRCVooKQBbSAHNEFxIAc8QLwAYdTYAQTswKCkAMUgBzTwySAHJ
51=ODNIAd02NEgBxQg1SAHFuDZoAbGjN0kBkmcLAgA4aAG1AjloAbUCOkgB2e07SAEl+VE8SA
52=HdCj0oKQA+SAFxQAplPxiRQAtlPxjl70FABCVJRkJIAdkcQ0gB0QlEKCkARUgB1fRGSAHB
53=BEcoKQBISAHNPElIAcFGSkgB0SpLKCkATCgpAE0oKQBOKCkATygpAFBIAclOUUgBwQ9SSA
54=HVDVNIAdU5VCgpAFVIAcEPVkgBzRtXSAHFCFgoKQBZSAHRCVpIAdkGW0gB2QZcSAHZBl0o
55=KwAuABlwMgIAAAMAL0kBH3MBAgAwSAEnJRAZ5e8yVALBfTMoKQA0SAHVRDVIAdVENkgBJY
56=U9N0gB1Xs4SAHNEDlIASXZQjpIAck4O0gByRc8SAHNlD1IASWVSj5IAX1BDX1BGZ1BDn9B
57=GQDgSBdF+kFABMkMQkgB0WxDSAHFCERIAcEERUgBzSZGSAHVDUdIAcU/SEgB2SdJSAHZBk
58=pIAdkGS0gB3RVMKCkATSgpAE4oKQBPKCkAUCgpAFFIAcEPUkgB1Q1TSAHVDVQoKQBVSAHB
59=D1ZIAcEPV0gBxQhYKCkAWUgBwQRaKCkAWygpAFxIAdkGXUgB2VNeSAHDDy0AGkgqSwAEAC
60=5IAYhDdkQaAIgBdETDBAIAMUAE2QYySQGQVAZZijNIAcFGNCgpADUoKQA2SAElcUA3SAHF
61=CDhIAcXDOUgBJYFNOkgBwQQ7SAHdIDxIAc0mPUgBwQQ+KCkAP0gBaUMEdUQalUQFIsxcqA
62=FNy0JABNkGQygpAEQoKQBFSAHVDUZIAdUNR0gB2QZISAHBBElIAdEqSkgByXpLKCkATEgB
63=2TJNKCkATigpAE8oKQBQKCkAUSgpAFJIAc0QU0gBZC1JLVRIAc1oVUgBwQ9WSAHVDVcoKQ
64=BYKCkAWSgpAFooKQBbKCkAXCgpAF1IAcEPXkgB0R9fKCsALAAblBEBAAUALUgBlERtRxug
65=Rm9HGwAmaARvRxsAHqkBMUwFyQEySQEitQIzSAHd0DRIAdlINSgpADZIAdGNN0gB2RE4SA
66=HdjjlIASU5TzpIAcmQO0gB0TU8SAHBGj1IAcUIPigpAD8oKQBASAF5SAltRxuYSEnSQtQC
67=SdJDSAHFCEQoKQBFSAHJkEZIAc0xR0gBJ4YRGwDRNUlUAtkRSkgB0QlLKCkATEgByRdNSA
68=HZBk5IAd0KTygpAFAoKQBRKCkAUigpAFNIAc1+VEgBcC5ZSFUoKQBWSAHVDVdIAckMWCgp
69=AFkoKQBaKCkAWygpAFwoKQBdSAHNG15IAc0bXygpAGAoKwArAByUEVlILCgpAC1IASdFCR
70=y4SGVKHLlIA07WHACNRwNXkRwAk28IAwAy+wYCADNIASdFCRwmoUY1VALRSzZIASf2KhwA
71=0do4VALNlDlIASWIZAU6ABwA//8AABEAAFQPACAIAAIAOwAcANYBAABIAQI8ABwAzakBPU
72=kBz6kBPkkB1akBP0oB//+NBUBJAeBEAQENAgBByAEBDgIAQkgBwQRDKCkAREkB2aUIRUgB
73=wQRGSQHYtQJHSAHVAkgoKQBJSAHFE0pJAdGtBUtIAc0FTEgBxQhNSAHVAk5IAdkGT0gBwR
74=pQKCkAUSgpAFIoKQBTKCkAVEgB0R9VKCkAVkgB0QlXKCkAWCgpAFkoKQBaKCkAWygpAFxJ
75=AdK1GF0oKQBeSAHVDV8oKQBgSAHFHmFIAc8bKgAdTC5LAAUAKygpACwoKQAtSQEmXAMBAA
76=QALkkBHqkBL0kBIqkBMEgBgwQDADFIAZcCAwAySQEfYwQCADNJAZCpATRJAYOpATVJAYap
77=ATZJAZK1GDdIAc0FOEkBiqEEOUkBjaEEOkkB16kBO0gB0R88KCkAPUkB1KEEPkgB2Rw/KC
78=kAQCgpAEFIAWlOEn5MHQDNBUNVAtulCERIAdEJRUgBwQRGSQHcoQRHSAHVAkgoKQBJSAHB
79=RkpIAc08S0gB2TJMSAHVAk1IAdUCTkgB1QJPKCkAUCgpAFEoKQBSKCkAUygpAFQoKQBVKC
80=kAVigpAFdIAc0mWEgB1Q1ZKCkAWigpAFtJAdC5HFxIAdkcXSgpAF5IAdkcX0gB0QlgKCkA
81=YUgBwX1iSAHGCCkAkEgCAAAFACooKQArKCkALEkBIWc/BQAtSAGVBQVWTx4Ak0sFAC9UAp
82=NLBAAwSAFoBVlTMUgBlAJ2Tx4AjFJ0T9sGAgA0QQSMcwUCADVIAcFRNkkBh7UCN0gBwVE4
83=SAHFjDlJAZG9IDpIAd2DO0gBwRo8KCkAPSgpAD4oKQA/SQHdpQhASAHZBkEoKQBCKCkAQy
84=gpAEQoKQBFSAHZEUZIAcUIR0gB1QJISAHVAklJAdq1DUpIAdkySygpAEwoKQBNKCkATigp
85=AE9IAdVEUEgBxQhRKCkAUigpAFMoKQBUKCkAVSgpAFZIAdlIV0gB0RRYSAHRFFlIAckMWk
86=gBwQ9bKCkAXEgByWRdKCkAXkgB2QZfKCkAYEgB1Q1hSAHVDWJIAcElY0gB1gIoAJhFAgAA
87=BgApSAGARm1SH/1MK1QCZENFVSxIAYSlbFIn2QAuVALZBi9JASpwBWxSxQgERaIfoFFsUt
88=UCA0WiH1QFUAVuUh8AJ04KHwAnTAonKQA3RAXZUzhIAc0mOUgBySI6SAHFHjtIAc0bPEgB
89=0Zg9SAHVcD5JAddcDknzP8gBAQECAEDJAQJm7x8AYQQDZ6IfAOOtBUNABGgBTQVESAHJDE
90=VIAdmgRkgB1QJHSAHRFEhIAcXOSUgBwQRKSAHVhktIAdk9TEgB1TlNKCkATkgBzRtPSAHF
91=CFBIAcUIUUgB2QZSKCkAUygpAFQoKQBVKCkAVigpAFdIAdEUWEgByQxZSAHBfVpIAdUCWy
92=gpAFxIAc0QXUgBzRBeKCkAXygpAGAoKQBhSAHdNmJIAc0bY0gByQxkKCsAJwAgeC8CAAAH
93=AChIAZxMZVUguVMGVacgVAVMBGz3zwUFACxMBSekCtUCBlSnJykAL0AEhVgFVacguFNkVd
94=0KBEz33ApkVcgBZVUgKKUKICikCicpADdcCsH2OEgBwRo5SAHBJTpIAcUeO0gBwQQ8KCkA
95=PSgpAD5IAWBRAQQCAD/JAQVlVSCZUwZkVakBB2VVIIRVXVdDTAVkVV1XREgByQxFKCkARi
96=gpAEcoKQBISAHJWUlIAdkGSkgB0UBLSAHVAkxIAcFcTUgBxT9OKCkAT0gBzTxQSAHBBFEo
97=KQBSKCkAUygpAFQoKQBVKCkAVigpAFdIAdVlWEgByQxZSAHJDFpIAdUCW0kB063AXEgB2Q
98=ZdKCkAXkgB2QZfKCkAYCgpAGEoKQBiKCkAY0gByQxkSAHBZ2VIAdYjJgCE9wIAAAgAJ0gB
99=nEx8V9UCB0WtIbBWfVchtE99VyG0Wn9XIQAkUFpRri1FCCipAS5JAY9pAQZU/yfZADBUAi
100=VNIDFIAZQNfFfIDHxXyAF+VyEAJWkpNU0FiHMJAgA2SAElGSo3SQGOrSY4SQGToQQ5SAEn
101=/QohJjUzO1QC3SA8SAHdID1IAd0gPkgBxc4/SAHVAkAoKQBBKCkAQkgBcFZNXUPIAU1dRE
102=kB5UwQUa5FyAFBXEZIAdEJR0gBJVUhSEgB1QJJSAHBv0pIASX1KktIAcEETCgpAE1IAc0b
103=TkgB3UFPKCkAUCgpAFEoKQBSSAHFSlNIAdkGVCgpAFVIAcEEVkgBzX5XSAFdGQBRz1hIAc
104=EPWUgBxQhaSAHdFVtJAbitMVxJAbKpAV1IAdUYXkgB1XBfSAHVDWBIAdEJYSgpAGIoKQBj
105=KCkAZEgBxRNlSAHdCmYoKQAlpFJpWSYoKQAnSAGIsXVaIlABSBp1WiKoWXRa1wIGACtYA4
106=wFdFrUAiL+ICIAwbQuQASMUnZaIgCd/AZVsiKrZAUAMUAEJ1QL1AJ0WtQNdloiACOALCJM
107=K8gMd1oiAI5AE0ktN0QIJfUqOEgB2Rw5SAHZJzpIAc0mOygpADxIAdEqPUgBzYk+SAHFND
108=9IAdEJQEkBwFQNRVVByAFFVUJIAcEEQ0gBaFmWWiIAaAFFuEXUAkW4RsgBAQgCAEfIAQEJ
109=AgBISAHFCEkoKQBKKCkASygpAExIASVdOE1IAcEaTigpAE8oKQBQKCkAUUgB0UBSSAHVDV
110=NIAdUjVEgBwQRVSAFUHH1XVkgB3VdXSAHVI1hIAcEPWUgB2QZaSAHJWVtJAfapWVxJAbWp
111=AV1IAcEPXigpAF8oKQBgSAHZEWFIAckMYkgBxTRjSAHVAmQoKQBlSAHBk2ZIAckMZygrAC
112=QAI5wZTbUlSQGNcQEIWVgjoFFkuCeBAChABIBRbF3XAgcAKlQCgFxtXSNEC0sIBgAs9AJv
113=XSMAJVACUbkuVAJlAQBtXSO4U21dIyisC8sBBAAyTAWcCm1dI6NcAwA0VAKXvQMANUgBmB
114=FtXSMmXSI3VQKJbwwCADhJAYupATlIASVVNzpIAd02O0gByVk8SAHVIz0oKQA+KCkAP0kB
115=wFEJAyIGIiMAaAFNtUHUAlVaQkgB0a5DSAEltS1ESAFsXQELAgBFyAEBDAIARskBDW1dI5
116=FhDm9dIwDaSAxNaElABNkRSigpAEsoKQBMSAHVGE1IAcU/TigpAE8oKQBQSAHVRFFIAc0F
117=UkgB0RRTSAHVDVRIAd0KVUgB3dtWSAHJWVdJAb6xVlhIAc0FWUgBxSlaSQG3oQRbSQGxqQ
118=FcSAHVI11IAdVlXkgB2VNfSAHNEGAoKQBhSAEl+SViSAHBBGNIAcEPZEgBwRplKCkAZkgB
119=3QpnSAHZBmgoKQAjJHghfbokKCkAJUgBIyA2ZWAkJHgrZWAk8WEoQASMUmVgJKxSZWAkuV
120=4HVb0kqFlkYCMHIwAABiEHQyQAkUA7SQEuRAiYU2ZgJAAj2CFlYCRMbkQEdb0kSGpIAWRg
121=ywwEADNYBpleBERgyAxkYMgBZWAku2kCADdMBcUeOEgB2V45SAHVAjpIAdEqO0gBwQQ8SQ
122=G6XA5dxT3IAUFRPsgBUbk/yAGHYCQAwEwFWbZBVALdCkIoKQBDKCkARCgpAEUoKQBGKCkA
123=R0gBeF5ZaUjIAVlpScgBUcRKSAHJDEtIAdlITEgB1VpNSAHRQE4oKQBPSAHNUlBIAcUIUU
124=gB0R9SSAHVAlMoKQBUSAHRS1VIAd0KVkgB1Q1XSAHdV1hIAd1iWUgBybxaSAHJvFsoKQBc
125=SQGwsWFdSAElOSNeSAHdul9IAd1tYEgByQxhSAHNEGJIAcEEY0gB2RFkSAHBBGVIAdUCZk
126=gB1QJnSAHZBmhIAd1iaUgB0R8iuLNwYcS1aQEkVALZwSVIASOsLH1iJSheDCUA1QIoQAQj
127=4yIIAClIAURDZQgqSAGAtH1iJaBcfWIloGd8YicpAC5MBYBcfWIlJJAufWIlq28GADFABI
128=lvBUTDJVkmBV1iJb1tBFxiyAF8YsgBfGLQCXxi0AllwyUmpVc5XAolxS86SAElBTg7SAHV
129=IzxIAXxiWVM9yAFZUz7IAVlTP8gBUWFASAHZBkFIAcVVQkgB1TlDSAHNMURIAc0xRUgB2Q
130=ZGKCkARygpAEhIAWhkAQkCAEnIAQEKAgBKyAFNy0tIAcUITCgpAE1IAdFLTkgBxVVPSAHN
131=BVAoKQBRSAHZXlJIAd0VUygpAFRIAcVKVUgB0QlWSAHRCVdJAbqhXFhIAcUpWUgB2cFaSA
132=EnXgwlAMkBXFUCs7kGXUkBsakBXkgB3QpfSAHFdmBIAdUCYUgB3RViSAHZEWNIAcEEZEgB
133=zRBlSAHVAmZIAdkGZ0gBwRpoSAHFCGlIAc0FaigoACW0OXRaItgt3WIjTVqFcV0IUWkmsb
134=kIUAacVG0FJkAEIwwudMgnVQAoVQKSuQYpSAFmAQAIUL50BVABdGUlszEHACxABCPNOwdU
135=yMcIBwAuVAKEa3Rl1AJ1ZSYkFCR2ZSYAI+kjBlVlJqhkdGXIAXRlyAF0ZcAPdGXAD3VlJr
136=RwdWUmt3ACADlBD4ulNDpJAYqpATtIAc0mPEgBdGUBCAIAPcgBUVY+yAFRVj9IAc0FQCgp
137=AEEoKQBCKCkAQ0gB0TVESAHFNEVIAcUIRigpAEcoKQBISAHR2klIAWFnDnVlJiN0JQEPAg
138=BLVQLcRC1d20xIAdEJTSgpAE5IAcFnT0gB2XRQSAHNBVFIAc1SUkgBTAkiSTBTKCkAVEgB
139=yRdVSAHdTFZIASXNJVdJAbu5J1hJAbSpAVlIAd1iWigpAFtIAd1iXEgB1Q1dSQG5uQZeSA
140=HFE19IAdleYEgB1QJhSAHZEWJIAdkRY0gB2RFkSAHNBWVIAcWXZkgBzQVnKCkAaEgBzTFp
141=SAHZBmooKQBrKCgAAiAAJwCTYxYIACFIAWQBTV0iSAEloSUjSAEjxFttaCcoDQ0niAVNBS
142=ZABM0FJ0gB2cwoSAGEBGbOJwCIZGxoJ9kAK0AEiGRtaCeoWW1oJ6hZbWgnWBRMCGxoIkQ/
143=iQEwWAaEdmxofA1UAmbOJwAjwDNtaCe4aWxoxAhtaCez2gMANkQIIxBgbGjcCm5oJwCMfm
144=5oJwAnJXMn/dA7WQbCUA1NUjzJAQJuaCcAeGkBDQIAPlQCyS0/SAEloTtASAHNtUEoKQBC
145=SAHZzENIASVNIERIAdU5RUgBwQRGSAHBXEdIAckMSCgpAElIAdlpSkgBYWcDbmgnAGgBWe
146=JM1AIFBQIATQAnAP8RAADsDwAgCf8AAAACAE4AJwCOAYgBAk8AJwDaqQFQSQHTqQFRSQHN
147=qQFSSAHVAlNJAc+1AlRJAdKpAVVJAdCpAVZIAVQKaQxXSQHbtQJYSQHRqQFZSQG7qQFaSQ
148=H2qQFbKCkAXEkBsLUCXUgBwQReSAHVAl9JAbKhBGBIAckMYUgB3RViSAHZEWNJAf+lHmRJ
149=Adm5BmVIAdUCZkkB1rUCZ0gBxQhoSAHNG2lIAcUeaigpAGsoKQBsSAHPGx8AKIwfAQAIAC
150=AoKQAhKCkAIkkBkGsECAAjSQGDqQEkKCkAJUkBhbUCJkgBwQQnSQGGtQIoSAFkAUkMKUgB
151=0QkqSQGHewIIACtJASZrAQcALEkBIqkBLUkBjqkBLkgBZAEBAAcAL0kBH28BBgAwSAGDBA
152=YAMUgBlwIFADJJASdjBAQAM0kBLqkBNEkBHqkBNUgBiwwEADZIAZsGAwA36wECADhJAZC9
153=KzlJAYWpATpJAcJECAEDAgA7yAEBBAIAPMgBAQUCAD1JAdetBT5IAdVPP0gBwTtASAHJOE
154=EoKQBCSQHYuQZDSAHBBERIAc08RUgBzTxGSQHUrQVHSQGMqQFISQGKqQFJSAHFCEooKQBL
155=SQHcSBcBBwIATMgBAQgCAE1JAd1UAgEBAgBOSQGPpQhPSQGIqQFQSAHdClFJAdy1AlJIAc
156=kMU0gByRdUSAHVAlVIAdUCVkgB1QJXKCkAWEgB0XdZSQHVvQpaSAHRbFtJAbO1AlwoKQBd
157=SAEnZg0oAMkBX1UCsa0FYEgBXBl9eGFIAdknYkgB3WJjSAHdYmRIAdUCZUgB1QJmSAHJLW
158=dIAd02aEgB1RhpSAHdCmpIAc0FaygpAGwoKQBtSAHTbB4AKYATXVcfSQEgcQEHXW0pTABP
159=AQcAIShVACJIAYlyB15tKQDVZSRVAohIBU1oJUgB0WwmKCkAJ0gBJ7wN1Q0ITAInKQAqUA
160=GUZXxtJ1UALFQCh2AHAC1IAZcNBwAuSAGMc35tKQCABH5tKQCECHxt1AJ8bcgBf20pAB1z
161=FAQANEQIZAEBAAUANUgBhAh8bcwFfG3IAX5tKQDdKzlNBZG1OTpIAX5tBgJebSkAaAFdVz
162=xUAs0FPUgB3Uw+SAHFwz9IAcVVQEkBkrEJQUgB2QZCSAHJOENIAcU/REgB1TlFSAHFP0ZI
163=AcWBR0gBxYFISAHRCUkoKQBKSAHNEEtIAdm2TEgBcWwCfm0pAGgBQYhOVAJgcklvT0gBgy
164=UCAFBJAd29FVFIAdUCUkgB3cVTSAHRFFRIAckXVUgByVlWSAHJTldIAdEUWEkBvr0KWUgB
165=1QJaSAHdCltIAdVwXEgBwQRdSQG3uQZeSAEnvg0pAM1zYFQC0dphSAHVLmJIAckXY0gB1Q
166=JkSAHdCmVIAcEwZkgByRdnSAHNG2hIAc0baUgBwQRqSAHBBGsoKQBsKCkAbSgpAG5IAd8g
167=HQAqlBFJbx4oKQAfKCkAICgpACEoKQAiSAGIWXRwxwgIACRUApcJCAAlSAGXZQgAJkgBzX
168=MnSAHNcyhIAdniKSgpACpIAcEEK0gBkWwIVd4qVAhEC3ZwKgCU03VwKrxtdXAqKBcOKgCS
169=SQUAdHDUAnRwxAh1cCpMeUQEdXAqpYwEVXAqXImVAjZAD4BydHDECHRwXAq5PTlABNE1Ok
170=gBaW8JdXAqlXAKdd4q5XY9QATNPD5IAdXIP0gBycdASAHRYUFIAcFyQkgB0UBDSAHNPEQo
171=KQBFSAHZPUZIAdU5R0gB3YNISAHZ7UlIAd1XSkkBjbUYS0gB2cxMSAHFCE1IAWhvlnAqAG
172=gBWfhP1AJZ+FBIAc1+UUkBhrEJUkgBUCdty1NIAd0KVEgB3fFVSAHRbFZIAcGTV0gBxSlY
173=SAHdbVlIAd0VWkgBwQRbKCkAXEgBxYFdSAHZ4l5JAbW5EV9IAdEqYEkBvbUCYUgB0RRiSA
174=HBBGNIAdUCZEgB1Q1lSAHdNmZIAdUCZ0gB2TJoSAHZoGlIAcEEakgBwQRrSAHFNGwoKQBt
175=KCkAbigpAG9IAcMwHAArlBFBch0oKQAeSAGVOQdeXCsAjAVk5CetACFABJ0GB1ljK0RxUA
176=FtcyuhXAdEAicpACVMBcnoJkgBRQUAXeYnSQGMbQEIQvMrANVwKVQCyQEqKCkAK0gByXos
177=SAHZdC1IAYBnbXMrKG0OK7B3ZeQrVBNMDG1zK0QZSAFvcysAk0QBTeEz5AhucysAI50qA0
178=xzyxcDADZBBCNsBWxz3Apsc98KAgA5QATNMTpJAfFsBW5zKwBoAUHKPFQCzUc9SAHNBT5I
179=AdVPP0gB2atASAHJOEFIASXJKkJIAdVaQ0gBxQhESAHRd0VIAcVgRkgB0XdHSAHFCEhIAc
180=UISUgBJZ0qSkkBgqVVS0gB3YNMSAHFSk1JAdGhBE5IAWxzSf5PyQEIZ+QrANpEHlkcUVQC
181=xYFSSAHNXVNIAVwDeXRUSAHJF1VIAZNLAgBWSAHFHldIAdVwWEgBzQVZKCkAWkgByXpbSA
182=HBBFxIAckMXUgBwQ9eSAHVAl9IAcVrYEgB1QJhSAHBMGJIAcVrY0gBwQRkSAHRCWVIAdUN
183=ZkgB2QZnSAHJLWhIAd0raUgBzQVqSAHFKWtIAdkcbCgpAG0oKQBuKCkAb0gB2RFwSAHRCR
184=tQ0o8mBwAcSAGbMgcAHUgBnxUHAB5IAZQNZnYsAJQNZnYsAJBLIk4rLADZBiJMBdkGIygp
185=ACQoKQAlSAHZ7SZIAY0FCFpjLAAnxQ4sKMQOJykAKkwFJdErK0gB2QYsSAEjnSoIXeAstH
186=BldiwkMC126SwAi3oHADBMBYh6ZXYsvHhldiy/eAUAM+AEZHbABGR2wARkdlwKcFZmdiwA
187=l1oDADj4BmZ2LADBOzpVAvFUFFHPO8gBUc88yAFRzz1IAcEwPkgB3W0/SAGLLQIAQEgBxT
188=9BSAHB1UJIAYMPAgBDSAHFCEQoKQBFSAHVcEZIAc0FR0gBzQVISAHBBElJAYdjGgIASkgB
189=JdErS0gBnEEiDjksAMFRTVQCzUdOSAHdFU9IAXh0TRtQyAFNG1HIAQEGAgBSSAHJZFNIAc
190=0QVEgBzV1VSAHJDFZIAcUeV0gBzQVYKCkAWUkB+FAqAQACAFrIAV2DW0gBzQVcKCkAXUgB
191=xSleSQHRuRxfSAFgCEUIYEgB0TVhSAHVAmJJAditBWNIAdUCZEgB0QllSAHNiWZIAcEPZy
192=gpAGgoKQBpSAHFKWpIAYNnAgBrKCkAbEgB0R9tSAHBBG4oKQBvSAHVLnBIAdUNcSgpABpB
193=X4B3FAcAG8kBAX14Lfl0HVQC2XQeSAGIDHx4J4EAIFQCjBB+eC0AgDBn7y0Ajb0KI0AEzW
194=gkSAFwAkX6JUgBJx8PLQCReAJ+eC0A1ekoQATJASkoKAAiwConHQ8tcAZh9ixABCcdDy2s
195=c314LaxzfXgtJCgsfXgtoH1/eC0Aj28IBgAyRAiUe3x4xAh8eMQIIlQs2AZ8eNgGfXgtTI
196=9ICGXvLSTYLH54LQDRVjpdCvFcA0lZO8gBQdU8SAHNRz1IAdkyPkgB2T0/SAGEKX14LSYF
197=LUFUAs0FQigpAEMoKQBESAHBfUVJAYmhUUZIAdkGR0gBwQRISAHBBElIAcEESkgB0eVLSA
198=HVGExIAcV2TUgBxfpOSQHRqQxPSAHBBFBIAWh6AQkCAFHJAQp9eC2c8QELAgBTVALVDVQo
199=KQBVKCkAVigpAFcoKQBYKCkAWUkB+FEqAn54LQBoAV2kW1QC3QpcKCkAXUgB3RVeSAHRKl
200=9IAUEIAJ94LQDYtRhhKFUAYkgB2QZjSAGHYAIAZEgBxQhlSAHFCGZIAd02Z0gBJWUjaEgB
201=2QZpSAGLZAIAakgBjGh+eC0AzXNsVALJF21IAcmFbkgBzQVvKCkAcEgB1S5xSAHZBnIoKA
202=ADGQAuACEBTxMHABpIAXV7AnZ7LgBpAQN1ey4odA8nKQAeTAWUDXV7LqQTdPQjWVQARXYh
203=QARUCmkBIkgBI0g7Il0tLrjtIl8tLgCLZwQHACVBBCSpASZJASCpASdIASW1LShIAXECAC
204=LkScsMCAAqVALZ+CtIASVRPCxIAc1+LUgB2QYuSAElKVgvSAElJTwwSAGceHV7Lqx+dXsu
205=rH51ey4miS007AV0e8AEdHvYBnR71AJ0e1QCcCp1ey7hcjpFCPN/EQIAO8gBQco8SAHBZz
206=1IAcU0PkgB1QI/SAHVAkBIAcFnQUgB1QJCKCkAQygpAEQoKQBFKCkARigpAEcoKQBIKCkA
207=SSgpAEooKQBLSAHBD0xIASUdME1IASVpSk5IAcFRT0gBzdZQSAHRFFFIAWF9DnV7LpV7D3
208=d7LgCpSCJdIFRABNGNVUgBJSkhVkgBxQhXKCkAWEkB0bkGWcgBl3suAPhUAgEFAgBbVAIl
209=iS1cSAHFCF0oKQBeKCkAX0gBJXkgYEgBl1oCAGFIAdUYYkgBWAp5f2NJAdihO2RIAd0KZU
210=gBxQhmSAHZdGdIAcEEaEgB1TlpSAHVAmpIAc0ma0gBwQ9sSQHTqQxtSAHVAm4oKQBvKCkA
211=cEgB1Q1xSAHdCnIoKQBzKCgAAhgALwAgXApJehlKASEBXBlsfgEvAHIAQABsfqgBhfovKM
212=wPJykAHlgGmBFtfi8kqCZtfi8mOS4hQARICa1+L4QBRYEjVAIjYElufi8AjEdsfieBACZA
213=BIHrB1bjLwDFgShUAsWBKUgBxYEqSAGMiSK1WS+siSKcSycpAC1ABCP9IAhIH8kMCE0CL6
214=h6ZPrIAW1+L0QOXBQiZS4vvPFsftQCZPrUAmx+2AZsftwKbH7UAmx+zBttfi8ozw8vAPNE
215=DFlTO1QQaAFRzzxIAdE1PSgpAD4oKQA/KCkAQCgpAEEoKQBCKCkAQygpAERJAUxUDQEBBg
216=BFSQFISAEBAAYARsgBVQJHSQFHtQJIyAFVAklJAUq1AkpJAUWpAUvIAU1zTEgB3RVNSAHJ
217=/k5IAdVaT0gBJZkvUEgBJXFLUUgB2QZSSAFgfV0gU8gBXSBUSQHSdw0CAFXIAVUNVsgBTQ
218=VXSAFgfU0FWMgBAQQCAFnJAQVm+i8AwX1bVALVDVwoKQBdSQG6TF1N915IAXANSQFfKCkA
219=YEgB1RhhSAHBBGJIAcl6Y0gB0WxkSAHBBGVIAdUNZkgB3XhnSAHVhmhIAcEEaUgByf5qSA
220=GMaGX6L7/mAgBsVALNBW1IAdEJbkgBzQVvKCkAcCgpAHFIAdUNckgBxQhzKCkAdCgoAAIX
221=ADAAH38gBwAYyAFBfRnIAVl0GkgBZIGV/zCQgkmFHFQCjBAijT4w8YIeKFUAHygpACAoKQ
222=AhSAEjOCMibS8wJuU+I1QCIzAiZYEwJsUvJVQCj/cHACZJAYNgLGWBMCYtPShUAnACURQp
223=SAElHTAqSAGUAmWBMCQIPmWBMCZJMC1BBIpkBGWBMGABIvAvCi8AMAAfAAAAAAcAMAARAA
224=DVEAAgATAAHwBAAAEGADEAywEFADJJASdQAgEABAAzSQEjqQE0SQGTqQE1SAGbBgMANkkB
225=j3cCAwA3SAGXAgIAOEgBcAIBAAIAOUoB//9TAQIAOkkB80QBAQQCADvIAQEFAgA8SAHBBD
226=0oKQA+KCkAPygpAEAoKQBBKCkAQigpAENJAUxIDAECBgBEyAEBAwYARUkBjVQCAQAGAEZJ
227=AYmpAUcoKQBIKCkASUkBhaEESkkBh6kBS0kBRUgBAQQGAEzIAQEFAgBNSAHJF05KAYwBRw
228=QCAE9JAYKpAVBJAYepAVFJAYqpAVJJAexIBVUjU8gBAQECAFRJAdJUAgEDAgBVyAFBJVbI
229=AVUNV0kB0UAEAQYCAFjIAQEHAgBZSQG+vQpaSAHZEVsoKQBcKCkAXUkBva0FXkgBzQVfSQ
230=HdtQJgSAFFDABFE2EoKQBiKCkAY0kB2q0FZEkB06kBZUkBz6kBZkkB0KkBZ0gByQxoSQHb
231=tQJpSQHNqQFqSQHSqQFrSAHVAmxIAdEJbUgB1QJuKCkAbygpAHBIAdUNcUgB1Q1yKCkAcy
232=gpAHRIAc0bdSgpABZAXwUhAQAAAwcAF0kBH0gBAQIHABjIAVUCGcgBVQIaSQFzawgHABvI
233=AQEBBwAcSAGTFAcAHUgBmxEHAB5IAdUCH0kBerkGIMgBWQYhSQGAtQIiyAFVAiNIAcUIJE
234=kBjKEEJUkBg6kBJigpACcoKQAoSAGHVQcAKUkBJK0FKkkBIKkBK0kBKKkBLEgBZAEBAAgA
235=LSgpAC5IAZ94CAAvSAGdeAdZJDEofxAxACZ8Bn+DMQAqaAF/gzEAIqkBNFgGl4YDADVIAZ
236=SGf4MxAJJgBHyD0Al+gzEAyU45TAXdNjpJAfNMBUFcO0gB1QI8KCkAPSgpAD4oKQA/KCkA
237=QCgpAEEoKQBCSQFPXApZf0PJAQF/gzEAkbUCRVUCiqkBRkkBIakBR0kBHqkBSEgBmxwGAE
238=lJAZC1AkpIAdkGS0kBWLUCTEkBRqkBTcgBVXtOSQGPUEtFa09JAYWpAVBIAdkcUSgpAFJI
239=AXyDAQICAFPIAVGCVEgBzQVVSQHXpQhWSQHRqQFXSAHBBFgoKQBZKCkAWkkBuK0FW0kBsq
240=kBXEgB2QZdKCkAXigpAF8oKQBgSAHRjWFIAXQcQRpiKCkAYygpAGQoKQBlSAHVhmZIAc1+
241=Z0gByRdoSAHNEGlJAdilE2pIAdUCa0gBxQhsSAGHawIAbUgB0QluSAHVAm9IAdUCcEgB1Q
242=JxSAHZinIoKQBzSQHTtQ10SAHZEXVIAc0bdigpABVC4yEBXwIHABbIAUV2F0kBHrUCGMgB
243=VQIZSQEitQIaSAF0hkGIG8gBWYocSAGEE3aGMgCcFXaGMgDVAh9ABHSGWQYgyAFZBiFIAX
244=SGVQIiyAFVAiNIASfWEDIAm1MHACVUAifXEDIAiEQXAQAHACdUAskBKEgBnFd1hjJ5AwBB
245=BCpUAoeBBwArSAHNiSxIAc2JLUgBzYkuSQGSYAd1hjKohXSGyAEiViEyACPRIAZEBdcCBQ
246=AzUAGHjAQANOgBd4YyAJJsJnWGMkAVQwsCADdABIyJdIbQFCJXITIA8lwDVU86QATVRDso
247=KQA8KCkAPUgBaAVNBT5IAc0FP0gBIqQgRYFASQFJZwQGAEHIAVUCQkgBdIYBAgYAQ0gB1R
248=hESAHdg0VIAd2DRkkBJaUIR0gB2SdISAGIpnWGMkjCRwQGAEpUAs2JS0gB3QpMSAHBiE1J
249=AUVIBVmVTsgBQYhPSAHBiFBJAYZjJQIAUUgBwRpSSAF1hgR2hjIAaQEFIlYhMgDBBFVBBN
250=a5BlZJAdSpAVdIAcEEWEgB1XtZSAHVAlpJAbetBVtJAbWpAVxIAcEEXUkBurUCXkkB2akB
251=X0gB1QJgSAHNBWEoKQBiSAHRmGNIAc1zZEkB1aUIZUgBeCBdNmZIAcUIZ0gB1RhoSAHRd2
252=lIAYNnAgBqSAHdeGtIAdkGbEgB2YptSAHVAm5IAdUCb0gB1QJwSAHRjXFIAd0KckgBk2wC
253=AHNIAc0FdEgBxQh1SAHdFXYoKQB3KCkAFEBfaIVFdhVIAQEhAQAAXXgWyAFVAhdIAWAEVQ
254=IYyAFVAhlIAWyJVQIaSQFxbAwiBiIzAGgBUY0cVAKEE22JM3gDfXgeVAKBJQdfcjMAe38C
255=BwAgVAJoAVkGIUkBfrUCIsgBVQIjSAHRCSRIAXwDUYIlSQGObwEHACZIASMsJ26JMwCDMA
256=cAKFQCiDhuiTMAgzAHACpUAiUNIytIASPjLQcALEgBJbUiLUgBxYwuSAHFjC9IAYx+bYkz
257=WBdED22JM7CCIgYiMwCABGyJwARtiTNUE0wFbYkzJFwibInABGyJ1CNuiTMAxVU5VA1siV
258=ntOsgBWe07SAHNPDwoKQA9KCkAPkgBYIhdgz/IAQEDBgBASAFFEABRd0FIASXVMUJJAYt5
259=AgZOiTMAwYhEVALVhkVIASMzIgcARkgBwSVHSAHNtUhIAdUCSUgBkQkHTInHHgYAS1QC2Y
260=pMSAGTCQYATUgBiy0GAE5JAUVMEAEEBgBPyAEBBQIAUEkBkUBRUWxRSAHFHlJJAepMBVUC
261=U8gBSZBUSAHBBFVJAdy5BlZIAdUCV0gBwYhYSAHVAlkoKQBaSQG5uQZbSAHBBFwoKQBdSA
262=EnhjIzAMkMXyhVAGBIAdkGYUgBwYhiSAHZdGNIAZ9XAgBkSAHNBWUoKQBmKCkAZ0gB0Xdo
263=SAHNBWlIAdl/akgB3QprSAGDXAIAbEgByQxtSAHZBm5IAd0Vb0gB1QJwKCkAcUgBg3ICAH
264=JIAd0Kc0gBj2gCAHRIAd0KdUgBfC9BMHYoKQB3KCkAeCgpABNQ6CLcMll0FMgBXXgVSQEg
265=aC0ityI0ACBIAVUCF1QCZIxNBRjIAVUCGUgBYARVAhpIAXiKUY0byAFJkBxIAZwVZow0AJ
266=wgIrUiNCi1IjSEjFkGIEwFZIxZBiFIAWSMVQIiyAFVAiNIAdEJJEgByYUlSAHJhSZIAc1d
267=J0gBnFdmjDQAmCdmjDQAgCVmjDQAwZMrTQUAYABljDQmFSQtVALRCS5IASNrPwcAL0gB3Q
268=owSAEjMCJljDSwjWWMNLCNIo0zNLCNZYw0YwwAAAQhjDPMBWSMyAFmjDQAkKNkjNAUIrUi
269=NCO0IknzOlQNcI1JbztIAdVEPCgpAD1IAY8MAgA+SQFUbwEGAD9JAZBIOFmKQEgBIyBBIr
270=UiNCRzNQYAQlQC2YpDSAHZikRIASODIQcARUgBgARljDQkMyIHAEdUAiMPIwcASCgpAElI
271=AYyJZIzFHgdFjDS4qyINRDS4q2SMJw0CTlkGRL0VT8gBVYZQSAHZHFEoKQBSSAFkjFGuU8
272=gBUa5USAHNBVUoKQBWSAHZildIAcEEWEgBJTUzWUkBtHcjAgBaSQH2qQFbSAHVAlxJAba1
273=Al1IAcUIXigpAF8oKQBgKCkAYUgBi04CAGJIAZNWAgBjKCkAZEgBn1cCAGVIAd0KZkgBwZ
274=NnSAHZBmhIAc0FaUgBzQVqSAHJDGtIAc0FbCgpAG1IAdkGbkgB2QZvKCkAcEgB1SNxSAHR
275=CXJIAYhkIrUiNCYJKHRUAsEEdUgB3Qp2SAF4NlGNd0gByRd4SAHBBHlIAcEEEkBfIjAiXX
276=gTSAF8jlV7FMgBVQIVSQEgSC1VAhbIAVUCF0gBfI5VAhjIAVUCGUgBzQUaSgF3AEAAImYj
277=NQBoAUGTHFUCgFACQZMdyAFVAh5IASJoNFUCH8gBVQIgSAHNBSHIAVUCIkgBkSoHTXg1+Z
278=UkVAKUIyKVNDXhiCZUAiNMICJlIzWka32ONSjdETUo3BEngQArWAaMJn2ONSbpIy1UAmQX
279=URQuSAElTTYvSAElyTUwSAEn3RE1pGt+jjUAJ21FNbh0fY41vG19jjWslHyOyAF8jlgRVC
280=5JODhcCt3QOUkB73MQAgA6yAFBcjtIAZgcIu1VNelDPVQCaAVFCD5IAX2OAX2ONSa1IkBU
281=AoiFfI7YEX+ONQAdfAYiZiM1ACXlM0RMBdGNRUgBlJF+jjUAI0EkCF6ONQCJsQhejjUAi7
282=EIAElMBSPANHyO0R8HXI7XDQcATOAEfI7UAiJkI8APImYjNQBokAEEBgBQTAVoAUWtUUgB
283=wWdSSAF9jgQiljQ1AGgBQQRUVALZtlVJAc+lKVZIAcVgV0gBxQhYSAElDSNZSAHVAlpIAS
284=XhIltIAdUCXCgpAF0oKQBeSAGDRgIAX0gBJbkzYEgB2QZhSAHZdGJJAdK5EWNIAYhZImYj
285=NQDVAmVUAt0VZkgBwQRnSAHBBGhIAdUCaUgBJa0hakgBwQRrKCkAbEgBzQVtKCkAbkgByQ
286=xvKCkAcEgB0QlxSAHRCXIoKQBzSAHBBHRIAd0KdSgpAHZIAd0Kd0gBwQR4SAHRCXlIAcEw
287=ekgBeExYUwERADYAaJBFaxLIAUF9E0gBdJFVAhTIAVUCFUoBIQFAByIUJAM2ACEBAABVAh
288=dVAiBIAU0FGMgBVQIZSAHdChpIAWiQWZUbyAFZlRxLAYAAACLRNh3IAVUCHkgBdJFNBR/I
289=AVUCIEgBzQUhyAFVAiJIAZgcdpE2ACOXKQcAJFQCJzUSNv2OJlQCkEB1kTYmzSUoVALFCC
290=koKQAqSAGEKSLNRjb1nCxUAs0FLUgBwQQuSAGQKiIVJDZYGUgAIp01NqiQIhQkXCtRAgAi
291=zEbUAiKcNdUCBVHBNqiQdJHJAQNUCsgBdZE2JnE1OFwC1Vo5SQH2XApJkDrIAVX/O0gB2Z
292=U8SAHNBT0oKQA+SQFVWAZZET9IAdGNQEgBI7NIBwBBSAHBqUJIAcEEQ0gBJWEoREgBlwIH
293=AEVIAcmQRkgBI3A1dpE2ACOkTHWRNiSkTHaRNgAj5ygIAEpMBSPJNQhUkdkcB1WRNiRzSw
294=cATUAEzRBOSAEjTEx3kTYAZ1xMQalQVAJoAUUeUUgB2RxSSAFpkAZ1kTaUkQEHAgBUVALB
295=BFVIAZdEAgBWSAEnz0Y2ALxdCgAiJ2g2ALGpAVlABNkGWkgBxYxbSAGHPwIAXCgpAF0oKQ
296=BeSAGUT3WRNvnBYFQCxQhhSAHBBGJIASVRR2NIAd02ZEgBwQ9lSAHdFWZIAdkGZ0gBwQRo
297=SAHZBmlIAdUCaigpAGsoKQBsSQHWrRttSAHRgm5IAZdaAgBvSAHJDHBIAdEJcSgpAHJIAc
298=Elc0kBsrEJdEgB0RR1SAHdCnYoKQB3SAHdCnhIAXBPSS15SAEltTh6SAHVAnsoKAACEAA3
299=ACBIDEF9EUgBbIlRghLIAVUCE0gBbJRVAhTIAVUCFUoBIQGZihbIAVUCF0gBcAlNBRjIAV
300=UCGUgB3QoayAFVAhvIAU0FHEgBIvw2SZsdyAFJmx5IASJMNlUCH8gBVQIgSAEieDZVAiHI
301=AVUCIkgBnCttlDftiSQoVQAlSAGESiIsSCeBACdUAtkGKCgpACkoKQAqKCkAKygpACwoKQ
302=AtKCkALkgBgDBslAE3AJEAQABtlDckpyAHADFABCOkIG2UNyRvJAYAM1QClHBtlDcojBLI
303=AWyUyAFulDcA1Tk4WAbNRzlJAfZRDQQixiQ3AGkBBSK1ejf9YjxABM0FPUgBSAVCNwA+SA
304=FslEF9P0gBI0RLIixIXEFkBCLHJDcALqkBQkAEI0AkIsUkN/W9RFQCJ40SNyRHKggARlQC
305=dQYAbJTMBWyUSAFARlUCSUAEI9BtIsQk1Q0HTpQ3ACN4TG2UNyQcOyLEJNQCCQYATgA3AG
306=cBAAAEBREAAJMQACAKAE8ANwBnAQAABQUAUMgBAQYCAFHIAQEHAgBSSgHzAEMAAgBTyAEB
307=AQIAVEoB//+VAlUoKQBWSgG6AZUCV0kBkqkBWEkBt6kBWUkBsqkBWkkB2qkBW0kBzakBXC
308=gpAF1JAdK1Al5JAdCpAV9IAcEPYEkB1rUCYUgBwQRiSQG5tQJjSAHNBWRJAdm1AmVIAdUC
309=ZkgBxQhnSQHRoQRoSAHBBGlJAde1AmpJAc+pAWsoKQBsSQHUtQJtSAHZBm5IAd0Kb0gBzR
310=twSAHJDHFJAb65BnJIAdkGc0gBwSV0SQG2oQR1SAFIKgIAAAIAdigpAHdIAdkneEgBxRN5
311=SAHVDXpIAdUNe0gBxQh8KCgAAg8AOAAgawwHABDIAQEBBwARyAEBAAcAEsgBVQITSAEBIQ
312=EAAFUCFMgBVQIVyAFVAhbIAVUCF0kBIK0FGMgBVQIZSQEftQIayAFVAhtJASK1AhxKAXEA
313=VxwHAB3IAQEDBwAeSQF7tQIfyAFVAiBJAX61AiHIAVUCIkkBelQCWREjyAFJDCRJAYC1Ai
314=XIAVUCJkgBgyUHACcoKQAoKCkAKSgpACooKQArKCkALCgpAC1IAYdVBwAuSAHdCi9IAYMw
315=BwAwSQGOrRAxSAFkAVEUMkkBZnMfBgAzyAEBAQUANMgBAQIEADXIAQEDAwA2SQEffQYCQz
316=g4ANx5BgJPAjgA9lQCAQYCADlQAWgBRXY6SAHFSjsoKQA8KCkAPSgpAD5JATJECAEABgA/
317=SQFXqQFASQGTqQFBSQEdqQFCSQGPawEHAENJASGpAURJASWpAUVIAZscCABGSQEntQJHSQ
318=EoqQFISAGHCAgASUkBJrUCSkkBIqkBS0gBmwYGAExJASN3AgYATUgBj4kGAE5JAWdSHwgF
319=Rpc4AGoBCQREl6oBCgNEl6kBC2aXOABllwJkl6kBA2aXOADVI1VRCbhQCUVrVkkB9qkBV0
320=kBsKkBWEgB1QJZKCkAWkgB0ZhbSAHVcFxIAcmQXUgByQxeSAHBBF9IAdl0YEgBg0YCAGFI
321=AdkGYkkBvaEPY0gBxQhkSAHFCGVIAcUIZkgBn0wCAGdIAdEJaEgBwQRpSAHBBGooKQBrSA
322=HVDWxIAckMbUgB1ZxuSAHZBm9IAd0KcEgB1ZxxSAHZBnIoKQBzSAHJF3RIAXg2USp1SAHd
323=K3ZIAc0md0gBwQR4SAHNG3lIAcEPekgB1Q17SAHNBXwoKQB9KCkADkBfYIhZfw9JASBZJw
324=J/mTkAIEgBVQIRKFUAEsgBVQITSgEhAZGNFMgBVQIVyAFFCBbIAVUCF0gBcAlVAhjIAVUC
325=GUgBfJlVAhrIAVUCG0gBeBFVAhxKAXcAQAB+mTkAaAFdjh5VAn9QAll/H8gBVQIgSAGTHw
326=cAISgpACJIAXyZUQkjyAFJDCRIAXyZVQIlyAFVAiZIAcUIJygpACgoKQApKCkAKigpACso
327=KQAsSAGLQwcALUgBbBRRFC5JAdZAJUkBL0gBmDJ/mTkAjGcEBwAxVQKLqQEySQFmTQUEfp
328=k5AGoBBQZcmaoBBgNcmakBB36ZOQAnPRM5fAdQMVk6OZ2ZCXyZqAEBCgIAOlwKyU47SAHZ
329=+DxIAdUCPUgBiwgCAD5IAX6ZAQJfmTkAVHsCBgBAVQKORBNVnEFIASc+EzkAmJV9mTlUzl
330=MFBwBEQQSNRAEBAAgARUkBiqkBRkgBnxUHAEdIAYcIBwBISQGQoQRJSQGHqQFKSAHNBUvo
331=AX6ZOQCMn32ZOVTOUQUFXpk5AJScfJnIInyZyAF8mcgBfZk5nZkEfJmpAQV9mTkoPhM5AC
332=X9IFZAD8WXVygpAFgoKQBZKCkAWkkBsXcjAgBbSAHRKlxJAdi1Al1IAdUCXigpAF9IAcEE
333=YEgBwQRhSAHJemJJAdOlCGNJAdWpAWRIAc0FZUgBk0sCAGZIAZBLfJknPQhoVALBBGlIAd
334=WRakgBj10CAGtIAdUCbEgBzZ9tSAHBBG5IAZdaAgBvSAHBD3AoKQBxSQHdpRNySAHBBHMo
335=KQB0SAHRmHVIAdEqdigpAHdJAbKlCHhIAVk6AE2feUgB1SN6SAHVAntIAd1XfEgB1QJ9KC
336=kAfigpAA1CXyEBSwQHAA7IAUmFD0kBHrUCEMgBVQIRSAF8jll0EsgBVQITSQEgrQUUyAFV
337=AhVLASEBACItJxbIAVUCF0gBxQgYyAFVAhlKASEBjQUayAFVAhtIAc0QHEgBaJtVkR3IAV
338=WRHkgBdJxVAh/IAVUCIEgBmDJ2nDoAyQEiVAIihCdJFyPIAUkMJEgBIoQnVQIlyAFVAiZI
339=AdkGJygpACgoKQApKCkAKigpACsoKQAsKCkALUgBgEYi1iY6AJdEBwAvVAJcHXUjMEkBkm
340=wBdZw6YAF1AjJUAp94BwAzSAF2nAkHVZw6gZ4Kdpw6ACO0InWcOiiUE9QCItcmOgDseAl0
341=nKgBWZU6UAnVTztIAc1HPEgB1QI9SAF0BlFLPigpAD9IAXWcAXecOgCRczUGAEFUAo+UBg
342=BCSAHVGENIAZQCdJxYEXQJdZw6t5EHAEZABJSRd5w6ACRgBHacOgAlASdJQASTCQgASkgB
343=J5QT2Bx1nDqsqnSc1AJ0nMsMBABPWAaIDHScwAR0nMgBdZw6lZwGdZw66ZtUWAbdIFVIAS
344=eWEzoAwXJXVQKzcx8CAFhIAdUCWSgpAFpIASeWEzoAJb0jXFQCh0oCAF1IASO/LgIAXkgB
345=1Q1fSAHNMWBIAdUCYSgpAGIoKQBjKCkAZCgpAGVIAcUIZkgBxQhnSQHbvRVoSAGXTwIAaU
346=gBcC5NPGpIAdkGa0gB1QJsSAHFom1IAc2fbkgB1RhvSAHFrXBJAZCpDHFJAYqpAXJIAdEf
347=c0gBxR50SQG7oQR1SAHZJ3YoKQB3SQG1oQR4SAHZEXlIAdkRekgBm2kCAHtIAdkRfEgB1Q
348=J9SAHFE35IAcUIfygoAAUMADsAIQEAAEmFDcgBQYgOyAFVAg9IAXyOVQIQyAFVAhFIAWSX
349=VQISyAFVAhNJASBQCVUCFMgBVQIVSgEhAV+zBwAWyAFVAhdIAcUIGMgBVQIZSgEhAY0FGs
350=gBVQIbSAHNEBzIAVUCHUoBIQGNBR5KAXgAQQAHSn87AGgBRZcgVAIi1CZdmSHIAVUCIkgB
351=bJ9RFCPIAVEJJEgBbJ9VAiXIAVUCJkgBkCoixTo79acoKFUAKSgpACooKQArKCkALCgpAC
352=0oKQAuKCkAL0gBkDUihic7AIhDbp87ACNDJAcAMkEEhkgbVRgzSQFCqQE0yQEBbZ87r4kC
353=ADZUAoB9IsU6O2QFWiMAOFQCbZ8CbZ87maADIoYnOwDRYTtABNFhPEgBnwYCAD0oKQA+KC
354=kAP0gBIrEnAG+fOwBXcAVtnzukl22fO6eXBgBDTAXdmURJASBvBQcARUgBkBRvnzsAkbUC
355=R1UCi6kBSEgByaZJSAFxAgBtnztQO1MBBwBLVAKYoG6fOwCQo2yfwARsn8gBbJ/XIwMAUF
356=gGgA9sn8AEb587AONYCll/U0AEaAFFw1RIASWJIlVJAbtcTEEEVkkBsakBV0gBhM5tnzsm
357=CShZVALdeFpIAdF3W0gBxXZcSAGESm6fOwAl+SVeVALNlF9IASWlQWBIAdUCYUkB+LEUYs
358=gBURRjSAHBBGQoKQBlSAHFCGZIAcEEZygpAGhIAdkRaUgBJbkoakgBxRNrSAHVAmxIAdEU
359=bUkBk60QbkkB2L0gb0kBkqkBcEgBxUpxSAHFCHJIAd0Kc0gB0Ql0SAHZBnVIAd0rdkgBzS
360=Z3SAHJpnhIAYtkAgB5SAHRCXpIAcmxeygpAHxIAclZfUgBeBVdNn4oKQB/KCkAgCgoAAEL
361=ADwAImQ5UWwMyAFJhQ1IAXyOVQIOyAFVAg9KASEBRwsHABDIAVUCEUgBfJlNBRLIAVUCE0
362=oBIQGNBRTIAVUCFUkBILUCFsgBVQIXSAHVDRjIAVUCGUgBzQUayAFVAhtIAd0VHMgBVQId
363=yAFNEB5KAXgAVH9lojyEogEDBwAgVQKAtQIhyAFVAiJIAZMqBwAjKCkAJCgpACUoKQAmKC
364=kAJygpACgoKQApKCkAKigpACsoKQAsKCkALSgpAC4oKQAvKCkAMEgBlDllojwm+TsyVQKK
365=VBhZHDNJAUGpATTIAYSiVDl0AmWiPCY5IzdABNFhOEgBZaIEZaI8haIFZKInrQA7QATJZD
366=xIAclZPUgBgLQizTs8YAxCLAA/VAJkogEBAgBASQFTfAJlojwm6TlCVAKYoGWiPPGjRFQC
367=mGllojynuAYARlQCn6QGAEdIASMLKAYASEgBhwgHAElIAYMEBwBKSAGdmQdGojwAI2RPZq
368=I8ACNkT2Si3CBkosgBZKLIAWSiwA8i9WE8VD9MF2WiPISiXcVTSQzjUAJdxVRIAdknVUgB
369=JUU1VkgB0XdXSQG0dFpnojwAs6kBWVQCyXpaSAHdg1tIAdF3XEgB0YJdSAHJDF4oKQBfKC
370=kAYCgpAGFJAfhEE1EUYsgBURRjSAHFCGRIAdEUZUgB1QJmSQGRWAZRgmdIAYfOAgBoSAHJ
371=pmlIAc0FakgB1QJrSQGNuQZsSAEj00ECAG1IAcEabkgB1RhvSAHNBXBJAYW5BnFIAdkGck
372=gB3QpzSQGOoSV0SAHBD3UoKQB2KCkAd0gBJZU/eEgBhHZlojwkGzUCAHpUAnANTRt7KCkA
373=fEgB2QZ9SAEnNCgn/Qp/VALZBoAoKQCBKCgAAQoAPQBwjQEDBwALyAEBAgcADMgBVQINSA
374=Fkl1UCDsgBVQIPSAEBIQEAAFUCEMgBVQIRSAF8pFUCEsgBVQITSgEhAY0FFMgBVQIVSQEg
375=tQIWyAFVAhdIAdUNGMgBVQIZSAHNBRrIAVUCG0gBaBdVDRzIAVUCHcgBVQIeyAFVAh9KAS
376=EBjRAgSAEihD1FjCHIAVmrIkoBXQBAAH6kPQBoAVUCJFQCjzEHACUoKQAmKCkAJygpACgo
377=KQApKCkAKigpACsoKQAsKCkALSgpAC4oKQAvKCkAMEgBlE99pD0kMDgi5Sg9UBVIACLXPD
378=0AQUQBRR40TAVpAQMi5ChAO1QCQUY2VALJWTdIAdWcOEkB6qEEOckBAXyk3QoCQeg9Jl1k
379=PEAEaAVRCT1IAcFcPkgB1QI/KCkAQEgBfaQBfaQ9vLoi5ig9AIhkfaQ9Jj0pREwFg54GAE
380=VIAYCef6Q9AJNgC3ykJ60ASEAEzQVJSAHVp0pIAYx+fKTLDAcATFQCJREpTUkBZkU/AH6k
381=PQBpAQF8pKkBAnykqAFFjFFMBdl0UkkB40wQVchTyAFVyFRJAd1UAkElVUgByW9WSAHVyF
382=dIAd0rWEgB0QlZKCkAWkkBvkQISZtbSAHBBFwoKQBdSQHXQARJLV7IAVUNX8gBWQZgyAFd
383=FWFIAcUIYkgBaKZRFGNIASV1JWRIAY9HAgBlSAElUSZmSAEjsGkib1A9AB61DWhUAskBaS
384=gpAGpIAYTOIm5QPQAjc1YCAGxUApT0faQ9JHdGAgBuVALRo29JAYO9CnAoKQBxSAHZBnJI
385=AckXc0kBj2c0AgB0SQGKqQF1SAHBBHYoKQB3SAHVGHhIAcEweUgB2Rx6SAF8DlkneygpAH
386=woKQB9KCkAfigpAH8oKQCAKCkAgUgBwSWCSAHUIwEJAD4AdJxBiArIAQcBBwALAD4AIQEA
387=EQAAOxEAIAACAAAHAAwAPgAhAQAAAQcADQA+AB9IAVUCDsgBVQIPSQEetQIQyAFVAhFJAS
388=K1AhLIAVUCE0sBIQEAfQoUyAFVAhVIAc0FFsgBVQIXSgEhAY0FGMgBVQIZyAFNEBrIAVUC
389=G0kBIK0FHMgBVQIdSAHFEx7IAVUCH0gB1Q0gSAEFdwAAAAIHACHIAQEDBwAiSQFdtQIjyA
390=FVAiRJAX9UAkEPJcgBUQkmSQHNoQ8nKCkAKCgpACkoKQAqKCkAKygpACwoKQAtKCkALigp
391=AC9JAdSpDDBJAY2tEDFJAYapATJJAVKpATNJATxrAQMANEkBJ2sBAgA1SQEjqQE2SAFkAQ
392=EAAgA3SQHcfwoCADhJAepYAgECAgA5yAEBAwIAOkkB3aEEO0gBXANGJQA8KCkAPSgpAD4o
393=KQA/KCkAQEkBVH8GBgBBSQGMqQFCSQGIqQFDSQGJqQFESQGHqQFFSAGLFwUARkkBKHcCBQ
394=BHSAGTHwYASEkBi3cCBgBJSQEkqQFKSAGPBQYAS0kBkncCBwBMSQEfawEGAE1JAWZAGgEE
395=BQBOyAEBBQUAT8gBAQYCAFDIAQEHAgBRSQGSTAVBJVJKAf//SwgCAFNJAd1nAQIAVMgBQS
396=VVSQHcVAIBAQIAVkgBzQVXSQHapQhYSQHVqQFZSQG+TAUBBQIAWsgBQQ9byAFBD1xIAcUI
397=XUkB10wFAQQCAF7IAVkGX8gBWQZgyAFZBmFIAdkGYkgBVAZxNWNIAc08ZEgBwRplSQEhZw
398=QCAGZJASWpAWdJAZFrAQMAaEgBmzIDAGlIAYstAwBqSQEmYwQCAGtJAR6pAWxJASKpAW1I
399=AYcIAgBuSAGPPAIAb0kBg6EEcEkBiqkBcUgB3RVySAFwAkktcygpAHQoKQB1KCkAdigpAH
400=coKQB4KCkAeSgpAHooKQB7KCkAfCgpAH0oKQB+KCkAfygpAIBIAcElgUgBwSWCSQFOYxYH
401=AINJAVGoAQIIAD8AIEw8SYUJSAFkjFmKCsgBVQILSgEhAVQybKoDPwAhAQAAVQINVAJsqk
402=0FDsgBVQIPSAFkl1UCEMgBVQIRSAHdChLIAVUCE0oBIQGdChTIAVUCFUgBzQUWyAFVAhdK
403=ASEBjQUYyAFVAhnIAVUNGsgBVQIbSAFgGlUCHMgBVQIdSAHFEx7IAVUCH0gB1Q0gyAFVAi
404=FKASEBlQ0iSAFsqgEEBwAjyAEBBQcAJEoBfwCBBCXIAVkGJkgBJ04VPwDJASgoVQApKCkA
405=KigpACsoKQAsKCkALSgpAC5IAcGpL0gBXA590DBIAYOTBwAxSAEnTRU/SJZLBAcAM1UCQU
406=UBAW6qPwCMiW+qPwCQTBtRVjZBBIqpATdIAUgFRBpOqj8AbKpRdzlUAmgBUXc6SAHBBDso
407=KQA8KCkAPSgpAD4oKQA/KCkAQEgBbaoBb6o/AI53CQYAQlQCyaZDSAGboAUAREgBm6AGAE
408=VIAYgXb6o/AB14Bm6qPwDBBEhABMUISUgBxQhKSAHZq0tJASB5BgZNqj9YOEwBb6o/AI9G
409=AQAGT6o/AGZeIAkGTKqpAQpsqlAUVAJBJVFFCNupAVJJAc+pAVNJAdGpAVRIAWCpjqo/AG
410=gBWSdW1AJZJ1dIAdWGWEgBYKkBCAIAWckBCW6qPwB0AkEPW1QCzQVcKCkAXSgpAF4oKQBf
411=KCkAYCgpAGEoKQBiSAF0HFUYY0gBwalkSAHdg2VIAd2DZkkBk3MFAwBnSAGABG6qPwCIpm
412=yqJykAakAElacDTqo/ANkGbFQCxa1tSAGABG6qPwDBGm9UAp82AgBwSAHVAnFIAXwOURRy
413=SAGDDwIAc0gBgw8CAHQoKQB1KCkAdigpAHcoKQB4KCkAeSgpAHpIAdkRe0gB1Q18SAHVDX
414=1IAdUNfigpAH8oKQCASAHBJYFJAU9rCAcAgskBAW2qP2wCbXOEVAKQSwMHAAcAQABkjEEB
415=CMgBTQUJSAF0kVUCCsgBVQILSAHNBQzIAVUCDUkBIH9MBwAOyAFVAg9LASEBAHUNEMgBVQ
416=IRSQEgtQISyAFVAhNIAdUNFMgBVQIVSAHNBRbIAVUCF0gBzQUYyAFVAhlIAcUTGsgBVQIb
417=SQEftQ0cyAFVAh1IAd0KHsgBVQIfSAHdCiDIAVUCIcgBXSAiSgFtAEAAZq1AAGgBQQQkVQ
418=J+UAJBBCXIAVUCJkgB2asnKCkAKCgpACkoKQAqSQHSsRQrSAHZBiwoKQAtSQHQoQQuSAEj
419=qyYHAC9JAYWhDzBIASNMIGatQAAnpRVAhK1ZzDNABGWtA2WtQCimFUAA1YY2QATJhTdIAX
420=kKACL1KkCFrQYi9CqpAQci9ypAANl7EQIAOyitADwoKQA9KCkAPigpAD9IAY1SBkEBQEKZ
421=AACFrUD9pEJcAsGpQ0gBkKNmrUAAkaMFRa1AsKNlrUBM3FgUZK0ngQBIWAYjOy4FAElIAc
422=mxSkgBI/MkBgBLSAGMJmatQAAjJCZmrUAAI/AkZa1ATLtcCmStqQEBZ61AAI+lHlFFCIap
423=AVJJAdapAVNIAYQ0IvUqQO2JVVQCZK1NJlbIAQEIAgBXSQGzRAxdCljJAQJlrUCZqw1krS
424=cFAVtABMmQXCgpAF0oKQBeSAFNCQBTNV8AQIQBAQACAGAoKQBhKCkAYigpAGNIAdmKZEgB
425=1YZlSQFoQBpd8WbJAQJmrUAAgARlrUCrDAQAaUAEjwEEAGpIAYyqZ61AAGlECAEAAwBsVA
426=JoAVEJbUgBgARkrVCNfAYi9CrQCWStJykAcUwFxRNySAGAD2WtQFDgXQYHR61AAEhEAV1t
427=dUAEaAFdbXZJAUe1AnfIAVUCeEkBRrUCecgBWRF6SAHZEXtIAc2qfEgB1Q19SQFNuQZ+SA
428=FoDFUNf8gBXQqASQFKoQSBSAF0WlFsgkgBI1Q3ZK3DGgcAhFQCJRUkhUgBIyE2B076QQBh
429=kwN+r0EAZJdFCAhcdWgBVQIJSAF0kVUCCsgBVQILSAFgBFUCDMgBVQINSQEgVC5VAg7IAV
430=UCD0sBIQEAIgk+EMgBVQIRSAHNBRLIAVUCE0gB1Q0UyAFVAhVIAc0FFsgBVQIXSAHNBRjI
431=AVUCGUgBxRMayAFVAhtIAXgcRRMcyAFVAh1IAd0KHkoBbwBBAAdSkkEAaAFdKyBVAmlQAl
432=UuIcgBVQIiSAFwrlEJI8gBUQkkSAF8r1UCJcgBVQImSAHBqScoKQAoKCkAKUgBh3YHACpI
433=ASN7IAcAK0gBI2c5BwAsSAHVsi1IASV5Ky5IAdU5L0gBxa0wSAGEon2vQb+ZBwAyVQJAtR
434=gzyAFVTzRIAZScIqQrTAVENAEAAgA2VALNiTdIAcmxOEkB7WQIfq9BAGgBVYY6VQLYuQY7
435=SAF8A0UIPCgpAD0oKQA+SAEjRjUGACLYLYRVfa9BJEAkIqYrQQAlcSpCTAXVp0NIAYgif6
436=9BANd0DX6vQQAjaCl8rycpAEdNBdOhBEhIASM0Pn2vQeG0SlQCJdErS0gBI3QlfK8n4QFN
437=VALBBE5IASNcIn2vQYixAQQGAFBVAkRdHAUi90BBAI13DQIAUlQCkDUi9kBBAJQ5fa9BKP
438=wVJykAVkwFca4Dfq9BAGgBAQQCAFjUAl0KWUgBRAxaZQBaSAHRrltIASVFKlxIAcEEXSgp
439=AF5IAdmVX0gBzYlgKCkAYSgpAGIoKQBjSAGX0wIAZEkBaEAaSfNlyAEBBAMAZsgBAQUEAG
440=dIAZ8KBABoKCkAaSgpAGooKQBrSAFyrgMEXa9BiLFRCW3UAgEFAwBuSAHNn29IAZwKfa9B
441=JActAgBxVALZoHJIAWBGVXBzyAFVcHRIASUFInVJAYVvIgcAdigpAHdIAdWceEkBWKEEeU
442=kBSKkBesgBUQl7SAHZtnzIAVUCfUgBJe0/fkkBk7kGf0gBZAFZEYBIAc0QgUgB1Q2CSAHB
443=BINIAcEEhEkBg3sCBwCFSAGf/AcABSFcN3CYUAkiiDdoAUEPB1QCeJVVAgjIAVUCCUoBIQ
444=FLCAcACsgBVQILSAHNBQzIAVUCDUoBIQGNBQ7IAVUCD0gBaAxdChDIAVUCEcgBVQISyAFV
445=AhNIAWCpVQIUyAFVAhVJASC9ChbIAVUCF0gB3QoYyAFVAhlIAcUIGkoBcABDAAcAG8gBQQ
446=QcSQFuUAJJDB3IAVUCHkgBfK9BqR/IAUGpIEgBaLFVAiHIAVUCIkgBaLEj0UFCIygsI9NB
447=QgDNsRQlQATJASYoKQAnKCkAKCgpACkoKQAqSAGMn2qxQgDJOCxUAt1MLSgpAC5IASXRKy
448=9IAcE7MEgBI1xOabFCcBwiATIyVQJAUAFVGDPIAV1tNEgBJygWzAVqsUIA2Yo3QASAvyIr
449=LEIA7WQIaLGoAU2JOkAEzQU7SAGLFwIAPEgBSAVtiT0oKQA+SAEieEFN/z9IAdWcQEgB3a
450=9BSAHdr0JIAZteBQBDSAGQCWqxQgCQxGixyC1psUKsnyIoLNcYBQBIKNkASSgpAEpIASVd
451=LUtIASVdLUxIAcEPTUgBgJMiIVdCJg1ET1UCQ3AQabFCShIAAF3QUVQCJVUsUkgBJaFGU0
452=gBgDBpsUIoKxZCAMNECFkGVkAEaQECabFCibEHabFCWANIACIoLCcpAFpMBd2vW0gBWANx
453=KlwoKQBdSAHdr15IAcWXX0kBTFAFVVpgSQFJSAFNXWHIAVUCYsgBVQJjyAFVAmRJAWhcVw
454=EGBwBlygEHBkqxQgB2AggFSrFCACONPgVIsdMUBQBpTAVkDFGKakgBmxEFAGtJAWlxCQVL
455=sUIAakgBRT9tVAJoAVUNbkkBSX8GBwBvyAFVAnDIAUUTccgBVQJySAFosV1Xc0gBdAZBBH
456=RIASUxInVIAdFhdkgBwZ53SAHdYnhIAdkGeUgBIz80BwB6SAEjD1oHAHtIAcEEfCgpAH0o
457=KQB+KCkAf0gBzXOASAHVDYEoKQCCSAHFdoNIAcEEhEgB2REEUUh7eA1psUNQD0RKIlUsQ1
458=wmWAIiVCyoAVEfCEwFaJBFHgnIAVUCCsgBVQILyAFVAgzIAVUCDcgBVQIOSQFrWApVAg/I
459=AVUCEEgB2aARyAFVAhJIAWibTQUTyAFVAhRIAc0FFcgBVQIWSQEgQDtFohdIAWixRTQYyA
460=FVAhlIAWixVQIaSAFosUkBG8gBQQQcSAF8ClUCHcgBVQIeSAEiTCtNEB/IAVUNIEkBzVQN
461=VQIhKCkAIkgBJZ0qI0gBwQQkKCkAJSgpACYoKQAnKCkAKEgBxQgpSAHFCCpIASNIJWqxQw
462=DdTCxUAt1MLUgBJf0rLkgBIyBBIlZCQwCboAcAMFUCAGAAa7FDADmpATJUAmgBAQEDADNI
463=AY+fAgA0SAGIkCJVLEMmeUE2VAJ1BgAiTG2AkHl/OFUCl3gCarFDAGgBWYo6VAJwAk0FO0
464=gBJYEsPEgB1QI9KCkAPkgBabEBIlUsQ/WcQFQCm8EFAEFIASXQK3idJdErQ1QCyQFESAGA
465=JWqxQwDJAUZUAoQpabFDJq0sSFQC2QZJSAGXIwUASkgBhxMFAEtIASP7MAUATEgBwb9NSA
466=EnKxZDAJBwBSJWLEMAI7wjaLFgEgMAAAQGAFFMBX0jBSJULCf5BFNUAtWnVEgBcK4BAwIA
467=VckBBCJNbUOUslkGV1QCZAxZJ1goKQBZSAHFCFpIAcEEWygpAFxIAYOeAgBdSAHdr15IAX
468=yvVVpfyAFVWmBIAdWGYUgB3YNiSAEjH0YHAGNIAdUCZEgBwZNlSAF9rwppsUOKsQsGS7FD
469=ACp8EWmxQyT0KmixJykAalkGKaEEa0kBaUJnCQZKsUMAfK8BAgYAbVQC2aBuSAHBD29IAc
470=EPcEgBYAhdbXFIAc0FckgB3RVzKCkAdEgByZt1SAGXOQcAdkgBI7szBwB3SAEI2wEAAAAH
471=AHgAQwARAACxEAAgCdMBAAAABwB5AEMAz6kBekkB0akBe0kBkVwDAQAHAHxJAYupAX1IAW
472=QBVQJ+SAHBBH9JAYh7AgcAgCgpAIEoKQCCKCkAg0kBiqwFAgMARADXtQ0ESQF7VAIBAgcA
473=BcgBAQMHAAZJAWu1AgfIAVUCCEkBabUCCcgBVQIKyAFFCAvIAVUCDMgBVQINyAFVAg5IAd
474=0KD8gBVQIQSQFuvQoRyAFVAhJJAW21AhPIAVUCFEgBzQUVyAFVAhbIAVUjF8gBAQEHABhI
475=AQEhAQAASQEZSQEfSAFBBBpJAXRcCkkBG8gBQQQcSAF8CgEEBwAdyAEBBQcAHkkBfkwFVR
476=gfyAFVDSBJAc2xCSFJAdCpASJJAZNMBV0KI0kB2rUCJEgBzQUlKCkAJigpACdIAcUIKEgB
477=YAhFCClJAdalCCpJAdSpAStJAY5nBAcALEkB2bUCLUkBjLUCLkkBh6kBL0kB3KEEMEkBUr
478=UCMUkBOUgBAQIDADJJASdIAQEAAgAzSQEjqQE0SAGLQwIANUgBgw8CADZIAXwDTQU3SQG8
479=bwECADjIAQEBAgA5SQGXVAIBAwIAOkgBRQEATQU7SAGPEAIAPEgB1QI9KCkAPkkBVXsCBg
480=A/SQGSqQFASQEfawEFAEFIAZ8gBQBCSAGFKQVCWUQAyQFEKFUARUgBhykFAEZIAWAITVpH
481=SAHFCEhIAdkGSSgpAEpIAZdwBQBLSQHSbyYFAExIAYNyBQBNSQEkdwkFAE5JASipAU9IAY
482=8xBgBQSQFBdwIGAFHIAQEBAgBSSAGDDwIAU0gBkwkCAFRKAf//UwUCAFVJAcNEAQEHAgBW
483=SAFEAW0mV0kBjG8QAgBYSQGGqQFZSAHBBFooKQBbSQEhewICAFxJASWpAV1JAUxIAVVaXk
484=kBUUgBRUpfSQGNqQFgSQGDqQFhSQGGqQFiSAHFSmNIAY8xBwBkSQHdbxAHAGVIAWgFUQlm
485=KCkAZ0kBJnsCBgBoSQEeqQFpKCkAakgBhxMGAGtIAc0QbEgBxVVtSAHBD25IAcEPb0gBg1
486=EHAHBIAYc0BwBxKCkAcigpAHMoKQB0KCkAdUgBmz0HAHZIAYMwBwB3SAHVp3hIAdmreUgB
487=kzUHAHpIAdkGe0gBwQ98KCkAfSgpAH4oKQB/KCkAgCgpAIFIAcEPgkgBcCNbJwIARYQBSQ
488=EDSAHJhQRIAZRParFFAMkBBlQC2REHKCkACEgBwQQJKCkACkgBzQULKCkADCgpAA0oKQAO
489=KCkADygpABBIAdmgEcgBWaASSAFosVGjE8gBVQIUSAHNBRXIAVUCFsgBSaYXyAFJphhIAW
490=jHRR4ZyAFZUxpJAX1nIQcAG8gBVQIcSAHVGB1IAdkcHigpAB8oKQAgSAHNBSFIAc0FIkkB
491=1bFWI0kBj6kMJEgByS0lSAHNBSYoKQAnSAHRCShIAcU/KUgBm4oHACpIAd1XK0gBwWcsSQ
492=HYtQ0tSQGQtQ0uSAHJ8y9IAc1dMEkBQaEEMckBAWqxRQCAnmuxRQCOcwkCADRABJwKaLHA
493=RmuxRQCcZwgCADdABGkBAWqxRQB0sl2vOVQCfANdrzpJAZCxCTtJAYipATxIAdmKPUgBzQ
494=U+SAFpsQFrsUUAkm8FBgBAVAKEE2qxRQCYJ2mxRf2vQ0AEjCYi9CAnVQBFKFUARkgBhykF
495=AEdIAc0FSCgpAEkoKQBKSAGILWixxB5qsUUAnCBqsUUAlDlpsUVE9VMXBQBPWAYnKRZFT8
496=YAAAJosagBSSJSQASUe2qxRQDR2lRVAvBACEElVcgBRSlWSAGXkQIAV0kBj3wga7FFAIWp
497=AVlUAnQGWQZaSAHdr1tIAZScabFFWMdPEAcAXVQCaLFFYF5IAc1HX0gByUNgSAEnKhZFAM
498=VKYlQChx4HAGNIAZQNaLHIImqxRQDVsmZABN2ZZ0gB3UxoSAHZBmlIAY8mBwBqSAHVAmtI
499=ASXRIGxIASVhKG1IAYMlBwBuSAGfNgcAb0gBnDZoscw8aLEnKQByKIEAcygpAHQoKQB1KC
500=kAdigpAHdIAckMeCgpAHlIAdUNeigpAHsoKQB8SQF5exgHAH3IAVWGfkkBW7UCf8gBVQKA
501=SQFctQKBSAGHPwcAASGAIHACVZECKCkAAygpAAQoKAAiMCHNBQZUAoVgB0EHRrtIBwAIVA
502=LBBAlIAcktCkgBzQULSAHBGgwoKQANSAHJkA4oKQAPSAHNBRBIAcEEESgpABJIAcEEE0gB
503=wQQUSAHVAhUoKQAWSAHBtBfIAUG0GEgBaLFBtBnIAVlTGkgBaLFVAhvIAVUCHEkB0HheIl
504=YsRgDdTB5VAolpHgdWlkYAyU4gVAIjsycHACFIAc1dIkgBzQUjSAHBXCRIAWAIXSglSAHd
505=CiZIAdEJJ0gB2ScoSAHNGylIAdkRKkgBxa0rSAHdCixIAd1XLUgB0UsuSAHR8C9IAYuFBw
506=AwSQFBUBBFHjHJAQNpsUZQGnoCADNVApFwH2mxRqiQabFGVANIAGmxRomxAmixqAFRjThZ
507=Btu5BjlIAYwQIlYsRgCPEAIAO1QCXAdChAA8SQGNrQU9SAHVAj5JAVZsAWuxRgCTqQFAVA
508=InKBbUAmqxRgCEHiJVLEb1skRMBY0mBVFeRiQoIWBZJ4EARyiBAEgoKQBJKCkASigpAEtI
509=AZQYaLHYXmqxRgAjqCZpsUYoKhZGAJwrIlcsRgBAqRdRRAhpAQEiVCwnJQVTVAIlKSxUSQ
510=HwTAVFKVXIAUUpVkgBkEBosSf5BFhUAtkyWUgBVAYCAAACAFpJAR1vAQIAW0kBTWsBBwBc
511=SAEl/StdSAHNUl5IAcGeX0gBaAVBUWBIAcVKYUgBwQRiSAGcK2mxRia5PmRUApQ5aLHPMQ
512=cAZlQCi8cHAGdIAdEJaEkBhW8MBwBpSAHVvWpIAd1ia0gB1Q1sSAEl0SttSAGIOGuxRgB6
513=pQhvVAJoAUmbcEkBXbUCccgBVQJySAHZBnNJAV6hBHTIAUEEdUgB2QZ2yAFVAndIAc0FeM
514=gBVQJ5SAHNBXrIAVUCe0gByQx8SAFosU1ofcgBVYZ+SAFosVUCf8gBVQKASAFosUQIAQIA
515=RwCHPwcAA0gBbBRBMAQoKAAirCDVAgYoVQAHSAHJOAhIAdEqCUgB0SoKSAHBiAtIAY9HBw
516=AMSAHBvw1IAcUIDkgBzQUPSAHFlxBIAdWREUgBJXUwEkgB3fETSAHJvBRIAckMFUgBybEW
517=KCkAFygpABgoKQAZKCkAGigpABsoKQAcSAHdKx1IASUhKx5IAckiH0gBk2wHACBIAdUCIU
518=gB1QIiSAHVAiNIAZt0BwAkSAHVAiUoKQAmSAElISAnSAHJIihIAc0bKUgBzRsqSAHZXitI
519=Ad0KLEgByWQtSAHNBS5IAdUuL0gBzQUwSQFCcxAHADHIASP9K0co0BXIQ3GuRyjQFSdVAD
520=ZZBulkCHKuRwBoAVmKOFQChEoiKUJHpKJzrkcA0LmrO0AEJVk9PEgBJS0nPUgBbAlBiD5J
521=ATJsAXOuRwBXqQFAVAIjdDsi/ytHACJ0AnGuRyYpLENABIQeIvwr1A1xrkdmBQAAcK7YEW
522=1aR+G0SFgGjzwFAEkoKQBKKCkAS0gBmCdxrkeswHGuR1DrSAtyrkcAI8ApIv0rR6ixc65H
523=AEBcAyP8K6gBQalSUAmAXCL8KyclBVRVAvBNBQQiKkJHAGkBBSIoQieBAFdABNkGWEgB3S
524=tZSAFWBgAAca5HoL9zrkcAU3gCcq5HANFsXUwFyfNeSAF8A0F9XygpAGBIAcGeYUgBm8wH
525=AGJIAZQjcK7MJiL8KycpAGVABM0FZkgBzQVnSAHZU2hIAd2vaUgB2atqSAHNEGtIAcEPbE
526=gBxQhtKCkAbkgBZK1RmG/IAVGYcEgBZKJVAnHIAVUCckgBaJtNG3NIAWCpQQR0yAFBBHVI
527=AdkGdsgBVQJ3SAHNBXjIAVUCeUgBzQV6yAFVAntIAckMfEkBX3gYIv4rRwBoAU2qflUCIk
528=xdTQV/SAEisFNPEAMASGUFAEUTBCgpAAUoKQAGKCkAB0gBzSYISAElhTIJKCkACigpAAtI
529=Ad2vDCgpAA1IAcmxDkgBxQgPSAHBqRBIASNvJAcAEUgBJR1cEkgBj10HABNIAc0QFEgByQ
530=wVSAHBkxZIAYcaBwAXSAHdTBhIAdXpGUgB2QYaKCkAG0gBxQgcSAGUWiJNK0jlVR5UAtkG
531=H0gB0VYgSAHVDSFIAdGYIkgBI+dUBgAjSQEgZQQGWatIWLFNAQZeckgAI5tQBgAmQATBGi
532=dIAckiKEgB1Q0pSAHFEypIAdGuK0gB1SMsSAHVIy1IAdHPLkgBTA1hOy9IASV5VzBJAT55
533=AgNZq0gkED8iTStIKHkVSKTveatIsJgiTitIAJjMIk0rSI2qAnirqAFBiDhcCtl/OUgBlL
534=15q0gkEzQCADtUAiWpPDxIASd5FUhwEWmFPlQCeKtNtT9IASKlQQAieUFIJD8/BgBBVAIl
535=eStCSAEj0CsiTCvECHir3BV5q0gkJCZ5q0jtqkdYBpx4eFsnVQBJVALBtEpIAYQpInhBJ1
536=0BTFQCIxA/eatITDdIFnmrSLOuBgBPQQQ6UAJdFVDIAVUYUUgBySJSKCkAUygpAFRIAW2q
537=BnmrSJmrB3irwA8iTStIJqlHWEwF0QlZSAFwDZmrSCh5FUiYq0F9XEAEwfZdSAHJm15IAS
538=XtKV9IAZsnBwBgSAGTNQcAYUgBlCN4q9QjeKsnKQBkKIEAZUgBjCYiTCsngQBnVALFCGhI
539=Ad2vaSgpAGooKQBrSAHNBWxIAXScSZBtyAFVGG5JAWB8HCJ5QUhBFQAimWZwVAJtnwQiek
540=FIAGgBAQUHAHJUAmyfWQZzSAFwCUEEdMgBQQR1SAFsBVUCdsgBVQJ3SAHNBXjIAVUCeUgB
541=zQV6yAFVAntIAckMfEgBbKpVp33IAU2qfkoBIQGRFARI9mQXQBp098kBBihVAAcoKQAIKC
542=kACSgpAAooKQALSAHdgwxIAd2DDUgBwTsOSAHVew9JATZ7DQcAEMgBSSIRSQE1tQISyAFV
543=AhNJATS1AhRIAckMFUgByQwWSAHJkBdIAcGeGEgBdAZNGxlIAdkGGkgB2QYbSAHFExxIAc
544=0FHUgBzQUeSAHNBR9IAc0FIEkBZHsnBgAhyAEBAgYAIkkBK2kIBUKpSQCBqQVAqScpACVB
545=BCyhBCZJAWVECFVwJ8oBAQZWrEkAwQ8pVALBDypIAdnBKygpACxIAcUeLUgBxR4uSAFkDE
546=UeL0kBQmwBInJASQBpAQFiqUkAl70CADJABCWdbDNIASMETmGpSe2qNVQC3Xg2SAEicSoE
547=YalJjaoFIp1WSSTkdSKdKkn1pzpMBdkGOygpADxIASdxQEl8EqCpJykAP0AEYKldIEBIAS
548=PwL2GpSVTOWAUinipJACNAZmGpSVgtlQJETAWcg2GpSazAYalJJp1AR0AEmH9gqdAUZV1J
549=p6IFAEpABMmmS0gByQxMSAElRSpNSAElBVlOSAGcV2OpSQA6SBABAgIAUFQCI/slAgBRSA
550=GMiSJyQEkAlN4inSpJ6dJUQQT2WAZRrlXIAUUIVkgBUAJpIldIASVFQFhIAdUCWSgpAFpI
551=ASdzQEkAVGQEIp0qSSSsQiKcVtsyBwBeTAWTxAcAX0gBaAVJQ2BJAdZ0T2GpSaTOYKknKQ
552=BjQATBnmRJAdCtBWVIAZwgYKkHSQDWAQAAAAcAZxEAAEMRACAIAEkAzQEAAAAHAGgoKQBp
553=KCkAakoBXgBDAAcAa8gBAQEHAGzIAQECBwBtyAEBAwcAbkkBYEgFVQJvyAFVAnBIAQEhAQ
554=AASQFxSQEgSAFBBHLIAVUCc0kBHrUCdMgBVQJ1SQEitQJ2yAFVAndIAQEhAQAARQh4yAFV
555=AnlIAcUIesgBVQJ7SAHFCHzIAVUCfUoBIQGECAMFAEoAUgBDAAcABkkBOEQBXSAHSQE3qQ
556=EIyAFFHgnIAUEECsgBVQILSAHZBgxJATa5Bg3IAUEEDkkBPHcCAwAPSAFgBAECAwAQyAEB
557=AwMAEUkBNUAEVQISyAFVAhNJATS1AhTIAUkXFUkBM1QCTRAWSQGQqQEXSQGKqQEYSAFkAU
558=EEGSgpABooKQAbKCkAHEgB0R8dSAHFHh7IAUkXH0kBZEAlQQ8gyAEBBAYAIcgBAQUFACJJ
559=ASN7DQUAI0gBZAEBAAUAJCgpACVJASR7AgUAJkkBZXMJBQAnyAFRCSjIAQEFBwApSAHFKS
560=pIAXAfVRgrSAFgCEkBLEgBxR4tSAHFHi5JATpnBAcAL8gBAQEDADBJAZJUDQEAAwAxSQEf
561=YwQCADJIAZcCAgAzSgH//1sCAgA0SQHZbwUCADVIAdUCNkkB6VwDAQYCADfIAQEHAgA4SQ
562=HcrQU5SAHNBTooKQA7KCkAPEkBka0FPUgBTAlOTgA+SQFrVAIBAQIAP8gBAQIGAEBIAY8b
563=BgBBSQGJcwUGAEJJAYupAUNJASZrAQUAREkBHqkBRSgpAEZJASK1AkdJAZOpAUhJASGpAU
564=lIAdkGSkkBJbUCS0gBiyIGAExJAZF3AgYATUkBh6kBTkkBQKkBT8gBSRdQSQHaVBgBAAIA
565=UUkB0KkBUkgBySJTKCkAVEkB9kQIAQQCAFXIAQEFAgBWSAFRAgBFCFdIAdkGWEgB1QJZSA
566=GLFwIAWkgBnxUCAFtJAVREBFlTXEkBkkgBSUNdSQHYbxAHAF5IAXACVQJfSQHXtQJgSQHN
567=qQFhKCkAYigpAGMoKQBkKCkAZUkBz7kGZkgBxQhnKCkAaEkBensNBwBpyAFFE2pIAWimTZ
568=RryAFNaGzJAQRppkpCFQAAWV5uVAJkl0EEb0oBIQFXCQcAcMgBUQlxSQEgtQJyyAFVAnNL
569=ASEBAHm2dMgBVQJ1SAFwCVEfdsgBVQJ3SgEhAY0FeMgBVQJ5yAFNBXrIAVUCe0kBH60FfM
570=gBVwIGAEtKXwAARWsHSAFohVmVCMgBWZUJyAFVAgrIAVUCC0gBaHpZBgxJATZIEEEEDcgB
571=QQQOSQEnVAJRQA9JASCpARAoKQARKCkAEigpABNJASitBRRIAWiFAQUDABVIAXCjSQwWyA
572=FRKhdIAWwQWRwYSAFoF0kBGcgBTRsaSAF8r1UCG8gBVQIcSAHZth1IAXgGXQoeyAFJFx9J
573=AWRAJQEGAwAgygEHA1KjSwB2AggEUaNLRANVFARQoycpACRMBZscBAAlKCkAJkkBZXEJBF
574=KjSwBoAVEJKNYCCANQoycBBipUAmQeWREryAFZHCxIAXwrVRgtyAFVGC5IAXCjTQUvSAGA
575=fXGjS1gMRRMCUaNLVBOJATJABNVwM0gBgGdzo0sA1EQTRTQ1VALBBDZJAaxUBlUCN8gBUY
576=I4SQHMtQI5yAFVAjpJAdC1AjvIAVUCPEgB0Qk9SAFmogQCUqNLAGkBBXCjqAECBgUAQACq
577=AQcFUaNLTCxUCXKjSwCfmQYAQ0AEyQFEKCkARUgBh6IGAEZIAdWnR0gBjwUFAEhIAZuKBQ
578=BJSAGQjSIYICddAUtUAowFcaNLRDqBD01UAp+OBgBOSQFAUAJFuE/IAQEDAgBQSAHNG1FJ
579=Ada5J1JJAdGpAVNJAfZYBk3LVMgBTctVSAHZBlZIAVwDAgAAAgBXKCkAWEgBkxQCAFlIAY
580=gXc6NLAE9xBQdQo6gBRT9cQARwAl1BXUgBJ3EUS5ACVQJfVQLWexEHAGBIAcmbYSgpAGIo
581=KQBjKCkAZCgpAGUoKQBmKCkAZygpAGhIAXCjWaBpyAFFVWpIAXCjWaBryAFZoGxIAWSXQQ
582=RtSQEgRBNZBm7IAVUCb0oBIQFEInCjUEBIAVUCcVQCzQVyyAFVAnNKASEBjQV0yAFVAnVI
583=AWgMXQp2yAFVAndKASEBjQV4yAFVAnnIAU0FesgBVQJ7SAFwo1UCB1jln3gCAAgoKQAJKC
584=kACigpAAsoKQAMKCkADSgpAA5IASMfJQIAD0kBjFgRRT8QSQGIqQERSQGKqQESSAHVRBNI
585=ASN3JQIAFEgB2REVSAHRoxZIAWSiUaMXSAF4oEmxGEgB3ZkZyAFdmRpIAXigSYUbyAFVAh
586=xIAcG0HUgByQweKCkAH0gB1Q0gSQFkURQKeaBMmqALA1JmTACBBANCjUwAgwAEACRMBckB
587=JUgBiwwDACZJAWVGCAkDXZNMmKBRCShUAiM4I3mgTEQDQwcCACpUAp8KAgArSAFkolkcLE
588=gBeKBVGC3IAVUYLkgBiwwCAC9IAdUYMEgB1S4xSQHbQA9VLjJJAdOpATNIAc2fNEgB1S41
589=SQHdoQQ2SQGsdBEijihMAGgBWX84VAJ4oAECAgA5yAFVAjpIAXigVQI7yAFVAjxIAd0KPU
590=kBa10KCHqgTABoAV0gP9QCAQoEAEDJAQt7oEwAHUEPAHmgTKWiB1mgTKeiBwBETAWHlwcA
591=RUkBKq0FRkgBlwIGAEcoKQBIKCkASUgBmIp7oEwAjXgGYv5MACMZKgdaA0wAIzAtIo0oTC
592=TsNHmgTEi3UQUCRpFMAMEaUFQFyQFRSAGRjQJKBkwAJbkoU1UC9lQGAQkCAFTJAQoijCgn
593=BQFWVQKOSCJZMldIAUkFAEkBWEgBkB95oExMsF8CBwBaVAJ4oE1zW0gByRdcSAHJF11JAd
594=ZwCSKOKEwAJVknX1QCzZ9gKCkAYSgpAGIoKQBjKCkAZCgpAGUoKQBmKCkAZ0kBZUETACJY
595=PUhZSAFVsmnUAlEUakgBbIlVAmtJASClE2zIAVUCbUgBIvA6RQhuyAFVAm9IAc0FcMgBVQ
596=JxSAFwCU0FcsgBVQJzSAHNBXTIAVUCdcgBTQV2yAFVAndLASEBACI9KXjIAVUCeUkBILUC
597=esgBVAIBCABNAIMAAgAJKCkACigpAAtIAdlpDEkB1WcIAgANSAHdQQ5IASXJNQ9IASWVNB
598=BIAdUCEUgBzQUSKCkAE0kBkLEJFEgBxaIVSAHZoBZIAdV7FygpABgoKQAZKCkAGigpABso
599=KQAcSAHRgh1IAZlIAlVqTaVgAlVfTatvAgAgQAQjwDRgnsAEYp5NAJgRYZ5NUARJJQNEAi
600=cpACVYBogMYp5NAMUIJ1QChVUDWqVNANmVKVQCjAVgnifhAStUAsWiLEgBzQUtSAHRHy5I
601=AdkGL0gB2ZUwSAHRKjEoKQAyKCkAMygpADRJAdFFFwEiUjxNAGgBRZc2VQL1VAJVcDfIAU
602=EEOEgB3Qo5SAEl5Sg6SAElvSM7SAHBBDxIASUNIz1IAZCNYJ7PGwMAP1QClHtgntQCYJ7I
603=AWCeyAFgntknCEKeTQAjxzoIAEVECCOzJwcARkgBgZ4HQZ5NWDhPFwcASChVAElIASOMKC
604=LOR00AI1gnYJ7AMCLdJ01c1lgGY55NAEJEAVGuTlgGaAFRH09IAc0bUEgB0R9RSAGYimGe
605=TSYFLVNVAutkCGKeTQBoAUUIVVQC1VpWSQGJoVxXSAFoBUktWEgBiCJhnk1MpVwCYZ5N4b
606=RbQQSKUAJJelxIAY8QBwBdSAGPEAcAXigpAF8oKQBgKCkAYSgpAGIoKQBjKCkAZCgpAGUo
607=KQBmKCkAZ0gBYZ4DYp5NAGkBBCJQPKgBAQUHAGpABGyUQQRrSQEgWBxZoGzIAVUCbUgBYJ
608=5VAm7IAVUCb0gBzQVwyAFVAnFIAXAJTQVyyAFVAnNIAc0FdMgBVQJ1yAFNBXbIAVUCd0oB
609=IQFfyQcAeMgBVQJ5SAHFCAmky0YEAAooKQALKCkADEgBxT8NSAGXLgIADkgBlC4iLSdOu8
610=wCABBUAiUpIRFIASMjNgIAEkgBxQgTSQG4WBFZPRRJAbKpARVIAclDFkgBJTUoFygpABgo
611=KQAZSAHFohpIAd0KG0kBAGMAAgAcSAGRjQJDmE4AhrUCHlQC3YMfSAGEl2mbTqeXAgAhVA
612=IloSUiSAF1BgBpm06EAUkBJChVACUoKQAmSAHBkydIAcGTKEgBwZMpSQGPbAhpm05ApEwB
613=IiwnJ+EBLEAEzQUtSAHBGi5IAdHEL0gB1QIwSQHUQAhZJzHIAUVrMkkBzbUCM0gBcZgDIk
614=k7Tp2ZBGibqAEBBQIANkAEaZsCIi4nTgBoAU0FOFQCyQw5SAElyUs6SAElDSM7SAHBBDxI
615=Adl0PUgBl5wDAD5IAZScaZtORC9cEWibyAFom9Afa5tOACxcA0WMQ1gGlC4iLidOACNsUG
616=mbTvWcRkAEaAUBAAgAR0gBgdUISJsngQBJVALZoEpIAdWcS0gBJQAnIugklMhrm04AQXQJ
617=IiwnqQEBIi4nTgDZ+FBYBtVaUUgB0R9SSAHRH1NIAXyZWSdUyAFZJ1VIAcEEVkgBZAxFNF
618=coKQBYSAHNJllIASVlT1pJAY5zBQcAW0gBjxAHAFxIAYwQaZtOJtFiXihVAF8oKQBgKCkA
619=YSgpAGIoKQBjKCkAZCgpAGUoKQBmKCkAZ0kBfLkRaMkBAWubTgButQJqVAJoAVUCa0kBIH
620=B3IohkSFlIAVUCbVcCIQEAInUlbsgBVQJvSAFgnlm2cMgBVQJxSAEimDpVAnLIAVUCc0oB
621=IQGFCHTIAVUCdUgBzQV2yAFVAndJASCtBXjIAVYCCgAieSwAfZkLSAGTKgIADEgBIygsIn
622=8mTwDSeAZxmE+8K3GYTya9LhBMBcWXEUgBwTsSSAHFlxNJAfalCBQoKQAVSAHdmRZIAcEP
623=F0gBJZ01GEgBzRAZKCkAGkgBwQQbKCkAHEgBJVUhHUgBnGIifiZPACPMXCJ8JicpACBABC
624=NIJXGYT+WMIlQC1ZEjKCkAJCgpACUoKQAmSAHJkCdIAdWnKEgB1Q0pSAHBqSpIAc3AK0gB
625=0RQsSAFMLnUuLUgBwQQuSAHNaC9IAcUpMEgBcJhNaDHIAU1oMkgBcJhBcjNIAXGYBnGYT5
626=GYB3GYTybJNTZBBLqhMDdIAd0KOEkB8HAQIkI6TwBoAVEJOlQCJSljO0gBzQU8SAHBcj3o
627=AXGYT1zASwgEAD9UApyZcZhPvJlymE8AiENwmNQCIlxOyAFwmNRPc5hPAIxMCUWXRlAJhC
628=lzmE8Ag7UCSFQCkyoIAElIAXACTQVKSAGElyJ+Jk8AiAEifCYn4QFNQQRBUQUCcZhPnJlZ
629=J09UAs0bUEgBIwQ4ItFiTyZRJlJUAsEEU0gBcJhFw1TIAUXDVUgBwQRWSAFEDHU5VygpAF
630=hIAc0mWUkBVWQEInwm2BxxmE8k+DBymE8AjBBwmNNsBwBeWAbJm18oKQBgKCkAYSgpAGIo
631=KQBjKCkAZCgpAGUoKQBmKCkAZ0gBcZgCIn4mTwBpAQNxmE+QmFUCakAEcJhVAmtJAWy1GG
632=xIAXQCVZFtyAFNiW5IASL4JUkBb0kBJmhOIl5OTwB8mUUIcVQCYJNdCnLIAVUCc0oBIQFX
633=JwcAdMgBVQJ1SAHNBXbIAVUCd0kBIKwFAQsAUACAAHqVUADRVg1UAtkyDkgBkCp7lVAA0F
634=kGACLNJVD9YhFABCXRIBJJAbuhBBNIASe6ElAAyQEVVQK1oQQWSAEl+SUXSAEldSUYSAEl
635=ISAZSAHVDRpIAdkRGygpABxIAc0FHUgB0YIeSAHNBR9IASX5JSBIAdUCISgpACIoKQAjKC
636=kAJEgBwRolSAHVIyYoKQAnKCkAKEgB3QopSQGScAUIAgAqAFAA1gEAAAARAACcEAAgAAEC
637=ACsAUADQAQAAAAIALABQAP//iQEtSgHWAYkBLkkBzakBL0kBz6kBMEkB0akBMUgB2QYyKC
638=kAM0kBuKEENEkBsKkBNSgpADZJAfa1AjdJAbKpAThJAfB/DgIAOcgBAQMCADpIAckMOygp
639=ADxJAR1MBUkXPesBAwA+6wEEAD9JASFjBAUAQEkBJakBQUgBlwIGAEJIAZcCBgBDSQEkYw
640=QHAERJASipAUVJAZJrAQgARkgBZAEBAAgAR0kBjG8BCABISQGGqQFJSQEnawEHAEpJASOp
641=AUtJASZrAQYATEkBIqkBTUkBQ6kBTsgBAQECAE9IAdkcUEkB2KkiUUgB1QJSSQHdtQJTSQ
642=HrRAgBBgIAVMgBAQcCAFVIAc0FVkgBXQMAVSNXSAGHHgIAWEgBhx4CAFlJAVVEBAEBBwBa
643=SQGOSAEBAAcAW0kB22sMBwBcSAGHPwcAXSgpAF4oKQBfKCkAYCgpAGEoKQBiKCkAYygpAG
644=QoKQBlKCkAZigpAGcoKQBoKCkAaUkBblAUAQQHAGrIAQEFBwBrSQFsVAJVGGxIAWAEAQIH
645=AG3IAQEDBwBuSQFnQARNG2/IAU0FcEkBH1gcSQFxSgEhAUcEBwByyAFVAnNJASK1AnTIAV
646=UCdUoBIQGNBXbIAVcCDABR4WcNSAGbJwIADkgBmycCAA8oKQAQSAHNaBFIAcEEEkkB1X8K
647=AgATSQG7qQEUSQG1qQEVSQGSqQEWSAHFaxdJAba1AhhIAcU/GUgB0XcaSAHVDRtIAcV2HE
648=gBzQUdSAHNBR5IAcEEH0gBwQQgSQHXqQwhSAHBBCJIAcEEIygpACRJAdqtBSVIAcEPJigp
649=ACdJAdOhBChIAcEEKSgpACpIAckiKygpACxIAc0FLUkB0qUILkgBzQUvKCkAMEkB0KEEMU
650=gB0RQySAHNJjNIAd2ONCgpADUoKQA2KCkAN0gBwTA4SQHwQT8EYpNRAGkBBWCTJ+UHO0AE
651=1Q08SQFsrRA9yQEBYpNRAHUCAmCTqQEDY5NRAI9cCgEABgBBTAWcmWOTUQCRdQIHQ5NRAI
652=upAURABM2URUkBILUCRkgB2ZVHSAEnYxJRAIpjBAgASVUCH2gBY5NRAI2pAUtVAoepAUxI
653=AYMEBgBNSAHZEU5IAW6UBAZBk1FeEAAARR5QVALNPFFIAdFWUkgB0R9TSQHpfApik1EAaA
654=FJm1VUAsEEVkgBfAOCk1EAhB5jk1EATnkCB0CTZAtMAWKTUQCAGmCTJx0EXEQIjBBik1EA
655=n0EHAF5UAskBX0gBi0MHAGAoKQBhKCkAYigpAGMoKQBkKCkAZSgpAGZIAd0KZ0gB3QpoSQ
656=F6TBRZimnIAUWBakkBf7UCa8gBVQJsSAFgk0WXbcgBRZduSAFgk1mVb8gBWZVwSAEnYxJR
657=ACZ4SGCTA1EAIQEAAEEEc0AEYJNZBnTIAVUCdUoBIQFQvQIHAA0AUvWRDkgB1XsPSAGLFw
658=IAECgpABFJAdBYBk0xEkgBxTQTSAHZzBRIAdUCFUkBvK0FFkgB3WIXSAHBnhhIAdV7GUgB
659=jyYCABpIAcEPGygpABxIAcl6HUgBwQQeKCkAH0gBwQQgSAHBBCEoKQAiSAHVDSNIAcGTJE
660=gB3RUlSAGXRAIAJkgB2RwnSAHBBChIAcEEKUgByQwqSAHJFytIAdUCLEgBxQgtSAHFCC5I
661=Ad0rL0gBzQUwKCkAMUgBxRMySAHdujNIAScKElIAyQE1KFUANkkBsaktN0gBwb84SQHwUE
662=tJ/jnIAUn+OkgB2RE7KCkAPEgBcI1ZlT3IAVF3PkkBbX8KBQA/yQEBapBSACOQI2mQUqBy
663=apBSACPQIGuQUgAeQA9NXURYBskBRUgBIzsjBwBGSAGfeAcAR0gBkAkibiRSACVBJElUAi
664=VBJEpJAZCxCUtIAY+UBwBMSAEnChJSACMxIgZDglIAQGwFaJCoAU2JUEwFxR5RKCkAUigp
665=AFNIAX2OAmmQUomQAyJsJCddDFZABHgKAQACAFdIAYgXapBSACJAJFkcWVQCgARokNgRaJ
666=AnSQRcQATdIF1IAd0gXkgBkzUHAF9IAYhDapBSAItDBwBhVALJAWIoKQBjSAGLTgcAZEgB
667=wQRlSQHUczUHAGZJAY6pAWdIAd0KaEgBaJBFgWnIAUWBakgBaJBVAmvIAVUCbEgB3QptKC
668=kAbkkBe38cBwBvyAFZlXBIAWCTXSBxyAFVAnJIAXyOSQFzSQEeuRF0yAFUAgEOAFMA2WkP
669=SAGUDXGNU7MfAgARKFUAEkgB3WITSAHVORQoKQAVSAEl2SEWSAHNBRdIAcmQGEkBsm8QAg
670=AZSAHFCBpIAZcjAgAbSAGTKgIAHEgB2REdSAHVAh5IAdUCHygpACBIAcEEIUkB0KkMIkgB
671=yQwjSAElZS4kSAHVAiUoKQAmSAHdICdIAckXKEgBzQUpSAHFCCpIAdUCK0gByRcsSAHNEC
672=1IAdWcLkgB3RUvKCkAMCgpADFIAd0VMkgBg1ECADNJAbe1GDRJAbOpATVIAd2ONkgB1QI3
673=SAHRKjhJAexoQyK+I1MAaAFJbzpUAt0VOygpADwoKQA9SAF8jgEJAgA+SAFyjQIGUY1TJp
674=EjQFQCmIpyjVMAIywycY1TvI5xjVMkiyIIAERMBSPrIwgARUgBnINyjVMAJRUkR1UCIHMU
675=BwBISAHFjElJAZO1AkpIAYuQBgBLSAGMBSIiNlMAjAUivSNT7Z9OQQRAWAZdFU/IAVWGUE
676=gBxR5RKCkAUigpAFNIAXCNRa1UyAFFrVVIAdkGVkgBWgoAAHCN2BxxjVOQjUFnWUAEJVEm
677=WkgBIzg5cI3MBSIiNlMAgxoIAF1ABN0gXkgBnApyjVMAjEdwjdxtcY1TJm0kYkwFzYljSA
678=EjhCdzjVMA3H9BBwBlKFUAZkkBkbUCZ0gB3QpoSQF8ew0HAGnIAUkXakkBfbUCa8gBVQJs
679=SAGEVSIgNic5Am5UAnCNQZNvyAFBk3BIAXCNVQJxyAFVAnJIAXCNSQFzSAFwjUMEDwBU5Y
680=wQSAGIDHmKVOWMEihVABNIASX9IBQoKQAVSAHZBhZIAdVlF0gB0TUYSQG9cB96ilQAyZAa
681=VAKYJ3mKVCZ1JRxUAt14HUgBxQgeSAHZfx9IAckMIEgBwQQhSAHBBCJIAdEUI0gBzQUkSA
682=HNBSVIASUlJiZIAdUCJ0gBmzICAChIAcUIKUgBxQgqSAHNBStIAdEULEgB1QItKCkALkgB
683=2REvSAHVIzAoKQAxSAHdCjJIAd2vM0gBJYkiNEgBbEBBXDVIAdknNkgB1QI3SAHVAjhIAW
684=yJSfM5yAFRbDpIAcUTOygpADwoKQA9KCkAPkkBVmALeYpU8XdAVAKY+HmKVCbhIkJUAoSM
685=eYpUJFQheYpUJl0iRUAEhIF5ilQmyTVHVQKJaAx5ilQm9TVJVALNiUpIAZgGeIpMEGBGeY
686=pUcgYAAHuKVAA5cAEiDCOoAVWnT1gG2RxQKCkAUUkB2WUIAkzpJ3EJU1QCeYoGIg0jVCMN
687=IwciDCNUGK0FVkAEZAxVLldIAZAfeYpUmIpN91lUAiWhJVpIASdZEVT1p1xUAoSiIhk1VK
688=SiIhk1VKy1eIrcbXqKVACEYHmKVKO0BwBiRQiFcxAHAGNJAYOpAWRIAdUCZUgB1QJmSAEl
689=vTlnSAGfVwcAaEgBeIpVe2nIAU1+akgBeIpVAmvIAVUCbEgBmFN4isx+InxHJykAbyiBAH
690=BJAWK5EXHIAUGTckkBIFgnSQEQWCTZXhFIAZ8KAgASKCkAEygpABQoKQAVKCkAFkgB3WIX
691=SAHBOxhIAdWGGUgBwQQaSQG+QA9RNRtIAc0FHEgBnSACUt9VACWlIB5UAsEEH0gBwQQgSA
692=ElsT0hSAHBBCJIAdUYI0gBJdEgJEgB0QklSAHNBSZIAcUTJ0gBxR4oKCkAKSgpACpIAdmK
693=K0gB3QosSAHVAi1IAckMLkgByQwvSAHdFTBIAdkGMUgB3SAySAHNBTNIASdeIlUAJRlLNV
694=UCAGMAAgA2SAHNJjdIAdkGOEgBYIhZ7TnIAVntOkgBI4MsAgA7SAHNBTwoKQA9SAEje0EG
695=AD5JAVFoDGGIVauFBgBAVAKIhWGIVVwxRwQHAEJVApFEAQEACABDSAEjsDJiiFUA0fBFVA
696=IjoCVhiFW7igYAR1QCh2sGAEgoKQBJSAHVhkpIAYT6YYhVXH5MDGCIJykATUAEYIhdpE5I
697=AcEaT0gByThQSAHNMVFIAYxzYYhV9NMieSHuWApITmiCaAFJkFVNBY2hUVZIAXwDQQRXSA
698=EnABFqBAAASWRZVALNG1pIAc2JW0gB0aNcKCkAXSgpAF5IAYAlYIgjPTUAVZFgVAKEKWOI
699=VQCIZA9iiFUA3YNjQATJAWRIAcEEZSgpAGZIAdGYZ0gBmF5hiFUmkSNpVAKUWiKBWFUkTC
700=Aig1hVAHm1DWxABGgBTRttSQGAtQJuyAFVAm9IAcUIcEgBYIhJkHHIAUuQEQBWJgUiEkgB
701=jAUiyVZWtw0CABQoVQAVKCkAFigpABdIAd02GEgBxQgZKCkAGkgBxWsbSAHFPxxIAcVrHU
702=gB2QYeSAHRCR9IAdFsIEgBaBtBOyFIAc3LIkgB0QkjKCkAJEgBhykCACVIAdEJJkgByQwn
703=SAHdeChIAdUCKUgB1QIqSAHBDytJAbqxSyxIAd0KLUgBzQUuSAHJDC9IAdFWMEgBxRMxSA
704=EltSIySAHVAjNJAbm9CjRIAdUCNSgpADYoKQA3KCkAOEgBIohkXSA5yQEBIstWVgCPsQk7
705=VQKGqQE8SAHdCj1JAVN8J2iFTAWpAT9UAohkaIXXAgcAQVQCJS0yQkgBjH4iriFWAMkBRF
706=QCj34HAEVIASX9IEZIAZQCaYVWtOlphVYkryEGAElABItvBgBKSQE7rRBLyAFVGExJAThU
707=AkkBTUgByRdOKCkAT0gBwUZQSAHJLVFIAc0FUigpAFNJAZdQCUElVMgBXQpVSAEjHTACQA
708=EjxSUAQQRXUAGcICKvIVYAMngGIstWVgBXqQFaQARkAU1+WygpAFxIASPYNyKtIVYmNUle
709=VAIlFUVfKCkAYEgBJUFFYUgB0QliSAHJkGNJAYZ7AgcAZEgBI/tRBwBlSAGAZyK+RFYAzQ
710=VnVAIl2SFoSAF0BkUTaUgBlCNohdB3aYVWiIVNfmxABGiFTX5tSAFohVUCbsgBVQJvSAGT
711=YQcAcEgBnysHABJUINleE0gBgARxglevlAIAFVQC0WEWSAHBBBcoKQAYKCkAGSgpABooKQ
712=AbSAHNaBxIAcUIHSgpAB4oKQAfSAHVDSBIAdkGIUgB2QYiSAHVAiNIAZsnAgAkSAHVRCVI
713=AYAlIhJVVwDBfSdUAsEEKEgBxXYpSAHB9ipIAdUCK0gB0XcsSAHZBi0oKQAuSAEjFzoCAC
714=9IAcEEMEgByd0xSAGdKwJZTVf92zNUAiU9VTRIASXZQjVIAcGeNkgB2RE3SAHdCjhIAXGC
715=AiJeQ1cAaQEDcIInXQE7QATF5DxIAdkGPUgBcYIBcYJXJCQxIv0gVySkIHGCV+lOQUwFyU
716=5CSAHNfkNIASObZgYAREgBlP9xglckKyEGAEZUAiMYQHGCVyTwZnCCIoRSWFZyglcAbX4A
717=coJXAHCCVRhLWAYl6SNMSAHdFU1IAdknTkgBzTxPSAEK0AEAAAACAFAAVwD//xEAAAAQAC
718=AIAAAAAgBRAFcA3QGIAQJSAFcAuGcBAgBTyAEBAwIAVEkBl1QCSQFVSQHZrQVWSAFQAmUI
719=V0kBHW8BAgBYSQEySAEBAQMAWUkBVEgBAQAHAFpJASGpAVtJAR6pAVxJASWpAV1JAY1rAQ
720=gAXkkBh6kBX0gBZAEBAAgAYEkBJm8BBwBhSAHFCGJJASK1AmNJAYypAWRIAYcIBwBlSQHa
721=fxUHAGZJAdWpAWdJAZCtBWhJAYupAWlJAdahBGpJAc2pAWtJAXyhBGzIAQEBBwBtSQF9tQ
722=JuyAFVAm9JAdS5BhNFIdxrAQIAFEoB//9TBQIAFSgpABZIAZcNAgAXSAGXDQIAGCgpABko
723=KQAaKCkAGygpABwoKQAdKCkAHkkB0KEPH0gBwQ8gSAHVDSFIAdUNIkkB0q0FI0gB1QIkSQ
724=HPtQIlSAHVAiZIAd0KJ0gB3QooSAHdCilJAdO5BipIAc0FK0kBvbUCLEgB2QYtKCkALigp
725=AC9JAdutBTBIAYcpAgAxSAHZBjIoKQAzSAFIKnVPNEkBubkGNUkB2KkBNkgB2QY3KCkAOE
726=kB61wGAQQCADnIAQEFAgA6SAHNBTtJAY2lCDxIAdUCPUkBMVgGAQAGAD5JAZKpAT9JASSp
727=AUBJASipAUFIAYMEBwBCSQEftQJDSAHNBURJASC1AkVJASOpAUZIAZsGBgBHSQE5tQJIyA
728=EBAQIASUkBOFQCSQFKSAHFE0tJAZG9FUxIAdknTUgB3TZOSAHNPE9IAdEqUEgBxQhRSAFs
729=fl0gUskBBnl/WIWBB3p/WADNBVVABN0rVkgB1QJXSAEn+Q9YSBRIAHl/WEaHAABdYlrjBA
730=cAW0gBWQMASXpcSQGRbwEIAF1JAYOpAV4oKQBfSQGFtQJgSQGJqQFhSAGHdggAYkgBnysH
731=AGNIASf7D1gAiGwFen9YAIwFeH/HEwcAZ00F128mBwBoSAGPXQcAaUgBjyYHAGooKQBrSA
732=F4fwECBwBsyQEDen9YAHh/VQJuVAJoAVUCFEiewakVSAHVIxZIAclkF0gBiAxifVkAyQEZ
733=KFUAGigpABtIAd02HEgBzQUdKCkAHkgBwQQfSAGXGAIAIEgBzQUhSAHVcCJIAdkRI0gB2R
734=EkSAHFCCUoKQAmSAHVRCdIAdkGKEgBxT8pSAHVAipIAZurAgArSAHZfywoKQAtSAGTrgIA
735=LkgB2QYvKCkAMCgpADFJAbx7MgIAMkkBtKkBMygpADRJAbG1AjVIAdkRNkkBvrUCN0gByQ
736=w4SAFgfUlZOcgBSVk6SAHZ1ztJAY+5BjxJAYqpAT1IAWJ9AgJBfVlMjwMAAAMGAD9VAjNn
737=SgYAQEgB3XhBSAHdeEJIAd14Q0kBknMJBgBESQGTuQZFSQFSqQFGSAF8eE2JR0gBYH1VDU
738=hIAZgGYX1Z/W1KVALBGktIAckXTEgB1QJNSAHZzE5IAdUCTygpAFBIAXR7AQgCAFHIAQEJ
739=AgBSyQEKYH0ntQFUVALBiFVIAdFAVkgBjfcCVttZAID2f/xZAGtYHJz8qAFRYVpMBZQjYX
740=1ZUFFLHgcAXFQCkaMHQn1ZAITvfvxZAM1+X0EEhkgFUYJgSAFkAUkBYUkBJ20BB0J9WQCc
741=K2N9WQCOtQJkQAScFWJ9WQCUT2J9WQCQYWJ9WQCAXGB93W0HQn1ZAJxiYH0ngQBrUAmAZ2
742=B9J60AbVQCnyAHABUhFCPdKxZIAc1oF0gBmAZpelooSA8nKQAaQASXDQIAG0gBxQgcSAHF
743=CB1IAcEEHkgBwQQfSAHBBCBIAckMISgpACJIAZkcAkUjWqMaAgAkVALFCCUoKQAmKCkAJ0
744=gBj58CAChIAd0KKUgB2XQqSAHFCCsoKQAsKCkALUgBfS8AanpaAMV2L1UCtlxBVQIwSAHF
745=CDEoKQAyKCkAMygpADRIASV5IDVIASdLD1oAkLEJN1QCzXM4SQHqZA9u91oAaAFN4TpUAs
746=mQO0gBySI8SAHBGj1JAY6xCT5IAXR7Sd0/SAFoeklvQMgBQX1BSQE2aQwGTvdaAGgBAQEG
747=AENVAje1AkTIAVUCRUkBPHcCAgBGSAFoelkRR0gB3XhISAHdIEkoKQBKKCkAS0gBzTxMSQ
748=HRsRRNSAHZBk4oKQBPSQHBVA1dFVDJAQNpelqV9A1pelr1hlNABMmFVEgB0QlVSAGXkQIA
749=VkgBwfZXSAF+eAQDXdhaiXoFbPeqAQYGWAOqAQcGT/daAI9NEABpelpMTUwBaXpaSEmJAV
750=5UBZPwCABfSAEnSQ9aVANLAAgAYVQCwfZiSQGRUAJRCWNIAcH2ZEgBnPxqeloAJRUvZlQC
751=lJxoetAJanpaAIQ/anpaANl0akwFeApdCmtIAZwraHongQAWXBiYBiLhLVu8g3F3WyjwDi
752=cpABpMBclkG0gB0UscSAHVAh1IAYeMAgAeSAHBBB9IAcEEICgpACEoKQAiKCkAI0gB2X8k
753=SAHRNSVIAYubAgAmSAGLmwIAJ0gB1Q0oSAHZBilIAdkGKigpACtIAcF9LEgB0WEtSAGUI3
754=F3W+FGL1QCxQgwSAHJejFIAdHwMigpADNIAcF9NEgB2QY1SAHRKjZIAdUNN0gBwQQ4SAFk
755=dl1XOcgBXVc6SAHBBDtIAdl/PEkBjLFhPUkBgqkBPkkBhKkBP0gB0YJASAF8eEl6QUgBZH
756=ZJDELIAUkMQ0gBcHdVAkTIAVUCRUgBxYxGSQGGvQpHSAHZEUhIAcEwSUgBwTBKSAHNPEtI
757=Ac08TEgBl08CAE1IAcUITkgBZHZFE0/IAQEGAgBQyQEHcHcnAQZSVALRNVNIAdEJVEgBzY
758=lVSAHdClZIASfxDluFdghwd6oBCQRE1qoBCgVcX6kBC3F3W/3mXEQIhPpxd1un+gcAXlQC
759=J/IOWwAn8Q5bWE5IRiLfPVsALkQBRWtiTAUlCT5jKCkAZEgBJTU+ZUgBkAl+8VsAIxQvcX
760=dbJjkuaEAEbAlRCWkoKQBqSAGfIAcAa0gBnyAHABchBCHRHxhIAYt6AgAZSAHRYRpIAc0x
761=GygpABxIAclkHUgBxQgeSAHFCB9IAdkGICgpACEoKQAiKCkAI0gB1Q0kSAHNtSVIAd0KJk
762=gBgBp5dFyEAU3hKFQC1VopSAGbAgIAKkgBmBwi2Sxcp5cCACxUAsEELUgBJSUxLkgB1QIv
763=SQG6pVUwSAHBBDFIAc0QMigpADNIAc1HNEgBJYEsNUgBzQU2KCkAN0gBzQU4SAF4dCN9PF
764=yM7F1XOlQCwQQ7SAHBGjxJAYu5ET1IASebDlwAibUCP1QC1Q1AKCkAQUgByW9CSQGIrQVD
765=SQGKqQFESAHZBkUoKQBGSAEloTtHSAHd20hIAcUTSUgB2QZKSAHVkUtIAZtIAgBMSAHBBE
766=1IAWxzAQgCAE7IAQEJAgBPyQEKeXRc8aNRVALZBlJIAZzQItgsJ4EAVFQCwQRVSAGEa23s
767=XKRrItosXACEdnh0yAF4dMgBeHTIAXl0XCiYDtQCenRcAJDlItksXCR0O2/sXACKbEMiek
768=xcAMHrYUwQlA0i2ixcACVVTWNUApfpCABkSAHNBWVIASM4Lnl0XKx+eHTcV23sXOn+aUwF
769=k1YHAGpIAZMqBwAYIUgvySIZSAHdIBpIAcEwG0gB0WwcKCkAHUgBwakeSAHBBB8oKQAgKC
770=kAIUgByW8iSAHJeiNIAdUNJEgBzVIlSAHVAiZIAZwVYXJdJHQwItErXen+KUAEzRAqSAHd
771=CitIAdVlLEgBeCtdeC0oKQAuKCkAL0kBu7FWMEgB0eUxSAHF5DJIAdkRMygpADRIAd3bNU
772=gB2V42SAHBDzdIAdkGOEgBYHJJxznIAUnHOkgB1dM7SAHJFzxIASdBDl31cD5UAt0gP0gB
773=xR5AKCkAQUgB3dtCSAHBBEMoKQBEKCkARUgBzZ9GSAHRFEdIAcEwSEgB1QJJSAHNc0pIAd
774=UCSygpAEwoKQBNKCkATkgBbXMNYXJd9XBQVALBnlFIAd0KUkgB3QpTKCkAVEgBwQRVSAGQ
775=YWJyXQAj/ysDAFf0AmFyXaxzYHLIAWByyAFicl0AI1xOItErXSjRK10mdTteUAkldTtfSA
776=GARmFyXShADtAJYnJdAJviCABjTAXN7GRIASVtW2VIAcnoZkgBzXNnSQGJYAthcl35dGlU
777=AolvB03hXiYJXxpA+ckiG0gByd0cSAHRbB0oKQAeKCkAHygpACBIAcVKIUgB0QkiSAHRCS
778=NIAdVEJEgBzQUlSAHNBSZIAYQTaW9eYRcATWgoVAKPAQIAKUgB0QkqSAGMiWzhJ60ALFQC
779=wVwtSAHZUy5IASVpKS9IAdUNMEgByUMxSAHVAjJIAdlpM0gB1QI0SAHVyDVIAdUCNigpAD
780=coKQA4SQHsYBYivjleAGkBASKuWF4A0Us7QATZXjxIAd0KPUgByRc+SAHVLj8oKQBASAHF
781=HkFIASVtOkJIAckiQ0gB2QZEKCkARUgB2aBGSAHBMEdIAcEwSEgBwRpJKCkASigpAEsoKQ
782=BMSQHATBtBGk3JAQJt4V79bU9UAtEJUCgpAFEoKQBSKCkAU0gBmMwirVheJNM2AgBVVAIj
783=LEhpb14kiDht4V68bWhvyAFob8gBaW9esGxob9kGBl3NXiREQG7hXgCIpiLIKs8FBwBfVA
784=0jM04HAGBIASWxSGFIAZh/aG9ECEUeAGlvXunoZEAEI4NYCABlSAHZ4mZIAWkFAGzhzFJo
785=b0Q/ewIHABpcDdUjG0gByd0cSAHdNh0oKQAeSAHdNh9IAcEEICgpACFIAdU5IkgBwQQjSA
786=HZBiRIAdUCJUgB3a8mSAHNECdIAWATkWxfhAFJASlUAtVwKkgBmAJwbCeBACwoVQAtKCkA
787=LigpAC9IAckMMCgpADFIAcVrMkgBwQQzSAHZXjRIAdl0NUgBwQQ2KCkAN0gBzWg4SAFka1
788=VPOckBA3FsX+FRO1QC3Ss8SAHdCj1IAcUIPkgBwWc/SAHFa0BIAc3sQUgBJUUqQkgBzQVD
789=SAHRKkRIAc1oRUgB3RVGSAHNBUdIAd0KSEgBwQRJSAHNEEpIAdUCS0gBZGtVGEzJAQQiXj
790=hfAHUCBXBsJ20DT0AExZdQSAHFCFEoKQBSSAHFa1NIASO4VHFsX7xXcWxfJEQ1cWxfpGtw
791=bMgBcGzIAXFsX6RrcWxfo3IFAFtcCph0cWxfsdoGRMsnKQBeQASFawZAASdVAGBQAZfeBg
792=BhSAGECHBswAQinFbLDAcAZEAElE9xbF/54mb0AnBsz1IHABtYd90gHEgBxT8dSAHFNB5I
793=AcEEH0gBxTQgSAHVZSFIAcE7IkgB2QYjSAHZBiRIAdkGJUgBzQUmSAHVcCdIAcXOKEgB3W
794=0pSAGUGCL+NmAAJQEyK1QC0WEsSAHVAi1IAc0FLkgBwQQvSAHVAjBIAdkRMSgpADIoKQAz
795=KCkANCgpADUoKQA2KCkANygpADhIAXhpSU45yAFJTjpIAcRVCzsAYAD//wAAAAIAPABgEQ
796=AApQ8AIAgA//8AAAACAD0AYOkBPkgBBdwBAAAAAgA/SAHBBEBJAZG1AkFJAdupAUJJAdKp
797=AUNJAc2pAUQoKQBFSQHPtQJGSQHQqQFHSAHdCkhJAd21AklIAdUCSkkBu0gQAQECAEvIAQ
798=ECAgBMSQHAVAIBBwIATUgBzQVOKCkAT0kBkrEJUEgBwQRRSQGRWAZBGlJJAYipAVNJAYap
799=AVRJASGpAVVJAR6pAVZJASWpAVdJAR1rAQMAWEkBJGsBBABZSQEoqQFaSAGDBAUAW0gBjx
800=AGAFxIAYMPBgBdSQGFbwUGAF5JAYepAV9IAWYBAAZCAWAAhwgGAGFQAZsGBwBiSAGPBQcA
801=Y0gBgw8HAGRJASB/BgcAZUkBI6kBZkgBZAEBAAcAHEwI0R8dSQHaqSIeSQHTqQEfSAHNMS
802=BIAc0FIUkB1qEEIkgB1TkjSAHJOCRIAdUCJSgpACZIAdEJJ0gBjxACAChIAcEPKUgBxQgq
803=SAHNBStIAc0FLEgByU4tSQG6rRAuSAHBBC9IAdEUMEgB1QIxKCkAMkkB0nsCAgAzyAFNRz
804=TIAU1HNUkBy6EENsgBQQQ3yAFBBDhJAa+hBDnIAUEEOkkBzLUCO8gBVQI8SQHItQI9yAFV
805=Aj7IAVEJP8gBAQMCAEBJAaatBUHIAU0FQkgBl0QCAENIAcElREgB3StFKCkARkkB1KkiR0
806=gB3SBIKCkASUgBdGVVDUrJAQRiZ2EAdQIFYWdh9XtNQATFCE4oKQBPKCkAUEkBkLUNUUkB
807=iKkBUkkBiqkBU0kBjqEaVEgBk1YCAFVIAYMaAwBWSQGPYwQDAFdIAZBWYWdhTEJZAgNBZ2
808=GvXQQAWuAEYmdhAJVaBUBnzQUFQ2dhAJBUBklkXkwFk3cGAF9JAYu1AmBIAYgMYGfZBgZD
809=Z2EAjGAEYmdhAIhvYmdhAJgGYWdheQMAVWUdVAXJIh4oKQAfSAHRYSBIAd1XIUgBxTQiKC
810=kAIygpACQoKQAlKCkAJigpACdJAdGlKShIAZMQAgApSAHRQCpIAdk9K0gBwQQsSQG8uQYt
811=SQH2qQEuSQGwqQEvSQG2qQEwSAHZBjFIAc0bMkgBaGRVRDPIAVVENMgBVUQ1SAFoZEEENs
812=gBQQQ3yAFBBDhIAWhkQVw5yAFNBTpIAWhkVQI7yAFVAjxIAWhkRQg9yAFFCD7JAQZuy2IA
813=YARRuUBUAmhkRQhByAFFCEJJAeVYGFVlQ8gBQQRESAHBJUVIAcElRkgBSQUASbxHKCkASE
814=gBZGBFCEnIAUUISsgBQQ9LSAHVI0xJAde5J01JAdWpAU5IAdFhT0gBxWBQSAGDtAIAUUgB
815=g7QCAFJIAdEJU0gBJ4oMYgCYU2lkYqVgAktkYgCSYBZoZEgBdA1pZGK8Ymhk2AZoZNkGBE
816=7LYgCEa2hkwARpZGLhZ15AD81oX0gBldMFXcJibQ0ATWhhVAKEdmlkYqRramRiAIzhaGTP
817=BQcAHkzOwRofSAEnMgxjAMn+IVQCJzIMYwDJASMoVQAkKCkAJSgpACYoKQAnSAHRCShIAd
818=1iKUgBgxYCACooKQArKCkALCgpAC1JAbd7JwIALkkBsakBL0gBxQgwSQG4tQIxSQGyqQEy
819=SAHNGzNJAb61AjRIASUxIjVIAcEENkgB1QI3SAHdCjhJAdm5BjlIAdUCOigpADtIAdkGPE
820=gBwQQ9KCkAPigpAD9IAZSnfcVjiAVJWUFUAmRgQWdCyAFBZ0PIAV1XRMgBAQgCAEXIAQEJ
821=AgBGSAHBD0dIAWRgWWlIyAFBcknIAV0KSkgB2RxLKCkATEkB2K0bTUgBwQROKCkAT0gB0R
822=9QSAHBBFFIAZCucWFjs64CAFNUApNLAgBUSAHNBVVIAd1iVkgBkVYCXcVj6WRYVAKABHBh
823=1QIDXcVjqGRxYWOovHBh1A1wYScpAF5ECI1zBV3FY7RwcGHRCQVAx9AJcGHULnFhY69zBw
824=AfIaglJV0iIEgByRchSAHRYSJIASfZC2TlYCQoVQAlKCkAJkgBJekjJ0gB0QkoSAHRCSlI
825=ASV9JipIAcmQK0gBg0ICACxIAScOGGQAJwwYJykAL0AE2cEwSAHBBDEoKQAySAHFYDNIAc
826=0QNCgpADVIAcE7NkgBwQQ3KCkAOEgB3RU5SAHZ4jpIAdF3O0gB2QY8SAEloTA9SAHBBD5I
827=AcEEP0gBxVVASAHVAkFIAdUCQkgBZWALIpokZABoAQEMAgBE1QINeF61Ag57XmQAtEQlVb
828=1HQARoAVW9SEgBZGBVZUlIAVwDccRKSAHVvUtIAdUYTEgBwcpNSAHZEU5JAY6xYU9IAd1B
829=UEkBjXQJb8BkAIOpAVJUAskBUygpAFRIASMEIm7AZACMUm3AZCZRJldABI9dAgBYSAGbtg
830=IAWUgBjLV5XmQo2QtkuLZ6XmQAI0AkeF4nKQBeWAacbXpeZAAjYDN6XmQAIzQzeF7QCXle
831=ZGAXIhQkASAAZQDRNSFIAdVaIigpACMoKQAkKCkAJSgpACYoKQAnSAHRKihIAdleKUgBmA
832=19umXxHytUAsktLCgpAC1JAbu1Li5JAbOpAS9IAdVaMCgpADEoKQAyKCkAM0gBzV00SAHJ
833=DDVIAd1XNkgB0RQ3SAHJbzhIAdEfOSgpADooKQA7SAHJWTxIAd0KPUgB3Qo+SAHRdz9IAc
834=EEQCgpAEEoKQBCSAHdbUNIAc0FRCgpAEVIAWhZRbhGyAFFuEfIAUW4SEgBxQhJSAHFCEpI
835=AdkRS0gBwTBMSAElOSNNSQGEsSpOSQGFqQFPSAHFCFBJAZB0NWFcZSiACycpAFNABM1dVC
836=gpAFVIAZRPYVxltE9+umUAJVk9WEAEgFFhXGW0WmFcZaC0fbplJDsjBABcTAWHwwQAXUgB
837=n2IEAF5IASN0JWBcxAhhXGV0FSSQIycoAAEhAGYAJbkoIkgBJa0hI0gBzTwkKCkAJSgpAC
838=YoKQAnKCkAKCgpAClIAc1HKigpACtIAcU/LEgBxSktSAHRjS5IAcEEL0gBJeEiMEgB1Vox
839=SAHNXTJIAdUCM0gBJWUjNEgB0Qk1SAHVGDZIAc08N0gBwQ84SAHRQDlIAdEfOigpADtIAc
840=UIPEgBwRo9SAHRCT5IAdEJP0gB1bJASAHVAkEoKQBCSAHVDUNIAclkREgBzQVFSAHFCEZI
841=AXRaVbJHyAEBCAIASEgB2atJSAHZBkpIAd0KS0gB3RVMSAHJDE1JAYu9V05JAYepAU9JAY
842=apAVBIAdEJUUkBjHxEIokiZvVaU1UCg7UCVCgpAFVJAYq1AlZIAYixa1lmAI10AiK9Lmaw
843=uSKJImYoKwtmAJFgBGlZZiS8OWpZZgAjhCdoWcwFa1lmAI5sBWhZ1AJpWWZsAmtZIgBn/a
844=QjSAHdICRIAd0gJSgpACYoKQAnKCkAKCgpACkoKQAqSAHNPCtIAdUjLCgpAC1IASUJKC5I
845=ASXZIS9IAc1SMEkBsb0rMUgBgxYCADJJAbe1AjNIAcEENEgByRc1SAHJFzYoKQA3SAHVTz
846=hIAdHwOUgBxRM6KCkAO0gB0Qk8SAHVWj1IAd0KPkgByUM/SAHFCEBIAd2kQUgB1QJCSAHd
847=g0NIAcUIREgBxQhFSAHNBUZIAd1XR0kB5kgeVbJIyAFVsklIAc0FSkgB3QpLSAHRFExIAd
848=UuTUkBjaElTkgB2QZPSAEllVVQSAHVAlFIASfRCmeo/iJdLWf9V1RBBIZZEQAigCEnwQhW
849=VAIn0QpnJNAgclZnAJRacVZnsK59r2ezrgMAW1gGha0DXa9npLhxVmck/CBxVmckgCxxVm
850=d4DgQAAAUAIwBo5a0kSAHFKSUoKQAmKCkAJygpACgoKQApKCkAKigpACtIAclDLCgpAC1I
851=AcUpLkgBwSUvSAHVTzBJAbO9KzFJAbSpATJIAdUCM0gBJ3oKaADFSjVUAtE1NigpADdIAd
852=UNOEgB1Q05SAElxSQ6SAHRFDtIAc0FPEgBzQU9SAHJDD5IAcEEP0gBwQRASAHBBEFIAdVP
853=QkgBwQRDSAHFSkRIAdEURUgBzQVGSAHNBUdIAXlTBm6qaABoAUWtSdQCRa1KSAElISBLSQ
854=GKtSNMSAHdr01IASdOFWgAwQRPVALJDFBIAZigInkgaCT0QG2qaLSceVNoJHg2Itk3aPFW
855=VVkGh2hGInkgaLRPbapoKNk3aHoDAAB6U2gAkBR4U0gMcBR5U2jlrVxQCYBceFPbBgUAXl
856=QCiQgFWQtp71IlAGkm2UImKCkAJ0gBxVUoKCkAKSgpACooKQArKCkALCgpAC0oKQAuSAHN
857=MS9JAb1/FQIAMEgBwfYxSAHVRDJIAc0FM0gBzQU0SAHRrjVIAZcYAgA2KCkAN0gB1UQ4SA
858=ElKSE5SAHZMjpIAcEEO0gB3Uw8SAHBBD1IAdlIPkgBwQQ/SAHBBEBIAcUIQUgB1SNCSAHd
859=FUNIAc0FRCgpAEVIAc1HRkgBwQRHKCkASEgBYFEBCgIAScgBAQsCAEpIAc0FSygpAExIAY
860=Q/IqNnaQCFpSlOVALNBU9JAY61AlBJAZBkJWFRaeWiUlUCibUCU0gB0aNUSAHFCFVIAc2q
861=VkgBzVJXSAEnITZppKIinSpp+VNaQASAtGFRaSggCsgBYVFpeA5kogElAGoA1Q0mKCkAJ0
862=gBwTAoSAHdKykoKQAqKCkAKygpACwoKQAtKCkALigpAC9IAdFLMEgB3QoxKCkAMkgB1YYz
863=SAHNBTRIAc0FNUgBJRE0NigpADdIAdVEOEgBkxsCADlIAdVaOkgB3Qo7SAHRCTxIAcFGPU
864=gB3SA+SAHRSz9IAdUNQEgB2QZBKCkAQkgB3QpDSAHNBURIAdleRUgB3QpGSAEnaB4n1QVI
865=VAJpTg1pTmqZoA5rTmoA4VkYASKIZCetAExMBdEJTUkBj7FLTkkBhKkBT0kBiakBUEgBzQ
866=VRSAEjACdtn2oo7RNqKO0TaiYhTFVMBSWVKVYoKQBXSAHVT1hIAUATIoFCWUgBwVFaSAGd
867=8QJJ82ooyQlqiAUEAAQAJgBrANEfJ0gBxRMoSAHdTClIAd0rKigpACsoKQAsKCkALSgpAC
868=4oKQAvKCkAMCgpADFIAclDMkgBnBEi/W1r9ek0VALBBDVIAcEENigpADdIAcGeOEgBwQQ5
869=SAHVAjpIAdUCO0gBzUc8SAHJQz1IAclZPkgB1Q0/SAHdIEBIAdkGQUgBJWkpQkgBwQRDKC
870=kARCgpAEUoKQBGKCkAR0gByS1ISAHFCElIAWVKA3FLa5FLBHBLqQEFIv5tawDVZU1MBd1X
871=TkgBJQkoT0gB0QlQSAEnYR1r/eZSVQKFYCFh62v1nFRUAsVKVSgpAFZJAYitBVdIASOwJy
872=JhSWtsArBLBmsAAAAAAAACABEAAFcNQB4JWgBrAB0AAAAAAgBbSAFAAQcAAAMAJwBsAN0B
873=UwECAChKAf//iQEpSQHWtQIqSQHSqQErSQHNqQEsKCkALSgpAC4oKQAvSAHZBjBIAdkGMS
874=gpADJJAc+xCTNIAc0FNEkB0LUCNUgBUBF9FTZJAde1AjdIAdEJOEgBxQg5SAHVAjpIAdUC
875=O0gB0Qk8SAHNGz1IAc0bPkgB2QY/SAHZBkBIAdkGQUgB2QZCSAHBJUNIAdUCREkB2aUTRU
876=gB1QJGSAHVAkdIAdUCSCgpAEkoKQBKSQHhXBwBBwIAS8gBAQgCAExJAdy9Ck1IAcUITkkB
877=jbUCT0gB1QJQSQGORAhBO1FJAZKhBFJJAYy1AlNJAYOpAVQoKQBVSQGKtQJWSAFkAUUIVy
878=gpAFgoKQBZKCkAWigoAAIoAG0A27UNKUgBzSYqSAHFEytIAcktLEgByS0tKCkALkgB2QYv
879=SAHZBjBJAdq9CjFIAdkGMkgBzQUzSAHdFTRIAckMNUgByTg2SAHZBjcoKQA4KCkAOSgpAD
880=ooKQA7KCkAPEgB0Qk9SAHRCT5IAcVVP0gB1QJASAHFE0FIAdUYQigpAENIAd1XREkB1K0b
881=RUgBzQVGSQHYtQJHSAHVAkhIAclOSUgB1QJKKCkAS0kB+GAhYkZtAGgBAQECAE1UAs0FTk
882=kBkb0KT0kBja0FUEgB3UFRSQGFtQJSSQGIqQFTSAHBBFRJAYa1AlVIAWQBVURWKCkAVygp
883=AFgoKQBZKCgAASkAbgDVOSpIAdEqK0gB2ScsKCkALSgpAC4oKQAvSQHRtRgwSAHNGzFIAc
884=U/MkgB0QkzSAHJDDRIAdE1NUgBwQQ2KCkANygpADgoKQA5KCkAOigpADsoKQA8KCkAPUgB
885=xT8+SAHVIz9IAcUTQEgBwQ9BSAHFE0IoKQBDSAHFCERIAc0bRUgBwUZGSAHFCEdIAd0gSE
886=gBzQVJSAHRjUpIAdUCS0gBfUECaUNuiUMDakNuAMEETkAEyQFPSAHJhVBIAcU/UUgB3YNS
887=SAHNG1NJAZBvAQIAVEgBJ2kIbmwCbbVWVAKPAQIAVygpAFgoKwAqAG/9QStIAcU0LEgB2R
888=wtKCkALigpAC8oKQAwSAHFKTFIAdkGMigpADNIAdEqNEgB2RE1SAHZMjZIAdkGNygpADgo
889=KQA5KCkAOigpADsoKQA8KCkAPUgB1Q0+SAHVDT9IAdUNQEgB1Q1BKCkAQigpAENIAcUIRE
890=gB2TJFSAHFCEZIAcUIR0gBwYhISAHNBUlJAdipZEpIAdUCSygpAExJAfhJEwVxQG8oEAgn
891=KQBPQAQnEghvAME7UVQCVAZhO1IoKQBTKCkAVEkBkmcEAgBVSAFkAZ2Db4QBSQFXKFcAKw
892=Bw4Q8sSAHNGy1IAc0bLkgB3UEvSAHVAjAoKQAxKCkAMkgBzQUzSAHNBTRIAclDNUgB1QI2
893=KCkANygpADgoKQA5KCkAOigpADsoKQA8KCkAPSgpAD5IAdUNP0gB1Q1AKCkAQSgpAEIoKQ
894=BDSAEnuAcnSQRFVALdpEZIAcEER0gB1TlISAHZ7UlIAcEESkgBwQRLSAHdxUxIAdUCTUgB
895=kzECAE4oKQBPSAHdeFBIASfOD3AAJzgYJykAU0EEi2gIbX5wYAF9QVVUAo8BAgBWKCsALA
896=Bx9XstSAHRFC5IAdkRL0gBxT8wSAHNJjFIAdVaMkgBzQUzSAHNBTRIAc0FNSgpADYoKQA3
897=KCkAOEgByUM5SAHZBjooKQA7KCkAPCgpAD0oKQA+KCkAPygpAEAoKQBBKCkAQigpAENIAc
898=UeREgB1RhFKCkARkgBwRpHSAEnMRdx/WJJVALBBEpIAcEES0gB0QlMSAHVvU1IAcEwTigp
899=AE8oKQBQSAHJelFIAc08UkgB3bpTSAHFCFQoKQBVKCgAAS0AcgAlGSouSAHNEC9IAcVVME
900=gBxR4xSAHBBDJIAcVVM0gBwTA0KCkANSgpADYoKQA3SAHRCThIAcUTOUgBySI6SAHRCTso
901=KQA8KCkAPSgpAD4oKQA/KCkAQCgpAEEoKQBCKCkAQygpAERIAdV7RSgpAEZIAdFLR0gB0V
902=ZISAHRH0lIAdUjSkgB3RVLSAHRCUxIAdkGTUgB2RxOSAHRd09IAdUCUEgBJwkHcvWyUlQC
903=wQRTKCkAVCgrAC4Ac+VKLygpADBIAcUpMUgB0UsySAHJFzNIAcEENEgByRc1SAHFHjZIAd
904=UCNygpADhIAc0bOUgBwQQ6KCkAOygpADwoKQA9KCkAPigpAD8oKQBAKCkAQSgpAEIoKQBD
905=KCkARCgpAEVIAdlIRkgBzRtHKCkASEgBzWhJSAHBBEpIAdEfS0gBxQhMSAHJLU1IAcU0Tk
906=gB1QJPKCkAUEgBzapRSAHRbFJIAc0FUygrAC8AdCbtNDBIAd0rMUgB2ScySAHRKjNIAdUC
907=NEgBxRM1SAHJFzZIAckXN0gBzQU4KCkAOSgpADooKQA7KCkAPCgpAD0oKQA+KCkAPygpAE
908=AoKQBBKCkAQigpAEMoKQBEKCkARSgpAEZIAc0bRygpAEhIAckXSUgBwQRKSAHVI0tIAdEf
909=TEgB0SpNKCkATigpAE8oKQBQKCkAUSgpAFIoKwAwAHX1ZTFIAcUpMkgB2REzKCkANCgpAD
910=VIAdEUNkgB0RQ3KCkAOEgBxQg5KCkAOigpADsoKQA8KCkAPSgpAD4oKQA/KCkAQCgpAEEo
911=KQBCKCkAQygpAEQoKQBFKCkARigpAEcoKQBIKCkASUgBzZRKSAHdTEtJAdgklSlMSAEnAQ
912=Z1hQEAIoAhJykATyiBAFAoKQBRKCsAMQB2JqUgMkgBwSUzKCkANCgpADVIAcU/NkgB2RE3
913=KCkAOEgB3TY5SAHRCTooKQA7KCkAPEgB0TU9SAHNBT4oKQA/KCkAQCgpAEEoKQBCSAHFCE
914=NIAcUIRCgpAEUoKQBGKCkARygpAEhIAcEaSUgBwRpKKCkAS0gBwRpMSQHVtS5NSAGMLWkt
915=doQBVS5PKFUAUCgoAAEyAHcAxQgzSAHRFDQoKQA1SAHNEDZIAZcJAgA3SAEl6Tk4SAHZBj
916=koKQA6KCkAO0gBxQg8SAHFCD1IAcEPPkgBwSU/SAHRCUAoKQBBSAHFCEJIAcUIQ0gBxQhE
917=SAHZBkUoKQBGKCkARygpAEhIAdUNSUgB3dtKSAHdCktIASU5I0xIAdUCTSgpAE4oKQBPKC
918=gAATMAeADNEDQoKQA1SAHJFzZIAdEJN0gByRc4SAHZBjkoKQA6SAHRFDsoKQA8SAHNiT1I
919=AclvPkkBjqU/P0gBJVUhQEgB3QpBKCkAQkgBxQhDSAHBBEQoKQBFKCkARigpAEdIAdUYSE
920=gB1RhJSAHBJUpIAdUCSygpAEwoKQBNKCkATigoAAE0AHkA2Rw1SAHZETZIAdEUN0gB1QI4
921=SAHNBTlIAdkROkkBkLEfO0kBhqkBPEgBxRM9SAHFEz5IASVhVD9IAdUCQEgBzTFBSAHVDU
922=IoKQBDKCkARCgpAEUoKQBGKCkARygpAEhIAcFySUgB1Q1KKCkASygpAEwoKQBNKCsANQB6
923=7XM2SAHFEzdIAdEfOEgB3Qo5SAHVGDpIAdVaO0kBj+siegCIqQE9VQKEqQE+SQGHqQE/SA
924=HZJ0BIAdEJQUgB1S5CSAHNEEMoKQBEKCkARSgpAEYoKQBHSAHdFUhIAd0VSUgBJXUlSkgB
925=1QJLKCkATCgrADYAe/VEN0gB2V44SAHZBjlIAd0VOkgB0RQ7SAHBMDxIAc0FPUgB0UA+SA
926=HVAj9IASUJVEBIAdnXQUgBwQRCSAHJDENIAckMREgB1SNFSAHVAkZIAdUCR0gB3RVISAHR
927=CUlIAdEJSkgB0RRLSAHDBDcAfIQBWbY4KCkAOUgB1Xs6SAHdCjtIAcVgPEgBwTs9SQGCoT
928=s+SQGKqQE/SAElyTVASAHRFEFJAdOhBEJIAdUYQ0gB3TZESAGfEQIARUgB1SNGSAHVAkco
929=KQBIKCkASUgB1XBKSAHPBTgAfYQBTRs5KCkAOigpADsoKQA8SAHdVz1JAYmxFD5IAYsIAg
930=A/SQGMtQJASAHZHEFIAcEEQkgByS1DSAEnQAMnDQJFVAInQAMnVQBHVALZU0hIAdEJSSgr
931=ADkAfpACVRg6KCkAO0gB2eI8SAHRmD1IAcFyPkgBnAZqF34AJ8oJfgDZBkFABNkGQkgBJy
932=0Gfu3LRFQCwQRFSAHBGkZIAd0KR0gBxR5ISAHTSzoAf5wDXRU7SAHBBDxIAckMPSgpAD5I
933=AckMPygpAEBIAc0FQSgpAEIoKQBDKCkARCgpAEUoKQBGSAHdTEdIASf9CoAmhyc8AIDhfT
934=0oKQA+SAHBDz8oKQBAKCkAQSgpAEIoKQBDKCkARCgpAEVIASfNBIDrIjwAgekBPSgpAD5I
935=Ad1tP0gB1WVAKCkAQSgpAEIoKQBDKCkARCgpAEVIAccePQCC9Q0+KCkAPygpAEAoKQBBKC
936=kAQigpAEMoKQBEKCoAPgAj8EYi2U0/KCkAQCgpAEEoKQBCKCkAQygrAD8AhOUTQCgpAEEo
937=KQBCKCkAQCQMUHQNCEEAhQAAAAAAAAIAEQAA

[Lighting]
Red=0.900000
Blue=0.980000
Green=1.020000
Level=0.000000
Ground=0.000000
IonRed=1.000000
Ambient=0.700000
IonBlue=1.000000
IonGreen=1.000000
IonLevel=0.000000
IonGround=0.000000
IonAmbient=1.000000
DominatorRed=0.850000
DominatorBlue=0.300000
DominatorGreen=0.200000
DominatorLevel=0.000000
DominatorGround=0.000000
DominatorAmbient=1.500000
DominatorAmbientChangeRate=0.009000

[Map]
Size=0,0,70,64
Theater=DESERT
LocalSize=2,6,66,52

[OverlayDataPack]
1=BQAAIP4AIACAZQAAIP5MCgCCBgb+/QEAhAcKCgj/+wFNCoIGCv4DAAuDCggE//0BUgyDCw
2=sI/vkBAIEI/gUAC4IKB///AVIO//oBTw40Af/6AU8QggQIRAL/+QFPDIEH/wcCSxD/+QFV
3=GDYD/6sBVRyAFgAAIP5RAACFBggKCgf+/QEAggYG/qsdAIB0AAAg/ikOAIMGBwb/YwD5Df
4=6YAQCHBAgKCwoIBOsvDgAz/8gBXg6BCP4FAAuBCP4tAACBB/4DAAuBB//HAWMMgQr+BQAL
5=614Q/8sBWxIRy/4EAAvqXxT/ywFbEPImFP/MAVsO8ScS/swBAPEnEP8BAlsM/qQBAIB3AA
6=Ag/kQEAIEG/gQAB4EG/vkBAIIHCv4EAAuCCgf/+AFNAiH/AgH/9wFJBIEH/ggAC//3AUoG
7=/wACQgj/AAJCBv8BAkIE/x8CJwL//AFJEIcECAoLCggE/vkBAIEI/gUAC4EI//kBaBI+G/
8=/6AUoM//4BRAr/pAFcGoBUAAAg/i4AAIMGBwb+LQAAgQj+BQALgQj+yAEAhAYKCwrqMACC
9=BAgAMoIIBP7IAQCBB/4DAAuBB/9eAAAA/9ABkAL+zQEA7i0C/9EBXQb/zAFhBP4FFACAOw
10=AAIP44FgCCBgb+/QEAhAcKCgj/+wE5FoIGCv4DAAuDCggE//0BPhiDCwsI/vkBAIEI/gUA
11=C4IKB/7BAQCAVAAAIP43AACCBgr+BQALgwoIBP73AQCBCP4HAAuBCP73AQCCBAhEAoEG/v
12=gBAIEHMgH/+AFAAlYD//oBQAQ2A//6AUEIDAaECAoKB/79AQCCBgb+vxEAgAUAACD+ACAA
13=gAUAACD+ACAAgAUAACD+ACAAgAUAACD+ACAAgAUAACD+ACAAgAUAACD+ACAAgAUAACD+AC
14=AAgAUAACD+ACAAgAUAACD+ACAAgAUAACD+ACAAgAUAACD+ACAAgAUAACD+ACAAgAUAACD+
15=ACAAgAUAACD+ACAAgAUAACD+ACAAgAUAACD+ACAAgAUAACD+ACAAgAUAACD+ACAAgAUAAC
16=D+ACAAgAUAACD+ACAAgAUAACD+ACAAgAUAACD+ACAAgAUAACD+ACAAgAUAACD+ACAAgA==

[OverlayPack]
1=BQAAIP4AIP+AOAAAIP5MCv+CcHD//wFPCP4DAHD//wFRCv/7AU0M/wACSg7/CQJJDv/5AV
2=ES/wkCTBT/AgZRDv6pAf+AFgAAIP5RAP/+BQBw/v0B////AVQA/q4b/4BMAAAg/ikO//4D
3=AHD+GgD/gav+FQD//gMAHv/LAWEM/gQAcP4tAP/+BQAe/8YDYA7+CQBw/ywELxL/AAJbDv
4=/PAV0M//0BKhrcJw7+ugH/gE0AACD+gQL/gq+w/sEB//4GAHD++QH//ggAcP//AUwE//gB
5=SQb/AARCCP8AAkIG/8sBQgSBr/5SAv///AFIDmgb//gDZRT/CAJDDP+bA2UagD4AACD+Lg
6=D//gMAHv4tAP/+BwBw/sgB//4FAB7+FgD/gar//wFJANhGAP7KAf/wLQT+zQH//wACLQbu
7=LQD+ohX/gCUAACD+OBb/gnBw//8BOxT+AwBw//8BPRb/+wE5GP8AAjYa/8oBNRyAMQAAIP
8=43AP/+CgBw/vcB//8JAjgA//gBQAJiAv75Af//AQQ6BDIC/v0B////AUAM/sIP/4AFAAAg
9=/gAg/4AFAAAg/gAg/4AFAAAg/gAg/4AFAAAg/gAg/4AFAAAg/gAg/4AFAAAg/gAg/4AFAA
10=Ag/gAg/4AFAAAg/gAg/4AFAAAg/gAg/4AFAAAg/gAg/4AFAAAg/gAg/4AFAAAg/gAg/4AF
11=AAAg/gAg/4AFAAAg/gAg/4AFAAAg/gAg/4AFAAAg/gAg/4AFAAAg/gAg/4AFAAAg/gAg/4
12=AFAAAg/gAg/4AFAAAg/gAg/4AFAAAg/gAg/4AFAAAg/gAg/4AFAAAg/gAg/4AFAAAg/gAg
13=/4A=

[SpecialFlags]
Inert=no
FogOfWar=no
IonStorms=no
MCVDeploy=no
Meteorites=no
Visceroids=yes
FixedAlliance=no
TiberiumGrows=yes
InitialVeteran=no
HarvesterImmune=no
TiberiumSpreads=yes
TiberiumExplosive=no
DestroyableBridges=yes

[Structures]
0=Neutral,CAOILD,256,117,57,64,None,1,0,1,0,0,None,None,None,0,0
1=Neutral,CAOILD,256,19,79,64,None,1,0,1,0,0,None,None,None,0,0
2=Neutral,INPURPLAMP,256,68,69,64,None,1,0,1,0,0,None,None,None,0,0
3=Neutral,INPURPLAMP,256,73,69,64,None,1,0,1,0,0,None,None,None,0,0
4=Neutral,NEGLAMP,256,62,128,64,None,1,0,1,0,0,None,None,None,0,0
5=Neutral,NEGLAMP,256,73,7,64,None,1,0,1,0,0,None,None,None,0,0
6=Neutral,INGALITE,256,60,113,64,None,1,0,1,0,0,None,None,None,0,0
7=Neutral,INGALITE,256,80,27,64,None,1,0,1,0,0,None,None,None,0,0
8=Neutral,NEGLAMP,256,12,77,64,None,1,0,1,0,0,None,None,None,0,0
9=Neutral,NEGLAMP,256,14,72,64,None,1,0,1,0,0,None,None,None,0,0
10=Neutral,INGALITE,256,42,59,64,None,1,0,1,0,0,None,None,None,0,0
11=Neutral,INGALITE,256,97,78,64,None,1,0,1,0,0,None,None,None,0,0
12=Neutral,NEGLAMP,256,126,66,64,None,1,0,1,0,0,None,None,None,0,0
13=Neutral,NEGLAMP,256,124,59,64,None,1,0,1,0,0,None,None,None,0,0
14=Neutral,CAEGYP02,256,51,80,64,None,1,0,1,0,0,None,None,None,0,0
15=Neutral,CAEGYP02,256,86,56,64,None,1,0,1,0,0,None,None,None,0,0

[TaskForces]

[Terrain]
21058=TREE23
22057=TREE20
23056=TREE24
23057=TREE21
24077=TIBTRE01
27054=TREE20
27080=TIBTRE01
28052=TREE21
28053=TREE20
28054=TREE21
28056=TREE21
29053=TREE20
29056=TREE23
30053=TREE24
30083=TIBTRE01
31053=TREE21
31054=TREE21
32053=TREE23
32055=TREE23
34054=TREE24
35056=TREE24
36055=TREE21
37047=TREE24
37048=TREE24
38048=TREE21
38055=TREE20
38056=TREE21
39048=TREE20
39056=TREE23
40045=TREE24
41045=TREE20
41046=TREE20
41048=TREE23
42048=TREE20
43043=TREE23
43044=TREE21
43046=TREE23
43050=TREE24
44041=TREE24
44042=TREE20
44046=TREE21
45041=TREE21
45042=TREE20
45044=TREE23
45047=TREE20
46042=TREE24
46043=TREE21
46044=TREE24
46049=TREE21
46054=TREE24
47043=TREE24
47044=TREE21
47046=TREE20
48039=TREE21
48043=TREE24
48052=TREE23
48054=TREE23
48070=TREE20
48071=TREE21
49037=TREE21
49038=TREE20
49039=TREE23
49046=TREE21
49054=TREE21
49068=TREE20
49069=TREE21
49073=TREE23
49074=TREE24
49075=TREE21
50037=TREE24
50038=TREE23
50039=TREE23
50040=TREE24
50041=TREE20
50046=TREE23
50049=TREE24
50067=TREE21
50071=TREE23
51037=TREE21
51044=TREE20
51065=TREE20
51066=TREE24
51070=TREE20
51072=TREE20
51073=TREE20
51077=TREE21
52037=TREE24
52038=TREE21
52039=TREE23
52043=TREE23
52046=TREE23
52047=TREE24
52064=TREE21
52065=TREE23
52068=TREE20
52072=TREE24
52077=TREE20
53037=TREE21
53039=TREE20
53042=TREE20
53045=TREE24
53046=TREE21
53071=TREE24
53075=TREE21
54037=TREE24
54064=TREE24
54069=TREE21
54071=TREE23
54073=TREE24
54074=TREE23
54076=TREE20
54078=TREE21
55048=TREE24
55071=TREE23
56069=TREE24
57050=TREE23
57064=TREE21
57066=TREE20
57069=TREE21
57070=TREE23
57072=TREE23
58050=TREE20
58066=TREE23
58068=TREE23
59042=TIBTRE03
59050=TREE21
59070=TREE24
59071=TREE21
59073=TREE20
59076=TREE21
60050=TREE24
60068=TREE24
61049=TREE21
61075=TREE23
62049=TREE23
62065=TREE20
62066=TREE21
62067=TREE24
62072=TREE21
62075=TREE20
63068=TREE21
63071=TREE23
64048=TREE24
64049=TREE23
64065=TREE24
64075=TREE20
64077=TREE24
65047=TREE24
65064=TREE20
65067=TREE23
65075=TREE21
65118=TREE20
65128=TREE24
66045=TREE20
66047=TREE23
66116=TREE23
66117=TREE20
66118=TREE24
66119=TREE21
66121=TREE20
66122=TREE20
66129=TREE21
66131=TREE23
66132=TREE23
67044=TREE24
67045=TREE24
67063=TREE24
67076=TREE23
67098=TREE21
67099=TREE23
67100=TREE21
67110=TREE24
67111=TREE20
67113=TREE24
67114=TREE21
67115=TREE24
67118=TREE20
67124=TREE20
67127=TREE24
67128=TREE21
67129=TREE23
67130=TREE21
67131=TREE20
68034=TREE21
68043=TREE24
68046=TREE20
68063=TREE23
68079=TREE23
68097=TREE21
68099=TREE23
68110=TREE23
68120=TREE24
69034=TREE23
69046=TREE24
69047=TREE21
69068=TIBTRE03
69073=TIBTRE03
69094=TREE23
69095=TREE23
69096=TREE24
69097=TREE23
69107=TREE20
69108=TREE23
70029=TREE23
70032=TREE21
70034=TREE21
70035=TREE24
70043=TREE24
70047=TREE20
70063=TREE24
70079=TREE20
70093=TREE23
70094=TREE20
70097=TREE21
70101=TREE21
70105=TREE24
70107=TREE23
71013=TREE21
71016=TREE20
71031=TREE24
71033=TREE23
71043=TREE20
71047=TREE24
71079=TREE21
71093=TREE24
71105=TREE23
72013=TREE21
72015=TREE21
72018=TREE20
72019=TREE21
72021=TREE20
72025=TREE24
72029=TREE21
72030=TREE21
72039=TREE24
72040=TREE23
72041=TREE24
72064=TREE20
72066=TREE23
72078=TREE20
72093=TREE23
72095=TREE23
73012=TREE23
73022=TREE21
73023=TREE23
73026=TREE24
73027=TREE23
73031=TREE20
73043=TREE21
73044=TREE20
73045=TREE20
73092=TREE23
74043=TREE20
74064=TREE24
74065=TREE24
74066=TREE21
74071=TREE23
74077=TREE23
74092=TREE21
75077=TREE20
76074=TREE20
76075=TREE23
76091=TREE24
76092=TREE20
77068=TREE21
77074=TREE21
77091=TREE23
78068=TREE20
78072=TREE23
78076=TREE24
78090=TREE24
78097=TIBTRE03
79070=TREE20
79076=TREE23
79090=TREE24
79091=TREE21
80069=TREE24
80071=TREE21
80072=TREE24
80090=TREE21
81071=TREE20
81090=TREE24
81091=TREE23
82068=TREE23
82071=TREE21
82072=TREE21
82074=TREE24
82075=TREE21
82089=TREE24
82090=TREE23
83063=TREE24
83068=TREE20
83069=TREE21
83073=TREE21
83077=TREE21
83090=TREE20
83092=TREE24
84063=TREE23
84067=TREE21
84070=TREE24
84071=TREE24
84090=TREE23
84100=TREE23
85066=TREE20
85067=TREE24
85074=TREE21
85090=TREE23
85091=TREE20
85092=TREE21
85093=TREE24
85094=TREE23
85097=TREE20
85099=TREE20
85100=TREE21
85101=TREE21
85102=TREE24
86062=TREE20
86072=TREE20
86099=TREE21
86102=TREE21
86103=TREE21
87062=TREE21
87065=TREE20
87068=TREE20
87071=TREE21
87094=TREE20
87099=TREE21
87103=TREE23
87104=TREE21
88062=TREE20
88065=TREE24
88070=TREE20
88092=TREE24
88094=TREE21
88095=TREE21
88096=TREE23
88100=TREE21
88101=TREE21
89068=TREE24
89094=TREE21
89095=TREE23
89099=TREE20
90099=TREE21
90101=TREE21
91095=TREE24
91101=TREE23
91102=TREE24
92091=TREE21
92093=TREE21
92094=TREE24
92095=TREE21
92099=TREE24
92101=TREE24
93091=TREE21
93098=TREE20
93099=TREE20
93102=TREE24
93103=TREE24
93104=TREE20
94099=TREE21
94100=TREE20
94104=TREE20
95083=TREE24
95084=TREE23
96082=TREE20
96083=TREE23
96093=TREE23
97083=TREE21
97093=TREE21
97094=TREE23
97095=TREE23
97098=TREE24
97099=TREE21
98083=TREE24
98086=TREE23
98099=TREE20
98100=TREE21
99081=TREE20
99091=TREE23
99092=TREE20
100082=TREE24
100092=TREE21
100093=TREE21
100094=TREE20
101082=TREE20
101083=TREE23
101094=TREE21
102082=TREE20
102088=TREE20
102094=TREE24
103081=TREE23
103082=TREE24
103083=TREE21
103087=TREE21
103088=TREE23
104081=TREE23
104085=TREE21
105082=TREE21
105085=TREE24
106081=TREE20
106083=TREE24
106086=TREE21
107081=TREE20
107085=TREE21
108084=TREE21
108085=TREE20
109083=TREE21
109084=TREE24
110057=TIBTRE01
110080=TREE20
111080=TREE23
112080=TREE20
113060=TIBTRE01
113079=TREE20
116063=TIBTRE01

[Triggers]

[Waypoints]
0=37090
1=102049



[Digest]
1=GBd8FrZZuFb96iZuM/9Z7WHssAo=

